--------- beginning of /dev/log/main
W/PropertyValuesHolder(  684): Method setBrightness() with type int not found on target class class ml
W/PropertyValuesHolder(  684): Method getBrightness() with type int not found on target class class ml
--------- beginning of /dev/log/system
I/ActivityManager(  478): START u0 {act=android.intent.action.MAIN cat=[android.intent.category.LAUNCHER] flg=0x10200000 cmp=com.amazon.kindle/.UpgradePage bnds=[8,848][149,1078]} from pid 684
D/dalvikvm(  478): GC_FOR_ALLOC freed 2664K, 44% free 10003K/17852K, paused 14ms, total 15ms
W/ContextImpl(  684): Calling a method in the system process without a qualified user: android.app.ContextImpl.sendBroadcast:1137 android.content.ContextWrapper.sendBroadcast:370 com.vphone.launcher.Stats.recordLaunch:129 com.vphone.launcher.Launcher.c:3163 com.vphone.launcher.Launcher.onClickAppShortcut:3115 
D/yeshen  (  684): launcher onpause
W/NetworkManagementSocketTagger(  478): setKernelCountSet(10104, 1) failed with errno -13
I/ActivityManager(  478): Start proc com.amazon.kindle for activity com.amazon.kindle/.UpgradePage: pid=3405 uid=10104 gids={50104, 3003, 1028, 1015, 1023, 3002}
I/dalvikvm( 3405): ignoring registerObject request in thread=1
I/dalvikvm( 3405): ignoring registerObject request in thread=1
D/yeshen  (  684): launcher onstop
W/DebugConnManager(  684): getNetworkInfo() on networkType 1
D/FirebaseApp(  684): Notifying background state change listeners.
D/Tinker.DefaultAppLike(  684): onTrimMemory level:20
D/dalvikvm( 3405): JIT code cache reset in 0 ms (0 bytes 1/0)
D/dalvikvm( 3405): GC_CONCURRENT freed 151K, 7% free 3022K/3236K, paused 2ms+1ms, total 7ms
D/dalvikvm( 3405): GC_CONCURRENT freed 110K, 6% free 3299K/3480K, paused 2ms+0ms, total 5ms
D/dalvikvm( 3405): GC_CONCURRENT freed 107K, 5% free 3577K/3764K, paused 1ms+0ms, total 3ms
D/dalvikvm( 3405): GC_CONCURRENT freed 115K, 5% free 3850K/4048K, paused 1ms+0ms, total 3ms
V/DexElementCompatibility( 3405): ElementObjectFileFileDexFile is not the right one for this platform
V/DexElementCompatibility( 3405): ElementObjectFileZipFileDexFile is not the right one for this platform
D/dalvikvm( 3405): GC_CONCURRENT freed 163K, 6% free 4074K/4324K, paused 3ms+1ms, total 6ms
W/dalvikvm( 3405): VFY: unable to resolve static field 47227 (SINGLETON) in Lorg/slf4j/impl/StaticMarkerBinder;
D/dalvikvm( 3405): VFY: replacing opcode 0x62 at 0x0000
I/dalvikvm( 3405): Could not find method org.slf4j.impl.StaticLoggerBinder.getSingleton, referenced from method org.slf4j.LoggerFactory.bind
W/dalvikvm( 3405): VFY: unable to resolve static method 61567: Lorg/slf4j/impl/StaticLoggerBinder;.getSingleton ()Lorg/slf4j/impl/StaticLoggerBinder;
D/dalvikvm( 3405): VFY: replacing opcode 0x71 at 0x0007
I/dalvikvm( 3405): Could not find method org.slf4j.impl.StaticLoggerBinder.getSingleton, referenced from method org.slf4j.LoggerFactory.getILoggerFactory
W/dalvikvm( 3405): VFY: unable to resolve static method 61567: Lorg/slf4j/impl/StaticLoggerBinder;.getSingleton ()Lorg/slf4j/impl/StaticLoggerBinder;
D/dalvikvm( 3405): VFY: replacing opcode 0x71 at 0x0018
I/dalvikvm( 3405): Could not find method org.slf4j.impl.StaticLoggerBinder.getSingleton, referenced from method org.slf4j.LoggerFactory.reportActualBinding
W/dalvikvm( 3405): VFY: unable to resolve static method 61567: Lorg/slf4j/impl/StaticLoggerBinder;.getSingleton ()Lorg/slf4j/impl/StaticLoggerBinder;
D/dalvikvm( 3405): VFY: replacing opcode 0x71 at 0x0011
W/dalvikvm( 3405): VFY: unable to resolve static field 47225 (REQUESTED_API_VERSION) in Lorg/slf4j/impl/StaticLoggerBinder;
D/dalvikvm( 3405): VFY: replacing opcode 0x62 at 0x0000
D/dalvikvm( 3405): GC_CONCURRENT freed 1368K, 33% free 3093K/4552K, paused 2ms+0ms, total 6ms
D/dalvikvm( 3405): GC_CONCURRENT freed 109K, 27% free 3368K/4552K, paused 1ms+0ms, total 5ms
D/dalvikvm( 3405): GC_CONCURRENT freed 105K, 20% free 3672K/4552K, paused 2ms+2ms, total 6ms
D/dalvikvm( 3405): GC_CONCURRENT freed 123K, 14% free 3932K/4552K, paused 2ms+1ms, total 4ms
E/System  ( 3405): Unable to open zip file: /data/data/com.amazon.kindle/app_dex/classes2.dex
E/System  ( 3405): java.util.zip.ZipException: Not a zip archive
E/System  ( 3405): 	at java.util.zip.ZipFile.readCentralDir(ZipFile.java:361)
E/System  ( 3405): 	at java.util.zip.ZipFile.<init>(ZipFile.java:151)
E/System  ( 3405): 	at java.util.zip.ZipFile.<init>(ZipFile.java:115)
E/System  ( 3405): 	at dalvik.system.DexPathList$Element.maybeInit(DexPathList.java:432)
E/System  ( 3405): 	at dalvik.system.DexPathList$Element.findResource(DexPathList.java:446)
E/System  ( 3405): 	at dalvik.system.DexPathList.findResources(DexPathList.java:362)
E/System  ( 3405): 	at dalvik.system.BaseDexClassLoader.findResources(BaseDexClassLoader.java:72)
E/System  ( 3405): 	at java.lang.ClassLoader.getResources(ClassLoader.java:413)
E/System  ( 3405): 	at org.slf4j.LoggerFactory.findPossibleStaticLoggerBinderPathSet(LoggerFactory.java:220)
E/System  ( 3405): 	at org.slf4j.LoggerFactory.bind(LoggerFactory.java:125)
E/System  ( 3405): 	at org.slf4j.LoggerFactory.performInitialization(LoggerFactory.java:107)
E/System  ( 3405): 	at org.slf4j.LoggerFactory.getILoggerFactory(LoggerFactory.java:295)
E/System  ( 3405): 	at org.slf4j.LoggerFactory.getLogger(LoggerFactory.java:269)
E/System  ( 3405): 	at org.slf4j.LoggerFactory.getLogger(LoggerFactory.java:281)
E/System  ( 3405): 	at com.audible.mobile.logging.PIIAwareLoggerDelegate.<init>(PIIAwareLoggerDelegate.java:46)
E/System  ( 3405): 	at com.audible.mobile.resource.AssetInputStreamResource.<clinit>(AssetInputStreamResource.java:23)
E/System  ( 3405): 	at com.audible.mobile.download.provider.DownloadDataSource.<init>(DownloadDataSource.java)
E/System  ( 3405): 	at com.audible.mobile.download.provider.DownloadContentProvider.onCreate(DownloadContentProvider.java:48)
E/System  ( 3405): 	at android.content.ContentProvider.attachInfo(ContentProvider.java:1591)
E/System  ( 3405): 	at android.content.ContentProvider.attachInfo(ContentProvider.java:1562)
E/System  ( 3405): 	at android.app.ActivityThread.installProvider(ActivityThread.java:4792)
E/System  ( 3405): 	at android.app.ActivityThread.installContentProviders(ActivityThread.java:4387)
E/System  ( 3405): 	at android.app.ActivityThread.handleBindApplication(ActivityThread.java:4327)
E/System  ( 3405): 	at android.app.ActivityThread.access$1500(ActivityThread.java:135)
E/System  ( 3405): 	at android.app.ActivityThread$H.handleMessage(ActivityThread.java:1256)
E/System  ( 3405): 	at android.os.Handler.dispatchMessage(Handler.java:102)
E/System  ( 3405): 	at android.os.Looper.loop(Looper.java:136)
E/System  ( 3405): 	at android.app.ActivityThread.main(ActivityThread.java:5019)
E/System  ( 3405): 	at java.lang.reflect.Method.invokeNative(Native Method)
E/System  ( 3405): 	at java.lang.reflect.Method.invoke(Method.java:515)
E/System  ( 3405): 	at com.android.internal.os.ZygoteInit$MethodAndArgsCaller.run(ZygoteInit.java:779)
E/System  ( 3405): 	at com.android.internal.os.ZygoteInit.main(ZygoteInit.java:595)
E/System  ( 3405): 	at dalvik.system.NativeStart.main(Native Method)
E/System  ( 3405): Unable to open zip file: /data/data/com.amazon.kindle/app_dex/classes3.dex
E/System  ( 3405): java.util.zip.ZipException: Not a zip archive
E/System  ( 3405): 	at java.util.zip.ZipFile.readCentralDir(ZipFile.java:361)
E/System  ( 3405): 	at java.util.zip.ZipFile.<init>(ZipFile.java:151)
E/System  ( 3405): 	at java.util.zip.ZipFile.<init>(ZipFile.java:115)
E/System  ( 3405): 	at dalvik.system.DexPathList$Element.maybeInit(DexPathList.java:432)
E/System  ( 3405): 	at dalvik.system.DexPathList$Element.findResource(DexPathList.java:446)
E/System  ( 3405): 	at dalvik.system.DexPathList.findResources(DexPathList.java:362)
E/System  ( 3405): 	at dalvik.system.BaseDexClassLoader.findResources(BaseDexClassLoader.java:72)
E/System  ( 3405): 	at java.lang.ClassLoader.getResources(ClassLoader.java:413)
E/System  ( 3405): 	at org.slf4j.LoggerFactory.findPossibleStaticLoggerBinderPathSet(LoggerFactory.java:220)
E/System  ( 3405): 	at org.slf4j.LoggerFactory.bind(LoggerFactory.java:125)
E/System  ( 3405): 	at org.slf4j.LoggerFactory.performInitialization(LoggerFactory.java:107)
E/System  ( 3405): 	at org.slf4j.LoggerFactory.getILoggerFactory(LoggerFactory.java:295)
E/System  ( 3405): 	at org.slf4j.LoggerFactory.getLogger(LoggerFactory.java:269)
E/System  ( 3405): 	at org.slf4j.LoggerFactory.getLogger(LoggerFactory.java:281)
E/System  ( 3405): 	at com.audible.mobile.logging.PIIAwareLoggerDelegate.<init>(PIIAwareLoggerDelegate.java:46)
E/System  ( 3405): 	at com.audible.mobile.resource.AssetInputStreamResource.<clinit>(AssetInputStreamResource.java:23)
E/System  ( 3405): 	at com.audible.mobile.download.provider.DownloadDataSource.<init>(DownloadDataSource.java)
E/System  ( 3405): 	at com.audible.mobile.download.provider.DownloadContentProvider.onCreate(DownloadContentProvider.java:48)
E/System  ( 3405): 	at android.content.ContentProvider.attachInfo(ContentProvider.java:1591)
E/System  ( 3405): 	at android.content.ContentProvider.attachInfo(ContentProvider.java:1562)
E/System  ( 3405): 	at android.app.ActivityThread.installProvider(ActivityThread.java:4792)
E/System  ( 3405): 	at android.app.ActivityThread.installContentProviders(ActivityThread.java:4387)
E/System  ( 3405): 	at android.app.ActivityThread.handleBindApplication(ActivityThread.java:4327)
E/System  ( 3405): 	at android.app.ActivityThread.access$1500(ActivityThread.java:135)
E/System  ( 3405): 	at android.app.ActivityThread$H.handleMessage(ActivityThread.java:1256)
E/System  ( 3405): 	at android.os.Handler.dispatchMessage(Handler.java:102)
E/System  ( 3405): 	at android.os.Looper.loop(Looper.java:136)
E/System  ( 3405): 	at android.app.ActivityThread.main(ActivityThread.java:5019)
E/System  ( 3405): 	at java.lang.reflect.Method.invokeNative(Native Method)
E/System  ( 3405): 	at java.lang.reflect.Method.invoke(Method.java:515)
E/System  ( 3405): 	at com.android.internal.os.ZygoteInit$MethodAndArgsCaller.run(ZygoteInit.java:779)
E/System  ( 3405): 	at com.android.internal.os.ZygoteInit.main(ZygoteInit.java:595)
E/System  ( 3405): 	at dalvik.system.NativeStart.main(Native Method)
E/System  ( 3405): Unable to open zip file: /data/data/com.amazon.kindle/app_dex/classes4.dex
E/System  ( 3405): java.util.zip.ZipException: Not a zip archive
E/System  ( 3405): 	at java.util.zip.ZipFile.readCentralDir(ZipFile.java:361)
E/System  ( 3405): 	at java.util.zip.ZipFile.<init>(ZipFile.java:151)
E/System  ( 3405): 	at java.util.zip.ZipFile.<init>(ZipFile.java:115)
E/System  ( 3405): 	at dalvik.system.DexPathList$Element.maybeInit(DexPathList.java:432)
E/System  ( 3405): 	at dalvik.system.DexPathList$Element.findResource(DexPathList.java:446)
E/System  ( 3405): 	at dalvik.system.DexPathList.findResources(DexPathList.java:362)
E/System  ( 3405): 	at dalvik.system.BaseDexClassLoader.findResources(BaseDexClassLoader.java:72)
E/System  ( 3405): 	at java.lang.ClassLoader.getResources(ClassLoader.java:413)
E/System  ( 3405): 	at org.slf4j.LoggerFactory.findPossibleStaticLoggerBinderPathSet(LoggerFactory.java:220)
E/System  ( 3405): 	at org.slf4j.LoggerFactory.bind(LoggerFactory.java:125)
E/System  ( 3405): 	at org.slf4j.LoggerFactory.performInitialization(LoggerFactory.java:107)
E/System  ( 3405): 	at org.slf4j.LoggerFactory.getILoggerFactory(LoggerFactory.java:295)
E/System  ( 3405): 	at org.slf4j.LoggerFactory.getLogger(LoggerFactory.java:269)
E/System  ( 3405): 	at org.slf4j.LoggerFactory.getLogger(LoggerFactory.java:281)
E/System  ( 3405): 	at com.audible.mobile.logging.PIIAwareLoggerDelegate.<init>(PIIAwareLoggerDelegate.java:46)
E/System  ( 3405): 	at com.audible.mobile.resource.AssetInputStreamResource.<clinit>(AssetInputStreamResource.java:23)
E/System  ( 3405): 	at com.audible.mobile.download.provider.DownloadDataSource.<init>(DownloadDataSource.java)
E/System  ( 3405): 	at com.audible.mobile.download.provider.DownloadContentProvider.onCreate(DownloadContentProvider.java:48)
E/System  ( 3405): 	at android.content.ContentProvider.attachInfo(ContentProvider.java:1591)
E/System  ( 3405): 	at android.content.ContentProvider.attachInfo(ContentProvider.java:1562)
E/System  ( 3405): 	at android.app.ActivityThread.installProvider(ActivityThread.java:4792)
E/System  ( 3405): 	at android.app.ActivityThread.installContentProviders(ActivityThread.java:4387)
E/System  ( 3405): 	at android.app.ActivityThread.handleBindApplication(ActivityThread.java:4327)
E/System  ( 3405): 	at android.app.ActivityThread.access$1500(ActivityThread.java:135)
E/System  ( 3405): 	at android.app.ActivityThread$H.handleMessage(ActivityThread.java:1256)
E/System  ( 3405): 	at android.os.Handler.dispatchMessage(Handler.java:102)
E/System  ( 3405): 	at android.os.Looper.loop(Looper.java:136)
E/System  ( 3405): 	at android.app.ActivityThread.main(ActivityThread.java:5019)
E/System  ( 3405): 	at java.lang.reflect.Method.invokeNative(Native Method)
E/System  ( 3405): 	at java.lang.reflect.Method.invoke(Method.java:515)
E/System  ( 3405): 	at com.android.internal.os.ZygoteInit$MethodAndArgsCaller.run(ZygoteInit.java:779)
E/System  ( 3405): 	at com.android.internal.os.ZygoteInit.main(ZygoteInit.java:595)
E/System  ( 3405): 	at dalvik.system.NativeStart.main(Native Method)
W/System.err( 3405): SLF4J: Failed to load class "org.slf4j.impl.StaticLoggerBinder".
W/System.err( 3405): SLF4J: Defaulting to no-operation (NOP) logger implementation
W/System.err( 3405): SLF4J: See http://www.slf4j.org/codes.html#StaticLoggerBinder for further details.
D/dalvikvm( 3405): GC_CONCURRENT freed 222K, 11% free 4094K/4552K, paused 2ms+0ms, total 5ms
I/System.out( 3405): Fri Apr 20 00:16:32 MST 2018 (DEBUG) AmazonKindle.5003:[main]: ReddingApplication onCreate()
I/com.amazon.kindle/com.amazon.identity.auth.device.api.MAPInit( 3405): Initializing MAP (130050002 / MAPAndroidLib-1.0.988.0) for app com.amazon.kindle
W/com.amazon.dcp.settings.SettingsCache( 3405): Permission to read device settings doesn't exist. This is normal on third-party devices.
I/com.amazon.dcp.settings.SettingsCache( 3405): Always use default values for settings
I/com.amazon.kindle/com.amazon.identity.auth.device.features.FeatureCache( 3405): Caching feature IsolateApplication as false
I/com.amazon.kindle/com.amazon.identity.auth.device.utils.CentralApkUtils( 3405): Cannot find amazon authenticator. returning null
I/com.amazon.kindle/com.amazon.identity.auth.device.utils.CentralApkUtils( 3405): No central apk detected. This should be a 3P device.
I/com.amazon.kindle/com.amazon.identity.auth.device.attribute.DeviceAttributeCache( 3405): Setting device attribute CentralAPK to false
D/dalvikvm( 3405): GC_CONCURRENT freed 192K, 7% free 4289K/4608K, paused 35ms+0ms, total 39ms
D/dalvikvm( 3405): GC_CONCURRENT freed 207K, 6% free 4466K/4744K, paused 2ms+1ms, total 5ms
I/com.amazon.kindle/com.amazon.identity.auth.device.storage.DistributedDataStorage( 3405): Am the latest application. Setting up alarm to clean database
W/com.amazon.dcp.settings.SettingsCache( 3405): Permission to read device settings doesn't exist. This is normal on third-party devices.
I/com.amazon.dcp.settings.SettingsCache( 3405): Always use default values for settings
D/dalvikvm( 3405): GC_CONCURRENT freed 473K, 11% free 4471K/5012K, paused 1ms+2ms, total 11ms
I/com.amazon.kindle/com.amazon.identity.auth.accounts.MultipleAccountPluginHolder( 3405): Returning Default multiple profile settings
D/dalvikvm( 3405): GC_CONCURRENT freed 274K, 8% free 4634K/5012K, paused 3ms+0ms, total 6ms
E/AmazonKindle.com.amazon.kindle.services.authentication.AuthenticationService( 3405): [main]: startOver(): not registered; current account ID: MASTER
I/AmazonKindle.com.amazon.kcp.application.ReddingApplication( 3405): [main]: Kindle Application started
I/DPLogger( 3405): DPLogger - Name was too long. Truncating; original name: BaseMetricsServiceFactory, truncated name: BaseMetricsServiceFacto
I/DPLogger( 3405): DPLogger - Name was too long. Truncating; original name: MetricsConfigurationParser, truncated name: MetricsConfigurationPar
I/MetricsConfigurationPar( 3405): MetricsConfigurationParser - Picking configuration; Domain: prod, Build: user, isDebuggable: false
D/dalvikvm( 3405): GC_CONCURRENT freed 351K, 8% free 4837K/5256K, paused 1ms+0ms, total 9ms
D/dalvikvm( 3405): WAIT_FOR_CONCURRENT_GC blocked 2ms
W/ActivityThread( 3405): ClassLoader.loadClass: The class loader returned by Thread.getContextClassLoader() may fail for processes that host multiple applications. You should explicitly specify a context class loader. For example: Thread.setContextClassLoader(getClass().getClassLoader());
I/DPLogger( 3405): DPLogger - Name was too long. Truncating; original name: TComm.HttpClientSrrManager, truncated name: TComm.HttpClientSrrMana
I/DPLogger( 3405): DPLogger - Name was too long. Truncating; original name: AndroidDeviceInfoManager, truncated name: AndroidDeviceInfoManage
I/DPLogger( 3405): DPLogger - Name was too long. Truncating; original name: Metrics:BoundedByteArrayQueue, truncated name: Metrics:BoundedByteArra
I/DPLogger( 3405): DPLogger - Name was too long. Truncating; original name: Metrics:NonVolatileBoundedByteArrayQueue, truncated name: Metrics:NonVolatileBoun
I/DPLogger( 3405): DPLogger - Name was too long. Truncating; original name: Metrics:BatchTransmitter, truncated name: Metrics:BatchTransmitte
I/DPLogger( 3405): DPLogger - Name was too long. Truncating; original name: Metrics:ThreadPoolBatchTransmitter, truncated name: Metrics:ThreadPoolBatch
I/DPLogger( 3405): DPLogger - Name was too long. Truncating; original name: PeriodicBatchTransmitter, truncated name: PeriodicBatchTransmitte
I/DPLogger( 3405): DPLogger - Name was too long. Truncating; original name: Metrics:UrgentBatchTransmitter, truncated name: Metrics:UrgentBatchTran
W/BaseMetricsServiceFacto( 3405): createMetricsService - Skipping batch pipeline setup for ; RESERVED_FOR_LOCATION_SERVICE:  because no configuration is provided.
W/BaseMetricsServiceFacto( 3405): createMetricsService - Skipping batch pipeline setup for ; RESERVED_FOR_NON_ANONYMOUS_METRICS:  because no configuration is provided.
I/Metrics:BatchTransmitte( 3405): QueuePusher.sendBatches - Drained batch queue.; Number of NORMAL queue batches sent: 0
I/DPLogger( 3405): DPLogger - Name was too long. Truncating; original name: MetricsBroadcastReceiver, truncated name: MetricsBroadcastReceive
I/AmazonKindle.com.amazon.kcp.application.ReddingApplication( 3405): [main]: Starting Kindle application
I/Metrics:BatchTransmitte( 3405): QueuePusher.sendBatches - Drained batch queue.; Number of HIGH queue batches sent: 0
I/AmazonKindle.com.amazon.kindle.config.AbstractModuleInitializer( 3405): [main]: Initializing module NewsstandModule
I/AmazonKindle.com.amazon.kindle.config.AbstractModuleInitializer( 3405): [ThreadPoolManager1-thread-2]: Initializing module KindleReaderSDK
I/AmazonKindle.com.amazon.kindle.krx.KindleReaderSDKModule( 3405): [ThreadPoolManager1-thread-2]: Initializing plugins
D/dalvikvm( 3405): GC_CONCURRENT freed 337K, 8% free 5076K/5480K, paused 2ms+1ms, total 9ms
I/AmazonKindle.com.amazon.kindle.config.AbstractModuleInitializer( 3405): [main]: NewsstandModule initialized
I/AmazonKindle.com.amazon.kindle.config.AbstractModuleInitializer( 3405): [main]: Initializing module KindleContentProvider
I/AmazonKindle.com.amazon.kindle.config.AbstractModuleInitializer( 3405): [main]: KindleContentProvider initialized
I/AmazonKindle.com.amazon.kindle.config.AbstractModuleInitializer( 3405): [main]: Initializing module MangaViewerModule
I/AmazonKindle.com.amazon.kindle.config.AbstractModuleInitializer( 3405): [main]: MangaViewerModule initialized
I/AmazonKindle.com.amazon.kindle.config.AbstractModuleInitializer( 3405): [main]: Initializing module StandAloneReaderModule
I/AmazonKindle.com.amazon.kindle.config.AbstractModuleInitializer( 3405): [main]: StandAloneReaderModule initialized
I/AmazonKindle.com.amazon.kindle.config.AbstractModuleInitializer( 3405): [main]: Initializing module krf4
E/AmazonKindle.com.amazon.kindle.services.authentication.MAPTokenCache( 3405): [main]: Null or empty account: [null], key: [PRIVATE_KEY], aborting...
I/AmazonKindle.com.amazon.kindle.config.AbstractModuleInitializer( 3405): [main]: krf4 initialized
I/AmazonKindle.com.amazon.kindle.config.AbstractModuleInitializer( 3405): [main]: Initializing module annotations
I/AmazonKindle.com.amazon.kindle.config.AbstractModuleInitializer( 3405): [main]: annotations initialized
I/AmazonKindle.com.amazon.kindle.config.AbstractModuleInitializer( 3405): [main]: Initializing module StandaloneDefinitionContainerModule
D/dalvikvm( 3405): GC_CONCURRENT freed 462K, 10% free 5251K/5780K, paused 2ms+1ms, total 5ms
I/AmazonKindle.com.amazon.kindle.config.AbstractModuleInitializer( 3405): [main]: StandaloneDefinitionContainerModule initialized
I/AmazonKindle.com.amazon.kindle.config.AbstractModuleInitializer( 3405): [main]: Initializing module SendToKindleModule
I/AmazonKindle.com.amazon.kindle.config.AbstractModuleInitializer( 3405): [main]: SendToKindleModule initialized
I/AmazonKindle.com.amazon.kindle.config.AbstractModuleInitializer( 3405): [main]: Initializing module AttributionModule
E/AmazonKindle.com.amazon.kindle.services.authentication.MAPTokenCache( 3405): [pool-8-thread-1]: Null or empty account: [null], key: [COR], aborting...
E/AmazonKindle.com.amazon.kindle.services.authentication.MAPTokenCache( 3405): [pool-8-thread-1]: Null or empty account: [null], key: [PFM], aborting...
E/AmazonKindle.com.amazon.kindle.services.authentication.MAPTokenCache( 3405): [pool-8-thread-1]: Null or empty account: [null], key: [COR], aborting...
E/AmazonKindle.com.amazon.kindle.services.authentication.MAPTokenCache( 3405): [pool-8-thread-1]: Null or empty account: [null], key: [PFM], aborting...
I/AmazonKindle.com.amazon.kindle.config.AbstractModuleInitializer( 3405): [main]: AttributionModule initialized
E/AmazonKindle.com.amazon.kindle.services.authentication.MAPTokenCache( 3405): [pool-8-thread-1]: Null or empty account: [null], key: [COR], aborting...
E/AmazonKindle.com.amazon.kindle.services.authentication.MAPTokenCache( 3405): [pool-8-thread-1]: Null or empty account: [null], key: [PFM], aborting...
D/dalvikvm( 3405): GC_CONCURRENT freed 498K, 10% free 5451K/6012K, paused 2ms+1ms, total 6ms
E/AmazonKindle.com.amazon.kindle.services.authentication.MAPTokenCache( 3405): [pool-8-thread-1]: Null or empty account: [null], key: [COR], aborting...
E/AmazonKindle.com.amazon.kindle.services.authentication.MAPTokenCache( 3405): [pool-8-thread-1]: Null or empty account: [null], key: [PFM], aborting...
E/AmazonKindle.com.amazon.kindle.services.authentication.MAPTokenCache( 3405): [pool-8-thread-1]: Null or empty account: [null], key: [COR], aborting...
E/AmazonKindle.com.amazon.kindle.services.authentication.MAPTokenCache( 3405): [pool-8-thread-1]: Null or empty account: [null], key: [PFM], aborting...
D/dalvikvm( 3405): GC_CONCURRENT freed 442K, 8% free 5898K/6400K, paused 2ms+10ms, total 17ms
D/dalvikvm( 3405): WAIT_FOR_CONCURRENT_GC blocked 5ms
I/AmazonKindle.com.amazon.kindle.krx.PluginInitializer( 3405): [ThreadPoolManager1-thread-2]: Initializing plugin: com.audible.hushpuppy.ApplicationPlugin
I/AmazonKindle.com.audible.hushpuppy.ApplicationPlugin( 3405): [ThreadPoolManager1-thread-2]: Initializing Hushpuppy for KRX
I/AmazonKindle.com.amazon.kindle.AapConfiguration( 3405): [ThreadPoolManager1-thread-2]: Inject retry policy
I/AmazonKindle.com.amazon.kindle.AapConfiguration( 3405): [ThreadPoolManager1-thread-2]: Inject download on wifi or wan policy
I/AmazonKindle.com.amazon.kindle.AapConfiguration( 3405): [ThreadPoolManager1-thread-2]: Registering ContentTypeStorageLocationStrategy
I/AmazonKindle.com.amazon.kindle.AapConfiguration( 3405): [ThreadPoolManager1-thread-2]: Registering CoverArtTypeFactory
I/AmazonKindle.com.amazon.kindle.AapConfiguration( 3405): [ThreadPoolManager1-thread-2]: Registering NotificationFactoryProvider
I/AmazonKindle.com.amazon.kindle.AapConfiguration( 3405): [ThreadPoolManager1-thread-2]: Registering IdentityManager
I/AmazonKindle.com.amazon.kindle.AapConfiguration( 3405): [ThreadPoolManager1-thread-2]: Registering DownloadManager
I/AmazonKindle.com.amazon.kindle.AapConfiguration( 3405): [ThreadPoolManager1-thread-2]: Registering DownloaderFactory
I/AmazonKindle.com.amazon.kindle.AapConfiguration( 3405): [ThreadPoolManager1-thread-2]: Registering MediaButtonManager
I/AmazonKindle.com.amazon.kindle.AapConfiguration( 3405): [ThreadPoolManager1-thread-2]: Registering ActivationDataRepository
I/AmazonKindle.com.amazon.kindle.AapConfiguration( 3405): [ThreadPoolManager1-thread-2]: Registering HeadsetPolicy
I/AmazonKindle.com.amazon.kindle.AapConfiguration( 3405): [ThreadPoolManager1-thread-2]: Registering PlayerNotificationFactory
I/AmazonKindle.com.amazon.kindle.AapConfiguration( 3405): [ThreadPoolManager1-thread-2]: Registering PlayerManager
I/AmazonKindle.com.amazon.kindle.krx.PluginInitializer( 3405): [ThreadPoolManager1-thread-2]: Initializing plugin: popular highlights plugin
I/AmazonKindle.com.amazon.kindle.krx.PluginInitializer( 3405): [ThreadPoolManager1-thread-2]: Initializing plugin: com.audible.hushpuppy.LibraryPlugin
I/AmazonKindle.com.amazon.kindle.krx.PluginInitializer( 3405): [ThreadPoolManager1-thread-2]: Initializing plugin: com.audible.hushpuppy.RelationshipPlugin
I/AmazonKindle.com.amazon.kindle.krx.PluginInitializer( 3405): [ThreadPoolManager1-thread-2]: Initializing plugin: KindleLearningObject
I/AmazonKindle.com.amazon.kindle.krx.PluginInitializer( 3405): [ThreadPoolManager1-thread-2]: Initializing plugin: com.audible.hushpuppy.ReadAlongPlugin
I/AmazonKindle.com.amazon.kindle.krx.PluginInitializer( 3405): [ThreadPoolManager1-thread-2]: Initializing plugin: Word Wise plugin
I/AmazonKindle.com.amazon.kcp.wordwise.plugin.WordWisePlugin( 3405): [ThreadPoolManager1-thread-2]: initializing
I/AmazonKindle.com.amazon.kcp.wordwise.download.WordWiseContentStatus( 3405): [ThreadPoolManager1-thread-2]: Initializing
I/AmazonKindle.com.amazon.kcp.wordwise.download.WordWiseSynchronizationManager( 3405): [ThreadPoolManager1-thread-2]: Dictionary Directory: /data/data/com.amazon.kindle/databases/wordwise
I/AmazonKindle.com.amazon.kindle.krx.PluginInitializer( 3405): [ThreadPoolManager1-thread-2]: Initializing plugin: Flashcards
I/AmazonKindle.com.amazon.kindle.krx.PluginInitializer( 3405): [ThreadPoolManager1-thread-2]: Initializing plugin: com.audible.android.kcp.AirApplicationPlugin
I/AmazonKindle.com.amazon.kindle.krx.PluginInitializer( 3405): [ThreadPoolManager1-thread-2]: Initializing plugin: com.audible.android.kcp.AirReaderPlugin
I/AmazonKindle.com.audible.android.kcp.AiRBasePlugin( 3405): [ThreadPoolManager1-thread-2]: Initializing AiR plugin com.audible.android.kcp.AiRReaderPlugin
W/AmazonKindle.com.audible.hushpuppy.network.PfmEndpointFactory( 3405): [ThreadPoolManager1-thread-2]: getEndpoints: userAccount pfm is not set
I/AmazonKindle.com.amazon.kindle.krx.PluginInitializer( 3405): [ThreadPoolManager1-thread-2]: Initializing plugin: ClickstreamMetrics
I/AmazonKindle.com.amazon.kindle.krx.PluginInitializer( 3405): [ThreadPoolManager1-thread-2]: Initializing plugin: X-Ray
I/AmazonKindle.com.amazon.kindle.krx.PluginInitializer( 3405): [ThreadPoolManager1-thread-2]: Initializing plugin: Book Wizard
I/AmazonKindle.com.amazon.kindle.kwis.StandaloneKWISClientHandler( 3405): [ThreadPoolManager1-thread-2]: Initializing KWISClient
E/AmazonKindle.com.amazon.kindle.services.authentication.MAPTokenCache( 3405): [ThreadPoolManager1-thread-2]: Null or empty account: [null], key: [PFM], aborting...
I/com.amazon.kwis.client.KWISClient( 3405): Initializing KWIS Client...
D/com.amazon.kwis.client.KWISClient( 3405): CustomerId: MASTER Namespace: StandaloneAndroid AppType: KFA AppVersion: 4.15 Marketplace Id: 
I/com.amazon.kwis.client.KWISClient( 3405): Initializing experiments to treatments map...
V/com.amazon.kwis.client.dao.KWISClientDAO( 3405): No rows deleted from experiment realm table
V/com.amazon.kwis.client.dao.KWISClientDAO( 3405): No rows deleted from experiment realm table
V/com.amazon.kwis.client.dao.KWISClientDAO( 3405): No rows deleted from experiment realm table
D/com.amazon.kwis.client.KWISClient( 3405): Starting thread for fetching experiments...
D/com.amazon.kwis.client.OAuthTokenFetcher( 3405):  Token Key: com.amazon.kindle/com.amazon.dcp.sso.token.oauth.amazon.access_token
I/AmazonKindle.com.amazon.bookwizard.BookWizardProvider( 3405): [ThreadPoolManager1-thread-2]: Registering StartupProvider
I/AmazonKindle.com.amazon.kindle.krx.PluginInitializer( 3405): [ThreadPoolManager1-thread-2]: Initializing plugin: com.audible.android.kcp.AiRLeftNavPlugin
I/AmazonKindle.com.audible.android.kcp.AiRBasePlugin( 3405): [ThreadPoolManager1-thread-2]: Initializing AiR plugin com.audible.android.kcp.AiRLeftNavPlugin
W/AmazonKindle.com.audible.hushpuppy.network.PfmEndpointFactory( 3405): [ThreadPoolManager1-thread-2]: getEndpoints: userAccount pfm is not set
I/AmazonKindle.com.amazon.kindle.krx.PluginInitializer( 3405): [ThreadPoolManager1-thread-2]: Initializing plugin: com.audible.android.kcp.AiRLibraryPlugin
I/AmazonKindle.com.audible.android.kcp.AiRBasePlugin( 3405): [ThreadPoolManager1-thread-2]: Initializing AiR plugin com.audible.android.kcp.AiRLibraryPlugin
W/AmazonKindle.com.audible.hushpuppy.network.PfmEndpointFactory( 3405): [ThreadPoolManager1-thread-2]: getEndpoints: userAccount pfm is not set
I/AmazonKindle.com.amazon.kindle.krx.PluginInitializer( 3405): [ThreadPoolManager1-thread-2]: Initializing plugin: endactions plugin
I/System.out( 3405): INFO: com.amazon.ea.EndActionsPlugin Initializing EA Plugin
I/AmazonKindle.com.amazon.kindle.krx.PluginInitializer( 3405): [ThreadPoolManager1-thread-2]: Initializing plugin: SocialSharingPlugin
I/SocialSharing( 3405): com.amazon.kindle.socialsharing.SocialSharingPlugin: Initializing Social Sharing plugin
I/SocialSharing( 3405): Registering kwisClientProvider
I/SocialSharing( 3405): Prefered Market: null
I/SocialSharing( 3405): Social Sharing feature is not enabled. Unsupported marketplace.
I/AmazonKindle.com.amazon.kindle.krx.PluginInitializer( 3405): [ThreadPoolManager1-thread-2]: Initializing plugin: Popular Highlights Panel Button for StandAlone
I/AmazonKindle.com.amazon.kindle.config.AbstractModuleInitializer( 3405): [ThreadPoolManager1-thread-2]: KindleReaderSDK initialized
D/dalvikvm( 3405): Trying to load lib /data/app-lib/com.amazon.kindle-1/libNativeLibraryWrapper.so 0x94f9fa40
D/dalvikvm( 3405): GC_CONCURRENT freed 833K, 14% free 5981K/6876K, paused 1ms+0ms, total 14ms
D/dalvikvm( 3405): Added shared lib /data/app-lib/com.amazon.kindle-1/libNativeLibraryWrapper.so 0x94f9fa40
W/ContextImpl(  684): Calling a method in the system process without a qualified user: android.app.ContextImpl.bindService:1556 android.content.ContextWrapper.bindService:517 com.google.android.gms.common.stats.zzb.zza:-1 com.google.android.gms.common.internal.zzn$zzb.zzdg:-1 com.google.android.gms.common.internal.zzn.zza:-1 
E/dalvikvm( 3350): Could not find class 'android.app.job.JobScheduler', referenced from method wpq.e
W/dalvikvm( 3350): VFY: unable to resolve check-cast 5413 (Landroid/app/job/JobScheduler;) in Lwpq;
D/dalvikvm( 3350): VFY: replacing opcode 0x1f at 0x000a
E/dalvikvm( 3339): Could not find class 'android.app.usage.UsageStatsManager', referenced from method rks.a
W/dalvikvm( 3339): VFY: unable to resolve const-class 5417 (Landroid/app/usage/UsageStatsManager;) in Lrks;
D/dalvikvm( 3339): VFY: replacing opcode 0x1c at 0x001d
E/dalvikvm( 3339): Could not find class 'android.app.job.JobScheduler', referenced from method rqs.<init>
W/dalvikvm( 3339): VFY: unable to resolve check-cast 5413 (Landroid/app/job/JobScheduler;) in Lrqs;
D/dalvikvm( 3339): VFY: replacing opcode 0x1f at 0x005b
I/dalvikvm( 3350): Could not find method android.content.pm.PackageManager.isInstantApp, referenced from method lcg.a
W/dalvikvm( 3350): VFY: unable to resolve virtual method 2631: Landroid/content/pm/PackageManager;.isInstantApp ()Z
D/dalvikvm( 3350): VFY: replacing opcode 0x6e at 0x0028
I/NetworkScheduler( 3339): Using standalone scheduling engine
D/dalvikvm( 3350): GC_CONCURRENT freed 233K, 8% free 3697K/3992K, paused 0ms+1ms, total 3ms
I/dalvikvm( 3339): Could not find method android.app.AlarmManager.cancel, referenced from method krn.a
W/dalvikvm( 3339): VFY: unable to resolve virtual method 2953: Landroid/app/AlarmManager;.cancel (Landroid/app/AlarmManager$OnAlarmListener;)V
D/dalvikvm( 3339): VFY: replacing opcode 0x6e at 0x0002
I/dalvikvm( 3339): Could not find method android.app.AlarmManager.set, referenced from method krn.a
W/dalvikvm( 3339): VFY: unable to resolve virtual method 2956: Landroid/app/AlarmManager;.set (IJJJLandroid/app/AlarmManager$OnAlarmListener;Landroid/os/Handler;Landroid/os/WorkSource;)V
D/dalvikvm( 3339): VFY: replacing opcode 0x74 at 0x0018
I/dalvikvm( 3339): Could not find method android.app.AlarmManager.setAndAllowWhileIdle, referenced from method krn.a
W/dalvikvm( 3339): VFY: unable to resolve virtual method 2959: Landroid/app/AlarmManager;.setAndAllowWhileIdle (IJLandroid/app/PendingIntent;)V
D/dalvikvm( 3339): VFY: replacing opcode 0x6e at 0x0011
I/dalvikvm( 3339): Could not find method android.app.AlarmManager.setExactAndAllowWhileIdle, referenced from method krn.b
W/dalvikvm( 3339): VFY: unable to resolve virtual method 2960: Landroid/app/AlarmManager;.setExactAndAllowWhileIdle (IJLandroid/app/PendingIntent;)V
D/dalvikvm( 3339): VFY: replacing opcode 0x6e at 0x0011
I/dalvikvm( 3339): Could not find method android.net.ConnectivityManager.reportNetworkConnectivity, referenced from method rnj.c
E/dalvikvm( 3339): Could not find class 'android.app.usage.UsageStatsManager', referenced from method rsj.a
W/dalvikvm( 3339): VFY: unable to resolve virtual method 22056: Landroid/net/ConnectivityManager;.reportNetworkConnectivity (Landroid/net/Network;Z)V
D/dalvikvm( 3339): VFY: replacing opcode 0x6e at 0x000a
W/dalvikvm( 3339): VFY: unable to resolve const-class 5417 (Landroid/app/usage/UsageStatsManager;) in Lrsj;
D/dalvikvm( 3339): VFY: replacing opcode 0x1c at 0x007a
I/dalvikvm( 3339): Could not find method android.os.PowerManager.isIgnoringBatteryOptimizations, referenced from method rsq.a
W/dalvikvm( 3339): VFY: unable to resolve virtual method 22493: Landroid/os/PowerManager;.isIgnoringBatteryOptimizations (Ljava/lang/String;)Z
D/dalvikvm( 3339): VFY: replacing opcode 0x6e at 0x002d
I/dalvikvm( 3339): Could not find method android.os.PowerManager.isPowerSaveMode, referenced from method rsq.a
W/dalvikvm( 3339): VFY: unable to resolve virtual method 22495: Landroid/os/PowerManager;.isPowerSaveMode ()Z
D/dalvikvm( 3339): VFY: replacing opcode 0x6e at 0x0072
I/dalvikvm( 3339): Could not find method android.os.PowerManager.isDeviceIdleMode, referenced from method rsq.a
W/dalvikvm( 3339): VFY: unable to resolve virtual method 22492: Landroid/os/PowerManager;.isDeviceIdleMode ()Z
D/dalvikvm( 3339): VFY: replacing opcode 0x6e at 0x008d
D/dalvikvm( 3339): GC_CONCURRENT freed 646K, 12% free 5571K/6280K, paused 71ms+4ms, total 81ms
I/dalvikvm( 3405): Could not find method android.webkit.WebSettings.setMixedContentMode, referenced from method com.amazon.kcp.recommendation.CampaignWebView.initialize
W/dalvikvm( 3405): VFY: unable to resolve virtual method 5895: Landroid/webkit/WebSettings;.setMixedContentMode (I)V
D/dalvikvm( 3405): VFY: replacing opcode 0x6e at 0x00f0
I/DPLogger( 3405): DPLogger - Name was too long. Truncating; original name: CrashDescriptorStorageUtil, truncated name: CrashDescriptorStorageU
I/CrashDescriptorStorageU( 3405): loadFromSharedPreferences - No keys retrieved from shared preferences.;
I/com.amazon.device.crashmanager.CrashDetectionHelper( 3405): Installing crash detector as default exception handler.
I/DPLogger( 3405): DPLogger - Name was too long. Truncating; original name: AbstractDetArtifactProcessor, truncated name: AbstractDetArtifactProc
I/DPLogger( 3405): DPLogger - Name was too long. Truncating; original name: JavaCrashArtifactProcessor, truncated name: JavaCrashArtifactProces
E/AmazonKindle.com.amazon.kindle.services.authentication.MAPTokenCache( 3405): [main]: Null or empty account: [null], key: [PFM], aborting...
I/CrashDescriptorStorageU( 3405): saveToSharedPreferences - Added last cleared cache to shared preferences = ; 1524208324630
I/CrashDescriptorStorageU( 3405): saveToSharedPreferences - Number of keys stored in shared preferences = ; 0
I/ArtifactUploader( 3405): uploadCrashEntries - Finished uploading artifacts. Uploaded 0 artifacts.;
D/AbstractMetricsFactoryImpl( 3405): record : No data points in metrics event
D/ChannelsManager( 3405): Reading channel settings from /data/data/com.amazon.kindle/files/notificationChannels.json
W/ChannelsManager( 3405): Channel descriptions file does not exist or has not been downloaded yet
D/dalvikvm( 3339): Trying to load lib /data/app-lib/com.google.android.gms-1/libleveldbjni.so 0x94f9e278
D/dalvikvm( 3339): Added shared lib /data/app-lib/com.google.android.gms-1/libleveldbjni.so 0x94f9e278
D/dalvikvm( 3405): GC_CONCURRENT freed 560K, 9% free 6361K/6984K, paused 1ms+1ms, total 8ms
I/AmazonKindle.com.amazon.kcp.application.ReddingApplication( 3405): [main]: Process started: com.amazon.kindle
I/AmazonKindle.com.amazon.kindle.UpgradePage( 3405): [ThreadPoolManager1-thread-2]: KindleBookOpen start
W/dalvikvm( 3405): VFY: unable to find class referenced in signature (Lokhttp3/Request;)
W/dalvikvm( 3405): VFY: unable to find class referenced in signature (Lokhttp3/Response;)
I/dalvikvm( 3405): Could not find method okhttp3.Response.headers, referenced from method empirical.HelperClass.printOkHttpInfo
W/dalvikvm( 3405): VFY: unable to resolve virtual method 59473: Lokhttp3/Response;.headers ()Lokhttp3/Headers;
D/dalvikvm( 3405): VFY: replacing opcode 0x6e at 0x0006
W/dalvikvm( 3405): VFY: unable to find class referenced in signature (Lokhttp3/Call;)
W/dalvikvm( 3405): VFY: unable to find class referenced in signature (Lokhttp3/Response;)
I/dalvikvm( 3405): Could not find method okhttp3.Call.request, referenced from method empirical.HelperClass.printOkHttpInfoFromCall
W/dalvikvm( 3405): VFY: unable to resolve interface method 59467: Lokhttp3/Call;.request ()Lokhttp3/Request;
D/dalvikvm( 3405): VFY: replacing opcode 0x72 at 0x0006
I/System.out( 3405): body:<com.amazon.kcp.DSNUtils: java.lang.String encryptDSN(java.lang.String)>	sig:$r0 = staticinvoke <java.net.URLEncoder: java.lang.String encode(java.lang.String)>($r0)	timediff:0
I/AmazonKindle.com.amazon.kindle.services.download.ReaderDownloadManager( 3405): [ThreadPoolManager1-thread-2]: <NoId> updated to QUEUED state
W/BackupManagerService(  478): dataChanged but no participant pkg='com.amazon.kindle' uid=10104
I/AmazonKindle.com.amazon.kindle.services.download.ReaderDownloadManager( 3405): [DownloadManager-webserviceRequests2-thread-1]: <NoId> updated to DOWNLOADING state
I/AmazonKindle.com.amazon.kindle.webservices.BaseWebRequestExecutor( 3405): [DownloadManager-webserviceRequests2-thread-1]: Executing url: https://www.amazon.com/gp/kindle/kcp/redding/app-config.html?eid=RgoOAUNKVFZEXUxEXwYdWBcfFV5bXURLA1YWB0USWAM%3D&deviceType=A2Y8LFC259B97P&osVersion=19&appVersion=1144782894&model=SM-G9350
I/System.out( 3405): body:<com.amazon.kindle.webservices.BaseWebRequestExecutor: int connect(com.amazon.kindle.webservices.IWebRequest,int)>	sig:specialinvoke $r5.<java.net.URL: void <init>(java.lang.String)>($r6)	timediff:0
W/AmazonKindle.com.amazon.kindle.services.events.DeadEventHandler( 3405): [pool-23-thread-1]: dead message detected: com.amazon.kindle.persistence.SettingsChangedEvent@4a929f08
I/System.out( 3405): <com.amazon.kindle.webservices.BaseWebRequestExecutor: int connect(com.amazon.kindle.webservices.IWebRequest,int)>###specialinvoke $r5.<java.net.URL: void <init>(java.lang.String)>($r6)###https://www.amazon.com/gp/kindle/kcp/redding/app-config.html?eid=RgoOAUNKVFZEXUxEXwYdWBcfFV5bXURLA1YWB0USWAM%3D&deviceType=A2Y8LFC259B97P&osVersion=19&appVersion=1144782894&model=SM-G9350
I/System.out( 3405): body:<com.amazon.kindle.webservices.BaseWebRequestExecutor: java.net.HttpURLConnection createHttpURLConnection(java.net.URL,int,boolean)>	sig:$r9 = virtualinvoke $r1.<java.net.URL: java.net.URLConnection openConnection()>()	timediff:1
I/ActivityManager(  478): START u0 {flg=0x14010000 cmp=com.amazon.kindle/com.amazon.kcp.library.StandaloneLibraryActivity} from pid 3405
I/System.out( 3405): body:<com.amazon.kindle.webservices.BaseWebRequestExecutor: java.net.HttpURLConnection createHttpURLConnection(java.net.URL,int,boolean)>	sig:virtualinvoke $r2.<java.net.HttpURLConnection: void setConnectTimeout(int)>($i0)	timediff:0
I/System.out( 3405): body:<com.amazon.kindle.webservices.BaseWebRequestExecutor: java.net.HttpURLConnection createHttpURLConnection(java.net.URL,int,boolean)>	sig:virtualinvoke $r2.<java.net.HttpURLConnection: void setReadTimeout(int)>($i0)	timediff:0
I/System.out( 3405): body:<com.amazon.kindle.webservices.BaseWebRequestExecutor: java.net.HttpURLConnection createHttpURLConnection(java.net.URL,int,boolean)>	sig:virtualinvoke $r2.<java.net.HttpURLConnection: void setRequestProperty(java.lang.String,java.lang.String)>("Accept-Language", $r8)	timediff:0
I/System.out( 3405): body:<com.amazon.kindle.webservices.BaseWebRequestExecutor: int connect(com.amazon.kindle.webservices.IWebRequest,int)>	sig:virtualinvoke $r7.<java.net.HttpURLConnection: void setRequestProperty(java.lang.String,java.lang.String)>("X-ADP-AttemptCount", $r12)	timediff:0
W/com.amazon.whispersync.dcp.settings.SettingsCache( 3405): Permission to read device settings doesn't exist. This is normal on third-party devices.
I/com.amazon.whispersync.dcp.settings.SettingsCache( 3405): Always use default values for settings
E/com.amazon.whispersync.dcp.framework.ClassConfigurationParser( 3405): Could not find class configuration file dcp_class_configuration.xml
E/com.amazon.whispersync.dcp.framework.ClassConfigurationParser( 3405): The configuration file does not have a key for DeviceInfo
I/com.amazon.whispersync.dcp.framework.ClassConfigurationParser( 3405): Attempting to create class com.amazon.whispersync.dcp.framework.AmazonDeviceInfo with android.content.Context constructor.
W/com.amazon.whispersync.dcp.framework.DeviceInfo( 3405): Build Number  could not be parsed to an integer. Using default value
W/com.amazon.whispersync.roboguice.RoboGuice( 3405): Failed to locate android resource: amazon_device_sync_roboguice_modules
D/dalvikvm( 3405): GC_CONCURRENT freed 564K, 9% free 6992K/7616K, paused 1ms+1ms, total 12ms
D/dalvikvm( 3405): WAIT_FOR_CONCURRENT_GC blocked 6ms
D/dalvikvm( 3405): WAIT_FOR_CONCURRENT_GC blocked 11ms
D/dalvikvm( 3405): WAIT_FOR_CONCURRENT_GC blocked 17ms
D/dalvikvm( 3361): GC_EXPLICIT freed 176K, 7% free 3353K/3592K, paused 8ms+0ms, total 11ms
D/dalvikvm( 3405): GC_CONCURRENT freed 297K, 5% free 8099K/8456K, paused 2ms+1ms, total 15ms
D/dalvikvm( 3405): WAIT_FOR_CONCURRENT_GC blocked 6ms
D/dalvikvm( 3405): WAIT_FOR_CONCURRENT_GC blocked 7ms
E/AmazonKindle.com.amazon.kindle.services.authentication.MAPTokenCache( 3405): [main]: Null or empty account: [null], key: [PFM], aborting...
W/dalvikvm( 3405): method Lcom/amazon/kcp/widget/Spinner;.rememberSyncState incorrectly overrides package-private method with same name in Landroid/widget/AdapterView;
D/dalvikvm( 3405): GC_CONCURRENT freed 763K, 9% free 9091K/9932K, paused 3ms+4ms, total 14ms
D/dalvikvm( 3405): WAIT_FOR_CONCURRENT_GC blocked 1ms
D/dalvikvm( 3405): WAIT_FOR_CONCURRENT_GC blocked 69ms
D/dalvikvm( 3405): WAIT_FOR_CONCURRENT_GC blocked 4ms
D/dalvikvm( 3405): GC_FOR_ALLOC freed 1240K, 15% free 9510K/11164K, paused 9ms, total 9ms
I/AmazonKindle.com.amazon.kcp.application.AndroidApplicationController( 3405): [main]: Changed locale to en-US
W/AmazonKindle.com.amazon.kindle.services.events.DeadEventHandler( 3405): [pool-23-thread-1]: dead message detected: com.amazon.kindle.persistence.SettingsChangedEvent@4aa82958
W/BackupManagerService(  478): dataChanged but no participant pkg='com.amazon.kindle' uid=10104
W/BackupManagerService(  478): dataChanged but no participant pkg='com.amazon.kindle' uid=10104
E/dalvikvm( 3339): Could not find class 'android.net.NetworkRequest$Builder', referenced from method com.google.android.gms.gcm.GcmChimeraService.onCreate
W/dalvikvm( 3339): VFY: unable to resolve new-instance 5620 (Landroid/net/NetworkRequest$Builder;) in Lcom/google/android/gms/gcm/GcmChimeraService;
D/dalvikvm( 3339): VFY: replacing opcode 0x22 at 0x0170
D/dalvikvm( 3405): GC_FOR_ALLOC freed 1122K, 15% free 10052K/11756K, paused 11ms, total 11ms
W/AmazonKindle.com.amazon.kindle.services.events.DeadEventHandler( 3405): [pool-23-thread-1]: dead message detected: com.amazon.kindle.persistence.SettingsChangedEvent@4a9afad4
W/AmazonKindle.com.amazon.kindle.services.events.DeadEventHandler( 3405): [pool-23-thread-1]: dead message detected: com.amazon.kindle.persistence.SettingsChangedEvent@4a92c438
W/BackupManagerService(  478): dataChanged but no participant pkg='com.amazon.kindle' uid=10104
W/BackupManagerService(  478): dataChanged but no participant pkg='com.amazon.kindle' uid=10104
I/ActivityManager(  478): START u0 {flg=0x20000 cmp=com.amazon.kindle/com.amazon.kcp.welcome.WelcomeActivity} from pid 3405
W/AmazonKindle.com.amazon.kindle.services.events.DeadEventHandler( 3405): [pool-23-thread-1]: dead message detected: com.amazon.kindle.persistence.SettingsChangedEvent@4aa7b44c
D/dalvikvm( 3339): DexOpt: unable to opt direct call 0x5645 at 0x172 in Lcom/google/android/gms/gcm/GcmChimeraService;.onCreate
W/dalvikvm( 3339): Unable to resolve superclass of Lrlp; (5607)
W/dalvikvm( 3339): Link of class 'Lrlp;' failed
D/dalvikvm( 3339): DexOpt: unable to opt direct call 0xa97d at 0x187 in Lcom/google/android/gms/gcm/GcmChimeraService;.onCreate
W/BackupManagerService(  478): dataChanged but no participant pkg='com.amazon.kindle' uid=10104
W/AmazonKindle.com.amazon.kindle.services.events.DeadEventHandler( 3405): [pool-23-thread-1]: dead message detected: com.amazon.kindle.persistence.SettingsChangedEvent@4ac70e28
W/dalvikvm( 3339): VFY: unable to find class referenced in signature (Landroid/net/Network;)
I/dalvikvm( 3339): Could not find method android.net.Network.openConnection, referenced from method srd.a
W/dalvikvm( 3339): VFY: unable to resolve virtual method 22066: Landroid/net/Network;.openConnection (Ljava/net/URL;)Ljava/net/URLConnection;
D/dalvikvm( 3339): VFY: replacing opcode 0x6e at 0x00ab
W/BackupManagerService(  478): dataChanged but no participant pkg='com.amazon.kindle' uid=10104
D/dalvikvm( 3405): GC_CONCURRENT freed 1311K, 11% free 11166K/12536K, paused 5ms+1ms, total 18ms
D/dalvikvm( 3405): WAIT_FOR_CONCURRENT_GC blocked 3ms
I/System.out( 3405): body:<com.amazon.kcp.DSNUtils: java.lang.String encryptDSN(java.lang.String)>	sig:$r0 = staticinvoke <java.net.URLEncoder: java.lang.String encode(java.lang.String)>($r0)	timediff:0
I/AmazonKindle.com.amazon.kindle.services.download.ReaderDownloadManager( 3405): [main]: <NoId> updated to QUEUED state
W/AmazonKindle.com.amazon.kindle.services.events.DeadEventHandler( 3405): [pool-23-thread-1]: dead message detected: com.amazon.kindle.persistence.SettingsChangedEvent@4aaa8874
D/dalvikvm( 3405): GC_CONCURRENT freed 925K, 8% free 13035K/14020K, paused 2ms+1ms, total 32ms
I/dalvikvm( 3339): Could not find method android.os.PowerManager.isDeviceIdleMode, referenced from method rkq.b
D/dalvikvm( 3405): WAIT_FOR_CONCURRENT_GC blocked 24ms
W/dalvikvm( 3339): VFY: unable to resolve virtual method 22492: Landroid/os/PowerManager;.isDeviceIdleMode ()Z
D/dalvikvm( 3339): VFY: replacing opcode 0x6e at 0x0008
D/libEGL  ( 3405): loaded /system/lib/egl/libEGL_adreno.so
D/        ( 3405): HostConnection::get() New Host Connection established 0xb832b8f0, tid 3405
D/libEGL  ( 3405): loaded /system/lib/egl/libGLESv1_CM_adreno.so
D/libEGL  ( 3405): loaded /system/lib/egl/libGLESv2_adreno.so
I/dalvikvm( 3339): Could not find method android.content.Context.getSystemService, referenced from method rnu.b
W/dalvikvm( 3339): VFY: unable to resolve virtual method 21374: Landroid/content/Context;.getSystemService (Ljava/lang/Class;)Ljava/lang/Object;
D/dalvikvm( 3339): VFY: replacing opcode 0x6e at 0x0008
W/EGL_emulation( 3405): eglSurfaceAttrib not implemented 3093 12436
D/OpenGLRenderer( 3405): Enabling debug mode 0
D/dalvikvm( 3405): GC_CONCURRENT freed 1896K, 12% free 14561K/16516K, paused 2ms+1ms, total 22ms
D/dalvikvm( 3405): WAIT_FOR_CONCURRENT_GC blocked 15ms
D/dalvikvm( 3405): WAIT_FOR_CONCURRENT_GC blocked 26ms
D/dalvikvm( 3405): GC_FOR_ALLOC freed 1375K, 18% free 13687K/16516K, paused 14ms, total 14ms
I/dalvikvm-heap( 3405): Grow heap (frag case) to 15.479MB for 2156412-byte allocation
D/dalvikvm( 3405): GC_FOR_ALLOC freed <1K, 16% free 15792K/18624K, paused 32ms, total 32ms
I/com.amazon.whispersync.roboguice.RoboGuice( 3405): Loading the following Modules:
I/com.amazon.whispersync.roboguice.RoboGuice( 3405): com.amazon.whispersync.roboguice.config.DefaultRoboModule
I/com.amazon.whispersync.roboguice.RoboGuice( 3405): com.amazon.whispersync.dcp.framework.SingleInjectorModule
I/com.amazon.whispersync.roboguice.RoboGuice( 3405): com.amazon.whispersync.dcp.framework.DefaultRoboModuleExtensions
