D/dalvikvm( 1295): WAIT_FOR_CONCURRENT_GC blocked 8ms
E/Herrevad( 1295): [2053] RemoteReportsRefreshChimeraService.a: want to send authenticated request, but no Google account on device
I/qtaguid ( 1295): Tagging socket 129 with tag 3000130100000000(805311233) for uid -1 failed errno=-13
I/NetworkManagementSocketTagger( 1295): tagSocketFd(129, 805311233, -1) failed with errno-13
D/DynamitePackage(26970): Instantiating com.google.android.gms.ads.ChimeraAdManagerCreatorImpl
I/Ads     (26970): Starting ad request.
I/Ads     (26970): Use AdRequest.Builder.addTestDevice("57AA76C100C9FF6BE6E98F3E45FE0045") to get test ads on this device.
W/Ads     (26970): Not retrying to fetch app settings
I/qtaguid ( 1295): Tagging socket 255 with tag 3000010500000000(805306629) for uid -1 failed errno=-13
I/NetworkManagementSocketTagger( 1295): tagSocketFd(255, 805306629, -1) failed with errno-13
W/Ads     ( 1295): App does not have the required permissions to get location
W/Herrevad( 1295): [2005] sjl.a: On wifi, but couldn't get security type
W/DebugConnManager( 1295): getNetworkInfo() on networkType 0
D/dalvikvm( 1323): GC_CONCURRENT freed 1411K, 21% free 7315K/9180K, paused 2ms+1ms, total 11ms
I/qtaguid ( 1295): Tagging socket 132 with tag 3000010500000000(805306629) for uid -1 failed errno=-13
I/NetworkManagementSocketTagger( 1295): tagSocketFd(132, 805306629, -1) failed with errno-13
I/qtaguid ( 1295): Untagging socket 129 failed errno=-13
W/NetworkManagementSocketTagger( 1295): untagSocket(129) failed with errno -13
E/Volley  ( 1295): [88] BasicNetwork.performRequest: Unexpected response code 307 for https://android.googleapis.com/nova/herrevad/network_quality_info
W/Herrevad( 1295): [2053] RemoteReportsRefreshChimeraService.a: java.util.concurrent.ExecutionException: com.android.volley.ServerError
W/Herrevad( 1295): java.util.concurrent.ExecutionException: com.android.volley.ServerError
W/Herrevad( 1295): 	at com.android.volley.toolbox.RequestFuture.a(com.google.android.gms@12221070@12.2.21 (070-188803320):4)
W/Herrevad( 1295): 	at com.android.volley.toolbox.RequestFuture.get(com.google.android.gms@12221070@12.2.21 (070-188803320):2)
W/Herrevad( 1295): 	at com.google.android.gms.herrevad.services.RemoteReportsRefreshChimeraService.a(com.google.android.gms@12221070@12.2.21 (070-188803320):25)
W/Herrevad( 1295): 	at com.google.android.gms.herrevad.services.ImmediateRemoteReportsRefreshChimeraService.onHandleIntent(com.google.android.gms@12221070@12.2.21 (070-188803320))
W/Herrevad( 1295): 	at csq.handleMessage(com.google.android.gms@12221070@12.2.21 (070-188803320))
W/Herrevad( 1295): 	at android.os.Handler.dispatchMessage(Handler.java:102)
W/Herrevad( 1295): 	at android.os.Looper.loop(Looper.java:136)
W/Herrevad( 1295): 	at android.os.HandlerThread.run(HandlerThread.java:61)
W/Herrevad( 1295): Caused by: com.android.volley.ServerError
W/Herrevad( 1295): 	at com.android.volley.toolbox.BasicNetwork.performRequest(com.google.android.gms@12221070@12.2.21 (070-188803320):36)
W/Herrevad( 1295): 	at kiq.performRequest(com.google.android.gms@12221070@12.2.21 (070-188803320):8)
W/Herrevad( 1295): 	at com.android.volley.NetworkDispatcher.a(com.google.android.gms@12221070@12.2.21 (070-188803320):7)
W/Herrevad( 1295): 	at com.android.volley.NetworkDispatcher.run(com.google.android.gms@12221070@12.2.21 (070-188803320):2)
E/Herrevad( 1295): [2053] RemoteReportsRefreshChimeraService.a: want to send authenticated request, but no Google account on device
I/qtaguid ( 1295): Tagging socket 129 with tag 3000130100000000(805311233) for uid -1 failed errno=-13
I/NetworkManagementSocketTagger( 1295): tagSocketFd(129, 805311233, -1) failed with errno-13
I/qtaguid ( 1295): Untagging socket 255 failed errno=-13
W/NetworkManagementSocketTagger( 1295): untagSocket(255) failed with errno -13
W/EGL_emulation(26970): eglSurfaceAttrib not implemented 3093 12436
W/ViewRootImpl(26970): Dropping event due to no window focus: KeyEvent { action=ACTION_DOWN, keyCode=KEYCODE_DPAD_RIGHT, scanCode=0, metaState=0, flags=0x8, repeatCount=0, eventTime=5630656, downTime=5630656, deviceId=-1, source=0x101 }
W/ViewRootImpl(26970): Dropping event due to no window focus: KeyEvent { action=ACTION_DOWN, keyCode=KEYCODE_TV_INPUT, scanCode=0, metaState=0, flags=0x8, repeatCount=0, eventTime=5631565, downTime=5631565, deviceId=-1, source=0x101 }
I/qtaguid ( 1295): Untagging socket 129 failed errno=-13
W/NetworkManagementSocketTagger( 1295): untagSocket(129) failed with errno -13
E/Volley  ( 1295): [85] BasicNetwork.performRequest: Unexpected response code 307 for https://android.googleapis.com/nova/herrevad/network_quality_info
W/Herrevad( 1295): [2053] RemoteReportsRefreshChimeraService.a: java.util.concurrent.ExecutionException: com.android.volley.ServerError
W/Herrevad( 1295): java.util.concurrent.ExecutionException: com.android.volley.ServerError
W/Herrevad( 1295): 	at com.android.volley.toolbox.RequestFuture.a(com.google.android.gms@12221070@12.2.21 (070-188803320):4)
W/Herrevad( 1295): 	at com.android.volley.toolbox.RequestFuture.get(com.google.android.gms@12221070@12.2.21 (070-188803320):2)
W/Herrevad( 1295): 	at com.google.android.gms.herrevad.services.RemoteReportsRefreshChimeraService.a(com.google.android.gms@12221070@12.2.21 (070-188803320):25)
W/Herrevad( 1295): 	at com.google.android.gms.herrevad.services.ImmediateRemoteReportsRefreshChimeraService.onHandleIntent(com.google.android.gms@12221070@12.2.21 (070-188803320))
W/Herrevad( 1295): 	at csq.handleMessage(com.google.android.gms@12221070@12.2.21 (070-188803320))
W/Herrevad( 1295): 	at android.os.Handler.dispatchMessage(Handler.java:102)
W/Herrevad( 1295): 	at android.os.Looper.loop(Looper.java:136)
W/Herrevad( 1295): 	at android.os.HandlerThread.run(HandlerThread.java:61)
W/Herrevad( 1295): Caused by: com.android.volley.ServerError
W/Herrevad( 1295): 	at com.android.volley.toolbox.BasicNetwork.performRequest(com.google.android.gms@12221070@12.2.21 (070-188803320):36)
W/Herrevad( 1295): 	at kiq.performRequest(com.google.android.gms@12221070@12.2.21 (070-188803320):8)
W/Herrevad( 1295): 	at com.android.volley.NetworkDispatcher.a(com.google.android.gms@12221070@12.2.21 (070-188803320):7)
W/Herrevad( 1295): 	at com.android.volley.NetworkDispatcher.run(com.google.android.gms@12221070@12.2.21 (070-188803320):2)
W/Icing   ( 1323): isOptedInForAppHistory: empty Account Name encountered
I/ActivityManager(  484): Displayed com.neptuns.usefulknots/.KnotDescription: +676ms (total +825ms)
D/dalvikvm( 1295): GC_CONCURRENT freed 2143K, 47% free 10182K/18932K, paused 3ms+1ms, total 19ms
D/dalvikvm( 1295): WAIT_FOR_CONCURRENT_GC blocked 13ms
I/qtaguid ( 1295): Untagging socket 132 failed errno=-13
W/NetworkManagementSocketTagger( 1295): untagSocket(132) failed with errno -13
D/dalvikvm(26970): GC_FOR_ALLOC freed 1282K, 21% free 8551K/10776K, paused 7ms, total 10ms
W/ViewRootImpl(26970): Dropping event due to no window focus: KeyEvent { action=ACTION_DOWN, keyCode=KEYCODE_DPAD_CENTER, scanCode=0, metaState=0, flags=0x8, repeatCount=0, eventTime=5631590, downTime=5631590, deviceId=-1, source=0x101 }
W/ContextImpl(  484): Calling a method in the system process without a qualified user: android.app.ContextImpl.sendBroadcast:1123 com.android.server.InputMethodManagerService.hideCurrentInputLocked:1880 com.android.server.InputMethodManagerService.windowGainedFocus:1968 com.android.internal.view.IInputMethodManager$Stub.onTransact:221 com.android.server.InputMethodManagerService.onTransact:818 
W/Icing   ( 1323): isOptedInForAppHistory: empty Account Name encountered
D/dalvikvm(26970): GC_FOR_ALLOC freed 2298K, 34% free 7165K/10776K, paused 11ms, total 12ms
W/Icing   ( 1323): isOptedInForAppHistory: empty Account Name encountered
W/Icing   ( 1323): isOptedInForAppHistory: empty Account Name encountered
W/InputManager(  484): Input event injection from pid 26960 failed.
W/InputManager(  484): Input event injection from pid 26960 failed.
W/InputManager(  484): Input event injection from pid 26960 failed.
W/InputManager(  484): Input event injection from pid 26960 failed.
W/InputManager(  484): Input event injection from pid 26960 failed.
W/InputManager(  484): Input event injection from pid 26960 failed.
W/InputManager(  484): Input event injection from pid 26960 failed.
W/InputManager(  484): Input event injection from pid 26960 failed.
W/EGL_emulation(26970): eglSurfaceAttrib not implemented 3093 12436
W/ContextImpl(  484): Calling a method in the system process without a qualified user: android.app.ContextImpl.sendBroadcast:1123 com.android.server.InputMethodManagerService.hideCurrentInputLocked:1880 com.android.server.InputMethodManagerService.windowGainedFocus:1968 com.android.internal.view.IInputMethodManager$Stub.onTransact:221 com.android.server.InputMethodManagerService.onTransact:818 
W/Icing   ( 1323): isOptedInForAppHistory: empty Account Name encountered
D/dalvikvm( 1295): GC_CONCURRENT freed 940K, 39% free 11604K/18932K, paused 2ms+2ms, total 25ms
I/ActivityManager(  484): START u0 {act=android.intent.action.MAIN cat=[android.intent.category.LAUNCHER] flg=0x10200000 cmp=com.neptuns.usefulknots/.KnotCategoriesActivity} from pid 26960
I/ActivityManager(  484): START u0 {act=android.intent.action.MAIN cat=[android.intent.category.HOME] flg=0x10200000 cmp=com.vphone.launcher/.Launcher} from pid 484
D/dalvikvm( 1295): GC_CONCURRENT freed 1410K, 31% free 13158K/18932K, paused 2ms+1ms, total 23ms
D/dalvikvm( 1295): WAIT_FOR_CONCURRENT_GC blocked 14ms
I/ActivityManager(  484): START u0 {cmp=com.neptuns.usefulknots/.KnotTyingPicturesActivity (has extras)} from pid 26970
W/InputMethodManagerService(  484): Starting input on non-focused client com.android.internal.view.IInputMethodClient$Stub$Proxy@4abc7278 (uid=10072 pid=26970)
D/DynamitePackage(26970): Instantiating com.google.android.gms.ads.ChimeraAdManagerCreatorImpl
I/Ads     (26970): Starting ad request.
I/Ads     (26970): Use AdRequest.Builder.addTestDevice("57AA76C100C9FF6BE6E98F3E45FE0045") to get test ads on this device.
W/FragmentManager(26970): moveToState: Fragment state for FullScreenImageFragment{4a84c284 #3 id=0x7f0d008e android:switcher:2131558542:1} not updated inline; expected state 3 found 2
W/EGL_emulation(26970): eglSurfaceAttrib not implemented 3093 12436
W/ViewRootImpl(26970): Dropping event due to no window focus: KeyEvent { action=ACTION_DOWN, keyCode=KEYCODE_DPAD_LEFT, scanCode=0, metaState=0, flags=0x8, repeatCount=0, eventTime=5633153, downTime=5633153, deviceId=-1, source=0x101 }
W/Ads     ( 1295): App does not have the required permissions to get location
W/Icing   ( 1323): isOptedInForAppHistory: empty Account Name encountered
I/InputDispatcher(  484): Dropped event because of pending overdue app switch.
W/InputManager(  484): Input event injection from pid 26960 failed.
D/dalvikvm(  484): GC_EXPLICIT freed 2706K, 43% free 23056K/40260K, paused 1ms+3ms, total 71ms
I/ActivityManager(  484): Displayed com.neptuns.usefulknots/.KnotTyingPicturesActivity: +248ms
W/ContextImpl(  484): Calling a method in the system process without a qualified user: android.app.ContextImpl.sendBroadcast:1123 com.android.server.InputMethodManagerService.hideCurrentInputLocked:1880 com.android.server.InputMethodManagerService.windowGainedFocus:1968 com.android.internal.view.IInputMethodManager$Stub.onTransact:221 com.android.server.InputMethodManagerService.onTransact:818 
W/Herrevad( 1295): [2005] sjl.a: On wifi, but couldn't get security type
W/DebugConnManager( 1295): getNetworkInfo() on networkType 0
I/CastDatabase( 1295): Saving the database
I/SQLiteCastStore( 1295): [CastNetworkInfo] saved: 0, skipped: 0, [CastDeviceInfo]: saved 0, skipped 0, Paired Guest Mode DeviceInfo] saved: 0, skipped: 0. [ProbedNetworks]: save 0, skipped: 0
I/Ads     (26970): Scheduling ad refresh 70000 milliseconds from now.
I/Ads     (26970): Ad finished loading.
E/Herrevad( 1295): [2056] RemoteReportsRefreshChimeraService.a: want to send authenticated request, but no Google account on device
I/qtaguid ( 1295): Tagging socket 129 with tag 3000130100000000(805311233) for uid -1 failed errno=-13
I/NetworkManagementSocketTagger( 1295): tagSocketFd(129, 805311233, -1) failed with errno-13
W/ActivityManager(  484): Duplicate finish request for ActivityRecord{4a9d9ee4 u0 com.neptuns.usefulknots/.KnotTyingPicturesActivity t260 f}
W/Icing   ( 1323): isOptedInForAppHistory: empty Account Name encountered
W/InputManager(  484): Input event injection from pid 26960 failed.
W/InputManager(  484): Input event injection from pid 26960 failed.
W/InputManager(  484): Input event injection from pid 26960 failed.
I/ActivityManager(  484): Activity reported stop, but no longer stopping: ActivityRecord{4ab515d8 u0 com.neptuns.usefulknots/.KnotDescription t260}
D/dalvikvm( 1295): GC_CONCURRENT freed 4569K, 37% free 12071K/18932K, paused 13ms+1ms, total 108ms
D/dalvikvm( 1295): WAIT_FOR_CONCURRENT_GC blocked 90ms
D/dalvikvm( 1295): WAIT_FOR_CONCURRENT_GC blocked 46ms
I/qtaguid ( 1295): Untagging socket 129 failed errno=-13
W/NetworkManagementSocketTagger( 1295): untagSocket(129) failed with errno -13
W/EGL_emulation(26970): eglSurfaceAttrib not implemented 3093 12436
E/Volley  ( 1295): [86] BasicNetwork.performRequest: Unexpected response code 307 for https://android.googleapis.com/nova/herrevad/network_quality_info
W/Herrevad( 1295): [2056] RemoteReportsRefreshChimeraService.a: java.util.concurrent.ExecutionException: com.android.volley.ServerError
W/Herrevad( 1295): java.util.concurrent.ExecutionException: com.android.volley.ServerError
W/Herrevad( 1295): 	at com.android.volley.toolbox.RequestFuture.a(com.google.android.gms@12221070@12.2.21 (070-188803320):4)
W/Herrevad( 1295): 	at com.android.volley.toolbox.RequestFuture.get(com.google.android.gms@12221070@12.2.21 (070-188803320):2)
W/Herrevad( 1295): 	at com.google.android.gms.herrevad.services.RemoteReportsRefreshChimeraService.a(com.google.android.gms@12221070@12.2.21 (070-188803320):25)
W/Herrevad( 1295): 	at com.google.android.gms.herrevad.services.ImmediateRemoteReportsRefreshChimeraService.onHandleIntent(com.google.android.gms@12221070@12.2.21 (070-188803320))
W/Herrevad( 1295): 	at csq.handleMessage(com.google.android.gms@12221070@12.2.21 (070-188803320))
W/Herrevad( 1295): 	at android.os.Handler.dispatchMessage(Handler.java:102)
W/Herrevad( 1295): 	at android.os.Looper.loop(Looper.java:136)
W/Herrevad( 1295): 	at android.os.HandlerThread.run(HandlerThread.java:61)
W/Herrevad( 1295): Caused by: com.android.volley.ServerError
W/Herrevad( 1295): 	at com.android.volley.toolbox.BasicNetwork.performRequest(com.google.android.gms@12221070@12.2.21 (070-188803320):36)
W/Herrevad( 1295): 	at kiq.performRequest(com.google.android.gms@12221070@12.2.21 (070-188803320):8)
W/Herrevad( 1295): 	at com.android.volley.NetworkDispatcher.a(com.google.android.gms@12221070@12.2.21 (070-188803320):7)
W/Herrevad( 1295): 	at com.android.volley.NetworkDispatcher.run(com.google.android.gms@12221070@12.2.21 (070-188803320):2)
W/ActivityManager(  484): Duplicate finish request for ActivityRecord{4a9d9ee4 u0 com.neptuns.usefulknots/.KnotTyingPicturesActivity t260 f}
W/ViewRootImpl(26970): Dropping event due to no window focus: KeyEvent { action=ACTION_DOWN, keyCode=KEYCODE_DPAD_CENTER, scanCode=0, metaState=0, flags=0x8, repeatCount=0, eventTime=5633738, downTime=5633738, deviceId=-1, source=0x101 }
I/qtaguid ( 1295): Tagging socket 255 with tag 3000010500000000(805306629) for uid -1 failed errno=-13
I/NetworkManagementSocketTagger( 1295): tagSocketFd(255, 805306629, -1) failed with errno-13
D/dalvikvm( 1295): WAIT_FOR_CONCURRENT_GC blocked 169ms
W/ContextImpl(  484): Calling a method in the system process without a qualified user: android.app.ContextImpl.sendBroadcast:1123 com.android.server.InputMethodManagerService.hideCurrentInputLocked:1880 com.android.server.InputMethodManagerService.windowGainedFocus:1968 com.android.internal.view.IInputMethodManager$Stub.onTransact:221 com.android.server.InputMethodManagerService.onTransact:818 
W/Icing   ( 1323): isOptedInForAppHistory: empty Account Name encountered
I/Ads     (26970): Scheduling ad refresh 70000 milliseconds from now.
I/Ads     (26970): Ad finished loading.
I/ActivityManager(  484): START u0 {cmp=com.neptuns.usefulknots/.KnotTyingPicturesActivity (has extras)} from pid 26970
I/qtaguid ( 1295): Untagging socket 255 failed errno=-13
W/NetworkManagementSocketTagger( 1295): untagSocket(255) failed with errno -13
D/dalvikvm( 1295): GC_CONCURRENT freed 1947K, 31% free 13216K/18932K, paused 3ms+1ms, total 27ms
D/dalvikvm( 1295): WAIT_FOR_CONCURRENT_GC blocked 11ms
I/chromium(26970): [INFO:async_pixel_transfer_manager_android.cc(56)] Async pixel transfers not supported
I/chromium(26970): [INFO:async_pixel_transfer_manager_android.cc(56)] Async pixel transfers not supported
D/dalvikvm(26970): GC_FOR_ALLOC freed 1145K, 31% free 7443K/10776K, paused 8ms, total 8ms
D/dalvikvm(26970): GC_CONCURRENT freed 6K, 30% free 7562K/10776K, paused 1ms+0ms, total 6ms
D/DynamitePackage(26970): Instantiating com.google.android.gms.ads.ChimeraAdManagerCreatorImpl
I/Ads     (26970): Starting ad request.
I/Ads     (26970): Use AdRequest.Builder.addTestDevice("57AA76C100C9FF6BE6E98F3E45FE0045") to get test ads on this device.
W/Ads     (26970): Not retrying to fetch app settings
W/Ads     ( 1295): App does not have the required permissions to get location
W/Herrevad( 1295): [1885] sjl.a: On wifi, but couldn't get security type
W/DebugConnManager( 1295): getNetworkInfo() on networkType 0
E/Herrevad( 1295): [2058] RemoteReportsRefreshChimeraService.a: want to send authenticated request, but no Google account on device
I/qtaguid ( 1295): Tagging socket 129 with tag 3000130100000000(805311233) for uid -1 failed errno=-13
I/NetworkManagementSocketTagger( 1295): tagSocketFd(129, 805311233, -1) failed with errno-13
W/FragmentManager(26970): moveToState: Fragment state for FullScreenImageFragment{4aa7f9d0 #3 id=0x7f0d008e android:switcher:2131558542:1} not updated inline; expected state 3 found 2
W/FragmentManager(26970): moveToState: Fragment state for FullScreenImageFragment{4a9cbc34 #4 id=0x7f0d008e android:switcher:2131558542:3} not updated inline; expected state 3 found 2
D/dalvikvm( 1295): GC_CONCURRENT freed 5159K, 39% free 11559K/18932K, paused 3ms+3ms, total 73ms
D/dalvikvm( 1295): WAIT_FOR_CONCURRENT_GC blocked 23ms
W/EGL_emulation(26970): eglSurfaceAttrib not implemented 3093 12436
W/ViewRootImpl(26970): Dropping event due to no window focus: KeyEvent { action=ACTION_DOWN, keyCode=KEYCODE_DPAD_CENTER, scanCode=0, metaState=0, flags=0x8, repeatCount=0, eventTime=5634097, downTime=5634097, deviceId=-1, source=0x101 }
I/qtaguid ( 1295): Tagging socket 132 with tag 3000010500000000(805306629) for uid -1 failed errno=-13
I/NetworkManagementSocketTagger( 1295): tagSocketFd(132, 805306629, -1) failed with errno-13
I/qtaguid ( 1295): Untagging socket 129 failed errno=-13
W/NetworkManagementSocketTagger( 1295): untagSocket(129) failed with errno -13
E/Volley  ( 1295): [87] BasicNetwork.performRequest: Unexpected response code 307 for https://android.googleapis.com/nova/herrevad/network_quality_info
W/Herrevad( 1295): [2058] RemoteReportsRefreshChimeraService.a: java.util.concurrent.ExecutionException: com.android.volley.ServerError
W/Herrevad( 1295): java.util.concurrent.ExecutionException: com.android.volley.ServerError
W/Herrevad( 1295): 	at com.android.volley.toolbox.RequestFuture.a(com.google.android.gms@12221070@12.2.21 (070-188803320):4)
W/Herrevad( 1295): 	at com.android.volley.toolbox.RequestFuture.get(com.google.android.gms@12221070@12.2.21 (070-188803320):2)
W/Herrevad( 1295): 	at com.google.android.gms.herrevad.services.RemoteReportsRefreshChimeraService.a(com.google.android.gms@12221070@12.2.21 (070-188803320):25)
W/Herrevad( 1295): 	at com.google.android.gms.herrevad.services.ImmediateRemoteReportsRefreshChimeraService.onHandleIntent(com.google.android.gms@12221070@12.2.21 (070-188803320))
W/Herrevad( 1295): 	at csq.handleMessage(com.google.android.gms@12221070@12.2.21 (070-188803320))
W/Herrevad( 1295): 	at android.os.Handler.dispatchMessage(Handler.java:102)
W/Herrevad( 1295): 	at android.os.Looper.loop(Looper.java:136)
W/Herrevad( 1295): 	at android.os.HandlerThread.run(HandlerThread.java:61)
W/Herrevad( 1295): Caused by: com.android.volley.ServerError
W/Herrevad( 1295): 	at com.android.volley.toolbox.BasicNetwork.performRequest(com.google.android.gms@12221070@12.2.21 (070-188803320):36)
W/Herrevad( 1295): 	at kiq.performRequest(com.google.android.gms@12221070@12.2.21 (070-188803320):8)
W/Herrevad( 1295): 	at com.android.volley.NetworkDispatcher.a(com.google.android.gms@12221070@12.2.21 (070-188803320):7)
W/Herrevad( 1295): 	at com.android.volley.NetworkDispatcher.run(com.google.android.gms@12221070@12.2.21 (070-188803320):2)
D/dalvikvm( 1295): GC_CONCURRENT freed 1280K, 31% free 13100K/18932K, paused 3ms+1ms, total 21ms
I/qtaguid ( 1295): Untagging socket 132 failed errno=-13
W/NetworkManagementSocketTagger( 1295): untagSocket(132) failed with errno -13
W/ViewRootImpl(26970): Dropping event due to no window focus: KeyEvent { action=ACTION_DOWN, keyCode=KEYCODE_MENU, scanCode=0, metaState=0, flags=0x8, repeatCount=0, eventTime=5634780, downTime=5634780, deviceId=-1, source=0x101 }
W/ViewRootImpl(26970): Dropping event due to no window focus: KeyEvent { action=ACTION_DOWN, keyCode=KEYCODE_DPAD_RIGHT, scanCode=0, metaState=0, flags=0x8, repeatCount=0, eventTime=5635822, downTime=5635822, deviceId=-1, source=0x101 }
W/ViewRootImpl(26970): Dropping event due to no window focus: KeyEvent { action=ACTION_DOWN, keyCode=KEYCODE_DPAD_RIGHT, scanCode=0, metaState=0, flags=0x8, repeatCount=0, eventTime=5635828, downTime=5635828, deviceId=-1, source=0x101 }
I/ActivityManager(  484): START u0 {act=android.intent.action.MAIN cat=[android.intent.category.LAUNCHER] flg=0x10200000 cmp=com.neptuns.usefulknots/.KnotCategoriesActivity} from pid 26960
I/ActivityManager(  484): Displayed com.neptuns.usefulknots/.KnotTyingPicturesActivity: +1s413ms
W/ContextImpl(  484): Calling a method in the system process without a qualified user: android.app.ContextImpl.sendBroadcast:1123 com.android.server.InputMethodManagerService.hideCurrentInputLocked:1880 com.android.server.InputMethodManagerService.windowGainedFocus:1968 com.android.internal.view.IInputMethodManager$Stub.onTransact:221 com.android.server.InputMethodManagerService.onTransact:818 
W/FragmentManager(26970): moveToState: Fragment state for FullScreenImageFragment{4a9b3f30 #5 id=0x7f0d008e android:switcher:2131558542:0} not updated inline; expected state 3 found 2
W/FragmentManager(26970): moveToState: Fragment state for FullScreenImageFragment{4a9cbc34 #4 id=0x7f0d008e android:switcher:2131558542:3} not updated inline; expected state 3 found 2
I/Ads     (26970): Scheduling ad refresh 70000 milliseconds from now.
I/Ads     (26970): Ad finished loading.
I/Choreographer(26970): Skipped 67 frames!  The application may be doing too much work on its main thread.
W/ViewRootImpl(26970): Dropping event due to no window focus: KeyEvent { action=ACTION_DOWN, keyCode=KEYCODE_DPAD_RIGHT, scanCode=0, metaState=0, flags=0x8, repeatCount=0, eventTime=5636105, downTime=5636105, deviceId=-1, source=0x101 }
W/EGL_emulation(26970): eglSurfaceAttrib not implemented 3093 12436
D/dalvikvm( 1295): GC_CONCURRENT freed 6076K, 45% free 10488K/18932K, paused 2ms+2ms, total 23ms
D/dalvikvm( 1295): WAIT_FOR_CONCURRENT_GC blocked 12ms
W/EGL_emulation(26970): eglSurfaceAttrib not implemented 3093 12436
W/ViewRootImpl(26970): Dropping event due to no window focus: KeyEvent { action=ACTION_DOWN, keyCode=KEYCODE_DPAD_CENTER, scanCode=0, metaState=0, flags=0x8, repeatCount=0, eventTime=5636341, downTime=5636341, deviceId=-1, source=0x101 }
D/dalvikvm( 1295): GC_CONCURRENT freed 424K, 34% free 12655K/18932K, paused 3ms+2ms, total 23ms
D/dalvikvm( 1295): WAIT_FOR_CONCURRENT_GC blocked 4ms
D/dalvikvm( 1295): GC_CONCURRENT freed 5307K, 44% free 10663K/18932K, paused 6ms+1ms, total 32ms
D/dalvikvm( 1295): WAIT_FOR_CONCURRENT_GC blocked 20ms
D/dalvikvm( 1295): WAIT_FOR_CONCURRENT_GC blocked 24ms
W/ContextImpl(  484): Calling a method in the system process without a qualified user: android.app.ContextImpl.sendBroadcast:1123 com.android.server.InputMethodManagerService.hideCurrentInputLocked:1880 com.android.server.InputMethodManagerService.windowGainedFocus:1968 com.android.internal.view.IInputMethodManager$Stub.onTransact:221 com.android.server.InputMethodManagerService.onTransact:818 
D/dalvikvm( 1295): GC_CONCURRENT freed 271K, 32% free 12968K/18932K, paused 18ms+6ms, total 40ms
D/dalvikvm( 1295): GC_CONCURRENT freed 5564K, 44% free 10760K/18932K, paused 5ms+1ms, total 21ms
W/ViewRootImpl(26970): Dropping event due to no window focus: KeyEvent { action=ACTION_DOWN, keyCode=KEYCODE_DPAD_RIGHT, scanCode=0, metaState=0, flags=0x8, repeatCount=0, eventTime=5636988, downTime=5636988, deviceId=-1, source=0x101 }
W/ViewRootImpl(26970): Dropping event due to no window focus: KeyEvent { action=ACTION_DOWN, keyCode=KEYCODE_DPAD_DOWN, scanCode=0, metaState=0, flags=0x8, repeatCount=0, eventTime=5637189, downTime=5637189, deviceId=-1, source=0x101 }
W/EGL_emulation(26970): eglSurfaceAttrib not implemented 3093 12436
W/InputEventReceiver(26970): Attempted to finish an input event but the input event receiver has already been disposed.
W/InputEventReceiver(26970): Attempted to finish an input event but the input event receiver has already been disposed.
W/InputEventReceiver(26970): Attempted to finish an input event but the input event receiver has already been disposed.
W/InputEventReceiver(26970): Attempted to finish an input event but the input event receiver has already been disposed.
W/InputEventReceiver(26970): Attempted to finish an input event but the input event receiver has already been disposed.
W/ViewRootImpl(26970): Dropping event due to root view being removed: MotionEvent { action=ACTION_DOWN, id[0]=0, x[0]=135.0, y[0]=351.0, toolType[0]=TOOL_TYPE_UNKNOWN, buttonState=0, metaState=0, flags=0x0, edgeFlags=0x0, pointerCount=1, historySize=0, eventTime=5637295, downTime=5637294, deviceId=0, source=0x1002 }
W/ViewRootImpl(26970): Dropping event due to root view being removed: MotionEvent { action=ACTION_MOVE, id[0]=0, x[0]=175.15948, y[0]=344.95236, toolType[0]=TOOL_TYPE_UNKNOWN, buttonState=0, metaState=0, flags=0x0, edgeFlags=0x0, pointerCount=1, historySize=5, eventTime=5637303, downTime=5637294, deviceId=0, source=0x1002 }
W/ViewRootImpl(26970): Dropping event due to root view being removed: MotionEvent { action=ACTION_UP, id[0]=0, x[0]=187.573, y[0]=343.37686, toolType[0]=TOOL_TYPE_UNKNOWN, buttonState=0, metaState=0, flags=0x0, edgeFlags=0x0, pointerCount=1, historySize=0, eventTime=5637305, downTime=5637294, deviceId=0, source=0x1002 }
W/ViewRootImpl(26970): Dropping event due to root view being removed: MotionEvent { action=ACTION_MOVE, id[0]=0, x[0]=1.0, y[0]=-1.0, toolType[0]=TOOL_TYPE_UNKNOWN, buttonState=0, metaState=0, flags=0x0, edgeFlags=0x0, pointerCount=1, historySize=19, eventTime=5637331, downTime=-1, deviceId=0, source=0x10004 }
I/ActivityManager(  484): START u0 {cmp=com.neptuns.usefulknots/.KnotTyingPicturesActivity (has extras)} from pid 26970
W/InputMethodManagerService(  484): Window already focused, ignoring focus gain of: com.android.internal.view.IInputMethodClient$Stub$Proxy@4a920e00 attribute=null, token = android.os.BinderProxy@4ac07884
D/DynamitePackage(26970): Instantiating com.google.android.gms.ads.ChimeraAdManagerCreatorImpl
I/Ads     (26970): Starting ad request.
I/Ads     (26970): Use AdRequest.Builder.addTestDevice("57AA76C100C9FF6BE6E98F3E45FE0045") to get test ads on this device.
W/Ads     (26970): Not retrying to fetch app settings
D/dalvikvm( 1295): GC_CONCURRENT freed 512K, 32% free 12931K/18932K, paused 5ms+1ms, total 38ms
D/dalvikvm( 1295): WAIT_FOR_CONCURRENT_GC blocked 18ms
D/dalvikvm(26970): GC_CONCURRENT freed 1684K, 32% free 7354K/10776K, paused 2ms+1ms, total 59ms
W/FragmentManager(26970): moveToState: Fragment state for FullScreenImageFragment{4aac1a38 #3 id=0x7f0d008e android:switcher:2131558542:1} not updated inline; expected state 3 found 2
W/FragmentManager(26970): moveToState: Fragment state for FullScreenImageFragment{4aaad6b4 #4 id=0x7f0d008e android:switcher:2131558542:3} not updated inline; expected state 3 found 2
W/EGL_emulation(26970): eglSurfaceAttrib not implemented 3093 12436
W/ViewRootImpl(26970): Dropping event due to no window focus: KeyEvent { action=ACTION_DOWN, keyCode=KEYCODE_MENU, scanCode=0, metaState=0, flags=0x8, repeatCount=0, eventTime=5637753, downTime=5637753, deviceId=-1, source=0x101 }
W/ViewRootImpl(26970): Dropping event due to no window focus: MotionEvent { action=ACTION_MOVE, id[0]=0, x[0]=1.0, y[0]=-3.0, toolType[0]=TOOL_TYPE_UNKNOWN, buttonState=0, metaState=0, flags=0x0, edgeFlags=0x0, pointerCount=1, historySize=9, eventTime=5637842, downTime=-1, deviceId=0, source=0x10004 }
W/ContextImpl(  484): Calling a method in the system process without a qualified user: android.app.ContextImpl.sendBroadcast:1123 com.android.server.InputMethodManagerService.hideCurrentInputLocked:1880 com.android.server.InputMethodManagerService.windowGainedFocus:1968 com.android.internal.view.IInputMethodManager$Stub.onTransact:221 com.android.server.InputMethodManagerService.onTransact:818 
W/Ads     ( 1295): App does not have the required permissions to get location
I/ActivityManager(  484): Displayed com.neptuns.usefulknots/.KnotTyingPicturesActivity: +694ms
W/Herrevad( 1295): [2005] sjl.a: On wifi, but couldn't get security type
W/DebugConnManager( 1295): getNetworkInfo() on networkType 0
D/dalvikvm(  676): GC_CONCURRENT freed 388K, 13% free 3275K/3740K, paused 0ms+1ms, total 3ms
E/Herrevad( 1295): [2060] RemoteReportsRefreshChimeraService.a: want to send authenticated request, but no Google account on device
I/qtaguid ( 1295): Tagging socket 129 with tag 3000130100000000(805311233) for uid -1 failed errno=-13
I/NetworkManagementSocketTagger( 1295): tagSocketFd(129, 805311233, -1) failed with errno-13
I/qtaguid ( 1295): Tagging socket 255 with tag 3000010500000000(805306629) for uid -1 failed errno=-13
I/NetworkManagementSocketTagger( 1295): tagSocketFd(255, 805306629, -1) failed with errno-13
W/FragmentManager(26970): moveToState: Fragment state for FullScreenImageFragment{4aa9daf8 #5 id=0x7f0d008e android:switcher:2131558542:4} not updated inline; expected state 3 found 2
V/PanelView(  536): animationTick called with dtms=0; nothing to do (h=0.0 v=0.0)
I/qtaguid ( 1295): Untagging socket 129 failed errno=-13
W/NetworkManagementSocketTagger( 1295): untagSocket(129) failed with errno -13
E/Volley  ( 1295): [88] BasicNetwork.performRequest: Unexpected response code 307 for https://android.googleapis.com/nova/herrevad/network_quality_info
W/Herrevad( 1295): [2060] RemoteReportsRefreshChimeraService.a: java.util.concurrent.ExecutionException: com.android.volley.ServerError
W/Herrevad( 1295): java.util.concurrent.ExecutionException: com.android.volley.ServerError
W/Herrevad( 1295): 	at com.android.volley.toolbox.RequestFuture.a(com.google.android.gms@12221070@12.2.21 (070-188803320):4)
W/Herrevad( 1295): 	at com.android.volley.toolbox.RequestFuture.get(com.google.android.gms@12221070@12.2.21 (070-188803320):2)
W/Herrevad( 1295): 	at com.google.android.gms.herrevad.services.RemoteReportsRefreshChimeraService.a(com.google.android.gms@12221070@12.2.21 (070-188803320):25)
W/Herrevad( 1295): 	at com.google.android.gms.herrevad.services.ImmediateRemoteReportsRefreshChimeraService.onHandleIntent(com.google.android.gms@12221070@12.2.21 (070-188803320))
W/Herrevad( 1295): 	at csq.handleMessage(com.google.android.gms@12221070@12.2.21 (070-188803320))
W/Herrevad( 1295): 	at android.os.Handler.dispatchMessage(Handler.java:102)
W/Herrevad( 1295): 	at android.os.Looper.loop(Looper.java:136)
W/Herrevad( 1295): 	at android.os.HandlerThread.run(HandlerThread.java:61)
W/Herrevad( 1295): Caused by: com.android.volley.ServerError
W/Herrevad( 1295): 	at com.android.volley.toolbox.BasicNetwork.performRequest(com.google.android.gms@12221070@12.2.21 (070-188803320):36)
W/Herrevad( 1295): 	at kiq.performRequest(com.google.android.gms@12221070@12.2.21 (070-188803320):8)
W/Herrevad( 1295): 	at com.android.volley.NetworkDispatcher.a(com.google.android.gms@12221070@12.2.21 (070-188803320):7)
W/Herrevad( 1295): 	at com.android.volley.NetworkDispatcher.run(com.google.android.gms@12221070@12.2.21 (070-188803320):2)
I/Ads     (26970): Scheduling ad refresh 70000 milliseconds from now.
I/Ads     (26970): Ad finished loading.
I/Ads     (26970): Scheduling ad refresh 70000 milliseconds from now.
I/Ads     (26970): Ad finished loading.
D/dalvikvm( 1295): GC_FOR_ALLOC freed 6293K, 48% free 10011K/18932K, paused 36ms, total 37ms
I/qtaguid ( 1295): Untagging socket 255 failed errno=-13
W/NetworkManagementSocketTagger( 1295): untagSocket(255) failed with errno -13
D/dalvikvm( 1295): GC_CONCURRENT freed 60K, 46% free 10307K/18932K, paused 7ms+1ms, total 33ms
W/ActivityManager(  484): Duplicate finish request for ActivityRecord{4a954be8 u0 com.neptuns.usefulknots/.KnotTyingPicturesActivity t260 f}
W/InputManager(  484): Input event injection from pid 26960 failed.
W/InputManager(  484): Input event injection from pid 26960 failed.
W/EGL_emulation(26970): eglSurfaceAttrib not implemented 3093 12436
W/ViewRootImpl(26970): Dropping event due to no window focus: KeyEvent { action=ACTION_DOWN, keyCode=KEYCODE_DPAD_CENTER, scanCode=0, metaState=0, flags=0x8, repeatCount=0, eventTime=5638958, downTime=5638958, deviceId=-1, source=0x101 }
I/ActivityManager(  484): START u0 {act=android.intent.action.MAIN cat=[android.intent.category.LAUNCHER] flg=0x10200000 cmp=com.neptuns.usefulknots/.KnotCategoriesActivity} from pid 26960
W/ContextImpl(  484): Calling a method in the system process without a qualified user: android.app.ContextImpl.sendBroadcast:1123 com.android.server.InputMethodManagerService.hideCurrentInputLocked:1880 com.android.server.InputMethodManagerService.windowGainedFocus:1968 com.android.internal.view.IInputMethodManager$Stub.onTransact:221 com.android.server.InputMethodManagerService.onTransact:818 
I/ActivityManager(  484): START u0 {act=android.intent.action.MAIN cat=[android.intent.category.LAUNCHER] flg=0x10200000 cmp=com.neptuns.usefulknots/.KnotCategoriesActivity} from pid 26960
I/ActivityManager(  484): START u0 {cmp=com.neptuns.usefulknots/.KnotTyingPicturesActivity (has extras)} from pid 26970
W/EGL_emulation(26970): eglSurfaceAttrib not implemented 3093 12436
D/DynamitePackage(26970): Instantiating com.google.android.gms.ads.ChimeraAdManagerCreatorImpl
I/Ads     (26970): Starting ad request.
I/Ads     (26970): Use AdRequest.Builder.addTestDevice("57AA76C100C9FF6BE6E98F3E45FE0045") to get test ads on this device.
E/WindowManager(  484): Starting window AppWindowToken{4a9fb820 token=Token{4ae14c00 ActivityRecord{4ae7bfdc u0 com.neptuns.usefulknots/.KnotCategoriesActivity t260}}} timed out
D/dalvikvm(26970): GC_CONCURRENT freed 1161K, 30% free 7590K/10776K, paused 2ms+1ms, total 8ms
W/FragmentManager(26970): moveToState: Fragment state for FullScreenImageFragment{4a9dc898 #3 id=0x7f0d008e android:switcher:2131558542:1} not updated inline; expected state 3 found 2
W/FragmentManager(26970): moveToState: Fragment state for FullScreenImageFragment{4a9dca98 #4 id=0x7f0d008e android:switcher:2131558542:3} not updated inline; expected state 3 found 2
W/EGL_emulation(26970): eglSurfaceAttrib not implemented 3093 12436
W/ViewRootImpl(26970): Dropping event due to no window focus: KeyEvent { action=ACTION_DOWN, keyCode=KEYCODE_DPAD_DOWN, scanCode=0, metaState=0, flags=0x8, repeatCount=0, eventTime=5640141, downTime=5640141, deviceId=-1, source=0x101 }
W/ViewRootImpl(26970): Dropping event due to no window focus: KeyEvent { action=ACTION_DOWN, keyCode=KEYCODE_NUMPAD_COMMA, scanCode=0, metaState=0, flags=0x8, repeatCount=0, eventTime=5640162, downTime=5640162, deviceId=-1, source=0x101 }
W/ViewRootImpl(26970): Dropping event due to no window focus: KeyEvent { action=ACTION_DOWN, keyCode=KEYCODE_DPAD_UP, scanCode=0, metaState=0, flags=0x8, repeatCount=0, eventTime=5640167, downTime=5640167, deviceId=-1, source=0x101 }
W/ViewRootImpl(26970): Dropping event due to no window focus: KeyEvent { action=ACTION_DOWN, keyCode=KEYCODE_DPAD_UP, scanCode=0, metaState=0, flags=0x8, repeatCount=0, eventTime=5640172, downTime=5640172, deviceId=-1, source=0x101 }
W/ViewRootImpl(26970): Dropping event due to no window focus: KeyEvent { action=ACTION_DOWN, keyCode=KEYCODE_DPAD_DOWN, scanCode=0, metaState=0, flags=0x8, repeatCount=0, eventTime=5640186, downTime=5640186, deviceId=-1, source=0x101 }
W/Herrevad( 1295): [1885] sjl.a: On wifi, but couldn't get security type
W/DebugConnManager( 1295): getNetworkInfo() on networkType 0
E/Herrevad( 1295): [2062] RemoteReportsRefreshChimeraService.a: want to send authenticated request, but no Google account on device
I/qtaguid ( 1295): Tagging socket 129 with tag 3000130100000000(805311233) for uid -1 failed errno=-13
I/NetworkManagementSocketTagger( 1295): tagSocketFd(129, 805311233, -1) failed with errno-13
W/Ads     ( 1295): App does not have the required permissions to get location
I/qtaguid ( 1295): Tagging socket 132 with tag 3000010500000000(805306629) for uid -1 failed errno=-13
I/NetworkManagementSocketTagger( 1295): tagSocketFd(132, 805306629, -1) failed with errno-13
I/qtaguid ( 1295): Untagging socket 129 failed errno=-13
W/NetworkManagementSocketTagger( 1295): untagSocket(129) failed with errno -13
E/Volley  ( 1295): [85] BasicNetwork.performRequest: Unexpected response code 307 for https://android.googleapis.com/nova/herrevad/network_quality_info
W/Herrevad( 1295): [2062] RemoteReportsRefreshChimeraService.a: java.util.concurrent.ExecutionException: com.android.volley.ServerError
W/Herrevad( 1295): java.util.concurrent.ExecutionException: com.android.volley.ServerError
W/Herrevad( 1295): 	at com.android.volley.toolbox.RequestFuture.a(com.google.android.gms@12221070@12.2.21 (070-188803320):4)
W/Herrevad( 1295): 	at com.android.volley.toolbox.RequestFuture.get(com.google.android.gms@12221070@12.2.21 (070-188803320):2)
W/Herrevad( 1295): 	at com.google.android.gms.herrevad.services.RemoteReportsRefreshChimeraService.a(com.google.android.gms@12221070@12.2.21 (070-188803320):25)
W/Herrevad( 1295): 	at com.google.android.gms.herrevad.services.ImmediateRemoteReportsRefreshChimeraService.onHandleIntent(com.google.android.gms@12221070@12.2.21 (070-188803320))
W/Herrevad( 1295): 	at csq.handleMessage(com.google.android.gms@12221070@12.2.21 (070-188803320))
W/Herrevad( 1295): 	at android.os.Handler.dispatchMessage(Handler.java:102)
W/Herrevad( 1295): 	at android.os.Looper.loop(Looper.java:136)
W/Herrevad( 1295): 	at android.os.HandlerThread.run(HandlerThread.java:61)
W/Herrevad( 1295): Caused by: com.android.volley.ServerError
W/Herrevad( 1295): 	at com.android.volley.toolbox.BasicNetwork.performRequest(com.google.android.gms@12221070@12.2.21 (070-188803320):36)
W/Herrevad( 1295): 	at kiq.performRequest(com.google.android.gms@12221070@12.2.21 (070-188803320):8)
W/Herrevad( 1295): 	at com.android.volley.NetworkDispatcher.a(com.google.android.gms@12221070@12.2.21 (070-188803320):7)
W/Herrevad( 1295): 	at com.android.volley.NetworkDispatcher.run(com.google.android.gms@12221070@12.2.21 (070-188803320):2)
I/ActivityManager(  484): Displayed com.neptuns.usefulknots/.KnotTyingPicturesActivity: +839ms
W/ViewRootImpl(26970): Dropping event due to no window focus: KeyEvent { action=ACTION_DOWN, keyCode=KEYCODE_DPAD_CENTER, scanCode=0, metaState=0, flags=0x8, repeatCount=0, eventTime=5640190, downTime=5640190, deviceId=-1, source=0x101 }
I/qtaguid ( 1295): Untagging socket 132 failed errno=-13
W/NetworkManagementSocketTagger( 1295): untagSocket(132) failed with errno -13
W/ContextImpl(  484): Calling a method in the system process without a qualified user: android.app.ContextImpl.sendBroadcast:1123 com.android.server.InputMethodManagerService.hideCurrentInputLocked:1880 com.android.server.InputMethodManagerService.windowGainedFocus:1968 com.android.internal.view.IInputMethodManager$Stub.onTransact:221 com.android.server.InputMethodManagerService.onTransact:818 
I/Ads     (26970): Scheduling ad refresh 70000 milliseconds from now.
I/Ads     (26970): Ad finished loading.
I/Choreographer(26970): Skipped 37 frames!  The application may be doing too much work on its main thread.
I/ActivityManager(  484): START u0 {act=android.intent.action.MAIN cat=[android.intent.category.HOME] flg=0x10200000 cmp=com.vphone.launcher/.Launcher} from pid 484
W/ViewRootImpl(26970): Dropping event due to no window focus: KeyEvent { action=ACTION_DOWN, keyCode=KEYCODE_DPAD_UP, scanCode=0, metaState=0, flags=0x8, repeatCount=0, eventTime=5640991, downTime=5640991, deviceId=-1, source=0x101 }
W/EGL_emulation(26970): eglSurfaceAttrib not implemented 3093 12436
W/ViewRootImpl(26970): Dropping event due to no window focus: KeyEvent { action=ACTION_DOWN, keyCode=KEYCODE_NUMPAD_DIVIDE, scanCode=0, metaState=0, flags=0x8, repeatCount=0, eventTime=5641091, downTime=5641091, deviceId=-1, source=0x101 }
W/InputEventReceiver(26970): Attempted to finish an input event but the input event receiver has already been disposed.
W/InputEventReceiver(26970): Attempted to finish an input event but the input event receiver has already been disposed.
W/ViewRootImpl(26970): Dropping event due to root view being removed: MotionEvent { action=ACTION_UP, id[0]=0, x[0]=-320.25024, y[0]=50.524887, toolType[0]=TOOL_TYPE_UNKNOWN, buttonState=0, metaState=0, flags=0x0, edgeFlags=0x0, pointerCount=1, historySize=0, eventTime=5641161, downTime=5641149, deviceId=0, source=0x1002 }
W/InputMethodManagerService(  484): Window already focused, ignoring focus gain of: com.android.internal.view.IInputMethodClient$Stub$Proxy@4acb4d4c attribute=android.view.inputmethod.EditorInfo@4ac519f4, token = android.os.BinderProxy@4acb11ec
W/Icing   ( 1323): isOptedInForAppHistory: empty Account Name encountered
W/ViewRootImpl(26970): Dropping event due to no window focus: KeyEvent { action=ACTION_DOWN, keyCode=KEYCODE_VOLUME_UP, scanCode=0, metaState=0, flags=0x8, repeatCount=0, eventTime=5641353, downTime=5641353, deviceId=-1, source=0x101 }
W/ViewRootImpl(26970): Dropping event due to no window focus: KeyEvent { action=ACTION_DOWN, keyCode=KEYCODE_DPAD_RIGHT, scanCode=0, metaState=0, flags=0x8, repeatCount=0, eventTime=5641358, downTime=5641358, deviceId=-1, source=0x101 }
W/EGL_emulation(26970): eglSurfaceAttrib not implemented 3093 12436
W/ViewRootImpl(26970): Dropping event due to no window focus: KeyEvent { action=ACTION_DOWN, keyCode=KEYCODE_DPAD_DOWN, scanCode=0, metaState=0, flags=0x8, repeatCount=0, eventTime=5641365, downTime=5641365, deviceId=-1, source=0x101 }
D/dalvikvm( 1295): GC_CONCURRENT freed 2157K, 44% free 10682K/18932K, paused 3ms+3ms, total 48ms
D/dalvikvm( 1295): WAIT_FOR_CONCURRENT_GC blocked 39ms
I/ActivityManager(  484): START u0 {cmp=com.neptuns.usefulknots/.AboutDialog} from pid 26970
W/InputEventReceiver(26970): Attempted to finish an input event but the input event receiver has already been disposed.
I/InputDispatcher(  484): Dropped event because of pending overdue app switch.
W/InputManager(  484): Input event injection from pid 26960 failed.
I/ActivityManager(  484): START u0 {act=android.intent.action.MAIN cat=[android.intent.category.LAUNCHER] flg=0x10200000 cmp=com.neptuns.usefulknots/.KnotCategoriesActivity} from pid 26960
W/EGL_emulation(26970): eglSurfaceAttrib not implemented 3093 12436
W/ViewRootImpl(26970): Dropping event due to no window focus: KeyEvent { action=ACTION_DOWN, keyCode=KEYCODE_DPAD_RIGHT, scanCode=0, metaState=0, flags=0x8, repeatCount=0, eventTime=5641526, downTime=5641526, deviceId=-1, source=0x101 }
W/ContextImpl(  484): Calling a method in the system process without a qualified user: android.app.ContextImpl.sendBroadcast:1123 com.android.server.InputMethodManagerService.hideCurrentInputLocked:1880 com.android.server.InputMethodManagerService.windowGainedFocus:1968 com.android.internal.view.IInputMethodManager$Stub.onTransact:221 com.android.server.InputMethodManagerService.onTransact:818 
I/ActivityManager(  484): Displayed com.neptuns.usefulknots/.AboutDialog: +161ms
I/ActivityManager(  484): START u0 {act=android.intent.action.MAIN cat=[android.intent.category.HOME] flg=0x10200000 cmp=com.vphone.launcher/.Launcher} from pid 484
I/Ads     (26970): Scheduling ad refresh 70000 milliseconds from now.
I/Ads     (26970): Ad finished loading.
D/dalvikvm( 1295): GC_CONCURRENT freed 484K, 33% free 12726K/18932K, paused 3ms+2ms, total 20ms
D/dalvikvm( 1295): GC_CONCURRENT freed 5151K, 43% free 10913K/18932K, paused 5ms+1ms, total 32ms
D/dalvikvm( 1295): WAIT_FOR_CONCURRENT_GC blocked 17ms
W/ViewRootImpl(26970): Dropping event due to no window focus: MotionEvent { action=ACTION_MOVE, id[0]=0, x[0]=-5.0, y[0]=0.0, toolType[0]=TOOL_TYPE_UNKNOWN, buttonState=0, metaState=0, flags=0x0, edgeFlags=0x0, pointerCount=1, historySize=1, eventTime=5642428, downTime=-1, deviceId=0, source=0x10004 }
W/EGL_emulation(26970): eglSurfaceAttrib not implemented 3093 12436
I/ActivityManager(  484): START u0 {act=android.intent.action.MAIN cat=[android.intent.category.LAUNCHER] flg=0x10200000 cmp=com.neptuns.usefulknots/.KnotCategoriesActivity} from pid 26960
W/InputMethodManagerService(  484): Window already focused, ignoring focus gain of: com.android.internal.view.IInputMethodClient$Stub$Proxy@4b0ac4dc attribute=null, token = android.os.BinderProxy@4ab7f4fc
I/ActivityManager(  484): START u0 {act=android.intent.action.MAIN cat=[android.intent.category.LAUNCHER] flg=0x10200000 cmp=com.neptuns.usefulknots/.KnotCategoriesActivity} from pid 26960
W/ViewRootImpl(26970): Dropping event due to no window focus: KeyEvent { action=ACTION_DOWN, keyCode=KEYCODE_CALL, scanCode=0, metaState=0, flags=0x8, repeatCount=0, eventTime=5642769, downTime=5642769, deviceId=-1, source=0x101 }
W/ViewRootImpl(26970): Dropping event due to no window focus: MotionEvent { action=ACTION_MOVE, id[0]=0, x[0]=1.0, y[0]=-1.0, toolType[0]=TOOL_TYPE_UNKNOWN, buttonState=0, metaState=0, flags=0x0, edgeFlags=0x0, pointerCount=1, historySize=2, eventTime=5642778, downTime=-1, deviceId=0, source=0x10004 }
W/EGL_emulation(26970): eglSurfaceAttrib not implemented 3093 12436
W/InputMethodManagerService(  484): Window already focused, ignoring focus gain of: com.android.internal.view.IInputMethodClient$Stub$Proxy@4b0eb9e0 attribute=null, token = android.os.BinderProxy@4ab7f4fc
D/dalvikvm( 1295): GC_CONCURRENT freed 509K, 32% free 13044K/18932K, paused 5ms+12ms, total 38ms
I/ActivityManager(  484): START u0 {act=android.intent.action.MAIN cat=[android.intent.category.LAUNCHER] flg=0x10200000 cmp=com.neptuns.usefulknots/.KnotCategoriesActivity} from pid 26960
W/EGL_emulation(26970): eglSurfaceAttrib not implemented 3093 12436
W/InputMethodManagerService(  484): Window already focused, ignoring focus gain of: com.android.internal.view.IInputMethodClient$Stub$Proxy@4a9eafb4 attribute=null, token = android.os.BinderProxy@4ab7f4fc
W/InputManager(  484): Input event injection from pid 26960 failed.
W/InputManager(  484): Input event injection from pid 26960 failed.
W/InputManager(  484): Input event injection from pid 26960 failed.
W/InputManager(  484): Input event injection from pid 26960 failed.
W/InputManager(  484): Input event injection from pid 26960 failed.
W/InputManager(  484): Input event injection from pid 26960 failed.
D/dalvikvm( 1295): GC_CONCURRENT freed 5383K, 42% free 11106K/18932K, paused 3ms+3ms, total 105ms
D/dalvikvm( 1295): WAIT_FOR_CONCURRENT_GC blocked 79ms
W/ViewRootImpl(26970): Dropping event due to no window focus: MotionEvent { action=ACTION_MOVE, id[0]=0, x[0]=-3.0, y[0]=3.0, toolType[0]=TOOL_TYPE_UNKNOWN, buttonState=0, metaState=0, flags=0x0, edgeFlags=0x0, pointerCount=1, historySize=3, eventTime=5643442, downTime=-1, deviceId=0, source=0x10004 }
W/EGL_emulation(26970): eglSurfaceAttrib not implemented 3093 12436
W/InputMethodManagerService(  484): Window already focused, ignoring focus gain of: com.android.internal.view.IInputMethodClient$Stub$Proxy@4ab6c4bc attribute=null, token = android.os.BinderProxy@4ab7f4fc
D/dalvikvm(26970): GC_CONCURRENT freed 1559K, 31% free 7506K/10776K, paused 1ms+1ms, total 19ms
E/SurfaceFlinger(  174): glCheckFramebufferStatusOES error 36054
E/SurfaceFlinger(  174): got GL_FRAMEBUFFER_COMPLETE_OES error while taking screenshot
D/SurfaceFlinger(  174): setOrientation, mFbdev=0xb9577da0, mFbDev->setOrientation=0xb6953ce0, orientation=0
I/gralloc_nox(  174): setOrientation: orientation=0
D/Tinker.DefaultAppLike(  689): onConfigurationChanged:{1.0 310mcc260mnc en_US ldltr sw480dp w853dp h454dp 240dpi lrg long land finger -keyb/v/h dpad/v s.57}
I/ActivityManager(  484): Config changes=480 {1.0 310mcc260mnc en_US ldltr sw480dp w853dp h454dp 240dpi lrg long land finger -keyb/v/h dpad/v s.57}
D/PhoneStatusBar(  536): mSettingsPanelGravity = 55
D/Sensors (  484): Client connection accepted (186)
I/InputReader(  484): Reconfiguring input devices.  changes=0x00000004
I/InputReader(  484): Device reconfigured: id=1, name='Android Input', size 1280x720, orientation 0, mode 1, display id 0
