I/System.out(20669): body:<com.squareup.okhttp.internal.Util: int getEffectivePort(java.net.URL)>	sig:$i0 = virtualinvoke $r0.<java.net.URL: int getPort()>()	timediff:0
I/System.out(20669): body:<com.squareup.okhttp.internal.Platform: java.net.URI toUriLenient(java.net.URL)>	sig:$r2 = virtualinvoke $r1.<java.net.URL: java.net.URI toURI()>()	timediff:0
I/System.out(20669): body:<com.squareup.okhttp.internal.http.RouteSelector: void resetNextProxy(java.net.URI,java.net.Proxy)>	sig:$r3 = virtualinvoke $r4.<java.net.ProxySelector: java.util.List select(java.net.URI)>($r1)	timediff:0
I/System.out(20669): body:<com.squareup.okhttp.Connection: boolean isAlive()>	sig:$z0 = virtualinvoke $r1.<java.net.Socket: boolean isClosed()>()	timediff:0
I/System.out(20669): body:<com.squareup.okhttp.Connection: boolean isAlive()>	sig:$z0 = virtualinvoke $r1.<java.net.Socket: boolean isInputShutdown()>()	timediff:0
I/System.out(20669): body:<com.squareup.okhttp.Connection: boolean isAlive()>	sig:$z0 = virtualinvoke $r1.<java.net.Socket: boolean isOutputShutdown()>()	timediff:0
I/System.out(20669): body:<com.squareup.okhttp.internal.http.HttpConnection: boolean isReadable()>	sig:$i0 = virtualinvoke $r3.<java.net.Socket: int getSoTimeout()>()	timediff:0
I/System.out(20669): body:<com.squareup.okhttp.internal.http.HttpConnection: boolean isReadable()>	sig:virtualinvoke $r3.<java.net.Socket: void setSoTimeout(int)>(1)	timediff:0
I/System.out(20669): body:<com.squareup.okhttp.internal.http.HttpConnection: boolean isReadable()>	sig:virtualinvoke $r3.<java.net.Socket: void setSoTimeout(int)>($i0)	timediff:0
I/System.out(20669): body:<com.squareup.okhttp.Connection: void setTimeouts(int,int)>	sig:virtualinvoke $r3.<java.net.Socket: void setSoTimeout(int)>($i0)	timediff:0
I/System.out(20669): body:<com.squareup.okhttp.internal.http.HttpTransport: void writeRequestHeaders(com.squareup.okhttp.Request)>	sig:$r6 = virtualinvoke $r5.<java.net.Proxy: java.net.Proxy$Type type()>()	timediff:0
I/System.out(20669): body:<com.squareup.okhttp.Request: boolean isHttps()>	sig:$r2 = virtualinvoke $r1.<java.net.URL: java.lang.String getProtocol()>()	timediff:0
I/System.out(20669): body:<com.squareup.okhttp.internal.http.RequestLine: java.lang.String requestPath(java.net.URL)>	sig:$r1 = virtualinvoke $r0.<java.net.URL: java.lang.String getFile()>()	timediff:1
W/DebugConnManager(20669): getNetworkInfo() on networkType 0
W/DebugConnManager(20669): getNetworkInfo() on networkType 1
I/System.out(20669): body:<com.google.android.apps.analytics.AnalyticsParameterEncoder: java.lang.String encode(java.lang.String,java.lang.String)>	sig:$r1 = staticinvoke <java.net.URLEncoder: java.lang.String encode(java.lang.String,java.lang.String)>($r0, $r1)	timediff:1
I/System.out(20669): body:<com.google.android.apps.analytics.AnalyticsParameterEncoder: java.lang.String encode(java.lang.String,java.lang.String)>	sig:$r1 = staticinvoke <java.net.URLEncoder: java.lang.String encode(java.lang.String,java.lang.String)>($r0, $r1)	timediff:0
I/System.out(20669): body:<com.google.android.apps.analytics.AnalyticsParameterEncoder: java.lang.String encode(java.lang.String,java.lang.String)>	sig:$r1 = staticinvoke <java.net.URLEncoder: java.lang.String encode(java.lang.String,java.lang.String)>($r0, $r1)	timediff:0
I/System.out(20669): body:<com.google.android.apps.analytics.AnalyticsParameterEncoder: java.lang.String encode(java.lang.String,java.lang.String)>	sig:$r1 = staticinvoke <java.net.URLEncoder: java.lang.String encode(java.lang.String,java.lang.String)>($r0, $r1)	timediff:0
I/System.out(20669): body:<com.google.android.apps.analytics.AnalyticsParameterEncoder: java.lang.String encode(java.lang.String,java.lang.String)>	sig:$r1 = staticinvoke <java.net.URLEncoder: java.lang.String encode(java.lang.String,java.lang.String)>($r0, $r1)	timediff:0
I/System.out(20669): body:<com.google.android.apps.analytics.AnalyticsParameterEncoder: java.lang.String encode(java.lang.String,java.lang.String)>	sig:$r1 = staticinvoke <java.net.URLEncoder: java.lang.String encode(java.lang.String,java.lang.String)>($r0, $r1)	timediff:0
I/System.out(20669): body:<com.google.android.apps.analytics.AnalyticsParameterEncoder: java.lang.String encode(java.lang.String,java.lang.String)>	sig:$r1 = staticinvoke <java.net.URLEncoder: java.lang.String encode(java.lang.String,java.lang.String)>($r0, $r1)	timediff:0
I/System.out(20669): body:<com.google.android.apps.analytics.AnalyticsParameterEncoder: java.lang.String encode(java.lang.String,java.lang.String)>	sig:$r1 = staticinvoke <java.net.URLEncoder: java.lang.String encode(java.lang.String,java.lang.String)>($r0, $r1)	timediff:0
I/System.out(20669): body:<com.google.android.apps.analytics.AnalyticsParameterEncoder: java.lang.String encode(java.lang.String,java.lang.String)>	sig:$r1 = staticinvoke <java.net.URLEncoder: java.lang.String encode(java.lang.String,java.lang.String)>($r0, $r1)	timediff:0
I/System.out(20669): body:<com.google.android.apps.analytics.AnalyticsParameterEncoder: java.lang.String encode(java.lang.String,java.lang.String)>	sig:$r1 = staticinvoke <java.net.URLEncoder: java.lang.String encode(java.lang.String,java.lang.String)>($r0, $r1)	timediff:0
W/AwContents(20669): nativeOnDraw failed; clearing to background color.
W/UnimplementedWebViewApi(20669): Unimplemented WebView method onKeyDown called from: android.webkit.WebView.onKeyDown(WebView.java:2169)
I/System.out(20669): body:<com.squareup.okhttp.Connection: boolean isAlive()>	sig:$z0 = virtualinvoke $r1.<java.net.Socket: boolean isClosed()>()	timediff:0
I/System.out(20669): body:<com.squareup.okhttp.Connection: boolean isAlive()>	sig:$z0 = virtualinvoke $r1.<java.net.Socket: boolean isInputShutdown()>()	timediff:0
I/System.out(20669): body:<com.squareup.okhttp.Connection: boolean isAlive()>	sig:$z0 = virtualinvoke $r1.<java.net.Socket: boolean isOutputShutdown()>()	timediff:0
I/System.out(20669): body:<com.squareup.okhttp.Connection: boolean isAlive()>	sig:$z0 = virtualinvoke $r1.<java.net.Socket: boolean isClosed()>()	timediff:0
I/System.out(20669): body:<com.squareup.okhttp.Connection: boolean isAlive()>	sig:$z0 = virtualinvoke $r1.<java.net.Socket: boolean isInputShutdown()>()	timediff:0
I/System.out(20669): body:<com.squareup.okhttp.Connection: boolean isAlive()>	sig:$z0 = virtualinvoke $r1.<java.net.Socket: boolean isOutputShutdown()>()	timediff:0
W/UnimplementedWebViewApi(20669): Unimplemented WebView method onKeyDown called from: android.webkit.WebView.onKeyDown(WebView.java:2169)
W/UnimplementedWebViewApi(20669): Unimplemented WebView method onKeyDown called from: android.webkit.WebView.onKeyDown(WebView.java:2169)
W/UnimplementedWebViewApi(20669): Unimplemented WebView method onKeyDown called from: android.webkit.WebView.onKeyDown(WebView.java:2169)
W/UnimplementedWebViewApi(20669): Unimplemented WebView method onKeyDown called from: android.webkit.WebView.onKeyDown(WebView.java:2169)
W/UnimplementedWebViewApi(20669): Unimplemented WebView method onKeyDown called from: android.webkit.WebView.onKeyDown(WebView.java:2169)
W/UnimplementedWebViewApi(20669): Unimplemented WebView method onKeyDown called from: android.webkit.WebView.onKeyDown(WebView.java:2169)
W/UnimplementedWebViewApi(20669): Unimplemented WebView method onKeyDown called from: android.webkit.WebView.onKeyDown(WebView.java:2169)
W/DebugConnManager(20669): getNetworkInfo() on networkType 0
W/DebugConnManager(20669): getNetworkInfo() on networkType 1
W/UnimplementedWebViewApi(20669): Unimplemented WebView method onKeyDown called from: android.webkit.WebView.onKeyDown(WebView.java:2169)
W/AwContents(20669): nativeOnDraw failed; clearing to background color.
I/ActivityManager(  484): START u0 {cmp=com.faithcomesbyhearing.android.bibleis/.activity.BrowseActivity (has extras)} from pid 20669
I/System.out(20669): body:<com.google.android.apps.analytics.AnalyticsParameterEncoder: java.lang.String encode(java.lang.String,java.lang.String)>	sig:$r1 = staticinvoke <java.net.URLEncoder: java.lang.String encode(java.lang.String,java.lang.String)>($r0, $r1)	timediff:0
I/System.out(20669): body:<com.google.android.apps.analytics.AnalyticsParameterEncoder: java.lang.String encode(java.lang.String,java.lang.String)>	sig:$r1 = staticinvoke <java.net.URLEncoder: java.lang.String encode(java.lang.String,java.lang.String)>($r0, $r1)	timediff:0
I/System.out(20669): body:<com.google.android.apps.analytics.AnalyticsParameterEncoder: java.lang.String encode(java.lang.String,java.lang.String)>	sig:$r1 = staticinvoke <java.net.URLEncoder: java.lang.String encode(java.lang.String,java.lang.String)>($r0, $r1)	timediff:0
I/System.out(20669): body:<com.google.android.apps.analytics.AnalyticsParameterEncoder: java.lang.String encode(java.lang.String,java.lang.String)>	sig:$r1 = staticinvoke <java.net.URLEncoder: java.lang.String encode(java.lang.String,java.lang.String)>($r0, $r1)	timediff:0
I/System.out(20669): body:<com.google.android.apps.analytics.AnalyticsParameterEncoder: java.lang.String encode(java.lang.String,java.lang.String)>	sig:$r1 = staticinvoke <java.net.URLEncoder: java.lang.String encode(java.lang.String,java.lang.String)>($r0, $r1)	timediff:1
I/System.out(20669): body:<com.google.android.apps.analytics.AnalyticsParameterEncoder: java.lang.String encode(java.lang.String,java.lang.String)>	sig:$r1 = staticinvoke <java.net.URLEncoder: java.lang.String encode(java.lang.String,java.lang.String)>($r0, $r1)	timediff:0
I/System.out(20669): body:<com.google.android.apps.analytics.AnalyticsParameterEncoder: java.lang.String encode(java.lang.String,java.lang.String)>	sig:$r1 = staticinvoke <java.net.URLEncoder: java.lang.String encode(java.lang.String,java.lang.String)>($r0, $r1)	timediff:0
I/System.out(20669): body:<com.google.android.apps.analytics.AnalyticsParameterEncoder: java.lang.String encode(java.lang.String,java.lang.String)>	sig:$r1 = staticinvoke <java.net.URLEncoder: java.lang.String encode(java.lang.String,java.lang.String)>($r0, $r1)	timediff:0
I/System.out(20669): body:<com.google.android.apps.analytics.AnalyticsParameterEncoder: java.lang.String encode(java.lang.String,java.lang.String)>	sig:$r1 = staticinvoke <java.net.URLEncoder: java.lang.String encode(java.lang.String,java.lang.String)>($r0, $r1)	timediff:0
I/System.out(20669): body:<com.google.android.apps.analytics.AnalyticsParameterEncoder: java.lang.String encode(java.lang.String,java.lang.String)>	sig:$r1 = staticinvoke <java.net.URLEncoder: java.lang.String encode(java.lang.String,java.lang.String)>($r0, $r1)	timediff:0
I/System.out(20669): body:<com.google.android.apps.analytics.AnalyticsParameterEncoder: java.lang.String encode(java.lang.String,java.lang.String)>	sig:$r1 = staticinvoke <java.net.URLEncoder: java.lang.String encode(java.lang.String,java.lang.String)>($r0, $r1)	timediff:1
I/System.out(20669): body:<com.google.android.apps.analytics.AnalyticsParameterEncoder: java.lang.String encode(java.lang.String,java.lang.String)>	sig:$r1 = staticinvoke <java.net.URLEncoder: java.lang.String encode(java.lang.String,java.lang.String)>($r0, $r1)	timediff:0
I/System.out(20669): body:<com.google.android.apps.analytics.AnalyticsParameterEncoder: java.lang.String encode(java.lang.String,java.lang.String)>	sig:$r1 = staticinvoke <java.net.URLEncoder: java.lang.String encode(java.lang.String,java.lang.String)>($r0, $r1)	timediff:0
I/System.out(20669): body:<com.google.android.apps.analytics.AnalyticsParameterEncoder: java.lang.String encode(java.lang.String,java.lang.String)>	sig:$r1 = staticinvoke <java.net.URLEncoder: java.lang.String encode(java.lang.String,java.lang.String)>($r0, $r1)	timediff:0
I/System.out(20669): body:<com.google.android.apps.analytics.AnalyticsParameterEncoder: java.lang.String encode(java.lang.String,java.lang.String)>	sig:$r1 = staticinvoke <java.net.URLEncoder: java.lang.String encode(java.lang.String,java.lang.String)>($r0, $r1)	timediff:0
I/System.out(20669): body:<com.google.android.apps.analytics.AnalyticsParameterEncoder: java.lang.String encode(java.lang.String,java.lang.String)>	sig:$r1 = staticinvoke <java.net.URLEncoder: java.lang.String encode(java.lang.String,java.lang.String)>($r0, $r1)	timediff:0
I/System.out(20669): body:<com.google.android.apps.analytics.AnalyticsParameterEncoder: java.lang.String encode(java.lang.String,java.lang.String)>	sig:$r1 = staticinvoke <java.net.URLEncoder: java.lang.String encode(java.lang.String,java.lang.String)>($r0, $r1)	timediff:0
I/System.out(20669): body:<com.google.android.apps.analytics.AnalyticsParameterEncoder: java.lang.String encode(java.lang.String,java.lang.String)>	sig:$r1 = staticinvoke <java.net.URLEncoder: java.lang.String encode(java.lang.String,java.lang.String)>($r0, $r1)	timediff:0
I/System.out(20669): body:<com.google.android.apps.analytics.AnalyticsParameterEncoder: java.lang.String encode(java.lang.String,java.lang.String)>	sig:$r1 = staticinvoke <java.net.URLEncoder: java.lang.String encode(java.lang.String,java.lang.String)>($r0, $r1)	timediff:0
I/System.out(20669): body:<com.google.android.apps.analytics.AnalyticsParameterEncoder: java.lang.String encode(java.lang.String,java.lang.String)>	sig:$r1 = staticinvoke <java.net.URLEncoder: java.lang.String encode(java.lang.String,java.lang.String)>($r0, $r1)	timediff:0
D/BaseService(20669): Unbind.
D/BaseService(20669): Destroyed.
D/DownloadService(20669): Unbind
D/DownloadService(20669): Destroy
I/System.out(20669): body:<com.squareup.okhttp.OkHttpClient: com.squareup.okhttp.OkHttpClient copyWithDefaults()>	sig:$r1 = staticinvoke <java.net.ProxySelector: java.net.ProxySelector getDefault()>()	timediff:0
I/System.out(20669): body:<com.squareup.okhttp.OkHttpClient: com.squareup.okhttp.OkHttpClient copyWithDefaults()>	sig:$r4 = staticinvoke <java.net.CookieHandler: java.net.CookieHandler getDefault()>()	timediff:0
I/System.out(20669): body:<com.squareup.okhttp.Request: java.net.URL url()>	sig:specialinvoke $r2.<java.net.URL: void <init>(java.lang.String)>($r3)	timediff:0
I/System.out(20669): <com.squareup.okhttp.Request: java.net.URL url()>###specialinvoke $r2.<java.net.URL: void <init>(java.lang.String)>($r3)###http://mercury.dbt.io:8256/events
I/System.out(20669): body:<com.squareup.okhttp.internal.Util: int getEffectivePort(java.net.URL)>	sig:$r1 = virtualinvoke $r0.<java.net.URL: java.lang.String getProtocol()>()	timediff:0
I/System.out(20669): body:<com.squareup.okhttp.internal.Util: int getEffectivePort(java.net.URL)>	sig:$i0 = virtualinvoke $r0.<java.net.URL: int getPort()>()	timediff:0
I/System.out(20669): body:<com.squareup.okhttp.internal.http.HttpEngine: java.lang.String hostHeader(java.net.URL)>	sig:$r1 = virtualinvoke $r0.<java.net.URL: java.lang.String getProtocol()>()	timediff:0
I/System.out(20669): body:<com.squareup.okhttp.internal.http.HttpEngine: java.lang.String hostHeader(java.net.URL)>	sig:$r1 = virtualinvoke $r0.<java.net.URL: java.lang.String getHost()>()	timediff:0
I/System.out(20669): body:<com.squareup.okhttp.internal.http.HttpEngine: java.lang.String hostHeader(java.net.URL)>	sig:$i1 = virtualinvoke $r0.<java.net.URL: int getPort()>()	timediff:0
I/System.out(20669): body:<com.squareup.okhttp.Request: java.net.URL url()>	sig:specialinvoke $r2.<java.net.URL: void <init>(java.lang.String)>($r3)	timediff:0
I/System.out(20669): <com.squareup.okhttp.Request: java.net.URL url()>###specialinvoke $r2.<java.net.URL: void <init>(java.lang.String)>($r3)###http://mercury.dbt.io:8256/events
I/System.out(20669): body:<com.squareup.okhttp.internal.http.HttpEngine: void connect(com.squareup.okhttp.Request)>	sig:$r11 = virtualinvoke $r8.<java.net.URL: java.lang.String getHost()>()	timediff:1
I/System.out(20669): body:<com.squareup.okhttp.Request: boolean isHttps()>	sig:$r2 = virtualinvoke $r1.<java.net.URL: java.lang.String getProtocol()>()	timediff:0
I/System.out(20669): body:<com.squareup.okhttp.internal.Util: int getEffectivePort(java.net.URL)>	sig:$r1 = virtualinvoke $r0.<java.net.URL: java.lang.String getProtocol()>()	timediff:0
I/System.out(20669): body:<com.squareup.okhttp.internal.Util: int getEffectivePort(java.net.URL)>	sig:$i0 = virtualinvoke $r0.<java.net.URL: int getPort()>()	timediff:0
I/System.out(20669): body:<com.squareup.okhttp.internal.Platform: java.net.URI toUriLenient(java.net.URL)>	sig:$r2 = virtualinvoke $r1.<java.net.URL: java.net.URI toURI()>()	timediff:0
I/System.out(20669): body:<com.squareup.okhttp.internal.http.RouteSelector: void resetNextProxy(java.net.URI,java.net.Proxy)>	sig:$r3 = virtualinvoke $r4.<java.net.ProxySelector: java.util.List select(java.net.URI)>($r1)	timediff:0
I/System.out(20669): body:<com.squareup.okhttp.Connection: boolean isAlive()>	sig:$z0 = virtualinvoke $r1.<java.net.Socket: boolean isClosed()>()	timediff:0
I/System.out(20669): body:<com.squareup.okhttp.Connection: boolean isAlive()>	sig:$z0 = virtualinvoke $r1.<java.net.Socket: boolean isInputShutdown()>()	timediff:0
I/System.out(20669): body:<com.squareup.okhttp.Connection: boolean isAlive()>	sig:$z0 = virtualinvoke $r1.<java.net.Socket: boolean isOutputShutdown()>()	timediff:0
I/System.out(20669): body:<com.squareup.okhttp.internal.http.HttpConnection: boolean isReadable()>	sig:$i0 = virtualinvoke $r3.<java.net.Socket: int getSoTimeout()>()	timediff:0
I/System.out(20669): body:<com.squareup.okhttp.internal.http.HttpConnection: boolean isReadable()>	sig:virtualinvoke $r3.<java.net.Socket: void setSoTimeout(int)>(1)	timediff:0
I/System.out(20669): body:<com.squareup.okhttp.internal.http.HttpConnection: boolean isReadable()>	sig:virtualinvoke $r3.<java.net.Socket: void setSoTimeout(int)>($i0)	timediff:0
I/System.out(20669): body:<com.squareup.okhttp.Connection: void setTimeouts(int,int)>	sig:virtualinvoke $r3.<java.net.Socket: void setSoTimeout(int)>($i0)	timediff:1
I/System.out(20669): body:<com.squareup.okhttp.internal.http.HttpTransport: void writeRequestHeaders(com.squareup.okhttp.Request)>	sig:$r6 = virtualinvoke $r5.<java.net.Proxy: java.net.Proxy$Type type()>()	timediff:0
I/System.out(20669): body:<com.squareup.okhttp.Request: boolean isHttps()>	sig:$r2 = virtualinvoke $r1.<java.net.URL: java.lang.String getProtocol()>()	timediff:0
I/System.out(20669): body:<com.squareup.okhttp.internal.http.RequestLine: java.lang.String requestPath(java.net.URL)>	sig:$r1 = virtualinvoke $r0.<java.net.URL: java.lang.String getFile()>()	timediff:0
W/FlurryAgent(20669): Flurry session started for context:com.faithcomesbyhearing.android.bibleis.activity.BrowseActivity@4c0cbfe4
W/EGL_emulation(20669): eglSurfaceAttrib not implemented 3093 12436
W/ViewRootImpl(20669): Dropping event due to no window focus: KeyEvent { action=ACTION_DOWN, keyCode=KEYCODE_MENU, scanCode=0, metaState=0, flags=0x8, repeatCount=0, eventTime=5433270, downTime=5433270, deviceId=-1, source=0x101 }
I/System.out(20669): body:<com.squareup.okhttp.Connection: boolean isAlive()>	sig:$z0 = virtualinvoke $r1.<java.net.Socket: boolean isClosed()>()	timediff:0
I/System.out(20669): body:<com.squareup.okhttp.Connection: boolean isAlive()>	sig:$z0 = virtualinvoke $r1.<java.net.Socket: boolean isInputShutdown()>()	timediff:0
I/System.out(20669): body:<com.squareup.okhttp.Connection: boolean isAlive()>	sig:$z0 = virtualinvoke $r1.<java.net.Socket: boolean isOutputShutdown()>()	timediff:4
I/System.out(20669): body:<com.squareup.okhttp.Connection: boolean isAlive()>	sig:$z0 = virtualinvoke $r1.<java.net.Socket: boolean isClosed()>()	timediff:0
I/System.out(20669): body:<com.squareup.okhttp.Connection: boolean isAlive()>	sig:$z0 = virtualinvoke $r1.<java.net.Socket: boolean isInputShutdown()>()	timediff:0
I/System.out(20669): body:<com.squareup.okhttp.Connection: boolean isAlive()>	sig:$z0 = virtualinvoke $r1.<java.net.Socket: boolean isOutputShutdown()>()	timediff:0
I/ActivityManager(  484): Displayed com.faithcomesbyhearing.android.bibleis/.activity.BrowseActivity: +256ms
W/ViewRootImpl(20669): Dropping event due to no window focus: KeyEvent { action=ACTION_DOWN, keyCode=KEYCODE_RIGHT_BRACKET, scanCode=0, metaState=0, flags=0x8, repeatCount=0, eventTime=5433311, downTime=5433311, deviceId=-1, source=0x101 }
W/ContextImpl(  484): Calling a method in the system process without a qualified user: android.app.ContextImpl.sendBroadcast:1123 com.android.server.InputMethodManagerService.hideCurrentInputLocked:1880 com.android.server.InputMethodManagerService.windowGainedFocus:1968 com.android.internal.view.IInputMethodManager$Stub.onTransact:221 com.android.server.InputMethodManagerService.onTransact:818 
E/ActivityThread(20669): Failed to find provider info for com.facebook.katana.provider.AttributionIdProvider
D/dalvikvm(20669): GC_CONCURRENT freed 2149K, 82% free 10516K/58132K, paused 1ms+1ms, total 21ms
W/DebugConnManager(20669): getNetworkInfo() on networkType 0
W/DebugConnManager(20669): getNetworkInfo() on networkType 1
I/System.out(20669): body:<com.faithcomesbyhearing.android.bibleis.utils.GlobalResources: java.lang.String downloadFile(java.lang.String,java.lang.String,java.lang.String,com.faithcomesbyhearing.android.bibleis.utils.GlobalResources$ProgressCallback,android.content.Context)>	sig:specialinvoke $r10.<java.net.URL: void <init>(java.lang.String)>($r0)	timediff:1
I/System.out(20669): <com.faithcomesbyhearing.android.bibleis.utils.GlobalResources: java.lang.String downloadFile(java.lang.String,java.lang.String,java.lang.String,com.faithcomesbyhearing.android.bibleis.utils.GlobalResources$ProgressCallback,android.content.Context)>###specialinvoke $r10.<java.net.URL: void <init>(java.lang.String)>($r0)###http://cloud.faithcomesbyhearing.com/mp3audiobibles2/DGABSGN1DA/Art/300x300/DGABSGN1DA.jpg
I/System.out(20669): body:<com.faithcomesbyhearing.android.bibleis.utils.GlobalResources: java.lang.String downloadFile(java.lang.String,java.lang.String,java.lang.String,com.faithcomesbyhearing.android.bibleis.utils.GlobalResources$ProgressCallback,android.content.Context)>	sig:$r12 = virtualinvoke $r10.<java.net.URL: java.net.URLConnection openConnection()>()	timediff:0
I/System.out(20669): body:<com.faithcomesbyhearing.android.bibleis.utils.GlobalResources: java.lang.String downloadFile(java.lang.String,java.lang.String,java.lang.String,com.faithcomesbyhearing.android.bibleis.utils.GlobalResources$ProgressCallback,android.content.Context)>	sig:virtualinvoke $r13.<java.net.HttpURLConnection: void connect()>()	timediff:0
I/ActivityManager(  484): START u0 {act=android.intent.action.MAIN cat=[android.intent.category.LAUNCHER] flg=0x10200000 cmp=com.faithcomesbyhearing.android.bibleis/.activity.LaunchActivity} from pid 24910
W/SurfaceFlinger(  174): couldn't log to binary event log: overflow.
W/FlurryAgent(20669): Flurry session ended for context:com.faithcomesbyhearing.android.bibleis.activity.NavigationActivity@4c133cf0
I/System.out(20669): body:<com.faithcomesbyhearing.android.bibleis.utils.GlobalResources: java.lang.String downloadFile(java.lang.String,java.lang.String,java.lang.String,com.faithcomesbyhearing.android.bibleis.utils.GlobalResources$ProgressCallback,android.content.Context)>	sig:$r14 = virtualinvoke $r13.<java.net.HttpURLConnection: java.io.InputStream getInputStream()>()	timediff:253
I/System.out(20669): body:<empirical.HelperClass: void printURLInfo(java.lang.String,java.lang.String,java.net.URLConnection)>	sig:$r0 = virtualinvoke urlConnection.<java.net.URLConnection: java.net.URL getURL()>()	timediff:0
I/System.out(20669): body:<empirical.HelperClass: void printURLInfo(java.lang.String,java.lang.String,java.net.URLConnection)>	sig:urlString = virtualinvoke $r0.<java.net.URL: java.lang.String toString()>()	timediff:1
I/System.out(20669): body:<empirical.HelperClass: void printURLInfo(java.lang.String,java.lang.String,java.net.URLConnection)>	sig:isDoOutput = virtualinvoke urlConnection.<java.net.URLConnection: boolean getDoOutput()>()	timediff:1
I/System.out(20669): body:<empirical.HelperClass: java.lang.String getHeaderField(java.net.URLConnection,java.lang.String)>	sig:data = virtualinvoke conn.<java.net.URLConnection: java.lang.String getHeaderField(java.lang.String)>(field)	timediff:0
I/System.out(20669): body:<empirical.HelperClass: java.lang.String getHeaderField(java.net.URLConnection,java.lang.String)>	sig:data = virtualinvoke conn.<java.net.URLConnection: java.lang.String getHeaderField(java.lang.String)>(field)	timediff:1
I/System.out(20669): body:<empirical.HelperClass: java.lang.String getHeaderField(java.net.URLConnection,java.lang.String)>	sig:data = virtualinvoke conn.<java.net.URLConnection: java.lang.String getHeaderField(java.lang.String)>(field)	timediff:0
I/System.out(20669): body:<empirical.HelperClass: java.lang.String getHeaderField(java.net.URLConnection,java.lang.String)>	sig:data = virtualinvoke conn.<java.net.URLConnection: java.lang.String getHeaderField(java.lang.String)>(field)	timediff:0
I/System.out(20669): body:<empirical.HelperClass: java.lang.String getHeaderField(java.net.URLConnection,java.lang.String)>	sig:data = virtualinvoke conn.<java.net.URLConnection: java.lang.String getHeaderField(java.lang.String)>(field)	timediff:0
I/System.out(20669): URLConn;%;12;%;<com.faithcomesbyhearing.android.bibleis.utils.GlobalResources: java.lang.String downloadFile(java.lang.String,java.lang.String,java.lang.String,com.faithcomesbyhearing.android.bibleis.utils.GlobalResources$ProgressCallback,android.content.Context)>;%;$r14 = virtualinvoke $r13.<java.net.HttpURLConnection: java.io.InputStream getInputStream()>();%;http://cloud.faithcomesbyhearing.com/mp3audiobibles2/DGABSGN1DA/Art/300x300/DGABSGN1DA.jpg;%;false;%;27197;%;Not found;%;Not found;%;Not found;%;Not found
I/System.out(20669): body:<com.faithcomesbyhearing.android.bibleis.utils.GlobalResources: java.lang.String downloadFile(java.lang.String,java.lang.String,java.lang.String,com.faithcomesbyhearing.android.bibleis.utils.GlobalResources$ProgressCallback,android.content.Context)>	sig:$i1 = virtualinvoke $r13.<java.net.HttpURLConnection: int getContentLength()>()	timediff:0
W/DebugConnManager(20669): getNetworkInfo() on networkType 0
W/DebugConnManager(20669): getNetworkInfo() on networkType 1
E/SurfaceFlinger(  174): glCheckFramebufferStatusOES error 36054
E/SurfaceFlinger(  174): got GL_FRAMEBUFFER_COMPLETE_OES error while taking screenshot
D/SurfaceFlinger(  174): setOrientation, mFbdev=0xb9577da0, mFbDev->setOrientation=0xb6953ce0, orientation=0
I/gralloc_nox(  174): setOrientation: orientation=0
I/ActivityManager(  484): Config changes=480 {1.0 310mcc260mnc en_US ldltr sw480dp w853dp h454dp 240dpi lrg long land finger -keyb/v/h dpad/v s.49}
D/Tinker.DefaultAppLike(  689): onConfigurationChanged:{1.0 310mcc260mnc en_US ldltr sw480dp w853dp h454dp 240dpi lrg long land finger -keyb/v/h dpad/v s.49}
D/PhoneStatusBar(  536): mSettingsPanelGravity = 55
D/Sensors (  484): Client connection accepted (170)
I/InputReader(  484): Reconfiguring input devices.  changes=0x00000004
I/InputReader(  484): Device reconfigured: id=1, name='Android Input', size 1280x720, orientation 0, mode 1, display id 0
I/InputReader(  484): Device reconfigured: id=3, name='seamless mouse', size 1280x720, orientation 0, mode 1, display id 0
I/InputReader(  484): Device reconfigured: id=8, name='VirtualBox USB Tablet', size 1280x720, orientation 0, mode 1, display id 0
I/AndroidRuntime(24910): VM exiting with result code 0.
