V/PanelView(  536): animationTick called with dtms=0; nothing to do (h=0.0 v=0.0)
W/DebugConnManager(  689): getNetworkInfo() on networkType 1
I/ActivityManager(  484): START u0 {act=android.intent.action.MAIN cat=[android.intent.category.LAUNCHER] cmp=org.familysearch.mobile.memories/.ui.activity.MemoriesActivity} from pid 29992
D/FS Android - class org.familysearch.mobile.memories.ui.activity.MemoriesActivity(29992): onCreate orientation = 0
D/FS Android - class org.familysearch.mobile.memories.ui.activity.MemoriesActivity(29992): display size is 1280, 720
D/FS Android - class org.familysearch.mobile.memories.ui.activity.MemoriesActivity(29992): openTab: null
D/FS Android - class org.familysearch.mobile.data.FSBaseMemoryClient(29992): About to check user memory uploads.
I/System.out(29992): body:<org.familysearch.mobile.data.FSHttpClient: java.net.HttpURLConnection createBasicConnection(java.lang.String,java.lang.String,java.util.Map,java.util.Map)>	sig:specialinvoke r14.<java.net.URL: void <init>(java.lang.String)>($r1)	timediff:1
I/System.out(29992): <org.familysearch.mobile.data.FSHttpClient: java.net.HttpURLConnection createBasicConnection(java.lang.String,java.lang.String,java.util.Map,java.util.Map)>###specialinvoke r14.<java.net.URL: void <init>(java.lang.String)>($r1)###https://familysearch.org/artifactmanager/patrons/cis.user.MM9K-SQRY/artifacts.json?sessionId=3a8545b3-4a13-4a92-8200-7ccd330e1b16-production&maxRecords=1
I/System.out(29992): body:<org.familysearch.mobile.data.FSHttpClient: java.net.HttpURLConnection createBasicConnection(java.lang.String,java.lang.String,java.util.Map,java.util.Map)>	sig:$r8 = virtualinvoke $r5.<java.net.URL: java.net.URLConnection openConnection()>()	timediff:0
I/System.out(29992): body:<org.familysearch.mobile.data.FSHttpClient: java.net.HttpURLConnection createBasicConnection(java.lang.String,java.lang.String,java.util.Map,java.util.Map)>	sig:virtualinvoke $r9.<java.net.HttpURLConnection: void setRequestMethod(java.lang.String)>($r0)	timediff:1
I/System.out(29992): body:<org.familysearch.mobile.data.FSHttpClient: java.net.HttpURLConnection createBasicConnection(java.lang.String,java.lang.String,java.util.Map,java.util.Map)>	sig:virtualinvoke $r9.<java.net.HttpURLConnection: void setDoInput(boolean)>(1)	timediff:0
I/System.out(29992): body:<org.familysearch.mobile.data.FSHttpClient: java.net.HttpURLConnection createBasicConnection(java.lang.String,java.lang.String,java.util.Map,java.util.Map)>	sig:virtualinvoke $r9.<java.net.HttpURLConnection: void setRequestProperty(java.lang.String,java.lang.String)>("User-Agent", $r1)	timediff:0
I/System.out(29992): body:<org.familysearch.mobile.data.FSHttpClient: java.net.HttpURLConnection createBasicConnection(java.lang.String,java.lang.String,java.util.Map,java.util.Map)>	sig:virtualinvoke $r9.<java.net.HttpURLConnection: void setRequestProperty(java.lang.String,java.lang.String)>($r1, $r0)	timediff:0
I/System.out(29992): body:<org.familysearch.mobile.data.FSHttpClient: java.net.HttpURLConnection createBasicConnection(java.lang.String,java.lang.String,java.util.Map,java.util.Map)>	sig:virtualinvoke $r9.<java.net.HttpURLConnection: void setRequestProperty(java.lang.String,java.lang.String)>($r1, $r0)	timediff:0
I/System.out(29992): body:<org.familysearch.mobile.data.FSHttpClient: java.net.HttpURLConnection createBasicConnection(java.lang.String,java.lang.String,java.util.Map,java.util.Map)>	sig:virtualinvoke $r9.<java.net.HttpURLConnection: void setRequestProperty(java.lang.String,java.lang.String)>($r1, $r0)	timediff:0
I/System.out(29992): body:<org.familysearch.mobile.data.FSHttpClient: java.net.HttpURLConnection createBasicConnection(java.lang.String,java.lang.String,java.util.Map,java.util.Map)>	sig:virtualinvoke $r9.<java.net.HttpURLConnection: void setRequestProperty(java.lang.String,java.lang.String)>($r1, $r0)	timediff:0
I/System.out(29992): body:<org.familysearch.mobile.data.FSHttpClient: java.net.HttpURLConnection createAcceptConnection(java.lang.String,java.lang.String,java.util.Map,java.util.Map)>	sig:virtualinvoke $r4.<java.net.HttpURLConnection: void setRequestProperty(java.lang.String,java.lang.String)>("Accept", "application/json")	timediff:0
W/EGL_emulation(29992): eglSurfaceAttrib not implemented 3093 12436
I/FS Android - class org.familysearch.mobile.caching.ACacheClient(29992): CACHE GET: Item (photo_list:MY_PHOTO_UPLOADS_KEY) is fresh.
W/ViewRootImpl(29992): Dropping event due to no window focus: KeyEvent { action=ACTION_DOWN, keyCode=KEYCODE_MENU, scanCode=0, metaState=0, flags=0x8, repeatCount=0, eventTime=5897581, downTime=5897581, deviceId=-1, source=0x101 }
D/FS Android - class org.familysearch.mobile.memories.ui.fragment.PhotosFragment(29992): onCreateOptionsMenu
W/ViewRootImpl(29992): Dropping event due to no window focus: KeyEvent { action=ACTION_DOWN, keyCode=KEYCODE_DPAD_CENTER, scanCode=0, metaState=0, flags=0x8, repeatCount=0, eventTime=5897741, downTime=5897741, deviceId=-1, source=0x101 }
V/PanelView(  536): animationTick called with dtms=0; nothing to do (h=0.0 v=0.0)
V/PanelView(  536): animationTick called with dtms=-2; nothing to do (h=0.0 v=0.0)
I/ActivityManager(  484): START u0 {act=android.intent.action.MAIN cat=[android.intent.category.LAUNCHER] flg=0x10200000 cmp=org.familysearch.mobile.memories/.ui.activity.LoginActivity} from pid 29982
W/ContextImpl(  484): Calling a method in the system process without a qualified user: android.app.ContextImpl.sendBroadcast:1123 com.android.server.InputMethodManagerService.hideCurrentInputLocked:1880 com.android.server.InputMethodManagerService.windowGainedFocus:1968 com.android.internal.view.IInputMethodManager$Stub.onTransact:221 com.android.server.InputMethodManagerService.onTransact:818 
I/ActivityManager(  484): Displayed org.familysearch.mobile.memories/.ui.activity.MemoriesActivity: +228ms
W/ViewRootImpl(29992): Dropping event due to no window focus: KeyEvent { action=ACTION_DOWN, keyCode=KEYCODE_DPAD_UP, scanCode=0, metaState=0, flags=0x8, repeatCount=0, eventTime=5897827, downTime=5897827, deviceId=-1, source=0x101 }
I/System.out(29992): body:<org.familysearch.mobile.data.FSHttpClient: org.familysearch.mobile.data.ApiResponse basicGetHttpResponseWithSessionExpire(java.lang.String,java.util.Map,java.util.Map,boolean)>	sig:$i0 = virtualinvoke $r5.<java.net.HttpURLConnection: int getResponseCode()>()	timediff:830
I/FS Android - class org.familysearch.mobile.data.FSHttpClient(29992): GET response: 200; request: https://familysearch.org/artifactmanager/patrons/cis.user.MM9K-SQRY/artifacts.json?sessionId=3a8545b3-4a13-4a92-8200-7ccd330e1b16-production&maxRecords=1
I/System.out(29992): body:<org.familysearch.mobile.data.FSHttpClient: java.lang.String getResponseBody(java.net.HttpURLConnection)>	sig:$r3 = virtualinvoke $r0.<java.net.HttpURLConnection: java.io.InputStream getInputStream()>()	timediff:0
I/System.out(29992): body:<empirical.HelperClass: void printURLInfo(java.lang.String,java.lang.String,java.net.URLConnection)>	sig:$r0 = virtualinvoke urlConnection.<java.net.URLConnection: java.net.URL getURL()>()	timediff:0
I/System.out(29992): body:<empirical.HelperClass: void printURLInfo(java.lang.String,java.lang.String,java.net.URLConnection)>	sig:urlString = virtualinvoke $r0.<java.net.URL: java.lang.String toString()>()	timediff:0
I/System.out(29992): body:<empirical.HelperClass: void printURLInfo(java.lang.String,java.lang.String,java.net.URLConnection)>	sig:isDoOutput = virtualinvoke urlConnection.<java.net.URLConnection: boolean getDoOutput()>()	timediff:0
I/System.out(29992): body:<empirical.HelperClass: java.lang.String getHeaderField(java.net.URLConnection,java.lang.String)>	sig:data = virtualinvoke conn.<java.net.URLConnection: java.lang.String getHeaderField(java.lang.String)>(field)	timediff:0
I/System.out(29992): body:<empirical.HelperClass: java.lang.String getHeaderField(java.net.URLConnection,java.lang.String)>	sig:data = virtualinvoke conn.<java.net.URLConnection: java.lang.String getHeaderField(java.lang.String)>(field)	timediff:0
I/System.out(29992): body:<empirical.HelperClass: java.lang.String getHeaderField(java.net.URLConnection,java.lang.String)>	sig:data = virtualinvoke conn.<java.net.URLConnection: java.lang.String getHeaderField(java.lang.String)>(field)	timediff:0
I/System.out(29992): body:<empirical.HelperClass: java.lang.String getHeaderField(java.net.URLConnection,java.lang.String)>	sig:data = virtualinvoke conn.<java.net.URLConnection: java.lang.String getHeaderField(java.lang.String)>(field)	timediff:0
I/System.out(29992): body:<empirical.HelperClass: java.lang.String getHeaderField(java.net.URLConnection,java.lang.String)>	sig:data = virtualinvoke conn.<java.net.URLConnection: java.lang.String getHeaderField(java.lang.String)>(field)	timediff:0
I/System.out(29992): URLConn;%;11;%;<org.familysearch.mobile.data.FSHttpClient: java.lang.String getResponseBody(java.net.HttpURLConnection)>;%;$r3 = virtualinvoke $r0.<java.net.HttpURLConnection: java.io.InputStream getInputStream()>();%;https://www.familysearch.org/artifactmanager/patrons/cis.user.MM9K-SQRY/artifacts.json?sessionId=3a8545b3-4a13-4a92-8200-7ccd330e1b16-production&maxRecords=1;%;false;%;79;%;Not found;%;Not found;%;Not found;%;ak_bmsc=89878203A5ECEF09E8FD847A7A6F3270C8B6230D3A270000251AD95A66241978~pliuvR+S6aWiQLG3qdkwXO8obitb/aHQzFRFbddrkTQo6Lc3ycfc1bT/cttzYp5FuLreAwDGvlWjhorPLM8QthLsGQYfjebjA4HG9L82I4Dds0Wd/MlCVD5EYsq2JD2QJ5Qfgedh8+lNkXrvqVFRdzudb9CWTcl1I3zjH0bHFkKell0HkzP+qgmovncIXABdIbmcSaYoWLA0A8ZkV1evvIn4ScNz7pZdJjUKbezafTkjs=; expires=Fri, 20 Apr 2018 00:37:25 GMT; max-age=7200; path=/; domain=.familysearch.org; HttpOnly
I/System.out(29992): body:<org.familysearch.mobile.data.FSHttpClient: java.lang.String getResponseBody(java.net.HttpURLConnection)>	sig:$r4 = virtualinvoke $r0.<java.net.HttpURLConnection: java.lang.String getContentEncoding()>()	timediff:0
I/System.out(29992): body:<org.familysearch.mobile.data.FSHttpClient: java.lang.String getResponseBody(java.net.HttpURLConnection)>	sig:$r5 = virtualinvoke $r0.<java.net.HttpURLConnection: java.net.URL getURL()>()	timediff:0
I/System.out(29992): body:<org.familysearch.mobile.data.FSHttpClient: java.lang.String getResponseBody(java.net.HttpURLConnection)>	sig:$r4 = virtualinvoke $r5.<java.net.URL: java.lang.String toString()>()	timediff:0
I/System.out(29992): body:<org.familysearch.mobile.data.FSHttpClient: org.familysearch.mobile.data.ApiResponse basicGetHttpResponseWithSessionExpire(java.lang.String,java.util.Map,java.util.Map,boolean)>	sig:$r2 = virtualinvoke $r5.<java.net.HttpURLConnection: java.util.Map getHeaderFields()>()	timediff:0
I/System.out(29992): body:<org.familysearch.mobile.data.FSHttpClient: org.familysearch.mobile.data.ApiResponse basicGetHttpResponseWithSessionExpire(java.lang.String,java.util.Map,java.util.Map,boolean)>	sig:virtualinvoke $r5.<java.net.HttpURLConnection: void disconnect()>()	timediff:0
I/FS Android - class org.familysearch.mobile.data.FSBaseMemoryClient(29992): Just got user memory list.
I/System.out(29992): body:<org.familysearch.mobile.data.FSHttpClient: org.familysearch.mobile.data.ApiResponse basicGetHttpResponseWithSessionExpire(java.lang.String,java.util.Map,java.util.Map,boolean)>	sig:$i0 = virtualinvoke $r5.<java.net.HttpURLConnection: int getResponseCode()>()	timediff:814
I/FS Android - class org.familysearch.mobile.data.FSHttpClient(29992): GET response: 200; request: https://familysearch.org/artifactmanager/patrons/cis.user.MM9K-SQRY/taggedPersons?includeSoi=false&includeOwnerTreeInfo=true&maxRecords=1000&includePortraitArtifact=true
I/System.out(29992): body:<org.familysearch.mobile.data.FSHttpClient: java.lang.String getResponseBody(java.net.HttpURLConnection)>	sig:$r3 = virtualinvoke $r0.<java.net.HttpURLConnection: java.io.InputStream getInputStream()>()	timediff:0
I/System.out(29992): body:<empirical.HelperClass: void printURLInfo(java.lang.String,java.lang.String,java.net.URLConnection)>	sig:$r0 = virtualinvoke urlConnection.<java.net.URLConnection: java.net.URL getURL()>()	timediff:0
I/System.out(29992): body:<empirical.HelperClass: void printURLInfo(java.lang.String,java.lang.String,java.net.URLConnection)>	sig:urlString = virtualinvoke $r0.<java.net.URL: java.lang.String toString()>()	timediff:21
I/System.out(29992): body:<empirical.HelperClass: void printURLInfo(java.lang.String,java.lang.String,java.net.URLConnection)>	sig:isDoOutput = virtualinvoke urlConnection.<java.net.URLConnection: boolean getDoOutput()>()	timediff:0
I/System.out(29992): body:<empirical.HelperClass: java.lang.String getHeaderField(java.net.URLConnection,java.lang.String)>	sig:data = virtualinvoke conn.<java.net.URLConnection: java.lang.String getHeaderField(java.lang.String)>(field)	timediff:0
I/System.out(29992): body:<empirical.HelperClass: java.lang.String getHeaderField(java.net.URLConnection,java.lang.String)>	sig:data = virtualinvoke conn.<java.net.URLConnection: java.lang.String getHeaderField(java.lang.String)>(field)	timediff:2
I/System.out(29992): body:<empirical.HelperClass: java.lang.String getHeaderField(java.net.URLConnection,java.lang.String)>	sig:data = virtualinvoke conn.<java.net.URLConnection: java.lang.String getHeaderField(java.lang.String)>(field)	timediff:0
I/System.out(29992): body:<empirical.HelperClass: java.lang.String getHeaderField(java.net.URLConnection,java.lang.String)>	sig:data = virtualinvoke conn.<java.net.URLConnection: java.lang.String getHeaderField(java.lang.String)>(field)	timediff:0
I/System.out(29992): body:<empirical.HelperClass: java.lang.String getHeaderField(java.net.URLConnection,java.lang.String)>	sig:data = virtualinvoke conn.<java.net.URLConnection: java.lang.String getHeaderField(java.lang.String)>(field)	timediff:0
I/System.out(29992): URLConn;%;12;%;<org.familysearch.mobile.data.FSHttpClient: java.lang.String getResponseBody(java.net.HttpURLConnection)>;%;$r3 = virtualinvoke $r0.<java.net.HttpURLConnection: java.io.InputStream getInputStream()>();%;https://www.familysearch.org/artifactmanager/patrons/cis.user.MM9K-SQRY/taggedPersons?includeSoi=false&includeOwnerTreeInfo=true&maxRecords=1000&includePortraitArtifact=true;%;false;%;123;%;Not found;%;Not found;%;Not found;%;ak_bmsc=D9A1D77107D48E52D06E5DB29A7A620BC8B6230D3A270000251AD95A3C3E465C~plUHFnq4wNkLJIFX9fazRDRwz4iTOlCYTbPTvgXI1qG7O4q97//sL1gzpW61WKTZH1pPseh1pbZaL46MXgxX08BXmrd9qlYvRt4Mqg5Iq833SgG0T6IBQ6XGOjCxlMTRqmqoAr4UnVgpjvj6SyL+fwE58iFUlnNCWJQT59Pi3VMX+86ZA/g2HdIXNgCLK7LHYaRLNVd8PXpe1hC5kww1ZJdfWJH0LCSe62gqslT0Ekk5k=; expires=Fri, 20 Apr 2018 00:37:25 GMT; max-age=7200; path=/; domain=.familysearch.org; HttpOnly
I/System.out(29992): body:<org.familysearch.mobile.data.FSHttpClient: java.lang.String getResponseBody(java.net.HttpURLConnection)>	sig:$r4 = virtualinvoke $r0.<java.net.HttpURLConnection: java.lang.String getContentEncoding()>()	timediff:0
I/System.out(29992): body:<org.familysearch.mobile.data.FSHttpClient: java.lang.String getResponseBody(java.net.HttpURLConnection)>	sig:$r5 = virtualinvoke $r0.<java.net.HttpURLConnection: java.net.URL getURL()>()	timediff:0
I/System.out(29992): body:<org.familysearch.mobile.data.FSHttpClient: java.lang.String getResponseBody(java.net.HttpURLConnection)>	sig:$r4 = virtualinvoke $r5.<java.net.URL: java.lang.String toString()>()	timediff:0
I/System.out(29992): body:<org.familysearch.mobile.data.FSHttpClient: org.familysearch.mobile.data.ApiResponse basicGetHttpResponseWithSessionExpire(java.lang.String,java.util.Map,java.util.Map,boolean)>	sig:$r2 = virtualinvoke $r5.<java.net.HttpURLConnection: java.util.Map getHeaderFields()>()	timediff:0
I/System.out(29992): body:<org.familysearch.mobile.data.FSHttpClient: org.familysearch.mobile.data.ApiResponse basicGetHttpResponseWithSessionExpire(java.lang.String,java.util.Map,java.util.Map,boolean)>	sig:virtualinvoke $r5.<java.net.HttpURLConnection: void disconnect()>()	timediff:0
D/dalvikvm(29992): GC_CONCURRENT freed 951K, 15% free 6281K/7364K, paused 3ms+1ms, total 8ms
I/FS Android - class org.familysearch.mobile.caching.ACacheClient(29992): CACHE GET: Item (persona:0) was in the cloud and is good to go.
D/FS Android - class org.familysearch.mobile.manager.PedigreeManagerBase(29992): threadCount: 1
I/FS Android - class org.familysearch.mobile.caching.ACacheClient(29992): CACHE GET: Item (thumbnail:LBJB-PTS) is fresh.
I/System.out(29992): body:<org.familysearch.mobile.data.FSHttpClient: java.net.HttpURLConnection createBasicConnection(java.lang.String,java.lang.String,java.util.Map,java.util.Map)>	sig:specialinvoke r14.<java.net.URL: void <init>(java.lang.String)>($r1)	timediff:0
I/System.out(29992): <org.familysearch.mobile.data.FSHttpClient: java.net.HttpURLConnection createBasicConnection(java.lang.String,java.lang.String,java.util.Map,java.util.Map)>###specialinvoke r14.<java.net.URL: void <init>(java.lang.String)>($r1)###https://familysearch.org/platform/tree/persons-with-relationships?persons=&person=LBJB-PTS&locale=en
I/System.out(29992): body:<org.familysearch.mobile.data.FSHttpClient: java.net.HttpURLConnection createBasicConnection(java.lang.String,java.lang.String,java.util.Map,java.util.Map)>	sig:$r8 = virtualinvoke $r5.<java.net.URL: java.net.URLConnection openConnection()>()	timediff:0
I/System.out(29992): body:<org.familysearch.mobile.data.FSHttpClient: java.net.HttpURLConnection createBasicConnection(java.lang.String,java.lang.String,java.util.Map,java.util.Map)>	sig:virtualinvoke $r9.<java.net.HttpURLConnection: void setRequestMethod(java.lang.String)>($r0)	timediff:0
I/System.out(29992): body:<org.familysearch.mobile.data.FSHttpClient: java.net.HttpURLConnection createBasicConnection(java.lang.String,java.lang.String,java.util.Map,java.util.Map)>	sig:virtualinvoke $r9.<java.net.HttpURLConnection: void setDoInput(boolean)>(1)	timediff:0
I/System.out(29992): body:<org.familysearch.mobile.data.FSHttpClient: java.net.HttpURLConnection createBasicConnection(java.lang.String,java.lang.String,java.util.Map,java.util.Map)>	sig:virtualinvoke $r9.<java.net.HttpURLConnection: void setRequestProperty(java.lang.String,java.lang.String)>("User-Agent", $r1)	timediff:0
I/System.out(29992): body:<org.familysearch.mobile.data.FSHttpClient: java.net.HttpURLConnection createBasicConnection(java.lang.String,java.lang.String,java.util.Map,java.util.Map)>	sig:virtualinvoke $r9.<java.net.HttpURLConnection: void setRequestProperty(java.lang.String,java.lang.String)>($r1, $r0)	timediff:0
I/System.out(29992): body:<org.familysearch.mobile.data.FSHttpClient: java.net.HttpURLConnection createBasicConnection(java.lang.String,java.lang.String,java.util.Map,java.util.Map)>	sig:virtualinvoke $r9.<java.net.HttpURLConnection: void setRequestProperty(java.lang.String,java.lang.String)>($r1, $r0)	timediff:0
I/System.out(29992): body:<org.familysearch.mobile.data.FSHttpClient: java.net.HttpURLConnection createBasicConnection(java.lang.String,java.lang.String,java.util.Map,java.util.Map)>	sig:virtualinvoke $r9.<java.net.HttpURLConnection: void setRequestProperty(java.lang.String,java.lang.String)>($r1, $r0)	timediff:0
I/System.out(29992): body:<org.familysearch.mobile.data.FSHttpClient: java.net.HttpURLConnection createAcceptConnection(java.lang.String,java.lang.String,java.util.Map,java.util.Map)>	sig:virtualinvoke $r4.<java.net.HttpURLConnection: void setRequestProperty(java.lang.String,java.lang.String)>("Accept", "application/json")	timediff:0
I/System.out(29992): body:<org.familysearch.mobile.data.FSHttpClient: org.familysearch.mobile.data.ApiResponse basicGetHttpResponseWithSessionExpire(java.lang.String,java.util.Map,java.util.Map,boolean)>	sig:virtualinvoke $r5.<java.net.HttpURLConnection: void connect()>()	timediff:380
W/EGL_emulation(29992): eglSurfaceAttrib not implemented 3093 12436
W/SurfaceFlinger(  174): couldn't log to binary event log: overflow.
W/InputEventReceiver(29992): Attempted to finish an input event but the input event receiver has already been disposed.
I/System.out(29992): body:<org.familysearch.mobile.data.FSHttpClient: org.familysearch.mobile.data.ApiResponse basicGetHttpResponseWithSessionExpire(java.lang.String,java.util.Map,java.util.Map,boolean)>	sig:virtualinvoke $r5.<java.net.HttpURLConnection: void connect()>()	timediff:317
W/ViewRootImpl(29992): Dropping event due to no window focus: KeyEvent { action=ACTION_DOWN, keyCode=KEYCODE_DPAD_RIGHT, scanCode=0, metaState=0, flags=0x8, repeatCount=0, eventTime=5898324, downTime=5898324, deviceId=-1, source=0x101 }
W/InputMethodManagerService(  484): Window already focused, ignoring focus gain of: com.android.internal.view.IInputMethodClient$Stub$Proxy@4abed4a8 attribute=null, token = android.os.BinderProxy@4a96538c
W/EGL_emulation(29992): eglSurfaceAttrib not implemented 3093 12436
I/System.out(29992): body:<org.familysearch.mobile.data.FSHttpClient: org.familysearch.mobile.data.ApiResponse basicGetHttpResponseWithSessionExpire(java.lang.String,java.util.Map,java.util.Map,boolean)>	sig:$i0 = virtualinvoke $r5.<java.net.HttpURLConnection: int getResponseCode()>()	timediff:755
I/FS Android - class org.familysearch.mobile.data.FSHttpClient(29992): GET response: 200; request: https://familysearch.org/artifactmanager/patrons/cis.user.MM9K-SQRY/artifacts.json?sessionId=3a8545b3-4a13-4a92-8200-7ccd330e1b16-production&maxRecords=1
I/System.out(29992): body:<org.familysearch.mobile.data.FSHttpClient: java.lang.String getResponseBody(java.net.HttpURLConnection)>	sig:$r3 = virtualinvoke $r0.<java.net.HttpURLConnection: java.io.InputStream getInputStream()>()	timediff:0
I/System.out(29992): body:<empirical.HelperClass: void printURLInfo(java.lang.String,java.lang.String,java.net.URLConnection)>	sig:$r0 = virtualinvoke urlConnection.<java.net.URLConnection: java.net.URL getURL()>()	timediff:0
I/System.out(29992): body:<empirical.HelperClass: void printURLInfo(java.lang.String,java.lang.String,java.net.URLConnection)>	sig:urlString = virtualinvoke $r0.<java.net.URL: java.lang.String toString()>()	timediff:0
I/System.out(29992): body:<empirical.HelperClass: void printURLInfo(java.lang.String,java.lang.String,java.net.URLConnection)>	sig:isDoOutput = virtualinvoke urlConnection.<java.net.URLConnection: boolean getDoOutput()>()	timediff:0
I/System.out(29992): body:<empirical.HelperClass: java.lang.String getHeaderField(java.net.URLConnection,java.lang.String)>	sig:data = virtualinvoke conn.<java.net.URLConnection: java.lang.String getHeaderField(java.lang.String)>(field)	timediff:0
I/System.out(29992): body:<empirical.HelperClass: java.lang.String getHeaderField(java.net.URLConnection,java.lang.String)>	sig:data = virtualinvoke conn.<java.net.URLConnection: java.lang.String getHeaderField(java.lang.String)>(field)	timediff:0
I/System.out(29992): body:<empirical.HelperClass: java.lang.String getHeaderField(java.net.URLConnection,java.lang.String)>	sig:data = virtualinvoke conn.<java.net.URLConnection: java.lang.String getHeaderField(java.lang.String)>(field)	timediff:0
I/System.out(29992): body:<empirical.HelperClass: java.lang.String getHeaderField(java.net.URLConnection,java.lang.String)>	sig:data = virtualinvoke conn.<java.net.URLConnection: java.lang.String getHeaderField(java.lang.String)>(field)	timediff:0
I/System.out(29992): body:<empirical.HelperClass: java.lang.String getHeaderField(java.net.URLConnection,java.lang.String)>	sig:data = virtualinvoke conn.<java.net.URLConnection: java.lang.String getHeaderField(java.lang.String)>(field)	timediff:0
I/System.out(29992): URLConn;%;13;%;<org.familysearch.mobile.data.FSHttpClient: java.lang.String getResponseBody(java.net.HttpURLConnection)>;%;$r3 = virtualinvoke $r0.<java.net.HttpURLConnection: java.io.InputStream getInputStream()>();%;https://www.familysearch.org/artifactmanager/patrons/cis.user.MM9K-SQRY/artifacts.json?sessionId=3a8545b3-4a13-4a92-8200-7ccd330e1b16-production&maxRecords=1;%;false;%;79;%;Not found;%;Not found;%;Not found;%;ak_bmsc=C95853A897F7D2BDEE66C18C6FD0E680C8B6230D3A270000261AD95A57E55469~plLkXkhU61XTSMl2nlmqcvSvpCwZBWXCdEmOnVSsh4MrSwyi9ir2TBiurdsL6Hv8+d2Ajof8IYRrNvyZHuUbl3rywihb3b7Ld916HArv9WbFJRL1KQxymn9VpHIaNmL2XYWPMsRFSIfU7ULyezGU4KjN9HogVFpV4bLyzoag9MdVvGpUfcNq+MX+fiR7bnx3YI/p5i3BPlpA9CPyFzaLKgiBx3qhqn/B2hLOGd3HJVIfE=; expires=Fri, 20 Apr 2018 00:37:26 GMT; max-age=7200; path=/; domain=.familysearch.org; HttpOnly
I/System.out(29992): body:<org.familysearch.mobile.data.FSHttpClient: java.lang.String getResponseBody(java.net.HttpURLConnection)>	sig:$r4 = virtualinvoke $r0.<java.net.HttpURLConnection: java.lang.String getContentEncoding()>()	timediff:0
I/System.out(29992): body:<org.familysearch.mobile.data.FSHttpClient: java.lang.String getResponseBody(java.net.HttpURLConnection)>	sig:$r5 = virtualinvoke $r0.<java.net.HttpURLConnection: java.net.URL getURL()>()	timediff:0
I/System.out(29992): body:<org.familysearch.mobile.data.FSHttpClient: java.lang.String getResponseBody(java.net.HttpURLConnection)>	sig:$r4 = virtualinvoke $r5.<java.net.URL: java.lang.String toString()>()	timediff:0
I/System.out(29992): body:<org.familysearch.mobile.data.FSHttpClient: org.familysearch.mobile.data.ApiResponse basicGetHttpResponseWithSessionExpire(java.lang.String,java.util.Map,java.util.Map,boolean)>	sig:$r2 = virtualinvoke $r5.<java.net.HttpURLConnection: java.util.Map getHeaderFields()>()	timediff:0
I/System.out(29992): body:<org.familysearch.mobile.data.FSHttpClient: org.familysearch.mobile.data.ApiResponse basicGetHttpResponseWithSessionExpire(java.lang.String,java.util.Map,java.util.Map,boolean)>	sig:virtualinvoke $r5.<java.net.HttpURLConnection: void disconnect()>()	timediff:1
I/FS Android - class org.familysearch.mobile.data.FSBaseMemoryClient(29992): Just got user memory list.
I/System.out(29992): body:<org.familysearch.mobile.data.FSHttpClient: org.familysearch.mobile.data.ApiResponse basicGetHttpResponseWithSessionExpire(java.lang.String,java.util.Map,java.util.Map,boolean)>	sig:$i0 = virtualinvoke $r5.<java.net.HttpURLConnection: int getResponseCode()>()	timediff:472
I/FS Android - class org.familysearch.mobile.data.FSHttpClient(29992): GET response: 200; request: https://familysearch.org/platform/tree/persons-with-relationships?persons=&person=LBJB-PTS&locale=en
I/System.out(29992): body:<org.familysearch.mobile.data.FSHttpClient: java.lang.String getResponseBody(java.net.HttpURLConnection)>	sig:$r3 = virtualinvoke $r0.<java.net.HttpURLConnection: java.io.InputStream getInputStream()>()	timediff:0
I/System.out(29992): body:<empirical.HelperClass: void printURLInfo(java.lang.String,java.lang.String,java.net.URLConnection)>	sig:$r0 = virtualinvoke urlConnection.<java.net.URLConnection: java.net.URL getURL()>()	timediff:0
I/System.out(29992): body:<empirical.HelperClass: void printURLInfo(java.lang.String,java.lang.String,java.net.URLConnection)>	sig:urlString = virtualinvoke $r0.<java.net.URL: java.lang.String toString()>()	timediff:0
I/System.out(29992): body:<empirical.HelperClass: void printURLInfo(java.lang.String,java.lang.String,java.net.URLConnection)>	sig:isDoOutput = virtualinvoke urlConnection.<java.net.URLConnection: boolean getDoOutput()>()	timediff:0
I/System.out(29992): body:<empirical.HelperClass: java.lang.String getHeaderField(java.net.URLConnection,java.lang.String)>	sig:data = virtualinvoke conn.<java.net.URLConnection: java.lang.String getHeaderField(java.lang.String)>(field)	timediff:0
I/System.out(29992): body:<empirical.HelperClass: java.lang.String getHeaderField(java.net.URLConnection,java.lang.String)>	sig:data = virtualinvoke conn.<java.net.URLConnection: java.lang.String getHeaderField(java.lang.String)>(field)	timediff:0
I/System.out(29992): body:<empirical.HelperClass: java.lang.String getHeaderField(java.net.URLConnection,java.lang.String)>	sig:data = virtualinvoke conn.<java.net.URLConnection: java.lang.String getHeaderField(java.lang.String)>(field)	timediff:0
I/System.out(29992): body:<empirical.HelperClass: java.lang.String getHeaderField(java.net.URLConnection,java.lang.String)>	sig:data = virtualinvoke conn.<java.net.URLConnection: java.lang.String getHeaderField(java.lang.String)>(field)	timediff:0
I/System.out(29992): body:<empirical.HelperClass: java.lang.String getHeaderField(java.net.URLConnection,java.lang.String)>	sig:data = virtualinvoke conn.<java.net.URLConnection: java.lang.String getHeaderField(java.lang.String)>(field)	timediff:1
I/System.out(29992): URLConn;%;14;%;<org.familysearch.mobile.data.FSHttpClient: java.lang.String getResponseBody(java.net.HttpURLConnection)>;%;$r3 = virtualinvoke $r0.<java.net.HttpURLConnection: java.io.InputStream getInputStream()>();%;https://familysearch.org/platform/tree/persons-with-relationships?persons=&person=LBJB-PTS&locale=en;%;false;%;Not found;%;no-transform, must-revalidate, max-age=0;%;Not found;%;Not found;%;Not found
I/System.out(29992): body:<org.familysearch.mobile.data.FSHttpClient: java.lang.String getResponseBody(java.net.HttpURLConnection)>	sig:$r4 = virtualinvoke $r0.<java.net.HttpURLConnection: java.lang.String getContentEncoding()>()	timediff:0
I/System.out(29992): body:<org.familysearch.mobile.data.FSHttpClient: java.lang.String getResponseBody(java.net.HttpURLConnection)>	sig:$r5 = virtualinvoke $r0.<java.net.HttpURLConnection: java.net.URL getURL()>()	timediff:0
I/System.out(29992): body:<org.familysearch.mobile.data.FSHttpClient: java.lang.String getResponseBody(java.net.HttpURLConnection)>	sig:$r4 = virtualinvoke $r5.<java.net.URL: java.lang.String toString()>()	timediff:0
I/System.out(29992): body:<org.familysearch.mobile.data.FSHttpClient: org.familysearch.mobile.data.ApiResponse basicGetHttpResponseWithSessionExpire(java.lang.String,java.util.Map,java.util.Map,boolean)>	sig:$r2 = virtualinvoke $r5.<java.net.HttpURLConnection: java.util.Map getHeaderFields()>()	timediff:0
I/System.out(29992): body:<org.familysearch.mobile.data.FSHttpClient: org.familysearch.mobile.data.ApiResponse basicGetHttpResponseWithSessionExpire(java.lang.String,java.util.Map,java.util.Map,boolean)>	sig:virtualinvoke $r5.<java.net.HttpURLConnection: void disconnect()>()	timediff:0
W/DebugConnManager(29992): getNetworkInfo() on networkType 1
I/ActivityManager(  484): START u0 {act=android.intent.action.CHOOSER flg=0x1 cmp=android/com.android.internal.app.ChooserActivity (has clip) (has extras)} from pid 29992
D/dalvikvm(29992): GC_CONCURRENT freed 1298K, 19% free 6026K/7408K, paused 5ms+1ms, total 15ms
W/InputMethodManagerService(  484): Window already focused, ignoring focus gain of: com.android.internal.view.IInputMethodClient$Stub$Proxy@4ac36608 attribute=null, token = android.os.BinderProxy@4a96538c
D/dalvikvm(29992): GC_CONCURRENT freed 1283K, 22% free 5825K/7408K, paused 2ms+1ms, total 14ms
D/dalvikvm(29992): WAIT_FOR_CONCURRENT_GC blocked 6ms
I/FS Android - class org.familysearch.mobile.caching.ACacheClient(29992): CACHE GET: Item (thumbnail:LBJB-PTS) is fresh.
D/FS Android - class org.familysearch.mobile.manager.PedigreeManagerBase(29992): TagListFetchComplete: done processing processing person relationships and downloading portraits.
W/ViewRootImpl(29992): Dropping event due to no window focus: KeyEvent { action=ACTION_DOWN, keyCode=KEYCODE_DPAD_RIGHT, scanCode=0, metaState=0, flags=0x8, repeatCount=0, eventTime=5899161, downTime=5899161, deviceId=-1, source=0x101 }
W/EGL_emulation(29992): eglSurfaceAttrib not implemented 3093 12436
W/ViewRootImpl(29992): Dropping event due to no window focus: KeyEvent { action=ACTION_DOWN, keyCode=KEYCODE_DPAD_RIGHT, scanCode=0, metaState=0, flags=0x8, repeatCount=0, eventTime=5899187, downTime=5899187, deviceId=-1, source=0x101 }
W/InputEventReceiver(29992): Attempted to finish an input event but the input event receiver has already been disposed.
W/InputMethodManagerService(  484): Window already focused, ignoring focus gain of: com.android.internal.view.IInputMethodClient$Stub$Proxy@4abf65b8 attribute=android.view.inputmethod.EditorInfo@4abc166c, token = android.os.BinderProxy@4a96538c
W/ViewRootImpl(29992): Dropping event due to no window focus: KeyEvent { action=ACTION_DOWN, keyCode=KEYCODE_DPAD_UP, scanCode=0, metaState=0, flags=0x8, repeatCount=0, eventTime=5899352, downTime=5899352, deviceId=-1, source=0x101 }
W/EGL_emulation(29992): eglSurfaceAttrib not implemented 3093 12436
W/InputEventReceiver(29992): Attempted to finish an input event but the input event receiver has already been disposed.
W/InputEventReceiver(29992): Attempted to finish an input event but the input event receiver has already been disposed.
W/InputEventReceiver(29992): Attempted to finish an input event but the input event receiver has already been disposed.
W/InputEventReceiver(29992): Attempted to finish an input event but the input event receiver has already been disposed.
W/ViewRootImpl(29992): Dropping event due to root view being removed: MotionEvent { action=ACTION_MOVE, id[0]=0, x[0]=897.14734, y[0]=-11.536301, toolType[0]=TOOL_TYPE_UNKNOWN, buttonState=0, metaState=0, flags=0x0, edgeFlags=0x0, pointerCount=1, historySize=0, eventTime=5899389, downTime=5899388, deviceId=0, source=0x1002 }
W/ViewRootImpl(29992): Dropping event due to root view being removed: MotionEvent { action=ACTION_UP, id[0]=0, x[0]=892.01904, y[0]=-19.680191, toolType[0]=TOOL_TYPE_UNKNOWN, buttonState=0, metaState=0, flags=0x0, edgeFlags=0x0, pointerCount=1, historySize=0, eventTime=5899390, downTime=5899388, deviceId=0, source=0x1002 }
W/ViewRootImpl(29992): Dropping event due to root view being removed: MotionEvent { action=ACTION_MOVE, id[0]=0, x[0]=-2.0, y[0]=-5.0, toolType[0]=TOOL_TYPE_UNKNOWN, buttonState=0, metaState=0, flags=0x0, edgeFlags=0x0, pointerCount=1, historySize=9, eventTime=5899386, downTime=-1, deviceId=0, source=0x10004 }
W/InputMethodManagerService(  484): Window already focused, ignoring focus gain of: com.android.internal.view.IInputMethodClient$Stub$Proxy@4a968be8 attribute=android.view.inputmethod.EditorInfo@4a966cdc, token = android.os.BinderProxy@4a96538c
V/PanelView(  536): animationTick called with dtms=0; nothing to do (h=0.0 v=0.0)
D/dalvikvm(29992): GC_FOR_ALLOC freed 749K, 23% free 5761K/7408K, paused 4ms, total 5ms
I/dalvikvm-heap(29992): Grow heap (frag case) to 6.075MB for 388512-byte allocation
D/dalvikvm(29992): GC_FOR_ALLOC freed 48K, 22% free 6092K/7788K, paused 5ms, total 5ms
D/FS Android - class org.familysearch.mobile.data.FSBaseMemoryClient(29992): About to check user memory uploads.
I/System.out(29992): body:<org.familysearch.mobile.data.FSHttpClient: java.net.HttpURLConnection createBasicConnection(java.lang.String,java.lang.String,java.util.Map,java.util.Map)>	sig:specialinvoke r14.<java.net.URL: void <init>(java.lang.String)>($r1)	timediff:0
I/System.out(29992): <org.familysearch.mobile.data.FSHttpClient: java.net.HttpURLConnection createBasicConnection(java.lang.String,java.lang.String,java.util.Map,java.util.Map)>###specialinvoke r14.<java.net.URL: void <init>(java.lang.String)>($r1)###https://familysearch.org/artifactmanager/patrons/cis.user.MM9K-SQRY/artifacts.json?sessionId=3a8545b3-4a13-4a92-8200-7ccd330e1b16-production&artifactCategory=TEXT
I/System.out(29992): body:<org.familysearch.mobile.data.FSHttpClient: java.net.HttpURLConnection createBasicConnection(java.lang.String,java.lang.String,java.util.Map,java.util.Map)>	sig:$r8 = virtualinvoke $r5.<java.net.URL: java.net.URLConnection openConnection()>()	timediff:0
I/System.out(29992): body:<org.familysearch.mobile.data.FSHttpClient: java.net.HttpURLConnection createBasicConnection(java.lang.String,java.lang.String,java.util.Map,java.util.Map)>	sig:virtualinvoke $r9.<java.net.HttpURLConnection: void setRequestMethod(java.lang.String)>($r0)	timediff:1
I/System.out(29992): body:<org.familysearch.mobile.data.FSHttpClient: java.net.HttpURLConnection createBasicConnection(java.lang.String,java.lang.String,java.util.Map,java.util.Map)>	sig:virtualinvoke $r9.<java.net.HttpURLConnection: void setDoInput(boolean)>(1)	timediff:0
I/System.out(29992): body:<org.familysearch.mobile.data.FSHttpClient: java.net.HttpURLConnection createBasicConnection(java.lang.String,java.lang.String,java.util.Map,java.util.Map)>	sig:virtualinvoke $r9.<java.net.HttpURLConnection: void setRequestProperty(java.lang.String,java.lang.String)>("User-Agent", $r1)	timediff:0
I/System.out(29992): body:<org.familysearch.mobile.data.FSHttpClient: java.net.HttpURLConnection createBasicConnection(java.lang.String,java.lang.String,java.util.Map,java.util.Map)>	sig:virtualinvoke $r9.<java.net.HttpURLConnection: void setRequestProperty(java.lang.String,java.lang.String)>($r1, $r0)	timediff:0
I/System.out(29992): body:<org.familysearch.mobile.data.FSHttpClient: java.net.HttpURLConnection createBasicConnection(java.lang.String,java.lang.String,java.util.Map,java.util.Map)>	sig:virtualinvoke $r9.<java.net.HttpURLConnection: void setRequestProperty(java.lang.String,java.lang.String)>($r1, $r0)	timediff:0
I/System.out(29992): body:<org.familysearch.mobile.data.FSHttpClient: java.net.HttpURLConnection createBasicConnection(java.lang.String,java.lang.String,java.util.Map,java.util.Map)>	sig:virtualinvoke $r9.<java.net.HttpURLConnection: void setRequestProperty(java.lang.String,java.lang.String)>($r1, $r0)	timediff:0
I/System.out(29992): body:<org.familysearch.mobile.data.FSHttpClient: java.net.HttpURLConnection createBasicConnection(java.lang.String,java.lang.String,java.util.Map,java.util.Map)>	sig:virtualinvoke $r9.<java.net.HttpURLConnection: void setRequestProperty(java.lang.String,java.lang.String)>($r1, $r0)	timediff:0
I/System.out(29992): body:<org.familysearch.mobile.data.FSHttpClient: java.net.HttpURLConnection createAcceptConnection(java.lang.String,java.lang.String,java.util.Map,java.util.Map)>	sig:virtualinvoke $r4.<java.net.HttpURLConnection: void setRequestProperty(java.lang.String,java.lang.String)>("Accept", "application/json")	timediff:0
W/ViewRootImpl(29992): Dropping event due to no window focus: KeyEvent { action=ACTION_DOWN, keyCode=KEYCODE_MENU, scanCode=0, metaState=0, flags=0x8, repeatCount=0, eventTime=5899988, downTime=5899988, deviceId=-1, source=0x101 }
W/ViewRootImpl(29992): Dropping event due to no window focus: KeyEvent { action=ACTION_DOWN, keyCode=KEYCODE_MENU, scanCode=0, metaState=0, flags=0x8, repeatCount=0, eventTime=5900024, downTime=5900024, deviceId=-1, source=0x101 }
W/EGL_emulation(29992): eglSurfaceAttrib not implemented 3093 12436
I/System.out(29992): body:<org.familysearch.mobile.data.FSHttpClient: org.familysearch.mobile.data.ApiResponse basicGetHttpResponseWithSessionExpire(java.lang.String,java.util.Map,java.util.Map,boolean)>	sig:virtualinvoke $r5.<java.net.HttpURLConnection: void connect()>()	timediff:319
W/InputEventReceiver(29992): Attempted to finish an input event but the input event receiver has already been disposed.
W/InputMethodManagerService(  484): Window already focused, ignoring focus gain of: com.android.internal.view.IInputMethodClient$Stub$Proxy@4afba638 attribute=android.view.inputmethod.EditorInfo@4abc3310, token = android.os.BinderProxy@4a96538c
W/EGL_emulation(29992): eglSurfaceAttrib not implemented 3093 12436
W/ViewRootImpl(29992): Dropping event due to no window focus: KeyEvent { action=ACTION_DOWN, keyCode=KEYCODE_DPAD_DOWN, scanCode=0, metaState=0, flags=0x8, repeatCount=0, eventTime=5900361, downTime=5900361, deviceId=-1, source=0x101 }
W/InputEventReceiver(29992): Attempted to finish an input event but the input event receiver has already been disposed.
W/InputMethodManagerService(  484): Window already focused, ignoring focus gain of: com.android.internal.view.IInputMethodClient$Stub$Proxy@4aa91750 attribute=null, token = android.os.BinderProxy@4a96538c
W/ViewRootImpl(29992): Dropping event due to no window focus: KeyEvent { action=ACTION_DOWN, keyCode=KEYCODE_BUTTON_R2, scanCode=0, metaState=0, flags=0x8, repeatCount=0, eventTime=5900655, downTime=5900655, deviceId=-1, source=0x101 }
W/EGL_emulation(29992): eglSurfaceAttrib not implemented 3093 12436
I/System.out(29992): body:<org.familysearch.mobile.data.FSHttpClient: org.familysearch.mobile.data.ApiResponse basicGetHttpResponseWithSessionExpire(java.lang.String,java.util.Map,java.util.Map,boolean)>	sig:$i0 = virtualinvoke $r5.<java.net.HttpURLConnection: int getResponseCode()>()	timediff:808
I/FS Android - class org.familysearch.mobile.data.FSHttpClient(29992): GET response: 200; request: https://familysearch.org/artifactmanager/patrons/cis.user.MM9K-SQRY/artifacts.json?sessionId=3a8545b3-4a13-4a92-8200-7ccd330e1b16-production&artifactCategory=TEXT
I/System.out(29992): body:<org.familysearch.mobile.data.FSHttpClient: java.lang.String getResponseBody(java.net.HttpURLConnection)>	sig:$r3 = virtualinvoke $r0.<java.net.HttpURLConnection: java.io.InputStream getInputStream()>()	timediff:0
I/System.out(29992): body:<empirical.HelperClass: void printURLInfo(java.lang.String,java.lang.String,java.net.URLConnection)>	sig:$r0 = virtualinvoke urlConnection.<java.net.URLConnection: java.net.URL getURL()>()	timediff:0
I/System.out(29992): body:<empirical.HelperClass: void printURLInfo(java.lang.String,java.lang.String,java.net.URLConnection)>	sig:urlString = virtualinvoke $r0.<java.net.URL: java.lang.String toString()>()	timediff:0
I/System.out(29992): body:<empirical.HelperClass: void printURLInfo(java.lang.String,java.lang.String,java.net.URLConnection)>	sig:isDoOutput = virtualinvoke urlConnection.<java.net.URLConnection: boolean getDoOutput()>()	timediff:0
I/System.out(29992): body:<empirical.HelperClass: java.lang.String getHeaderField(java.net.URLConnection,java.lang.String)>	sig:data = virtualinvoke conn.<java.net.URLConnection: java.lang.String getHeaderField(java.lang.String)>(field)	timediff:0
I/System.out(29992): body:<empirical.HelperClass: java.lang.String getHeaderField(java.net.URLConnection,java.lang.String)>	sig:data = virtualinvoke conn.<java.net.URLConnection: java.lang.String getHeaderField(java.lang.String)>(field)	timediff:0
I/System.out(29992): body:<empirical.HelperClass: java.lang.String getHeaderField(java.net.URLConnection,java.lang.String)>	sig:data = virtualinvoke conn.<java.net.URLConnection: java.lang.String getHeaderField(java.lang.String)>(field)	timediff:0
I/System.out(29992): body:<empirical.HelperClass: java.lang.String getHeaderField(java.net.URLConnection,java.lang.String)>	sig:data = virtualinvoke conn.<java.net.URLConnection: java.lang.String getHeaderField(java.lang.String)>(field)	timediff:0
I/System.out(29992): body:<empirical.HelperClass: java.lang.String getHeaderField(java.net.URLConnection,java.lang.String)>	sig:data = virtualinvoke conn.<java.net.URLConnection: java.lang.String getHeaderField(java.lang.String)>(field)	timediff:0
I/System.out(29992): URLConn;%;15;%;<org.familysearch.mobile.data.FSHttpClient: java.lang.String getResponseBody(java.net.HttpURLConnection)>;%;$r3 = virtualinvoke $r0.<java.net.HttpURLConnection: java.io.InputStream getInputStream()>();%;https://www.familysearch.org/artifactmanager/patrons/cis.user.MM9K-SQRY/artifacts.json?sessionId=3a8545b3-4a13-4a92-8200-7ccd330e1b16-production&artifactCategory=TEXT;%;false;%;79;%;Not found;%;Not found;%;Not found;%;ak_bmsc=7FB9A59E6F7859A75140327640688E14C8B6230D3A270000281AD95A5520F86B~ploy0n+ny/OtHibZjgsebVvtZ2CmOy3M5X3NZW0A9xMbFPDjWqdll5+oh6K0UIraQuZaNBA9Fs87rIbvzuBpuvcXXTyYKGkxED9mvVhiByTfYikMb1HoR4BAuYUnsW2T9V42KzxXrHQd9dMIdUqBVeH2BGLs5smOjCpeag4RooKuhAQZZtcXfM/+Ylag91iYszB0IfqfgB4VLaaU0ZeM453nuaKS6Df3XUJbWy2Uz2Gos=; expires=Fri, 20 Apr 2018 00:37:28 GMT; max-age=7200; path=/; domain=.familysearch.org; HttpOnly
I/System.out(29992): body:<org.familysearch.mobile.data.FSHttpClient: java.lang.String getResponseBody(java.net.HttpURLConnection)>	sig:$r4 = virtualinvoke $r0.<java.net.HttpURLConnection: java.lang.String getContentEncoding()>()	timediff:0
I/System.out(29992): body:<org.familysearch.mobile.data.FSHttpClient: java.lang.String getResponseBody(java.net.HttpURLConnection)>	sig:$r5 = virtualinvoke $r0.<java.net.HttpURLConnection: java.net.URL getURL()>()	timediff:0
I/System.out(29992): body:<org.familysearch.mobile.data.FSHttpClient: java.lang.String getResponseBody(java.net.HttpURLConnection)>	sig:$r4 = virtualinvoke $r5.<java.net.URL: java.lang.String toString()>()	timediff:0
I/System.out(29992): body:<org.familysearch.mobile.data.FSHttpClient: org.familysearch.mobile.data.ApiResponse basicGetHttpResponseWithSessionExpire(java.lang.String,java.util.Map,java.util.Map,boolean)>	sig:$r2 = virtualinvoke $r5.<java.net.HttpURLConnection: java.util.Map getHeaderFields()>()	timediff:0
I/System.out(29992): body:<org.familysearch.mobile.data.FSHttpClient: org.familysearch.mobile.data.ApiResponse basicGetHttpResponseWithSessionExpire(java.lang.String,java.util.Map,java.util.Map,boolean)>	sig:virtualinvoke $r5.<java.net.HttpURLConnection: void disconnect()>()	timediff:0
I/FS Android - class org.familysearch.mobile.data.FSBaseMemoryClient(29992): Just got user memory list.
I/FS Android - class org.familysearch.mobile.caching.ACacheClient(29992): CACHE GET: Item (story_list:MY_STORY_LIST_UPLOADS_KEY) was in the cloud and is good to go.
W/InputEventReceiver(29992): Attempted to finish an input event but the input event receiver has already been disposed.
D/dalvikvm(29992): GC_CONCURRENT freed 966K, 21% free 6169K/7788K, paused 3ms+3ms, total 34ms
W/ViewRootImpl(29992): Dropping event due to no window focus: KeyEvent { action=ACTION_DOWN, keyCode=KEYCODE_DPAD_DOWN, scanCode=0, metaState=0, flags=0x8, repeatCount=0, eventTime=5900977, downTime=5900977, deviceId=-1, source=0x101 }
W/InputMethodManagerService(  484): Window already focused, ignoring focus gain of: com.android.internal.view.IInputMethodClient$Stub$Proxy@4abc6dc4 attribute=null, token = android.os.BinderProxy@4a96538c
I/ActivityManager(  484): START u0 {act=android.intent.action.MAIN cat=[android.intent.category.LAUNCHER] flg=0x10000000 cmp=com.android.browser/.BrowserActivity sel={act=android.intent.action.MAIN cat=[android.intent.category.APP_BROWSER]}} from pid 484
I/ActivityManager(  484): START u0 {act=android.intent.action.MAIN cat=[android.intent.category.LAUNCHER] flg=0x10200000 cmp=org.familysearch.mobile.memories/.ui.activity.LoginActivity} from pid 29982
W/ViewRootImpl(29992): Dropping event due to no window focus: KeyEvent { action=ACTION_DOWN, keyCode=KEYCODE_DPAD_CENTER, scanCode=0, metaState=0, flags=0x8, repeatCount=0, eventTime=5901156, downTime=5901156, deviceId=-1, source=0x101 }
W/EGL_emulation(29992): eglSurfaceAttrib not implemented 3093 12436
W/ViewRootImpl(29992): Dropping event due to no window focus: KeyEvent { action=ACTION_DOWN, keyCode=KEYCODE_MENU, scanCode=0, metaState=0, flags=0x8, repeatCount=0, eventTime=5901178, downTime=5901178, deviceId=-1, source=0x101 }
W/InputEventReceiver(29992): Attempted to finish an input event but the input event receiver has already been disposed.
W/InputEventReceiver(29992): Attempted to finish an input event but the input event receiver has already been disposed.
W/InputEventReceiver(29992): Attempted to finish an input event but the input event receiver has already been disposed.
W/ViewRootImpl(29992): Dropping event due to root view being removed: MotionEvent { action=ACTION_DOWN, id[0]=0, x[0]=-782.0, y[0]=339.0, toolType[0]=TOOL_TYPE_UNKNOWN, buttonState=0, metaState=0, flags=0x0, edgeFlags=0x0, pointerCount=1, historySize=0, eventTime=5901221, downTime=5901221, deviceId=0, source=0x1002 }
W/ViewRootImpl(29992): Dropping event due to root view being removed: MotionEvent { action=ACTION_UP, id[0]=0, x[0]=-767.2305, y[0]=341.67557, toolType[0]=TOOL_TYPE_UNKNOWN, buttonState=0, metaState=0, flags=0x0, edgeFlags=0x0, pointerCount=1, historySize=0, eventTime=5901222, downTime=5901221, deviceId=0, source=0x1002 }
W/InputMethodManagerService(  484): Window already focused, ignoring focus gain of: com.android.internal.view.IInputMethodClient$Stub$Proxy@4ac1694c attribute=null, token = android.os.BinderProxy@4a96538c
W/EGL_emulation(29992): eglSurfaceAttrib not implemented 3093 12436
W/ViewRootImpl(29992): Dropping event due to no window focus: KeyEvent { action=ACTION_DOWN, keyCode=KEYCODE_CALL, scanCode=0, metaState=0, flags=0x8, repeatCount=0, eventTime=5901310, downTime=5901310, deviceId=-1, source=0x101 }
W/InputEventReceiver(29992): Attempted to finish an input event but the input event receiver has already been disposed.
W/InputEventReceiver(29992): Attempted to finish an input event but the input event receiver has already been disposed.
W/ViewRootImpl(29992): Dropping event due to root view being removed: MotionEvent { action=ACTION_POINTER_DOWN(1), id[0]=0, x[0]=70.00256, y[0]=492.80695, toolType[0]=TOOL_TYPE_UNKNOWN, id[1]=1, x[1]=-378.0, y[1]=289.0, toolType[1]=TOOL_TYPE_UNKNOWN, buttonState=0, metaState=0, flags=0x0, edgeFlags=0x0, pointerCount=2, historySize=0, eventTime=5901374, downTime=5901371, deviceId=0, source=0x1002 }
W/ViewRootImpl(29992): Dropping event due to root view being removed: MotionEvent { action=ACTION_MOVE, id[0]=0, x[0]=70.042725, y[0]=419.87195, toolType[0]=TOOL_TYPE_UNKNOWN, id[1]=1, x[1]=-428.98352, y[1]=359.38712, toolType[1]=TOOL_TYPE_UNKNOWN, buttonState=0, metaState=0, flags=0x0, edgeFlags=0x0, pointerCount=2, historySize=7, eventTime=5901397, downTime=5901371, deviceId=0, source=0x1002 }
W/InputEventReceiver(29992): Attempted to finish an input event but the input event receiver has already been disposed.
W/InputEventReceiver(29992): Attempted to finish an input event but the input event receiver has already been disposed.
W/InputEventReceiver(29992): Attempted to finish an input event but the input event receiver has already been disposed.
