--------- beginning of /dev/log/main
I/Icing   (12266): Indexing F4FAA6262FE39DDD50BAE6B7AF5CDB8D73BA0DB0 from com.google.android.gms
D/dalvikvm(12266): GC_CONCURRENT freed 1768K, 42% free 7852K/13516K, paused 4ms+2ms, total 16ms
I/Icing   (12266): Indexing done F4FAA6262FE39DDD50BAE6B7AF5CDB8D73BA0DB0
D/AndroidRuntime(25031): 
D/AndroidRuntime(25031): >>>>>> AndroidRuntime START com.android.internal.os.RuntimeInit <<<<<<
D/AndroidRuntime(25031): CheckJNI is OFF
D/dalvikvm(25031): Using executionMode 2
D/dalvikvm(25031): Trying to load lib libjavacore.so 0x0
D/dalvikvm(25031): Added shared lib libjavacore.so 0x0
D/dalvikvm(25031): Trying to load lib libnativehelper.so 0x0
D/dalvikvm(25031): Added shared lib libnativehelper.so 0x0
D/dalvikvm(25031): No JNI_OnLoad found in libnativehelper.so 0x0, skipping init
D/dalvikvm(25031): Note: class Landroid/app/ActivityManagerNative; has 179 unimplemented (abstract) methods
E/memtrack(25031): Couldn't load memtrack module (No such file or directory)
E/android.os.Debug(25031): failed to load memtrack module: -2
D/AndroidRuntime(25031): Calling main entry com.android.commands.monkey.Monkey
--------- beginning of /dev/log/system
W/BroadcastQueue(  469): Skipping deliver [background] BroadcastRecord{4b1cb1a8 u-1 android.net.conn.CONNECTIVITY_CHANGE} to ReceiverList{4b167aac 25031 (unknown name)/0/u-1 remote:4b0b6e38}: process crashing
D/yeshen  (  649): launcher onpause
I/ActivityManager(  469): START u0 {act=android.intent.action.MAIN cat=[android.intent.category.LAUNCHER] flg=0x10200000 cmp=com.neulion.smartphone.btn2go.android/com.neulion.btn2go.ui.activity.SplashActivity} from pid 25031
W/NetworkManagementSocketTagger(  469): setKernelCountSet(10089, 1) failed with errno -13
I/ActivityManager(  469): Start proc com.neulion.smartphone.btn2go.android for activity com.neulion.smartphone.btn2go.android/com.neulion.btn2go.ui.activity.SplashActivity: pid=25041 uid=10089 gids={50089, 3003, 1028, 1015, 1023}
I/dalvikvm(25041): ignoring registerObject request in thread=1
I/dalvikvm(25041): ignoring registerObject request in thread=1
I/MultiDex(25041): VM with version 1.6.0 does not have multidex support
I/MultiDex(25041): install
I/MultiDex(25041): MultiDexExtractor.load(/data/app/com.neulion.smartphone.btn2go.android-1.apk, false)
I/MultiDex(25041): Detected that extraction must be performed.
D/dalvikvm(25041): JIT code cache reset in 0 ms (0 bytes 1/0)
D/dalvikvm(25041): GC_CONCURRENT freed 172K, 9% free 3067K/3340K, paused 1ms+3ms, total 6ms
D/dalvikvm(25041): GC_CONCURRENT freed 138K, 7% free 3413K/3660K, paused 0ms+0ms, total 3ms
I/MultiDex(25041): Extraction is needed for file /data/data/com.neulion.smartphone.btn2go.android/code_cache/secondary-dexes/com.neulion.smartphone.btn2go.android-1.apk.classes2.zip
I/MultiDex(25041): Extracting /data/data/com.neulion.smartphone.btn2go.android/code_cache/secondary-dexes/com.neulion.smartphone.btn2go.android-1.apk.classes-694962639.zip
I/MultiDex(25041): Renaming to /data/data/com.neulion.smartphone.btn2go.android/code_cache/secondary-dexes/com.neulion.smartphone.btn2go.android-1.apk.classes2.zip
I/MultiDex(25041): Extraction success - length /data/data/com.neulion.smartphone.btn2go.android/code_cache/secondary-dexes/com.neulion.smartphone.btn2go.android-1.apk.classes2.zip: 2146208
I/MultiDex(25041): load found 1 secondary dex files
D/dalvikvm(25041): DexOpt: --- BEGIN 'com.neulion.smartphone.btn2go.android-1.apk.classes2.zip' (bootstrap=0) ---
D/dalvikvm(25055): DexOpt: load 51ms, verify+opt 169ms, 4598380 bytes
D/dalvikvm(25041): DexOpt: --- END 'com.neulion.smartphone.btn2go.android-1.apk.classes2.zip' (success) ---
D/dalvikvm(25041): DEX prep '/data/data/com.neulion.smartphone.btn2go.android/code_cache/secondary-dexes/com.neulion.smartphone.btn2go.android-1.apk.classes2.zip': unzip in 39ms, rewrite 424ms
I/MultiDex(25041): install done
I/dalvikvm(25041): Could not find method android.content.pm.PackageManager.getPackageInstaller, referenced from method com.google.android.gms.common.k.zzi
W/dalvikvm(25041): VFY: unable to resolve virtual method 791: Landroid/content/pm/PackageManager;.getPackageInstaller ()Landroid/content/pm/PackageInstaller;
D/dalvikvm(25041): VFY: replacing opcode 0x6e at 0x000a
D/dalvikvm(25041): GC_CONCURRENT freed 209K, 9% free 3592K/3908K, paused 2ms+0ms, total 4ms
I/GMPM    (25041): App measurement is starting up, version: 8487
I/GMPM    (25041): To enable debug logging run: adb shell setprop log.tag.GMPM VERBOSE
E/GMPM    (25041): GoogleService failed to initialize, status: 10, Missing an expected resource: 'R.string.google_app_id' for initializing Google services.  Possible causes are missing google-services.json or com.google.gms.google-services gradle plugin.
E/GMPM    (25041): Scheduler not set. Not logging error/warn.
E/GMPM    (25041): Uploading is not possible. App measurement disabled
D/dalvikvm(25041): GC_CONCURRENT freed 1024K, 28% free 2990K/4120K, paused 2ms+0ms, total 5ms
D/dalvikvm(25041): GC_CONCURRENT freed 179K, 20% free 3298K/4120K, paused 1ms+0ms, total 3ms
D/dalvikvm(25041): GC_CONCURRENT freed 139K, 12% free 3646K/4120K, paused 0ms+0ms, total 2ms
I/dalvikvm(25041): Could not find method android.content.Context.getNoBackupFilesDir, referenced from method com.urbanairship.util.DataManager.a
W/dalvikvm(25041): VFY: unable to resolve virtual method 618: Landroid/content/Context;.getNoBackupFilesDir ()Ljava/io/File;
D/dalvikvm(25041): VFY: replacing opcode 0x6e at 0x0020
V/WebViewChromium(25041): Binding Chromium to the background looper Looper (main, tid 1) {4a7c2e5c}
I/chromium(25041): [INFO:library_loader_hooks.cc(112)] Chromium logging enabled: level = 0, default verbosity = 0
I/BrowserProcessMain(25041): Initializing chromium process, renderers=0
D/dalvikvm(25041): GC_CONCURRENT freed 242K, 9% free 3801K/4156K, paused 1ms+0ms, total 4ms
W/chromium(25041): [WARNING:proxy_service.cc(888)] PAC support disabled because there is no system implementation
I/dalvikvm(25041): Could not find method android.content.Context.checkSelfPermission, referenced from method com.urbanairship.actions.Action.requestPermissions
W/dalvikvm(25041): VFY: unable to resolve virtual method 596: Landroid/content/Context;.checkSelfPermission (Ljava/lang/String;)I
D/dalvikvm(25041): VFY: replacing opcode 0x6e at 0x0010
D/libEGL  (25041): loaded /system/lib/egl/libEGL_adreno.so
D/        (25041): HostConnection::get() New Host Connection established 0xb7a6f340, tid 25041
D/libEGL  (25041): loaded /system/lib/egl/libGLESv1_CM_adreno.so
D/libEGL  (25041): loaded /system/lib/egl/libGLESv2_adreno.so
D/dalvikvm(25041): GC_FOR_ALLOC freed 143K, 6% free 3988K/4236K, paused 3ms, total 3ms
I/dalvikvm-heap(25041): Grow heap (frag case) to 4.596MB for 635808-byte allocation
D/dalvikvm(25041): GC_FOR_ALLOC freed 1K, 6% free 4607K/4860K, paused 2ms, total 2ms
D/dalvikvm(25041): GC_CONCURRENT freed 3K, 5% free 4617K/4860K, paused 2ms+1ms, total 5ms
W/dalvikvm(25041): VFY: unable to find class referenced in signature (Lokhttp3/Request;)
W/dalvikvm(25041): VFY: unable to find class referenced in signature (Lokhttp3/Response;)
I/dalvikvm(25041): Could not find method okhttp3.Response.headers, referenced from method empirical.HelperClass.printOkHttpInfo
W/dalvikvm(25041): VFY: unable to resolve virtual method 62863: Lokhttp3/Response;.headers ()Lokhttp3/Headers;
D/dalvikvm(25041): VFY: replacing opcode 0x6e at 0x0006
W/dalvikvm(25041): VFY: unable to find class referenced in signature (Lokhttp3/Call;)
W/dalvikvm(25041): VFY: unable to find class referenced in signature (Lokhttp3/Response;)
I/dalvikvm(25041): Could not find method okhttp3.Call.request, referenced from method empirical.HelperClass.printOkHttpInfoFromCall
W/dalvikvm(25041): VFY: unable to resolve interface method 62857: Lokhttp3/Call;.request ()Lokhttp3/Request;
D/dalvikvm(25041): VFY: replacing opcode 0x72 at 0x0006
I/System.out(25041): body:<com.neulion.common.b.e: com.android.volley.q a(android.content.Context,int,java.lang.String,boolean)>	sig:specialinvoke r11.<java.net.CookieManager: void <init>(java.net.CookieStore,java.net.CookiePolicy)>(null, $r3)	timediff:0
I/System.out(25041): body:<com.neulion.common.b.e: com.android.volley.q a(android.content.Context,int,java.lang.String,boolean)>	sig:staticinvoke <java.net.CookieHandler: void setDefault(java.net.CookieHandler)>($r5)	timediff:0
I/System.out(25041): body:<b.ag$a: void <init>()>	sig:$r4 = staticinvoke <java.net.ProxySelector: java.net.ProxySelector getDefault()>()	timediff:0
I/dalvikvm(25041): Could not find method android.widget.ImageView.<init>, referenced from method com.facebook.drawee.view.DraweeView.<init>
W/dalvikvm(25041): VFY: unable to resolve direct method 22288: Landroid/widget/ImageView;.<init> (Landroid/content/Context;Landroid/util/AttributeSet;II)V
D/dalvikvm(25041): VFY: replacing opcode 0x70 at 0x0000
D/dalvikvm(25041): GC_CONCURRENT freed 287K, 8% free 4846K/5236K, paused 5ms+1ms, total 9ms
W/dalvikvm(25041): Found non-abstract interface method Lcom/crashlytics/android/answers/w;.e ()Z
I/dalvikvm(25041): Could not find method com.crashlytics.android.answers.w.e, referenced from method com.crashlytics.android.answers.g.run
W/dalvikvm(25041): VFY: unable to resolve interface method 31933: Lcom/crashlytics/android/answers/w;.e ()Z
D/dalvikvm(25041): VFY: replacing opcode 0x72 at 0x0011
I/CrashlyticsCore(25041): Initializing Crashlytics 2.3.5.79
D/dalvikvm(25041): GC_CONCURRENT freed 289K, 8% free 5191K/5584K, paused 1ms+1ms, total 6ms
I/dalvikvm(25041): Could not find method android.app.Notification$Builder.setLocalOnly, referenced from method com.google.android.gms.common.GooglePlayServicesUtil.zza
W/dalvikvm(25041): VFY: unable to resolve virtual method 444: Landroid/app/Notification$Builder;.setLocalOnly (Z)Landroid/app/Notification$Builder;
D/dalvikvm(25041): VFY: replacing opcode 0x6e at 0x0100
D/dalvikvm(25041): GC_CONCURRENT freed 332K, 8% free 5648K/6096K, paused 2ms+1ms, total 10ms
D/dalvikvm(25041): WAIT_FOR_CONCURRENT_GC blocked 4ms
D/dalvikvm(25041): WAIT_FOR_CONCURRENT_GC blocked 4ms
D/dalvikvm(25041): WAIT_FOR_CONCURRENT_GC blocked 5ms
D/dalvikvm(25041): WAIT_FOR_CONCURRENT_GC blocked 2ms
I/KochavaTracker(25041): Feature initialization. Library version: Android20160615
E/ActivityThread(25041): Failed to find provider info for com.facebook.katana.provider.AttributionIdProvider
F/Adjust  (25041): PRODUCTION: Adjust is running in Production mode. Use this setting only for the build that you want to publish. Set the environment to `sandbox` if you want to test your app!
D/CrashReporting(25041): Crash reporting is enabled for com.neulion.smartphone.btn2go.android, initializing...
D/CrashReporting(25041): Looking for error files in /data/data/com.neulion.smartphone.btn2go.android/files/com.parse/cr/reports
D/CrashReporting(25041): Looking for error files in /data/data/com.neulion.smartphone.btn2go.android/files/com.parse/cr/minidumps
D/dalvikvm(25041): GC_CONCURRENT freed 634K, 12% free 5843K/6580K, paused 2ms+1ms, total 6ms
W/SocketClient(  162): write error (Broken pipe)
E/SurfaceFlinger(  166): glCheckFramebufferStatusOES error 36054
E/SurfaceFlinger(  166): got GL_FRAMEBUFFER_COMPLETE_OES error while taking screenshot
D/SurfaceFlinger(  166): setOrientation, mFbdev=0xb7c3b050, mFbDev->setOrientation=0xb6a01ce0, orientation=3
I/gralloc_nox(  166): setOrientation: orientation=3
I/InputReader(  469): Reconfiguring input devices.  changes=0x00000004
I/InputReader(  469): Device reconfigured: id=1, name='seamless mouse', size 1280x720, orientation 3, mode 1, display id 0
I/InputReader(  469): Device reconfigured: id=3, name='Android Input', size 1280x720, orientation 3, mode 1, display id 0
I/InputReader(  469): Device reconfigured: id=8, name='VirtualBox USB Tablet', size 1280x720, orientation 3, mode 1, display id 0
D/Tinker.DefaultAppLike(  649): onConfigurationChanged:{1.0 310mcc16mnc en_US ldltr sw480dp w480dp h828dp 240dpi lrg long port finger -keyb/v/h dpad/v s.62}
D/PhoneStatusBar(  529): mSettingsPanelGravity = 55
I/ActivityManager(  469): Config changes=480 {1.0 310mcc16mnc en_US ldltr sw480dp w480dp h828dp 240dpi lrg long port finger -keyb/v/h dpad/v s.62}
D/Sensors (  469): Client connection accepted (186)
D/dalvikvm(  529): GC_FOR_ALLOC freed 30K, 65% free 7093K/20028K, paused 3ms, total 3ms
I/dalvikvm-heap(  529): Grow heap (frag case) to 13.275MB for 6553612-byte allocation
D/dalvikvm(  529): GC_FOR_ALLOC freed 3K, 49% free 13489K/26432K, paused 6ms, total 6ms
D/dalvikvm(25041): GC_FOR_ALLOC freed 1347K, 22% free 5300K/6748K, paused 8ms, total 8ms
I/dalvikvm-heap(25041): Grow heap (frag case) to 5.912MB for 671772-byte allocation
D/dalvikvm(  529): GC_CONCURRENT freed 0K, 49% free 13490K/26432K, paused 1ms+1ms, total 4ms
D/dalvikvm(25041): GC_FOR_ALLOC freed 5K, 20% free 5950K/7408K, paused 7ms, total 7ms
D/yeshen  (  649): launcher onstop
D/dalvikvm(25041): GC_FOR_ALLOC freed 69K, 21% free 5907K/7408K, paused 6ms, total 7ms
I/dalvikvm-heap(25041): Grow heap (frag case) to 6.133MB for 282144-byte allocation
D/dalvikvm(25041): GC_FOR_ALLOC freed 10K, 20% free 6172K/7684K, paused 4ms, total 4ms
I/dalvikvm(25041): Could not find method android.graphics.drawable.Drawable.setHotspot, referenced from method com.facebook.drawee.drawable.ForwardingDrawable.setHotspot
W/dalvikvm(25041): VFY: unable to resolve virtual method 1320: Landroid/graphics/drawable/Drawable;.setHotspot (FF)V
D/dalvikvm(25041): VFY: replacing opcode 0x6e at 0x0002
I/dalvikvm(25041): Could not find method android.graphics.drawable.Drawable.setHotspot, referenced from method com.facebook.drawee.drawable.ArrayDrawable.setHotspot
W/dalvikvm(25041): VFY: unable to resolve virtual method 1320: Landroid/graphics/drawable/Drawable;.setHotspot (FF)V
D/dalvikvm(25041): VFY: replacing opcode 0x6e at 0x000c
D/NeuLionTracking(25041): NeuLionTracking Framework version 3.3.9
W/Launcher(  649): setApplicationContext called twice! old=com.vphone.launcher.LauncherApplicationEx@4a7c6dcc new=com.vphone.launcher.LauncherApplicationEx@4a7c6dcc
D/KeepAlive(25041): cancel()
D/KeepAlive(25041): start(3000)
I/System.out(25041): body:<com.comscore.c.a: java.lang.String a()>	sig:$r2 = staticinvoke <java.net.URLEncoder: java.lang.String encode(java.lang.String,java.lang.String)>($r2, "UTF-8")	timediff:0
I/System.out(25041): body:<com.comscore.c.a: java.lang.String a()>	sig:$r2 = staticinvoke <java.net.URLEncoder: java.lang.String encode(java.lang.String,java.lang.String)>($r2, "UTF-8")	timediff:0
I/System.out(25041): body:<com.comscore.c.a: java.lang.String a()>	sig:$r2 = staticinvoke <java.net.URLEncoder: java.lang.String encode(java.lang.String,java.lang.String)>($r2, "UTF-8")	timediff:0
I/System.out(25041): body:<com.comscore.c.a: java.lang.String a()>	sig:$r2 = staticinvoke <java.net.URLEncoder: java.lang.String encode(java.lang.String,java.lang.String)>($r2, "UTF-8")	timediff:0
I/System.out(25041): body:<com.comscore.c.a: java.lang.String a()>	sig:$r2 = staticinvoke <java.net.URLEncoder: java.lang.String encode(java.lang.String,java.lang.String)>($r2, "UTF-8")	timediff:0
I/System.out(25041): body:<com.comscore.c.a: java.lang.String a()>	sig:$r2 = staticinvoke <java.net.URLEncoder: java.lang.String encode(java.lang.String,java.lang.String)>($r2, "UTF-8")	timediff:0
I/System.out(25041): body:<com.comscore.c.a: java.lang.String a()>	sig:$r2 = staticinvoke <java.net.URLEncoder: java.lang.String encode(java.lang.String,java.lang.String)>($r2, "UTF-8")	timediff:0
I/System.out(25041): body:<com.comscore.c.a: java.lang.String a()>	sig:$r2 = staticinvoke <java.net.URLEncoder: java.lang.String encode(java.lang.String,java.lang.String)>($r2, "UTF-8")	timediff:0
I/System.out(25041): body:<com.comscore.c.a: java.lang.String a()>	sig:$r2 = staticinvoke <java.net.URLEncoder: java.lang.String encode(java.lang.String,java.lang.String)>($r2, "UTF-8")	timediff:0
I/System.out(25041): body:<com.comscore.c.a: java.lang.String a()>	sig:$r2 = staticinvoke <java.net.URLEncoder: java.lang.String encode(java.lang.String,java.lang.String)>($r2, "UTF-8")	timediff:0
I/System.out(25041): body:<com.comscore.c.a: java.lang.String a()>	sig:$r2 = staticinvoke <java.net.URLEncoder: java.lang.String encode(java.lang.String,java.lang.String)>($r2, "UTF-8")	timediff:0
I/System.out(25041): body:<com.comscore.c.a: java.lang.String a()>	sig:$r2 = staticinvoke <java.net.URLEncoder: java.lang.String encode(java.lang.String,java.lang.String)>($r2, "UTF-8")	timediff:0
I/System.out(25041): body:<com.comscore.c.a: java.lang.String a()>	sig:$r2 = staticinvoke <java.net.URLEncoder: java.lang.String encode(java.lang.String,java.lang.String)>($r2, "UTF-8")	timediff:0
I/System.out(25041): body:<com.comscore.c.a: java.lang.String a()>	sig:$r2 = staticinvoke <java.net.URLEncoder: java.lang.String encode(java.lang.String,java.lang.String)>($r2, "UTF-8")	timediff:0
I/System.out(25041): body:<com.comscore.c.a: java.lang.String a()>	sig:$r2 = staticinvoke <java.net.URLEncoder: java.lang.String encode(java.lang.String,java.lang.String)>($r2, "UTF-8")	timediff:0
I/System.out(25041): body:<com.comscore.c.a: java.lang.String a()>	sig:$r2 = staticinvoke <java.net.URLEncoder: java.lang.String encode(java.lang.String,java.lang.String)>($r2, "UTF-8")	timediff:0
I/System.out(25041): body:<com.comscore.c.a: java.lang.String a()>	sig:$r2 = staticinvoke <java.net.URLEncoder: java.lang.String encode(java.lang.String,java.lang.String)>($r2, "UTF-8")	timediff:0
I/System.out(25041): body:<com.comscore.c.a: java.lang.String a()>	sig:$r2 = staticinvoke <java.net.URLEncoder: java.lang.String encode(java.lang.String,java.lang.String)>($r2, "UTF-8")	timediff:0
I/System.out(25041): body:<com.comscore.c.a: java.lang.String a()>	sig:$r2 = staticinvoke <java.net.URLEncoder: java.lang.String encode(java.lang.String,java.lang.String)>($r2, "UTF-8")	timediff:0
I/System.out(25041): body:<com.comscore.c.a: java.lang.String a()>	sig:$r2 = staticinvoke <java.net.URLEncoder: java.lang.String encode(java.lang.String,java.lang.String)>($r2, "UTF-8")	timediff:0
I/System.out(25041): body:<com.comscore.c.a: java.lang.String a()>	sig:$r2 = staticinvoke <java.net.URLEncoder: java.lang.String encode(java.lang.String,java.lang.String)>($r2, "UTF-8")	timediff:0
I/System.out(25041): body:<com.comscore.c.a: java.lang.String a()>	sig:$r2 = staticinvoke <java.net.URLEncoder: java.lang.String encode(java.lang.String,java.lang.String)>($r2, "UTF-8")	timediff:0
I/System.out(25041): body:<com.comscore.c.a: java.lang.String a()>	sig:$r2 = staticinvoke <java.net.URLEncoder: java.lang.String encode(java.lang.String,java.lang.String)>($r2, "UTF-8")	timediff:0
I/System.out(25041): body:<com.comscore.c.a: java.lang.String a()>	sig:$r2 = staticinvoke <java.net.URLEncoder: java.lang.String encode(java.lang.String,java.lang.String)>($r2, "UTF-8")	timediff:0
I/System.out(25041): body:<com.comscore.c.a: java.lang.String a()>	sig:$r2 = staticinvoke <java.net.URLEncoder: java.lang.String encode(java.lang.String,java.lang.String)>($r2, "UTF-8")	timediff:0
I/System.out(25041): body:<com.comscore.c.a: java.lang.String a()>	sig:$r2 = staticinvoke <java.net.URLEncoder: java.lang.String encode(java.lang.String,java.lang.String)>($r2, "UTF-8")	timediff:0
I/System.out(25041): body:<com.comscore.c.a: java.lang.String a()>	sig:$r2 = staticinvoke <java.net.URLEncoder: java.lang.String encode(java.lang.String,java.lang.String)>($r2, "UTF-8")	timediff:0
I/System.out(25041): body:<com.comscore.c.a: java.lang.String a()>	sig:$r2 = staticinvoke <java.net.URLEncoder: java.lang.String encode(java.lang.String,java.lang.String)>($r2, "UTF-8")	timediff:0
I/System.out(25041): body:<com.comscore.c.a: java.lang.String a()>	sig:$r2 = staticinvoke <java.net.URLEncoder: java.lang.String encode(java.lang.String,java.lang.String)>($r2, "UTF-8")	timediff:0
W/ResourceType(  649): Attempt to retrieve bag 0x7f0b0001 which is invalid or in a cycle.
I/System.out(25041): body:<com.comscore.c.a: java.lang.String a()>	sig:$r2 = staticinvoke <java.net.URLEncoder: java.lang.String encode(java.lang.String,java.lang.String)>($r2, "UTF-8")	timediff:0
I/System.out(25041): body:<com.comscore.c.a: java.lang.String a()>	sig:$r2 = staticinvoke <java.net.URLEncoder: java.lang.String encode(java.lang.String,java.lang.String)>($r2, "UTF-8")	timediff:0
I/System.out(25041): body:<com.comscore.c.a: java.lang.String a()>	sig:$r2 = staticinvoke <java.net.URLEncoder: java.lang.String encode(java.lang.String,java.lang.String)>($r2, "UTF-8")	timediff:0
I/System.out(25041): body:<com.comscore.c.a: java.lang.String a()>	sig:$r2 = staticinvoke <java.net.URLEncoder: java.lang.String encode(java.lang.String,java.lang.String)>($r2, "UTF-8")	timediff:0
I/System.out(25041): body:<com.comscore.c.a: java.lang.String a()>	sig:$r2 = staticinvoke <java.net.URLEncoder: java.lang.String encode(java.lang.String,java.lang.String)>($r2, "UTF-8")	timediff:0
I/System.out(25041): body:<com.comscore.c.a: java.lang.String a()>	sig:$r2 = staticinvoke <java.net.URLEncoder: java.lang.String encode(java.lang.String,java.lang.String)>($r2, "UTF-8")	timediff:0
I/System.out(25041): body:<com.comscore.c.a: java.lang.String a()>	sig:$r2 = staticinvoke <java.net.URLEncoder: java.lang.String encode(java.lang.String,java.lang.String)>($r2, "UTF-8")	timediff:0
I/System.out(25041): body:<com.comscore.c.a: java.lang.String a()>	sig:$r2 = staticinvoke <java.net.URLEncoder: java.lang.String encode(java.lang.String,java.lang.String)>($r2, "UTF-8")	timediff:0
I/System.out(25041): body:<com.comscore.c.a: java.lang.String a()>	sig:$r2 = staticinvoke <java.net.URLEncoder: java.lang.String encode(java.lang.String,java.lang.String)>($r2, "UTF-8")	timediff:0
I/System.out(25041): body:<com.comscore.c.a: java.lang.String a()>	sig:$r2 = staticinvoke <java.net.URLEncoder: java.lang.String encode(java.lang.String,java.lang.String)>($r2, "UTF-8")	timediff:0
I/System.out(25041): body:<com.comscore.c.a: java.lang.String a()>	sig:$r2 = staticinvoke <java.net.URLEncoder: java.lang.String encode(java.lang.String,java.lang.String)>($r2, "UTF-8")	timediff:0
W/DebugConnManager(25041): getNetworkInfo() on networkType 1
I/LIFECYCLE_TAG(25041): Splash_Activity_collectLifecycleData
W/DebugConnManager(25041): getNetworkInfo() on networkType 0
W/DebugConnManager(25041): getNetworkInfo() on networkType 7
W/DebugConnManager(25041): getNetworkInfo() on networkType 9
I/System.out(25041): body:<com.comscore.c.a: java.lang.String a()>	sig:$r2 = staticinvoke <java.net.URLEncoder: java.lang.String encode(java.lang.String,java.lang.String)>($r2, "UTF-8")	timediff:0
I/System.out(25041): body:<com.comscore.c.a: java.lang.String a()>	sig:$r2 = staticinvoke <java.net.URLEncoder: java.lang.String encode(java.lang.String,java.lang.String)>($r2, "UTF-8")	timediff:0
I/System.out(25041): body:<com.comscore.c.a: java.lang.String a()>	sig:$r2 = staticinvoke <java.net.URLEncoder: java.lang.String encode(java.lang.String,java.lang.String)>($r2, "UTF-8")	timediff:0
I/System.out(25041): body:<com.comscore.c.a: java.lang.String a()>	sig:$r2 = staticinvoke <java.net.URLEncoder: java.lang.String encode(java.lang.String,java.lang.String)>($r2, "UTF-8")	timediff:0
I/System.out(25041): body:<com.comscore.c.a: java.lang.String a()>	sig:$r2 = staticinvoke <java.net.URLEncoder: java.lang.String encode(java.lang.String,java.lang.String)>($r2, "UTF-8")	timediff:0
I/System.out(25041): body:<com.comscore.c.a: java.lang.String a()>	sig:$r2 = staticinvoke <java.net.URLEncoder: java.lang.String encode(java.lang.String,java.lang.String)>($r2, "UTF-8")	timediff:0
I/System.out(25041): body:<com.comscore.c.a: java.lang.String a()>	sig:$r2 = staticinvoke <java.net.URLEncoder: java.lang.String encode(java.lang.String,java.lang.String)>($r2, "UTF-8")	timediff:0
I/System.out(25041): body:<com.comscore.c.a: java.lang.String a()>	sig:$r2 = staticinvoke <java.net.URLEncoder: java.lang.String encode(java.lang.String,java.lang.String)>($r2, "UTF-8")	timediff:0
I/System.out(25041): body:<com.comscore.c.a: java.lang.String a()>	sig:$r2 = staticinvoke <java.net.URLEncoder: java.lang.String encode(java.lang.String,java.lang.String)>($r2, "UTF-8")	timediff:0
I/System.out(25041): body:<com.comscore.c.a: java.lang.String a()>	sig:$r2 = staticinvoke <java.net.URLEncoder: java.lang.String encode(java.lang.String,java.lang.String)>($r2, "UTF-8")	timediff:0
I/System.out(25041): body:<com.comscore.c.a: java.lang.String a()>	sig:$r2 = staticinvoke <java.net.URLEncoder: java.lang.String encode(java.lang.String,java.lang.String)>($r2, "UTF-8")	timediff:0
I/System.out(25041): body:<com.comscore.c.a: java.lang.String a()>	sig:$r2 = staticinvoke <java.net.URLEncoder: java.lang.String encode(java.lang.String,java.lang.String)>($r2, "UTF-8")	timediff:0
I/System.out(25041): body:<com.comscore.c.a: java.lang.String a()>	sig:$r2 = staticinvoke <java.net.URLEncoder: java.lang.String encode(java.lang.String,java.lang.String)>($r2, "UTF-8")	timediff:0
I/System.out(25041): body:<com.comscore.c.a: java.lang.String a()>	sig:$r2 = staticinvoke <java.net.URLEncoder: java.lang.String encode(java.lang.String,java.lang.String)>($r2, "UTF-8")	timediff:0
I/System.out(25041): body:<com.comscore.c.a: java.lang.String a()>	sig:$r2 = staticinvoke <java.net.URLEncoder: java.lang.String encode(java.lang.String,java.lang.String)>($r2, "UTF-8")	timediff:0
I/System.out(25041): body:<com.comscore.c.a: java.lang.String a()>	sig:$r2 = staticinvoke <java.net.URLEncoder: java.lang.String encode(java.lang.String,java.lang.String)>($r2, "UTF-8")	timediff:0
I/System.out(25041): body:<com.comscore.c.a: java.lang.String a()>	sig:$r2 = staticinvoke <java.net.URLEncoder: java.lang.String encode(java.lang.String,java.lang.String)>($r2, "UTF-8")	timediff:0
I/System.out(25041): body:<com.comscore.c.a: java.lang.String a()>	sig:$r2 = staticinvoke <java.net.URLEncoder: java.lang.String encode(java.lang.String,java.lang.String)>($r2, "UTF-8")	timediff:0
I/System.out(25041): body:<com.comscore.c.a: java.lang.String a()>	sig:$r2 = staticinvoke <java.net.URLEncoder: java.lang.String encode(java.lang.String,java.lang.String)>($r2, "UTF-8")	timediff:0
I/System.out(25041): body:<com.comscore.c.a: java.lang.String a()>	sig:$r2 = staticinvoke <java.net.URLEncoder: java.lang.String encode(java.lang.String,java.lang.String)>($r2, "UTF-8")	timediff:0
I/System.out(25041): body:<com.comscore.c.a: java.lang.String a()>	sig:$r2 = staticinvoke <java.net.URLEncoder: java.lang.String encode(java.lang.String,java.lang.String)>($r2, "UTF-8")	timediff:0
I/System.out(25041): body:<com.comscore.c.a: java.lang.String a()>	sig:$r2 = staticinvoke <java.net.URLEncoder: java.lang.String encode(java.lang.String,java.lang.String)>($r2, "UTF-8")	timediff:0
I/System.out(25041): body:<com.comscore.c.a: java.lang.String a()>	sig:$r2 = staticinvoke <java.net.URLEncoder: java.lang.String encode(java.lang.String,java.lang.String)>($r2, "UTF-8")	timediff:0
I/System.out(25041): body:<com.comscore.c.a: java.lang.String a()>	sig:$r2 = staticinvoke <java.net.URLEncoder: java.lang.String encode(java.lang.String,java.lang.String)>($r2, "UTF-8")	timediff:0
I/System.out(25041): body:<com.comscore.c.a: java.lang.String a()>	sig:$r2 = staticinvoke <java.net.URLEncoder: java.lang.String encode(java.lang.String,java.lang.String)>($r2, "UTF-8")	timediff:0
I/System.out(25041): body:<com.comscore.c.a: java.lang.String a()>	sig:$r2 = staticinvoke <java.net.URLEncoder: java.lang.String encode(java.lang.String,java.lang.String)>($r2, "UTF-8")	timediff:0
I/System.out(25041): body:<com.comscore.c.a: java.lang.String a()>	sig:$r2 = staticinvoke <java.net.URLEncoder: java.lang.String encode(java.lang.String,java.lang.String)>($r2, "UTF-8")	timediff:0
I/System.out(25041): body:<com.comscore.c.a: java.lang.String a()>	sig:$r2 = staticinvoke <java.net.URLEncoder: java.lang.String encode(java.lang.String,java.lang.String)>($r2, "UTF-8")	timediff:0
I/System.out(25041): body:<com.comscore.c.a: java.lang.String a()>	sig:$r2 = staticinvoke <java.net.URLEncoder: java.lang.String encode(java.lang.String,java.lang.String)>($r2, "UTF-8")	timediff:0
I/System.out(25041): body:<com.comscore.c.a: java.lang.String a()>	sig:$r2 = staticinvoke <java.net.URLEncoder: java.lang.String encode(java.lang.String,java.lang.String)>($r2, "UTF-8")	timediff:0
I/System.out(25041): body:<com.comscore.c.a: java.lang.String a()>	sig:$r2 = staticinvoke <java.net.URLEncoder: java.lang.String encode(java.lang.String,java.lang.String)>($r2, "UTF-8")	timediff:0
I/System.out(25041): body:<com.comscore.c.a: java.lang.String a()>	sig:$r2 = staticinvoke <java.net.URLEncoder: java.lang.String encode(java.lang.String,java.lang.String)>($r2, "UTF-8")	timediff:0
I/System.out(25041): body:<com.comscore.c.a: java.lang.String a()>	sig:$r2 = staticinvoke <java.net.URLEncoder: java.lang.String encode(java.lang.String,java.lang.String)>($r2, "UTF-8")	timediff:0
I/System.out(25041): body:<com.comscore.c.a: java.lang.String a()>	sig:$r2 = staticinvoke <java.net.URLEncoder: java.lang.String encode(java.lang.String,java.lang.String)>($r2, "UTF-8")	timediff:0
I/System.out(25041): body:<com.comscore.c.a: java.lang.String a()>	sig:$r2 = staticinvoke <java.net.URLEncoder: java.lang.String encode(java.lang.String,java.lang.String)>($r2, "UTF-8")	timediff:0
I/System.out(25041): body:<com.comscore.c.a: java.lang.String a()>	sig:$r2 = staticinvoke <java.net.URLEncoder: java.lang.String encode(java.lang.String,java.lang.String)>($r2, "UTF-8")	timediff:0
I/System.out(25041): body:<com.comscore.c.a: java.lang.String a()>	sig:$r2 = staticinvoke <java.net.URLEncoder: java.lang.String encode(java.lang.String,java.lang.String)>($r2, "UTF-8")	timediff:0
I/System.out(25041): body:<com.comscore.c.a: java.lang.String a()>	sig:$r2 = staticinvoke <java.net.URLEncoder: java.lang.String encode(java.lang.String,java.lang.String)>($r2, "UTF-8")	timediff:0
I/System.out(25041): body:<com.comscore.c.a: java.lang.String a()>	sig:$r2 = staticinvoke <java.net.URLEncoder: java.lang.String encode(java.lang.String,java.lang.String)>($r2, "UTF-8")	timediff:0
I/System.out(25041): body:<com.comscore.c.a: java.lang.String a()>	sig:$r2 = staticinvoke <java.net.URLEncoder: java.lang.String encode(java.lang.String,java.lang.String)>($r2, "UTF-8")	timediff:0
I/System.out(25041): body:<com.comscore.c.a: java.lang.String a()>	sig:$r2 = staticinvoke <java.net.URLEncoder: java.lang.String encode(java.lang.String,java.lang.String)>($r2, "UTF-8")	timediff:0
I/System.out(25041): body:<com.comscore.c.a: java.lang.String a()>	sig:$r2 = staticinvoke <java.net.URLEncoder: java.lang.String encode(java.lang.String,java.lang.String)>($r2, "UTF-8")	timediff:0
I/System.out(25041): body:<com.comscore.d.b: java.net.URL a(java.lang.String)>	sig:specialinvoke $r7.<java.net.URL: void <init>(java.lang.String)>($r5)	timediff:1
I/System.out(25041): <com.comscore.d.b: java.net.URL a(java.lang.String)>###specialinvoke $r7.<java.net.URL: void <init>(java.lang.String)>($r5)###http://b.scorecardresearch.com/p2?c1=19&c2=6042901&ns_ap_an=BTN2Go&ns_ap_pn=android&ns_ap_pv=4.4.2&c12=888018276cecd1322089758d016800e2-cs31&ns_ak=HU0FZumUgVIRseGby3FoTJvcsd%2F0TkZhT2TV2IfYIcrRH7Xg2BCKSeTUPZgrUA4nyBNXrxHA607osZcBlN85UZgmHf4zBJYu3GXomGWvu0pcFSBbS9AvkpCsV5USSGmlt0ubIirCYrWIqHXn3Pdqi7Y3lUFNuV6K8VeV7smtRy0%3D&name=start&ns_ap_ec=1&ns_ap_ev=start&ns_ap_device=dream2lteks&ns_ap_id=1523665254786&ns_ap_csf=1&ns_ap_bi=com.neulion.smartphone.btn2go.android&ns_ap_pfm=android&ns_ap_pfv=4.4.2&ns_ap_ver=6.0930&ns_ap_sv=3.1508.28&ns_type=view&ns_radio=unknown&ns_nc=1&ns_ap_gs=1523665254700&ns_ap_jb=0&ns_ap_res=720x1280&ns_ap_install=1523665254700&ns_ap_lastrun=0&ns_ap_cs=1&ns_ap_runs=1&ns_ap_usage=86&ns_ap_fg=1&ns_ap_ft=1&ns_ap_dft=1&ns_ap_bt=0&ns_ap_dbt=0&ns_ap_dit=85&ns_ap_as=1&ns_ap_das=86&ns_ap_it=85&ns_ap_ut=60000&ns_ap_lang=en&ns_ap_ar=i686&ns_ts=1523665254786
W/DebugConnManager(25041): getNetworkInfo() on networkType 1
W/DebugConnManager(25041): getNetworkInfo() on networkType 0
W/DebugConnManager(25041): getNetworkInfo() on networkType 7
W/DebugConnManager(25041): getNetworkInfo() on networkType 9
I/System.out(25041): body:<com.comscore.c.a: java.lang.String a()>	sig:$r2 = staticinvoke <java.net.URLEncoder: java.lang.String encode(java.lang.String,java.lang.String)>($r2, "UTF-8")	timediff:0
I/System.out(25041): body:<com.comscore.c.a: java.lang.String a()>	sig:$r2 = staticinvoke <java.net.URLEncoder: java.lang.String encode(java.lang.String,java.lang.String)>($r2, "UTF-8")	timediff:0
I/System.out(25041): body:<com.comscore.c.a: java.lang.String a()>	sig:$r2 = staticinvoke <java.net.URLEncoder: java.lang.String encode(java.lang.String,java.lang.String)>($r2, "UTF-8")	timediff:0
I/System.out(25041): body:<com.comscore.c.a: java.lang.String a()>	sig:$r2 = staticinvoke <java.net.URLEncoder: java.lang.String encode(java.lang.String,java.lang.String)>($r2, "UTF-8")	timediff:0
I/System.out(25041): body:<com.comscore.c.a: java.lang.String a()>	sig:$r2 = staticinvoke <java.net.URLEncoder: java.lang.String encode(java.lang.String,java.lang.String)>($r2, "UTF-8")	timediff:0
I/System.out(25041): body:<com.comscore.c.a: java.lang.String a()>	sig:$r2 = staticinvoke <java.net.URLEncoder: java.lang.String encode(java.lang.String,java.lang.String)>($r2, "UTF-8")	timediff:0
I/System.out(25041): body:<com.comscore.c.a: java.lang.String a()>	sig:$r2 = staticinvoke <java.net.URLEncoder: java.lang.String encode(java.lang.String,java.lang.String)>($r2, "UTF-8")	timediff:0
I/System.out(25041): body:<com.comscore.c.a: java.lang.String a()>	sig:$r2 = staticinvoke <java.net.URLEncoder: java.lang.String encode(java.lang.String,java.lang.String)>($r2, "UTF-8")	timediff:0
I/System.out(25041): body:<com.comscore.c.a: java.lang.String a()>	sig:$r2 = staticinvoke <java.net.URLEncoder: java.lang.String encode(java.lang.String,java.lang.String)>($r2, "UTF-8")	timediff:0
I/System.out(25041): body:<com.comscore.c.a: java.lang.String a()>	sig:$r2 = staticinvoke <java.net.URLEncoder: java.lang.String encode(java.lang.String,java.lang.String)>($r2, "UTF-8")	timediff:0
I/System.out(25041): body:<com.comscore.c.a: java.lang.String a()>	sig:$r2 = staticinvoke <java.net.URLEncoder: java.lang.String encode(java.lang.String,java.lang.String)>($r2, "UTF-8")	timediff:0
I/System.out(25041): body:<com.comscore.c.a: java.lang.String a()>	sig:$r2 = staticinvoke <java.net.URLEncoder: java.lang.String encode(java.lang.String,java.lang.String)>($r2, "UTF-8")	timediff:0
I/System.out(25041): body:<com.comscore.c.a: java.lang.String a()>	sig:$r2 = staticinvoke <java.net.URLEncoder: java.lang.String encode(java.lang.String,java.lang.String)>($r2, "UTF-8")	timediff:0
I/System.out(25041): body:<com.comscore.c.a: java.lang.String a()>	sig:$r2 = staticinvoke <java.net.URLEncoder: java.lang.String encode(java.lang.String,java.lang.String)>($r2, "UTF-8")	timediff:0
I/System.out(25041): body:<com.comscore.c.a: java.lang.String a()>	sig:$r2 = staticinvoke <java.net.URLEncoder: java.lang.String encode(java.lang.String,java.lang.String)>($r2, "UTF-8")	timediff:0
I/System.out(25041): body:<com.comscore.c.a: java.lang.String a()>	sig:$r2 = staticinvoke <java.net.URLEncoder: java.lang.String encode(java.lang.String,java.lang.String)>($r2, "UTF-8")	timediff:0
I/System.out(25041): body:<com.comscore.c.a: java.lang.String a()>	sig:$r2 = staticinvoke <java.net.URLEncoder: java.lang.String encode(java.lang.String,java.lang.String)>($r2, "UTF-8")	timediff:0
I/System.out(25041): body:<com.comscore.c.a: java.lang.String a()>	sig:$r2 = staticinvoke <java.net.URLEncoder: java.lang.String encode(java.lang.String,java.lang.String)>($r2, "UTF-8")	timediff:0
I/System.out(25041): body:<com.comscore.c.a: java.lang.String a()>	sig:$r2 = staticinvoke <java.net.URLEncoder: java.lang.String encode(java.lang.String,java.lang.String)>($r2, "UTF-8")	timediff:0
I/System.out(25041): body:<com.comscore.c.a: java.lang.String a()>	sig:$r2 = staticinvoke <java.net.URLEncoder: java.lang.String encode(java.lang.String,java.lang.String)>($r2, "UTF-8")	timediff:0
I/System.out(25041): body:<com.comscore.c.a: java.lang.String a()>	sig:$r2 = staticinvoke <java.net.URLEncoder: java.lang.String encode(java.lang.String,java.lang.String)>($r2, "UTF-8")	timediff:0
I/System.out(25041): body:<com.comscore.c.a: java.lang.String a()>	sig:$r2 = staticinvoke <java.net.URLEncoder: java.lang.String encode(java.lang.String,java.lang.String)>($r2, "UTF-8")	timediff:0
I/System.out(25041): body:<com.comscore.c.a: java.lang.String a()>	sig:$r2 = staticinvoke <java.net.URLEncoder: java.lang.String encode(java.lang.String,java.lang.String)>($r2, "UTF-8")	timediff:0
I/System.out(25041): body:<com.comscore.c.a: java.lang.String a()>	sig:$r2 = staticinvoke <java.net.URLEncoder: java.lang.String encode(java.lang.String,java.lang.String)>($r2, "UTF-8")	timediff:0
I/System.out(25041): body:<com.comscore.c.a: java.lang.String a()>	sig:$r2 = staticinvoke <java.net.URLEncoder: java.lang.String encode(java.lang.String,java.lang.String)>($r2, "UTF-8")	timediff:0
I/System.out(25041): body:<com.comscore.c.a: java.lang.String a()>	sig:$r2 = staticinvoke <java.net.URLEncoder: java.lang.String encode(java.lang.String,java.lang.String)>($r2, "UTF-8")	timediff:0
I/System.out(25041): body:<com.comscore.c.a: java.lang.String a()>	sig:$r2 = staticinvoke <java.net.URLEncoder: java.lang.String encode(java.lang.String,java.lang.String)>($r2, "UTF-8")	timediff:0
I/System.out(25041): body:<com.comscore.c.a: java.lang.String a()>	sig:$r2 = staticinvoke <java.net.URLEncoder: java.lang.String encode(java.lang.String,java.lang.String)>($r2, "UTF-8")	timediff:0
I/System.out(25041): body:<com.comscore.c.a: java.lang.String a()>	sig:$r2 = staticinvoke <java.net.URLEncoder: java.lang.String encode(java.lang.String,java.lang.String)>($r2, "UTF-8")	timediff:0
I/System.out(25041): body:<com.comscore.c.a: java.lang.String a()>	sig:$r2 = staticinvoke <java.net.URLEncoder: java.lang.String encode(java.lang.String,java.lang.String)>($r2, "UTF-8")	timediff:0
I/System.out(25041): body:<com.comscore.c.a: java.lang.String a()>	sig:$r2 = staticinvoke <java.net.URLEncoder: java.lang.String encode(java.lang.String,java.lang.String)>($r2, "UTF-8")	timediff:0
I/System.out(25041): body:<com.comscore.c.a: java.lang.String a()>	sig:$r2 = staticinvoke <java.net.URLEncoder: java.lang.String encode(java.lang.String,java.lang.String)>($r2, "UTF-8")	timediff:0
I/System.out(25041): body:<com.comscore.c.a: java.lang.String a()>	sig:$r2 = staticinvoke <java.net.URLEncoder: java.lang.String encode(java.lang.String,java.lang.String)>($r2, "UTF-8")	timediff:0
I/NLNotificationBase(25041): [4.2.1][SharedPreferencesDataProvider][DataReadTask onPostExecute, result:null]
I/System.out(25041): body:<com.comscore.c.a: java.lang.String a()>	sig:$r2 = staticinvoke <java.net.URLEncoder: java.lang.String encode(java.lang.String,java.lang.String)>($r2, "UTF-8")	timediff:0
I/System.out(25041): body:<com.comscore.c.a: java.lang.String a()>	sig:$r2 = staticinvoke <java.net.URLEncoder: java.lang.String encode(java.lang.String,java.lang.String)>($r2, "UTF-8")	timediff:0
I/System.out(25041): body:<com.comscore.c.a: java.lang.String a()>	sig:$r2 = staticinvoke <java.net.URLEncoder: java.lang.String encode(java.lang.String,java.lang.String)>($r2, "UTF-8")	timediff:0
I/System.out(25041): body:<com.comscore.c.a: java.lang.String a()>	sig:$r2 = staticinvoke <java.net.URLEncoder: java.lang.String encode(java.lang.String,java.lang.String)>($r2, "UTF-8")	timediff:0
I/System.out(25041): body:<com.comscore.c.a: java.lang.String a()>	sig:$r2 = staticinvoke <java.net.URLEncoder: java.lang.String encode(java.lang.String,java.lang.String)>($r2, "UTF-8")	timediff:0
I/System.out(25041): body:<com.comscore.c.a: java.lang.String a()>	sig:$r2 = staticinvoke <java.net.URLEncoder: java.lang.String encode(java.lang.String,java.lang.String)>($r2, "UTF-8")	timediff:0
I/System.out(25041): body:<com.comscore.c.a: java.lang.String a()>	sig:$r2 = staticinvoke <java.net.URLEncoder: java.lang.String encode(java.lang.String,java.lang.String)>($r2, "UTF-8")	timediff:0
I/System.out(25041): body:<com.comscore.c.a: java.lang.String a()>	sig:$r2 = staticinvoke <java.net.URLEncoder: java.lang.String encode(java.lang.String,java.lang.String)>($r2, "UTF-8")	timediff:0
I/System.out(25041): body:<com.comscore.c.a: java.lang.String a()>	sig:$r2 = staticinvoke <java.net.URLEncoder: java.lang.String encode(java.lang.String,java.lang.String)>($r2, "UTF-8")	timediff:0
I/System.out(25041): body:<com.comscore.c.a: java.lang.String a()>	sig:$r2 = staticinvoke <java.net.URLEncoder: java.lang.String encode(java.lang.String,java.lang.String)>($r2, "UTF-8")	timediff:0
I/System.out(25041): body:<com.comscore.c.a: java.lang.String a()>	sig:$r2 = staticinvoke <java.net.URLEncoder: java.lang.String encode(java.lang.String,java.lang.String)>($r2, "UTF-8")	timediff:0
I/System.out(25041): body:<com.comscore.c.a: java.lang.String a()>	sig:$r2 = staticinvoke <java.net.URLEncoder: java.lang.String encode(java.lang.String,java.lang.String)>($r2, "UTF-8")	timediff:0
I/System.out(25041): body:<com.comscore.c.a: java.lang.String a()>	sig:$r2 = staticinvoke <java.net.URLEncoder: java.lang.String encode(java.lang.String,java.lang.String)>($r2, "UTF-8")	timediff:0
I/NLNotificationBase(25041): [4.2.1][SharedPreferencesDataProvider]writeData called. [object:MasterAlert{alertConfig=AlertConfig{sections=[Section{name='Global Alerts', type='globalAlert'}, Section{name='Single Game Alerts', type='gameAlert'}, Section{name='Team Alerts', type='teamAlert'}], globalAlert=[Alert{isFromConfig=true, sectionType='globalAlert', type='BreakingNewsItemKey', name='Big Ten News Alerts', enabled=true, isDefaultOn=true, isDisplay=true, isSwitchOn=null, tags=[N_ALL]}], customerAlert=[], teamAlert=[Alert{isFromConfig=true, sectionType='teamAlert', type='GameStart', name='Game Start', enabled=true, isDefaultOn=true, isDisplay=true, isSwitchOn=null, tags=[T_START_${teamCode}]}, Alert{isFromConfig=true, sectionType='teamAlert', type='GameFinal', name='Game End', enabled=true, isDefaultOn=true, isDisplay=true, isSwitchOn=null, tags=[T_FINAL_${teamCode}]}, Alert{isFromConfig=true, sectionType='teamAlert', type='TeamNews', name='News Alerts', enabled=true, isDefaultOn=false, isDisplay=true, isSwitchOn=null, tags=[T_N_ALL_${teamCode}]}, Alert{isFromConfig=true, sectionType='teamAlert', type='NewSchContent', name='New School Content', enabled=true, isDefaultOn=false, isDisplay=true, isSwitchOn=null, tags=[T_N_ALL_SCH_${teamCode}]}], gameAlert=[Alert{isFromConfig=true, sectionType='gameAlert', type='GameStart', name='Game Start', enabled=true, isDefaultOn=false, isDisplay=true, isSwitchOn=null, tags=[G_START_${gameCode}]}, Alert{isFromConfig=true, sectionType='gameAlert', type='GameFinal', name='Game End', enabled=true, isDefaultOn=false, isDisplay=true, isSwitchOn=null, tags=[G_FINAL_${gameCode}]}]}, globalAlerts={BreakingNewsItemKey=Alert{isFromConfig=true, sectionType='globalAlert', type='BreakingNewsItemKey', name='Big Ten News Alerts', enabled=true, isDefaultOn=true, isDisplay=true, isSwitchOn=null, tags=[N_ALL]}}, customAlerts={}, games={}, teams={}, teamAlerts={}, gameAlerts={}}, listener:null]
I/System.out(25041): body:<com.comscore.c.a: java.lang.String a()>	sig:$r2 = staticinvoke <java.net.URLEncoder: java.lang.String encode(java.lang.String,java.lang.String)>($r2, "UTF-8")	timediff:0
I/System.out(25041): body:<com.comscore.c.a: java.lang.String a()>	sig:$r2 = staticinvoke <java.net.URLEncoder: java.lang.String encode(java.lang.String,java.lang.String)>($r2, "UTF-8")	timediff:0
I/System.out(25041): body:<com.comscore.c.a: java.lang.String a()>	sig:$r2 = staticinvoke <java.net.URLEncoder: java.lang.String encode(java.lang.String,java.lang.String)>($r2, "UTF-8")	timediff:0
I/System.out(25041): body:<com.comscore.c.a: java.lang.String a()>	sig:$r2 = staticinvoke <java.net.URLEncoder: java.lang.String encode(java.lang.String,java.lang.String)>($r2, "UTF-8")	timediff:0
I/System.out(25041): body:<com.comscore.c.a: java.lang.String a()>	sig:$r2 = staticinvoke <java.net.URLEncoder: java.lang.String encode(java.lang.String,java.lang.String)>($r2, "UTF-8")	timediff:0
I/System.out(25041): body:<com.comscore.c.a: java.lang.String a()>	sig:$r2 = staticinvoke <java.net.URLEncoder: java.lang.String encode(java.lang.String,java.lang.String)>($r2, "UTF-8")	timediff:0
I/System.out(25041): body:<com.comscore.c.a: java.lang.String a()>	sig:$r2 = staticinvoke <java.net.URLEncoder: java.lang.String encode(java.lang.String,java.lang.String)>($r2, "UTF-8")	timediff:0
I/System.out(25041): body:<com.comscore.c.a: java.lang.String a()>	sig:$r2 = staticinvoke <java.net.URLEncoder: java.lang.String encode(java.lang.String,java.lang.String)>($r2, "UTF-8")	timediff:0
I/System.out(25041): body:<com.comscore.c.a: java.lang.String a()>	sig:$r2 = staticinvoke <java.net.URLEncoder: java.lang.String encode(java.lang.String,java.lang.String)>($r2, "UTF-8")	timediff:0
I/System.out(25041): body:<com.comscore.c.a: java.lang.String a()>	sig:$r2 = staticinvoke <java.net.URLEncoder: java.lang.String encode(java.lang.String,java.lang.String)>($r2, "UTF-8")	timediff:0
I/System.out(25041): body:<com.comscore.c.a: java.lang.String a()>	sig:$r2 = staticinvoke <java.net.URLEncoder: java.lang.String encode(java.lang.String,java.lang.String)>($r2, "UTF-8")	timediff:0
I/System.out(25041): body:<com.comscore.c.a: java.lang.String a()>	sig:$r2 = staticinvoke <java.net.URLEncoder: java.lang.String encode(java.lang.String,java.lang.String)>($r2, "UTF-8")	timediff:0
I/System.out(25041): body:<com.comscore.c.a: java.lang.String a()>	sig:$r2 = staticinvoke <java.net.URLEncoder: java.lang.String encode(java.lang.String,java.lang.String)>($r2, "UTF-8")	timediff:0
I/System.out(25041): body:<com.comscore.c.a: java.lang.String a()>	sig:$r2 = staticinvoke <java.net.URLEncoder: java.lang.String encode(java.lang.String,java.lang.String)>($r2, "UTF-8")	timediff:0
I/System.out(25041): body:<com.comscore.c.a: java.lang.String a()>	sig:$r2 = staticinvoke <java.net.URLEncoder: java.lang.String encode(java.lang.String,java.lang.String)>($r2, "UTF-8")	timediff:0
I/System.out(25041): body:<com.comscore.c.a: java.lang.String a()>	sig:$r2 = staticinvoke <java.net.URLEncoder: java.lang.String encode(java.lang.String,java.lang.String)>($r2, "UTF-8")	timediff:0
I/System.out(25041): body:<com.comscore.c.a: java.lang.String a()>	sig:$r2 = staticinvoke <java.net.URLEncoder: java.lang.String encode(java.lang.String,java.lang.String)>($r2, "UTF-8")	timediff:0
I/System.out(25041): body:<com.comscore.c.a: java.lang.String a()>	sig:$r2 = staticinvoke <java.net.URLEncoder: java.lang.String encode(java.lang.String,java.lang.String)>($r2, "UTF-8")	timediff:0
I/System.out(25041): body:<com.comscore.c.a: java.lang.String a()>	sig:$r2 = staticinvoke <java.net.URLEncoder: java.lang.String encode(java.lang.String,java.lang.String)>($r2, "UTF-8")	timediff:0
I/System.out(25041): body:<com.comscore.c.a: java.lang.String a()>	sig:$r2 = staticinvoke <java.net.URLEncoder: java.lang.String encode(java.lang.String,java.lang.String)>($r2, "UTF-8")	timediff:0
I/System.out(25041): body:<com.comscore.c.a: java.lang.String a()>	sig:$r2 = staticinvoke <java.net.URLEncoder: java.lang.String encode(java.lang.String,java.lang.String)>($r2, "UTF-8")	timediff:0
I/System.out(25041): body:<com.comscore.c.a: java.lang.String a()>	sig:$r2 = staticinvoke <java.net.URLEncoder: java.lang.String encode(java.lang.String,java.lang.String)>($r2, "UTF-8")	timediff:0
I/System.out(25041): body:<com.comscore.c.a: java.lang.String a()>	sig:$r2 = staticinvoke <java.net.URLEncoder: java.lang.String encode(java.lang.String,java.lang.String)>($r2, "UTF-8")	timediff:0
I/System.out(25041): body:<com.comscore.c.a: java.lang.String a()>	sig:$r2 = staticinvoke <java.net.URLEncoder: java.lang.String encode(java.lang.String,java.lang.String)>($r2, "UTF-8")	timediff:0
I/System.out(25041): body:<com.comscore.c.a: java.lang.String a()>	sig:$r2 = staticinvoke <java.net.URLEncoder: java.lang.String encode(java.lang.String,java.lang.String)>($r2, "UTF-8")	timediff:0
I/System.out(25041): body:<com.comscore.c.a: java.lang.String a()>	sig:$r2 = staticinvoke <java.net.URLEncoder: java.lang.String encode(java.lang.String,java.lang.String)>($r2, "UTF-8")	timediff:0
I/System.out(25041): body:<com.comscore.c.a: java.lang.String a()>	sig:$r2 = staticinvoke <java.net.URLEncoder: java.lang.String encode(java.lang.String,java.lang.String)>($r2, "UTF-8")	timediff:0
I/System.out(25041): body:<com.comscore.c.a: java.lang.String a()>	sig:$r2 = staticinvoke <java.net.URLEncoder: java.lang.String encode(java.lang.String,java.lang.String)>($r2, "UTF-8")	timediff:0
I/System.out(25041): body:<com.comscore.c.a: java.lang.String a()>	sig:$r2 = staticinvoke <java.net.URLEncoder: java.lang.String encode(java.lang.String,java.lang.String)>($r2, "UTF-8")	timediff:0
I/System.out(25041): body:<com.comscore.c.a: java.lang.String a()>	sig:$r2 = staticinvoke <java.net.URLEncoder: java.lang.String encode(java.lang.String,java.lang.String)>($r2, "UTF-8")	timediff:0
I/System.out(25041): body:<com.comscore.c.a: java.lang.String a()>	sig:$r2 = staticinvoke <java.net.URLEncoder: java.lang.String encode(java.lang.String,java.lang.String)>($r2, "UTF-8")	timediff:0
I/System.out(25041): body:<com.comscore.c.a: java.lang.String a()>	sig:$r2 = staticinvoke <java.net.URLEncoder: java.lang.String encode(java.lang.String,java.lang.String)>($r2, "UTF-8")	timediff:0
