--------- beginning of /dev/log/main
I/Icing   (12266): Indexing F4FAA6262FE39DDD50BAE6B7AF5CDB8D73BA0DB0 from com.google.android.gms
I/Icing   (12266): Indexing done F4FAA6262FE39DDD50BAE6B7AF5CDB8D73BA0DB0
I/WearableService(  620): Wearable Services stopping
D/AndroidRuntime(22859): 
D/AndroidRuntime(22859): >>>>>> AndroidRuntime START com.android.internal.os.RuntimeInit <<<<<<
D/AndroidRuntime(22859): CheckJNI is OFF
D/dalvikvm(22859): Using executionMode 2
D/dalvikvm(22859): Trying to load lib libjavacore.so 0x0
D/dalvikvm(22859): Added shared lib libjavacore.so 0x0
D/dalvikvm(22859): Trying to load lib libnativehelper.so 0x0
D/dalvikvm(22859): Added shared lib libnativehelper.so 0x0
D/dalvikvm(22859): No JNI_OnLoad found in libnativehelper.so 0x0, skipping init
D/dalvikvm(22859): Note: class Landroid/app/ActivityManagerNative; has 179 unimplemented (abstract) methods
E/memtrack(22859): Couldn't load memtrack module (No such file or directory)
E/android.os.Debug(22859): failed to load memtrack module: -2
D/AndroidRuntime(22859): Calling main entry com.android.commands.monkey.Monkey
--------- beginning of /dev/log/system
W/BroadcastQueue(  469): Skipping deliver [background] BroadcastRecord{4b1d03ec u-1 android.net.conn.CONNECTIVITY_CHANGE} to ReceiverList{4b1414b4 22859 (unknown name)/0/u-1 remote:4af958cc}: process crashing
I/ActivityManager(  469): START u0 {act=android.intent.action.MAIN cat=[android.intent.category.LAUNCHER] flg=0x10200000 cmp=com.fasterthanmonkeys.iscore/.Baseball} from pid 22859
D/yeshen  (  649): launcher onpause
I/dalvikvm(22869): Enabling JNI app bug workarounds for target SDK version 11...
I/ActivityManager(  469): Start proc com.fasterthanmonkeys.iscore for activity com.fasterthanmonkeys.iscore/.Baseball: pid=22869 uid=10086 gids={50086, 3003, 1028, 1015, 1023}
E/SurfaceFlinger(  166): glCheckFramebufferStatusOES error 36054
E/SurfaceFlinger(  166): got GL_FRAMEBUFFER_COMPLETE_OES error while taking screenshot
D/SurfaceFlinger(  166): setOrientation, mFbdev=0xb7c3b050, mFbDev->setOrientation=0xb6a01ce0, orientation=3
I/gralloc_nox(  166): setOrientation: orientation=3
I/InputReader(  469): Reconfiguring input devices.  changes=0x00000004
I/InputReader(  469): Device reconfigured: id=1, name='seamless mouse', size 1280x720, orientation 3, mode 1, display id 0
I/InputReader(  469): Device reconfigured: id=3, name='Android Input', size 1280x720, orientation 3, mode 1, display id 0
I/InputReader(  469): Reconfiguring input devices.  changes=0x00000004
I/InputReader(  469): Device reconfigured: id=8, name='VirtualBox USB Tablet', size 1280x720, orientation 3, mode 1, display id 0
I/ActivityManager(  469): Config changes=480 {1.0 310mcc16mnc en_US ldltr sw480dp w480dp h828dp 240dpi lrg long port finger -keyb/v/h dpad/v s.54}
D/Tinker.DefaultAppLike(  649): onConfigurationChanged:{1.0 310mcc16mnc en_US ldltr sw480dp w480dp h828dp 240dpi lrg long port finger -keyb/v/h dpad/v s.54}
D/PhoneStatusBar(  529): mSettingsPanelGravity = 55
D/Sensors (  469): Client connection accepted (184)
D/yeshen  (  649): launcher onstop
W/NetworkManagementSocketTagger(  469): setKernelCountSet(10086, 1) failed with errno -13
I/dalvikvm(22869): ignoring registerObject request in thread=1
I/dalvikvm(22869): ignoring registerObject request in thread=1
D/dalvikvm(  529): GC_FOR_ALLOC freed 9207K, 50% free 10056K/20028K, paused 5ms, total 5ms
I/dalvikvm-heap(  529): Grow heap (frag case) to 16.169MB for 6553612-byte allocation
D/dalvikvm(  529): GC_CONCURRENT freed 9K, 38% free 16447K/26432K, paused 2ms+1ms, total 5ms
I/Fabric  (22869): Initializing Crashlytics 2.2.2.37
D/Fabric  (22869): Installer package name is: null
D/Fabric  (22869): Build ID is: 0cf27348-731a-4b86-accc-7b2c6f55ac88
D/Fabric  (22869): Installing exception handler...
D/Fabric  (22869): Checking for previous crash marker.
D/dalvikvm(22869): JIT code cache reset in 0 ms (0 bytes 1/0)
D/dalvikvm(22869): GC_CONCURRENT freed 225K, 11% free 2955K/3288K, paused 3ms+2ms, total 8ms
D/Beta    (22869): App was not installed by Beta. Skipping device token
D/Fabric  (22869): Successfully installed exception handler.
D/Fabric  (22869): Initializing io.fabric.sdk.android:fabric [Version: 1.2.0.37], with the following kits:
D/Fabric  (22869): com.crashlytics.sdk.android:answers [Version: 1.1.2.37]
D/Fabric  (22869): com.crashlytics.sdk.android:beta [Version: 1.1.2.37]
D/Fabric  (22869): com.crashlytics.sdk.android:crashlytics [Version: 2.2.2.37]
D/Fabric  (22869): 
D/dalvikvm(22869): GC_FOR_ALLOC freed 45K, 11% free 2938K/3288K, paused 6ms, total 6ms
I/dalvikvm-heap(22869): Grow heap (frag case) to 6.200MB for 3391500-byte allocation
D/dalvikvm(22869): GC_FOR_ALLOC freed <1K, 6% free 6250K/6604K, paused 3ms, total 3ms
D/dalvikvm(22869): GC_CONCURRENT freed <1K, 6% free 6250K/6604K, paused 0ms+1ms, total 2ms
D/Fabric  (22869): Opening an new session with ID 5AD149230187-0001-5955-04CEC125E079
V/PhoneStatusBar(  529): setLightsOn(true)
D/dalvikvm(22869): GC_FOR_ALLOC freed 21K, 6% free 6267K/6604K, paused 3ms, total 3ms
I/dalvikvm-heap(22869): Grow heap (frag case) to 7.294MB for 1131636-byte allocation
D/dalvikvm(22869): GC_FOR_ALLOC freed 1K, 5% free 7370K/7712K, paused 2ms, total 2ms
D/Beta    (22869): App was not installed by Beta. Skipping device token
D/dalvikvm(22869): GC_CONCURRENT freed 41K, 5% free 7382K/7712K, paused 1ms+1ms, total 4ms
W/EGL_emulation(  529): eglSurfaceAttrib not implemented 3093 12436
I/LicenseChecker(22869): Binding to licensing service.
W/ContextImpl(22869): Implicit intents with startService are not safe: Intent { act=com.android.vending.licensing.ILicensingService } android.content.ContextWrapper.bindService:517 com.android.vending.licensing.h.a:143 com.fasterthanmonkeys.iscore.util.o.a:71 
D/IabHelper(22869): Starting in-app billing setup.
W/ContextImpl(22869): Implicit intents with startService are not safe: Intent { act=com.android.vending.billing.InAppBillingService.BIND } android.content.ContextWrapper.bindService:517 com.android.vending.billing.IabHelper.a:248 com.fasterthanmonkeys.iscore.b.a.a:61 
I/LicenseChecker(22869): Calling checkLicense on service for com.fasterthanmonkeys.iscore
D/Fabric  (22869): Using AdvertisingInfo from Service Provider
I/LicenseChecker(22869): Start monitoring timeout.
D/Fabric  (22869): Using AdvertisingInfo from Service Provider
D/IabHelper(22869): Billing service connected.
D/IabHelper(22869): Checking for in-app billing 3 support.
I/LicenseChecker(22869): Received response.
I/LicenseChecker(22869): Clearing timeout.
W/dalvikvm(22869): threadid=13: thread exiting with uncaught exception (group=0x94cbcb20)
D/Fabric  (22869): Crashlytics is handling uncaught exception "java.lang.NullPointerException" from thread background thread
W/Finsky  ( 1005): [47] com.google.android.finsky.billing.iab.ab.b(48): com.fasterthanmonkeys.iscore: No account found.
E/IAB     (22869): **** IAB Error: Problem setting up in-app billing: IabResult: Error checking for billing v3 support. (response: 3:Billing Unavailable)
D/IAB     (22869): Showing alert dialog: Error: Problem setting up in-app billing: IabResult: Error checking for billing v3 support. (response: 3:Billing Unavailable)
D/Fabric  (22869): Build ID is: 0cf27348-731a-4b86-accc-7b2c6f55ac88
E/SQLiteLog(22869): (1) no such table: name_value
E/Database Exception(22869): no such table: name_value (code 1): , while compiling: SELECT value FROM name_value WHERE name = 'version': SELECT value FROM name_value WHERE name = 'version'(NULL)
D/Database(22869): Current version = 0
D/Database(22869): Creating database
W/dalvikvm(22869): VFY: unable to find class referenced in signature (Lokhttp3/Request;)
W/dalvikvm(22869): VFY: unable to find class referenced in signature (Lokhttp3/Response;)
I/dalvikvm(22869): Could not find method okhttp3.Response.headers, referenced from method empirical.HelperClass.printOkHttpInfo
W/dalvikvm(22869): VFY: unable to resolve virtual method 14028: Lokhttp3/Response;.headers ()Lokhttp3/Headers;
D/dalvikvm(22869): VFY: replacing opcode 0x6e at 0x0006
W/dalvikvm(22869): VFY: unable to find class referenced in signature (Lokhttp3/Call;)
W/dalvikvm(22869): VFY: unable to find class referenced in signature (Lokhttp3/Response;)
I/dalvikvm(22869): Could not find method okhttp3.Call.request, referenced from method empirical.HelperClass.printOkHttpInfoFromCall
W/dalvikvm(22869): VFY: unable to resolve interface method 14022: Lokhttp3/Call;.request ()Lokhttp3/Request;
D/dalvikvm(22869): VFY: replacing opcode 0x72 at 0x0006
D/Fabric  (22869): No log data to include with this event.
D/dalvikvm(22869): GC_CONCURRENT freed 224K, 4% free 8591K/8916K, paused 1ms+0ms, total 4ms
I/System.out(22869): body:<a.a.a.a.a.e.e: java.lang.String c(java.lang.CharSequence)>	sig:specialinvoke $r2.<java.net.URL: void <init>(java.lang.String)>($r1)	timediff:1
I/System.out(22869): <a.a.a.a.a.e.e: java.lang.String c(java.lang.CharSequence)>###specialinvoke $r2.<java.net.URL: void <init>(java.lang.String)>($r1)###https://settings.crashlytics.com/spi/v2/platforms/android/apps/com.fasterthanmonkeys.iscore/settings?instance=6e3d99937c8f8758de8241949c13274c538f6c48&source=1&build_version=75&icon_hash=367e627496aa274719693349e2b6defd0411ba4f&display_version=4.50.402
I/System.out(22869): body:<a.a.a.a.a.e.e: java.lang.String c(java.lang.CharSequence)>	sig:$r3 = virtualinvoke $r2.<java.net.URL: java.lang.String getHost()>()	timediff:0
I/System.out(22869): body:<a.a.a.a.a.e.e: java.lang.String c(java.lang.CharSequence)>	sig:$i0 = virtualinvoke $r2.<java.net.URL: int getPort()>()	timediff:0
I/System.out(22869): body:<a.a.a.a.a.e.e: java.lang.String c(java.lang.CharSequence)>	sig:$r3 = virtualinvoke $r2.<java.net.URL: java.lang.String getProtocol()>()	timediff:0
I/System.out(22869): body:<a.a.a.a.a.e.e: java.lang.String c(java.lang.CharSequence)>	sig:$r6 = virtualinvoke $r2.<java.net.URL: java.lang.String getPath()>()	timediff:0
I/System.out(22869): body:<a.a.a.a.a.e.e: java.lang.String c(java.lang.CharSequence)>	sig:$r7 = virtualinvoke $r2.<java.net.URL: java.lang.String getQuery()>()	timediff:0
I/System.out(22869): body:<a.a.a.a.a.e.e: java.lang.String c(java.lang.CharSequence)>	sig:specialinvoke $r5.<java.net.URI: void <init>(java.lang.String,java.lang.String,java.lang.String,java.lang.String,java.lang.String)>($r3, $r1, $r6, $r7, null)	timediff:1
I/System.out(22869): body:<a.a.a.a.a.e.e: java.lang.String c(java.lang.CharSequence)>	sig:$r7 = virtualinvoke $r5.<java.net.URI: java.lang.String toASCIIString()>()	timediff:0
I/System.out(22869): body:<a.a.a.a.a.e.e: void <init>(java.lang.CharSequence,java.lang.String)>	sig:specialinvoke $r4.<java.net.URL: void <init>(java.lang.String)>($r3)	timediff:0
I/System.out(22869): <a.a.a.a.a.e.e: void <init>(java.lang.CharSequence,java.lang.String)>###specialinvoke $r4.<java.net.URL: void <init>(java.lang.String)>($r3)###https://settings.crashlytics.com/spi/v2/platforms/android/apps/com.fasterthanmonkeys.iscore/settings?instance=6e3d99937c8f8758de8241949c13274c538f6c48&source=1&build_version=75&icon_hash=367e627496aa274719693349e2b6defd0411ba4f&display_version=4.50.402
I/System.out(22869): body:<a.a.a.a.a.e.i: java.net.HttpURLConnection a(java.net.URL)>	sig:$r2 = virtualinvoke $r1.<java.net.URL: java.net.URLConnection openConnection()>()	timediff:18
I/System.out(22869): body:<a.a.a.a.a.e.e: java.net.HttpURLConnection e()>	sig:virtualinvoke $r6.<java.net.HttpURLConnection: void setRequestMethod(java.lang.String)>($r1)	timediff:0
I/System.out(22869): body:<a.a.a.a.a.b.a: a.a.a.a.a.e.e a(java.util.Map)>	sig:virtualinvoke $r5.<java.net.HttpURLConnection: void setUseCaches(boolean)>(0)	timediff:0
I/System.out(22869): body:<a.a.a.a.a.b.a: a.a.a.a.a.e.e a(java.util.Map)>	sig:virtualinvoke $r5.<java.net.HttpURLConnection: void setConnectTimeout(int)>(10000)	timediff:0
I/System.out(22869): body:<a.a.a.a.a.e.e: a.a.a.a.a.e.e a(java.lang.String,java.lang.String)>	sig:virtualinvoke $r3.<java.net.HttpURLConnection: void setRequestProperty(java.lang.String,java.lang.String)>($r1, $r2)	timediff:0
I/System.out(22869): body:<a.a.a.a.a.e.e: a.a.a.a.a.e.e a(java.lang.String,java.lang.String)>	sig:virtualinvoke $r3.<java.net.HttpURLConnection: void setRequestProperty(java.lang.String,java.lang.String)>($r1, $r2)	timediff:0
I/System.out(22869): body:<a.a.a.a.a.e.e: a.a.a.a.a.e.e a(java.lang.String,java.lang.String)>	sig:virtualinvoke $r3.<java.net.HttpURLConnection: void setRequestProperty(java.lang.String,java.lang.String)>($r1, $r2)	timediff:0
I/System.out(22869): body:<a.a.a.a.a.e.e: a.a.a.a.a.e.e a(java.lang.String,java.lang.String)>	sig:virtualinvoke $r3.<java.net.HttpURLConnection: void setRequestProperty(java.lang.String,java.lang.String)>($r1, $r2)	timediff:0
I/System.out(22869): body:<a.a.a.a.a.e.e: a.a.a.a.a.e.e a(java.lang.String,java.lang.String)>	sig:virtualinvoke $r3.<java.net.HttpURLConnection: void setRequestProperty(java.lang.String,java.lang.String)>($r1, $r2)	timediff:0
I/System.out(22869): body:<a.a.a.a.a.e.e: a.a.a.a.a.e.e a(java.lang.String,java.lang.String)>	sig:virtualinvoke $r3.<java.net.HttpURLConnection: void setRequestProperty(java.lang.String,java.lang.String)>($r1, $r2)	timediff:0
I/System.out(22869): body:<a.a.a.a.a.e.e: a.a.a.a.a.e.e a(java.lang.String,java.lang.String)>	sig:virtualinvoke $r3.<java.net.HttpURLConnection: void setRequestProperty(java.lang.String,java.lang.String)>($r1, $r2)	timediff:0
D/Fabric  (22869): Requesting settings from https://settings.crashlytics.com/spi/v2/platforms/android/apps/com.fasterthanmonkeys.iscore/settings
D/Fabric  (22869): Settings query params were: {instance=6e3d99937c8f8758de8241949c13274c538f6c48, source=1, build_version=75, icon_hash=367e627496aa274719693349e2b6defd0411ba4f, display_version=4.50.402}
E/Fabric  (22869): Failed to retrieve settings from https://settings.crashlytics.com/spi/v2/platforms/android/apps/com.fasterthanmonkeys.iscore/settings
D/Fabric  (22869): Settings response null
I/System.out(22869): body:<a.a.a.a.a.e.e: java.lang.String a(java.lang.String)>	sig:$r1 = virtualinvoke $r2.<java.net.HttpURLConnection: java.lang.String getHeaderField(java.lang.String)>($r1)	timediff:0
D/Fabric  (22869): Settings request ID: null
D/Fabric  (22869): Reading cached settings...
D/Fabric  (22869): No cached settings found.
D/Fabric  (22869): No cached settings data found.
D/Fabric  (22869): Unable to close session. Settings are not loaded.
D/Fabric  (22869): Opening an new session with ID 5AD149230211-0002-5955-04CEC125E079
D/Beta    (22869): Beta kit initializing...
D/Beta    (22869): App was not installed by Beta. Skipping device token
D/Beta    (22869): A Beta device token was not found for this app
D/Beta    (22869): App was not installed by Beta. Skipping device token
D/Beta    (22869): App was not installed by Beta. Skipping device token
D/Fabric  (22869): Using AdvertisingInfo from Preference Store
D/Fabric  (22869): Using AdvertisingInfo from Preference Store
D/Fabric  (22869): Build ID is: 0cf27348-731a-4b86-accc-7b2c6f55ac88
D/Fabric  (22869): Crashlytics completed exception processing. Invoking default exception handler.
D/Answers (22869): First launch
D/Fabric  (22869): Initialization marker file created.
W/Fabric  (22869): Received null settings, skipping initialization!
D/Fabric  (22869): Initialization marker file removed: true
I/Process (  469): Sending signal. PID: 22869 SIG: 9
E/AndroidRuntime(22869): FATAL EXCEPTION: background thread
E/AndroidRuntime(22869): Process: com.fasterthanmonkeys.iscore, PID: 22869
E/AndroidRuntime(22869): java.lang.NullPointerException
E/AndroidRuntime(22869): 	at com.android.vending.licensing.n.a(LicenseValidator.java:101)
E/AndroidRuntime(22869): 	at com.android.vending.licensing.k.run(LicenseChecker.java:213)
E/AndroidRuntime(22869): 	at android.os.Handler.handleCallback(Handler.java:733)
E/AndroidRuntime(22869): 	at android.os.Handler.dispatchMessage(Handler.java:95)
E/AndroidRuntime(22869): 	at android.os.Looper.loop(Looper.java:136)
E/AndroidRuntime(22869): 	at android.os.HandlerThread.run(HandlerThread.java:61)
W/ActivityManager(  469): Force-killing crashed app com.fasterthanmonkeys.iscore at watcher's request
W/ContextImpl(  469): Calling a method in the system process without a qualified user: android.app.ContextImpl.sendBroadcast:1123 com.android.server.am.ActivityManagerService.handleApplicationCrashInner:9670 com.android.server.am.ActivityManagerService.handleApplicationCrash:9644 android.app.ActivityManagerNative.onTransact:1311 com.android.server.am.ActivityManagerService.onTransact:2071 
I/ActivityManager(  469): Process com.fasterthanmonkeys.iscore (pid 22869) has died.
I/WindowState(  469): WIN DEATH: Window{4aa06aac u0 com.fasterthanmonkeys.iscore/com.fasterthanmonkeys.iscore.Baseball}
W/NetworkManagementSocketTagger(  469): setKernelCountSet(10086, 0) failed with errno -13
W/InputDispatcher(  469): channel '4aa6e214 com.fasterthanmonkeys.iscore/com.fasterthanmonkeys.iscore.Baseball (server)' ~ Consumer closed input channel or an error occurred.  events=0x9
E/InputDispatcher(  469): channel '4aa6e214 com.fasterthanmonkeys.iscore/com.fasterthanmonkeys.iscore.Baseball (server)' ~ Channel is unrecoverably broken and will be disposed!
W/InputDispatcher(  469): Attempted to unregister already unregistered input channel '4aa6e214 com.fasterthanmonkeys.iscore/com.fasterthanmonkeys.iscore.Baseball (server)'
W/ActivityManager(  469): Force removing ActivityRecord{4a9a65a4 u0 com.fasterthanmonkeys.iscore/.Baseball t95}: app died, no saved state
I/WindowState(  469): WIN DEATH: Window{4aa01434 u0 com.fasterthanmonkeys.iscore/com.fasterthanmonkeys.iscore.Baseball}
I/WindowState(  469): WIN DEATH: Window{4aa6e214 u0 com.fasterthanmonkeys.iscore/com.fasterthanmonkeys.iscore.Baseball}
I/InputDispatcher(  469): Dropping event because there is no focused window or focused application.
I/InputDispatcher(  469): Dropping event because there is no focused window or focused application.
I/InputDispatcher(  469): Dropping event because there is no focused window or focused application.
I/InputDispatcher(  469): Dropping event because there is no focused window or focused application.
I/InputDispatcher(  469): Dropping event because there is no focused window or focused application.
I/InputDispatcher(  469): Dropping event because there is no focused window or focused application.
I/InputDispatcher(  469): Dropping event because there is no focused window or focused application.
I/InputDispatcher(  469): Dropping event because there is no focused window or focused application.
I/InputDispatcher(  469): Dropping event because there is no focused window or focused application.
I/InputDispatcher(  469): Dropping event because there is no focused window or focused application.
I/InputDispatcher(  469): Dropping event because there is no focused window or focused application.
I/InputDispatcher(  469): Dropping event because there is no focused window or focused application.
I/WindowManager(  469): Screen frozen for +274ms due to Window{4a994524 u0 Starting com.fasterthanmonkeys.iscore}
W/InputManager(  469): Input event injection from pid 22859 failed.
W/InputManager(  469): Input event injection from pid 22859 failed.
W/InputManager(  469): Input event injection from pid 22859 failed.
W/InputManager(  469): Input event injection from pid 22859 failed.
W/InputManager(  469): Input event injection from pid 22859 failed.
W/InputManager(  469): Input event injection from pid 22859 failed.
W/InputManager(  469): Input event injection from pid 22859 failed.
W/InputManager(  469): Input event injection from pid 22859 failed.
W/InputManager(  469): Input event injection from pid 22859 failed.
W/InputManager(  469): Input event injection from pid 22859 failed.
W/InputManager(  469): Input event injection from pid 22859 failed.
W/InputManager(  469): Input event injection from pid 22859 failed.
I/InputDispatcher(  469): Dropping event because there is no focused window or focused application.
I/InputDispatcher(  469): Dropping event because there is no focused window or focused application.
I/InputDispatcher(  469): Dropping event because there is no focused window or focused application.
W/Launcher(  649): setApplicationContext called twice! old=com.vphone.launcher.LauncherApplicationEx@4a7c6dcc new=com.vphone.launcher.LauncherApplicationEx@4a7c6dcc
I/InputDispatcher(  469): Dropping event because there is no focused window or focused application.
I/InputDispatcher(  469): Dropping event because there is no focused window or focused application.
I/InputDispatcher(  469): Dropping event because there is no focused window or focused application.
I/InputDispatcher(  469): Dropping event because there is no focused window or focused application.
I/InputDispatcher(  469): Dropping event because there is no focused window or focused application.
I/InputDispatcher(  469): Dropping event because there is no focused window or focused application.
I/InputDispatcher(  469): Dropping event because there is no focused window or focused application.
W/InputManager(  469): Input event injection from pid 22859 failed.
W/InputManager(  469): Input event injection from pid 22859 failed.
W/InputManager(  469): Input event injection from pid 22859 failed.
W/InputManager(  469): Input event injection from pid 22859 failed.
W/InputManager(  469): Input event injection from pid 22859 failed.
W/InputManager(  469): Input event injection from pid 22859 failed.
W/InputManager(  469): Input event injection from pid 22859 failed.
W/InputManager(  469): Input event injection from pid 22859 failed.
W/InputManager(  469): Input event injection from pid 22859 failed.
W/InputManager(  469): Input event injection from pid 22859 failed.
W/InputManager(  469): Input event injection from pid 22859 failed.
W/InputManager(  469): Input event injection from pid 22859 failed.
I/InputDispatcher(  469): Dropping event because there is no focused window or focused application.
I/InputDispatcher(  469): Dropping event because there is no focused window or focused application.
W/ResourceType(  649): Attempt to retrieve bag 0x7f0b0001 which is invalid or in a cycle.
I/InputDispatcher(  469): Dropping event because there is no focused window or focused application.
I/InputDispatcher(  469): Dropping event because there is no focused window or focused application.
I/InputDispatcher(  469): Dropping event because there is no focused window or focused application.
I/InputDispatcher(  469): Dropping event because there is no focused window or focused application.
I/InputDispatcher(  469): Dropping event because there is no focused window or focused application.
I/InputDispatcher(  469): Dropping event because there is no focused window or focused application.
W/InputManager(  469): Input event injection from pid 22859 failed.
W/InputManager(  469): Input event injection from pid 22859 failed.
W/InputManager(  469): Input event injection from pid 22859 failed.
W/InputManager(  469): Input event injection from pid 22859 failed.
W/InputManager(  469): Input event injection from pid 22859 failed.
W/InputManager(  469): Input event injection from pid 22859 failed.
W/InputManager(  469): Input event injection from pid 22859 failed.
W/InputManager(  469): Input event injection from pid 22859 failed.
W/InputManager(  469): Input event injection from pid 22859 failed.
W/InputManager(  469): Input event injection from pid 22859 failed.
W/InputManager(  469): Input event injection from pid 22859 failed.
W/InputManager(  469): Input event injection from pid 22859 failed.
W/InputManager(  469): Input event injection from pid 22859 failed.
W/InputManager(  469): Input event injection from pid 22859 failed.
W/InputManager(  469): Input event injection from pid 22859 failed.
W/InputManager(  469): Input event injection from pid 22859 failed.
W/InputManager(  469): Input event injection from pid 22859 failed.
I/InputDispatcher(  469): Dropping event because there is no focused window or focused application.
I/InputDispatcher(  469): Dropping event because there is no focused window or focused application.
I/InputDispatcher(  469): Dropping event because there is no focused window or focused application.
I/InputDispatcher(  469): Dropping event because there is no focused window or focused application.
I/InputDispatcher(  469): Dropping event because there is no focused window or focused application.
I/InputDispatcher(  469): Dropping event because there is no focused window or focused application.
I/InputDispatcher(  469): Dropping event because there is no focused window or focused application.
I/InputDispatcher(  469): Dropping event because there is no focused window or focused application.
I/InputDispatcher(  469): Dropping event because there is no focused window or focused application.
I/InputDispatcher(  469): Dropping event because there is no focused window or focused application.
I/InputDispatcher(  469): Dropping event because there is no focused window or focused application.
I/InputDispatcher(  469): Dropping event because there is no focused window or focused application.
I/InputDispatcher(  469): Dropping event because there is no focused window or focused application.
I/InputDispatcher(  469): Dropping event because there is no focused window or focused application.
I/InputDispatcher(  469): Dropping event because there is no focused window or focused application.
I/InputDispatcher(  469): Dropping event because there is no focused window or focused application.
I/InputDispatcher(  469): Dropping event because there is no focused window or focused application.
I/InputDispatcher(  469): Dropping event because there is no focused window or focused application.
D/Launcher(  649): 11683562 - bindAddScreens()
D/Launcher(  649): 11683562 -   orderedScreenIds: 1
D/Launcher.Workspace(  649): 11683562 - insertNewWorkspaceScreen(): 1 at index: 0
W/InputManager(  469): Input event injection from pid 22859 failed.
W/InputManager(  469): Input event injection from pid 22859 failed.
W/InputManager(  469): Input event injection from pid 22859 failed.
W/InputManager(  469): Input event injection from pid 22859 failed.
W/InputManager(  469): Input event injection from pid 22859 failed.
W/InputManager(  469): Input event injection from pid 22859 failed.
W/InputManager(  469): Input event injection from pid 22859 failed.
W/InputManager(  469): Input event injection from pid 22859 failed.
W/InputManager(  469): Input event injection from pid 22859 failed.
W/InputManager(  469): Input event injection from pid 22859 failed.
W/InputManager(  469): Input event injection from pid 22859 failed.
W/InputManager(  469): Input event injection from pid 22859 failed.
W/InputManager(  469): Input event injection from pid 22859 failed.
W/InputManager(  469): Input event injection from pid 22859 failed.
W/InputManager(  469): Input event injection from pid 22859 failed.
W/InputManager(  469): Input event injection from pid 22859 failed.
W/InputManager(  469): Input event injection from pid 22859 failed.
W/InputManager(  469): Input event injection from pid 22859 failed.
W/InputManager(  469): Input event injection from pid 22859 failed.
W/InputManager(  469): Input event injection from pid 22859 failed.
W/InputManager(  469): Input event injection from pid 22859 failed.
W/InputManager(  469): Input event injection from pid 22859 failed.
W/InputManager(  469): Input event injection from pid 22859 failed.
W/InputManager(  469): Input event injection from pid 22859 failed.
W/InputManager(  469): Input event injection from pid 22859 failed.
W/InputManager(  469): Input event injection from pid 22859 failed.
W/InputManager(  469): Input event injection from pid 22859 failed.
W/ContextImpl(  649): Calling a method in the system process without a qualified user: android.app.ContextImpl.startService:1492 android.content.ContextWrapper.startService:494 com.vphone.launcher.Launcher.i:690 com.vphone.launcher.Launcher.b:182 com.vphone.launcher.Launcher$11.run:650 
D/Sensors (  469): Client connection accepted (184)
W/EGL_emulation(  649): eglSurfaceAttrib not implemented 3093 12436
W/ContextImpl(  469): Calling a method in the system process without a qualified user: android.app.ContextImpl.sendBroadcast:1123 com.android.server.InputMethodManagerService.hideCurrentInputLocked:1880 com.android.server.InputMethodManagerService.windowGainedFocus:1968 com.android.internal.view.IInputMethodManager$Stub.onTransact:221 com.android.server.InputMethodManagerService.onTransact:818 
W/PropertyValuesHolder(  649): Method setBrightness() with type int not found on target class class ph
W/PropertyValuesHolder(  649): Method getBrightness() with type int not found on target class class ph
I/ActivityManager(  469): START u0 {act=android.intent.action.MAIN cat=[android.intent.category.LAUNCHER] flg=0x10200000 cmp=com.android.browser/.BrowserActivity bnds=[8,388][149,618] (has extras)} from pid 649
W/ContextImpl(  649): Calling a method in the system process without a qualified user: android.app.ContextImpl.sendBroadcast:1137 android.content.ContextWrapper.sendBroadcast:370 com.vphone.launcher.Stats.recordLaunch:129 com.vphone.launcher.Launcher.c:3192 com.vphone.launcher.Launcher.onClickAppShortcut:3144 
E/FastMixer(  169): did not receive expected priority boost
W/PropertyValuesHolder(  649): Method setBrightness() with type int not found on target class class ph
W/PropertyValuesHolder(  649): Method getBrightness() with type int not found on target class class ph
I/ActivityManager(  469): START u0 {act=android.intent.action.MAIN cat=[android.intent.category.LAUNCHER] flg=0x10200000 cmp=com.facebook.lite/.MainActivity bnds=[290,618][431,848] (has extras)} from pid 649
W/ContextImpl(  649): Calling a method in the system process without a qualified user: android.app.ContextImpl.sendBroadcast:1137 android.content.ContextWrapper.sendBroadcast:370 com.vphone.launcher.Stats.recordLaunch:129 com.vphone.launcher.Launcher.c:3192 com.vphone.launcher.Launcher.onClickAppShortcut:3144 
I/ActivityManager(  469): START u0 {act=android.intent.action.MAIN cat=[android.intent.category.LAUNCHER] flg=0x10200000 cmp=com.android.browser/.BrowserActivity bnds=[8,388][149,618] (has extras)} from pid 649
W/ContextImpl(  649): Calling a method in the system process without a qualified user: android.app.ContextImpl.sendBroadcast:1137 android.content.ContextWrapper.sendBroadcast:370 com.vphone.launcher.Stats.recordLaunch:129 com.vphone.launcher.Launcher.c:3192 com.vphone.launcher.Launcher.onClickAppShortcut:3144 
D/dalvikvm(  649): GC_FOR_ALLOC freed 4881K, 3% free 228446K/233816K, paused 30ms, total 30ms
I/ActivityManager(  469): START u0 {act=android.intent.action.MAIN cat=[android.intent.category.LAUNCHER] flg=0x10200000 cmp=com.android.browser/.BrowserActivity bnds=[8,388][149,618] (has extras)} from pid 649
W/ContextImpl(  649): Calling a method in the system process without a qualified user: android.app.ContextImpl.sendBroadcast:1137 android.content.ContextWrapper.sendBroadcast:370 com.vphone.launcher.Stats.recordLaunch:129 com.vphone.launcher.Launcher.c:3192 com.vphone.launcher.Launcher.onClickAppShortcut:3144 
W/Launcher(  649): No global search activity found.
D/Sensors (  469): Client connection accepted (186)
W/Launcher(  649): No global search activity found.
I/ActivityManager(  469): START u0 {act=android.intent.action.MAIN cat=[android.intent.category.LAUNCHER] flg=0x10000000 sel={act=android.intent.action.MAIN cat=[android.intent.category.APP_CALENDAR]}} from pid 469
W/DebugConnManager(  649): getNetworkInfo() on networkType 1
I/ActivityManager(  469): START u0 {cmp=com.vphone.launcher/.game.GpLoadingActivity (has extras)} from pid 649
W/ContextImpl(  649): Calling a method in the system process without a qualified user: android.app.ContextImpl.bindService:1556 android.content.ContextWrapper.bindService:517 com.google.android.gms.common.stats.zzb.zza:-1 com.google.android.gms.common.stats.zzb.zza:-1 com.google.android.gms.ads.identifier.AdvertisingIdClient.zzh:-1 
W/PropertyValuesHolder(  649): Method setBrightness() with type int not found on target class class ph
W/PropertyValuesHolder(  649): Method getBrightness() with type int not found on target class class ph
I/ActivityManager(  469): START u0 {act=android.intent.action.MAIN cat=[android.intent.category.LAUNCHER] flg=0x10200000 cmp=com.vphone.helper/.MainActivity bnds=[572,388][713,618] (has extras)} from pid 649
W/ContextImpl(  649): Calling a method in the system process without a qualified user: android.app.ContextImpl.sendBroadcast:1137 android.content.ContextWrapper.sendBroadcast:370 com.vphone.launcher.Stats.recordLaunch:129 com.vphone.launcher.Launcher.c:3192 com.vphone.launcher.Launcher.onClickAppShortcut:3144 
I/ActivityManager(  469): START u0 {act=android.intent.action.MAIN cat=[android.intent.category.LAUNCHER] flg=0x10200000 cmp=com.vphone.helper/.MainActivity bnds=[572,388][713,618] (has extras)} from pid 649
W/ContextImpl(  649): Calling a method in the system process without a qualified user: android.app.ContextImpl.sendBroadcast:1137 android.content.ContextWrapper.sendBroadcast:370 com.vphone.launcher.Stats.recordLaunch:129 com.vphone.launcher.Launcher.c:3192 com.vphone.launcher.Launcher.onClickAppShortcut:3144 
I/ActivityManager(  469): START u0 {act=android.intent.action.MAIN cat=[android.intent.category.HOME] flg=0x10200000 cmp=com.vphone.launcher/.Launcher} from pid 469
I/ActivityManager(  469): START u0 {act=android.intent.action.MAIN cat=[android.intent.category.LAUNCHER] flg=0x10200000 cmp=com.fasterthanmonkeys.iscore/.Baseball} from pid 22859
D/yeshen  (  649): launcher onpause
D/dalvikvm(  167): GC_EXPLICIT freed 41K, 5% free 2788K/2932K, paused 0ms+2ms, total 4ms
I/dalvikvm(22925): Enabling JNI app bug workarounds for target SDK version 11...
D/dalvikvm(  167): GC_EXPLICIT freed <1K, 5% free 2788K/2932K, paused 0ms+0ms, total 4ms
I/ActivityManager(  469): Start proc com.fasterthanmonkeys.iscore for activity com.fasterthanmonkeys.iscore/.Baseball: pid=22925 uid=10086 gids={50086, 3003, 1028, 1015, 1023}
D/dalvikvm(  167): GC_EXPLICIT freed <1K, 5% free 2788K/2932K, paused 0ms+0ms, total 3ms
W/NetworkManagementSocketTagger(  469): setKernelCountSet(10086, 1) failed with errno -13
I/dalvikvm(22925): ignoring registerObject request in thread=1
I/dalvikvm(22925): ignoring registerObject request in thread=1
I/Fabric  (22925): Initializing Crashlytics 2.2.2.37
D/Fabric  (22925): Installer package name is: null
D/Fabric  (22925): Build ID is: 0cf27348-731a-4b86-accc-7b2c6f55ac88
D/Fabric  (22925): Installing exception handler...
D/Fabric  (22925): Checking for previous crash marker.
V/PhoneStatusBar(  529): setLightsOn(true)
D/Fabric  (22925): Successfully installed exception handler.
D/Fabric  (22925): Initializing io.fabric.sdk.android:fabric [Version: 1.2.0.37], with the following kits:
D/Fabric  (22925): com.crashlytics.sdk.android:crashlytics [Version: 2.2.2.37]
D/Fabric  (22925): com.crashlytics.sdk.android:beta [Version: 1.1.2.37]
D/Fabric  (22925): com.crashlytics.sdk.android:answers [Version: 1.1.2.37]
D/Fabric  (22925): 
D/dalvikvm(22925): JIT code cache reset in 0 ms (0 bytes 1/0)
D/dalvikvm(22925): GC_FOR_ALLOC freed 236K, 11% free 2918K/3256K, paused 5ms, total 5ms
I/dalvikvm-heap(22925): Grow heap (frag case) to 6.179MB for 3391500-byte allocation
D/dalvikvm(22925): GC_FOR_ALLOC freed <1K, 6% free 6230K/6572K, paused 2ms, total 2ms
D/dalvikvm(22925): GC_CONCURRENT freed <1K, 6% free 6230K/6572K, paused 1ms+0ms, total 3ms
D/Beta    (22925): App was not installed by Beta. Skipping device token
D/Fabric  (22925): Using AdvertisingInfo from Preference Store
D/Fabric  (22925): Build ID is: 0cf27348-731a-4b86-accc-7b2c6f55ac88
W/dalvikvm(22925): VFY: unable to find class referenced in signature (Lokhttp3/Request;)
W/dalvikvm(22925): VFY: unable to find class referenced in signature (Lokhttp3/Response;)
I/dalvikvm(22925): Could not find method okhttp3.Response.headers, referenced from method empirical.HelperClass.printOkHttpInfo
W/dalvikvm(22925): VFY: unable to resolve virtual method 14028: Lokhttp3/Response;.headers ()Lokhttp3/Headers;
D/dalvikvm(22925): VFY: replacing opcode 0x6e at 0x0006
W/dalvikvm(22925): VFY: unable to find class referenced in signature (Lokhttp3/Call;)
W/dalvikvm(22925): VFY: unable to find class referenced in signature (Lokhttp3/Response;)
D/yeshen  (  649): launcher onstop
I/dalvikvm(22925): Could not find method okhttp3.Call.request, referenced from method empirical.HelperClass.printOkHttpInfoFromCall
W/dalvikvm(22925): VFY: unable to resolve interface method 14022: Lokhttp3/Call;.request ()Lokhttp3/Request;
D/dalvikvm(22925): VFY: replacing opcode 0x72 at 0x0006
I/System.out(22925): body:<a.a.a.a.a.e.e: java.lang.String c(java.lang.CharSequence)>	sig:specialinvoke $r2.<java.net.URL: void <init>(java.lang.String)>($r1)	timediff:0
I/System.out(22925): <a.a.a.a.a.e.e: java.lang.String c(java.lang.CharSequence)>###specialinvoke $r2.<java.net.URL: void <init>(java.lang.String)>($r1)###https://settings.crashlytics.com/spi/v2/platforms/android/apps/com.fasterthanmonkeys.iscore/settings?instance=6e3d99937c8f8758de8241949c13274c538f6c48&source=1&build_version=75&icon_hash=367e627496aa274719693349e2b6defd0411ba4f&display_version=4.50.402
I/System.out(22925): body:<a.a.a.a.a.e.e: java.lang.String c(java.lang.CharSequence)>	sig:$r3 = virtualinvoke $r2.<java.net.URL: java.lang.String getHost()>()	timediff:0
I/System.out(22925): body:<a.a.a.a.a.e.e: java.lang.String c(java.lang.CharSequence)>	sig:$i0 = virtualinvoke $r2.<java.net.URL: int getPort()>()	timediff:0
I/System.out(22925): body:<a.a.a.a.a.e.e: java.lang.String c(java.lang.CharSequence)>	sig:$r3 = virtualinvoke $r2.<java.net.URL: java.lang.String getProtocol()>()	timediff:0
W/ViewRootImpl(  649): Dropping event due to no window focus: KeyEvent { action=ACTION_DOWN, keyCode=KEYCODE_DPAD_DOWN, scanCode=0, metaState=0, flags=0x400, repeatCount=0, eventTime=1654850, downTime=1654850, deviceId=-1, source=0x101 }
D/dalvikvm(22925): GC_FOR_ALLOC freed 160K, 6% free 6270K/6612K, paused 2ms, total 2ms
I/dalvikvm-heap(22925): Grow heap (frag case) to 7.298MB for 1131636-byte allocation
D/dalvikvm(22925): GC_FOR_ALLOC freed 1K, 5% free 7373K/7720K, paused 6ms, total 6ms
D/dalvikvm(22925): GC_CONCURRENT freed <1K, 5% free 7373K/7720K, paused 2ms+1ms, total 4ms
I/System.out(22925): body:<a.a.a.a.a.e.e: java.lang.String c(java.lang.CharSequence)>	sig:$r6 = virtualinvoke $r2.<java.net.URL: java.lang.String getPath()>()	timediff:0
I/System.out(22925): body:<a.a.a.a.a.e.e: java.lang.String c(java.lang.CharSequence)>	sig:$r7 = virtualinvoke $r2.<java.net.URL: java.lang.String getQuery()>()	timediff:0
I/System.out(22925): body:<a.a.a.a.a.e.e: java.lang.String c(java.lang.CharSequence)>	sig:specialinvoke $r5.<java.net.URI: void <init>(java.lang.String,java.lang.String,java.lang.String,java.lang.String,java.lang.String)>($r3, $r1, $r6, $r7, null)	timediff:0
I/System.out(22925): body:<a.a.a.a.a.e.e: java.lang.String c(java.lang.CharSequence)>	sig:$r7 = virtualinvoke $r5.<java.net.URI: java.lang.String toASCIIString()>()	timediff:0
I/System.out(22925): body:<a.a.a.a.a.e.e: void <init>(java.lang.CharSequence,java.lang.String)>	sig:specialinvoke $r4.<java.net.URL: void <init>(java.lang.String)>($r3)	timediff:0
I/System.out(22925): <a.a.a.a.a.e.e: void <init>(java.lang.CharSequence,java.lang.String)>###specialinvoke $r4.<java.net.URL: void <init>(java.lang.String)>($r3)###https://settings.crashlytics.com/spi/v2/platforms/android/apps/com.fasterthanmonkeys.iscore/settings?instance=6e3d99937c8f8758de8241949c13274c538f6c48&source=1&build_version=75&icon_hash=367e627496aa274719693349e2b6defd0411ba4f&display_version=4.50.402
I/System.out(22925): body:<a.a.a.a.a.e.i: java.net.HttpURLConnection a(java.net.URL)>	sig:$r2 = virtualinvoke $r1.<java.net.URL: java.net.URLConnection openConnection()>()	timediff:9
I/System.out(22925): body:<a.a.a.a.a.e.e: java.net.HttpURLConnection e()>	sig:virtualinvoke $r6.<java.net.HttpURLConnection: void setRequestMethod(java.lang.String)>($r1)	timediff:0
I/System.out(22925): body:<a.a.a.a.a.b.a: a.a.a.a.a.e.e a(java.util.Map)>	sig:virtualinvoke $r5.<java.net.HttpURLConnection: void setUseCaches(boolean)>(0)	timediff:0
I/System.out(22925): body:<a.a.a.a.a.b.a: a.a.a.a.a.e.e a(java.util.Map)>	sig:virtualinvoke $r5.<java.net.HttpURLConnection: void setConnectTimeout(int)>(10000)	timediff:0
I/System.out(22925): body:<a.a.a.a.a.e.e: a.a.a.a.a.e.e a(java.lang.String,java.lang.String)>	sig:virtualinvoke $r3.<java.net.HttpURLConnection: void setRequestProperty(java.lang.String,java.lang.String)>($r1, $r2)	timediff:0
I/System.out(22925): body:<a.a.a.a.a.e.e: a.a.a.a.a.e.e a(java.lang.String,java.lang.String)>	sig:virtualinvoke $r3.<java.net.HttpURLConnection: void setRequestProperty(java.lang.String,java.lang.String)>($r1, $r2)	timediff:0
I/System.out(22925): body:<a.a.a.a.a.e.e: a.a.a.a.a.e.e a(java.lang.String,java.lang.String)>	sig:virtualinvoke $r3.<java.net.HttpURLConnection: void setRequestProperty(java.lang.String,java.lang.String)>($r1, $r2)	timediff:0
I/System.out(22925): body:<a.a.a.a.a.e.e: a.a.a.a.a.e.e a(java.lang.String,java.lang.String)>	sig:virtualinvoke $r3.<java.net.HttpURLConnection: void setRequestProperty(java.lang.String,java.lang.String)>($r1, $r2)	timediff:0
I/System.out(22925): body:<a.a.a.a.a.e.e: a.a.a.a.a.e.e a(java.lang.String,java.lang.String)>	sig:virtualinvoke $r3.<java.net.HttpURLConnection: void setRequestProperty(java.lang.String,java.lang.String)>($r1, $r2)	timediff:0
I/System.out(22925): body:<a.a.a.a.a.e.e: a.a.a.a.a.e.e a(java.lang.String,java.lang.String)>	sig:virtualinvoke $r3.<java.net.HttpURLConnection: void setRequestProperty(java.lang.String,java.lang.String)>($r1, $r2)	timediff:0
I/System.out(22925): body:<a.a.a.a.a.e.e: a.a.a.a.a.e.e a(java.lang.String,java.lang.String)>	sig:virtualinvoke $r3.<java.net.HttpURLConnection: void setRequestProperty(java.lang.String,java.lang.String)>($r1, $r2)	timediff:0
D/Fabric  (22925): Requesting settings from https://settings.crashlytics.com/spi/v2/platforms/android/apps/com.fasterthanmonkeys.iscore/settings
D/Fabric  (22925): Settings query params were: {instance=6e3d99937c8f8758de8241949c13274c538f6c48, source=1, build_version=75, icon_hash=367e627496aa274719693349e2b6defd0411ba4f, display_version=4.50.402}
E/Fabric  (22925): Failed to retrieve settings from https://settings.crashlytics.com/spi/v2/platforms/android/apps/com.fasterthanmonkeys.iscore/settings
D/Fabric  (22925): Settings response null
I/System.out(22925): body:<a.a.a.a.a.e.e: java.lang.String a(java.lang.String)>	sig:$r1 = virtualinvoke $r2.<java.net.HttpURLConnection: java.lang.String getHeaderField(java.lang.String)>($r1)	timediff:0
D/Fabric  (22925): Settings request ID: null
D/Fabric  (22925): Reading cached settings...
D/Fabric  (22925): No cached settings found.
D/Fabric  (22925): No cached settings data found.
D/Beta    (22925): Beta kit initializing...
D/Beta    (22925): App was not installed by Beta. Skipping device token
D/Beta    (22925): A Beta device token was not found for this app
D/Fabric  (22925): Initialization marker file created.
W/Fabric  (22925): Received null settings, skipping initialization!
D/Fabric  (22925): Initialization marker file removed: true
D/Beta    (22925): App was not installed by Beta. Skipping device token
D/Fabric  (22925): Using AdvertisingInfo from Preference Store
D/Fabric  (22925): Build ID is: 0cf27348-731a-4b86-accc-7b2c6f55ac88
D/Answers (22925): First launch
I/LicenseChecker(22925): Binding to licensing service.
W/ContextImpl(22925): Implicit intents with startService are not safe: Intent { act=com.android.vending.licensing.ILicensingService } android.content.ContextWrapper.bindService:517 com.android.vending.licensing.h.a:143 com.fasterthanmonkeys.iscore.util.o.a:71 
D/IabHelper(22925): Starting in-app billing setup.
W/ContextImpl(22925): Implicit intents with startService are not safe: Intent { act=com.android.vending.billing.InAppBillingService.BIND } android.content.ContextWrapper.bindService:517 com.android.vending.billing.IabHelper.a:248 com.fasterthanmonkeys.iscore.b.a.a:61 
D/dalvikvm(22925): GC_CONCURRENT freed 266K, 5% free 8580K/8952K, paused 0ms+2ms, total 4ms
D/Fabric  (22925): Using AdvertisingInfo from Service Provider
I/LicenseChecker(22925): Calling checkLicense on service for com.fasterthanmonkeys.iscore
I/LicenseChecker(22925): Start monitoring timeout.
D/IabHelper(22925): Billing service connected.
D/Fabric  (22925): Using AdvertisingInfo from Service Provider
I/LicenseChecker(22925): Received response.
I/LicenseChecker(22925): Clearing timeout.
W/dalvikvm(22925): threadid=18: thread exiting with uncaught exception (group=0x94cbcb20)
D/Fabric  (22925): Crashlytics is handling uncaught exception "java.lang.NullPointerException" from thread background thread
D/IabHelper(22925): Checking for in-app billing 3 support.
W/ViewRootImpl(22925): Dropping event due to no window focus: KeyEvent { action=ACTION_DOWN, keyCode=KEYCODE_DPAD_RIGHT, scanCode=0, metaState=0, flags=0x8, repeatCount=0, eventTime=1654772, downTime=1654772, deviceId=-1, source=0x101 }
W/ViewRootImpl(22925): Dropping event due to no window focus: KeyEvent { action=ACTION_DOWN, keyCode=KEYCODE_DPAD_DOWN, scanCode=0, metaState=0, flags=0x8, repeatCount=0, eventTime=1654926, downTime=1654926, deviceId=-1, source=0x101 }
W/Finsky  ( 1005): [47] com.google.android.finsky.billing.iab.ab.b(48): com.fasterthanmonkeys.iscore: No account found.
E/IAB     (22925): **** IAB Error: Problem setting up in-app billing: IabResult: Error checking for billing v3 support. (response: 3:Billing Unavailable)
D/IAB     (22925): Showing alert dialog: Error: Problem setting up in-app billing: IabResult: Error checking for billing v3 support. (response: 3:Billing Unavailable)
W/InputManager(  469): Input event injection from pid 22859 failed.
W/InputManager(  469): Input event injection from pid 22859 failed.
W/ViewRootImpl(22925): Dropping event due to no window focus: KeyEvent { action=ACTION_DOWN, keyCode=KEYCODE_DPAD_DOWN, scanCode=0, metaState=0, flags=0x8, repeatCount=0, eventTime=1654927, downTime=1654927, deviceId=-1, source=0x101 }
W/InputManager(  469): Input event injection from pid 22859 failed.
W/InputManager(  469): Input event injection from pid 22859 failed.
D/Fabric  (22925): No log data to include with this event.
D/Database(22925): Current version = 55
D/Fabric  (22925): Unable to close session. Settings are not loaded.
D/Fabric  (22925): Opening an new session with ID 5AD149240267-0001-598D-04CEC125E079
D/Beta    (22925): App was not installed by Beta. Skipping device token
D/Fabric  (22925): Using AdvertisingInfo from Preference Store
D/Fabric  (22925): Crashlytics completed exception processing. Invoking default exception handler.
E/AndroidRuntime(22925): FATAL EXCEPTION: background thread
E/AndroidRuntime(22925): Process: com.fasterthanmonkeys.iscore, PID: 22925
E/AndroidRuntime(22925): java.lang.NullPointerException
E/AndroidRuntime(22925): 	at com.android.vending.licensing.n.a(LicenseValidator.java:101)
E/AndroidRuntime(22925): 	at com.android.vending.licensing.k.run(LicenseChecker.java:213)
E/AndroidRuntime(22925): 	at android.os.Handler.handleCallback(Handler.java:733)
E/AndroidRuntime(22925): 	at android.os.Handler.dispatchMessage(Handler.java:95)
E/AndroidRuntime(22925): 	at android.os.Looper.loop(Looper.java:136)
E/AndroidRuntime(22925): 	at android.os.HandlerThread.run(HandlerThread.java:61)
I/Process (  469): Sending signal. PID: 22925 SIG: 9
W/NetworkManagementSocketTagger(  469): setKernelCountSet(10086, 0) failed with errno -13
W/InputDispatcher(  469): channel '4af32dec com.fasterthanmonkeys.iscore/com.fasterthanmonkeys.iscore.Baseball (server)' ~ Consumer closed input channel or an error occurred.  events=0x9
E/InputDispatcher(  469): channel '4af32dec com.fasterthanmonkeys.iscore/com.fasterthanmonkeys.iscore.Baseball (server)' ~ Channel is unrecoverably broken and will be disposed!
I/InputDispatcher(  469): Dropping event because there is no focused window or focused application.
I/InputDispatcher(  469): Dropping event because there is no focused window or focused application.
I/InputDispatcher(  469): Dropping event because there is no focused window or focused application.
W/InputDispatcher(  469): channel '4ac4d81c com.fasterthanmonkeys.iscore/com.fasterthanmonkeys.iscore.Baseball (server)' ~ Consumer closed input channel or an error occurred.  events=0xd
E/InputDispatcher(  469): channel '4ac4d81c com.fasterthanmonkeys.iscore/com.fasterthanmonkeys.iscore.Baseball (server)' ~ Channel is unrecoverably broken and will be disposed!
W/ActivityManager(  469): Force-killing crashed app com.fasterthanmonkeys.iscore at watcher's request
W/ContextImpl(  469): Calling a method in the system process without a qualified user: android.app.ContextImpl.sendBroadcast:1123 com.android.server.am.ActivityManagerService.handleApplicationCrashInner:9670 com.android.server.am.ActivityManagerService.handleApplicationCrash:9644 android.app.ActivityManagerNative.onTransact:1311 com.android.server.am.ActivityManagerService.onTransact:2071 
I/ActivityManager(  469): Process com.fasterthanmonkeys.iscore (pid 22925) has died.
