V/FlingTracker(  529): 	at android.view.ViewRootImpl$InputStage.deliver(ViewRootImpl.java:3423)
V/FlingTracker(  529): 	at android.view.ViewRootImpl$InputStage.onDeliverToNext(ViewRootImpl.java:3473)
V/FlingTracker(  529): 	at android.view.ViewRootImpl$InputStage.forward(ViewRootImpl.java:3442)
V/FlingTracker(  529): 	at android.view.ViewRootImpl$InputStage.apply(ViewRootImpl.java:3450)
V/FlingTracker(  529): 	at android.view.ViewRootImpl$InputStage.deliver(ViewRootImpl.java:3423)
V/FlingTracker(  529): 	at android.view.ViewRootImpl.deliverInputEvent(ViewRootImpl.java:5626)
V/FlingTracker(  529): 	at android.view.ViewRootImpl.doProcessInputEvents(ViewRootImpl.java:5606)
V/FlingTracker(  529): 	at android.view.ViewRootImpl.enqueueInputEvent(ViewRootImpl.java:5577)
V/FlingTracker(  529): 	at android.view.ViewRootImpl$WindowInputEventReceiver.onInputEvent(ViewRootImpl.java:5706)
V/FlingTracker(  529): 	at android.view.InputEventReceiver.dispatchInputEvent(InputEventReceiver.java:185)
V/FlingTracker(  529): 	at android.os.MessageQueue.nativePollOnce(Native Method)
V/FlingTracker(  529): 	at android.os.MessageQueue.next(MessageQueue.java:138)
V/FlingTracker(  529): 	at android.os.Looper.loop(Looper.java:123)
V/FlingTracker(  529): 	at android.app.ActivityThread.main(ActivityThread.java:5019)
V/FlingTracker(  529): 	at java.lang.reflect.Method.invokeNative(Native Method)
V/FlingTracker(  529): 	at java.lang.reflect.Method.invoke(Method.java:515)
V/FlingTracker(  529): 	at com.android.internal.os.ZygoteInit$MethodAndArgsCaller.run(ZygoteInit.java:779)
V/FlingTracker(  529): 	at com.android.internal.os.ZygoteInit.main(ZygoteInit.java:595)
V/FlingTracker(  529): 	at dalvik.system.NativeStart.main(Native Method)
V/PanelView(  529): animationTick called with dtms=0; nothing to do (h=0.0 v=0.0)
W/ViewRootImpl(25317): Dropping event due to no window focus: KeyEvent { action=ACTION_MULTIPLE, keyCode=KEYCODE_DPAD_LEFT, scanCode=0, metaState=0, flags=0x400, repeatCount=2, eventTime=1741776, downTime=1741776, deviceId=-1, source=0x101 }
W/ViewRootImpl(25317): Dropping event due to no window focus: KeyEvent { action=ACTION_DOWN, keyCode=KEYCODE_DPAD_LEFT, scanCode=0, metaState=0, flags=0x400, repeatCount=0, eventTime=1741776, downTime=1741776, deviceId=-1, source=0x101 }
W/ViewRootImpl(25317): Dropping event due to no window focus: KeyEvent { action=ACTION_DOWN, keyCode=KEYCODE_DPAD_LEFT, scanCode=0, metaState=0, flags=0x400, repeatCount=0, eventTime=1741776, downTime=1741776, deviceId=-1, source=0x101 }
W/ViewRootImpl(25317): Dropping event due to no window focus: KeyEvent { action=ACTION_DOWN, keyCode=KEYCODE_DPAD_LEFT, scanCode=0, metaState=0, flags=0x400, repeatCount=0, eventTime=1741776, downTime=1741776, deviceId=-1, source=0x101 }
W/InputMethodManagerService(  469): Window already focused, ignoring focus gain of: com.android.internal.view.IInputMethodClient$Stub$Proxy@4a921860 attribute=null, token = android.os.BinderProxy@4a9e3548
W/ViewRootImpl(25317): Dropping event due to no window focus: KeyEvent { action=ACTION_DOWN, keyCode=KEYCODE_MENU, scanCode=0, metaState=0, flags=0x8, repeatCount=0, eventTime=1742009, downTime=1742009, deviceId=-1, source=0x101 }
W/ViewRootImpl(25317): Dropping event due to no window focus: KeyEvent { action=ACTION_DOWN, keyCode=KEYCODE_BUTTON_15, scanCode=0, metaState=0, flags=0x8, repeatCount=0, eventTime=1742029, downTime=1742029, deviceId=-1, source=0x101 }
W/ViewRootImpl(25317): Dropping event due to no window focus: KeyEvent { action=ACTION_DOWN, keyCode=KEYCODE_DPAD_CENTER, scanCode=0, metaState=0, flags=0x8, repeatCount=0, eventTime=1742029, downTime=1742029, deviceId=-1, source=0x101 }
W/ViewRootImpl(25317): Dropping event due to no window focus: KeyEvent { action=ACTION_DOWN, keyCode=KEYCODE_DPAD_CENTER, scanCode=0, metaState=0, flags=0x8, repeatCount=0, eventTime=1742031, downTime=1742031, deviceId=-1, source=0x101 }
W/EGL_emulation(25317): eglSurfaceAttrib not implemented 3093 12436
W/ViewRootImpl(25317): Dropping event due to no window focus: KeyEvent { action=ACTION_DOWN, keyCode=KEYCODE_PROG_GREEN, scanCode=0, metaState=0, flags=0x8, repeatCount=0, eventTime=1742033, downTime=1742033, deviceId=-1, source=0x101 }
W/InputMethodManagerService(  469): Window already focused, ignoring focus gain of: com.android.internal.view.IInputMethodClient$Stub$Proxy@4af8c938 attribute=null, token = android.os.BinderProxy@4a9e3548
W/ViewRootImpl(25317): Dropping event due to no window focus: KeyEvent { action=ACTION_DOWN, keyCode=KEYCODE_CALL, scanCode=0, metaState=0, flags=0x8, repeatCount=0, eventTime=1742089, downTime=1742089, deviceId=-1, source=0x101 }
W/ViewRootImpl(25317): Dropping event due to no window focus: KeyEvent { action=ACTION_DOWN, keyCode=KEYCODE_MENU, scanCode=0, metaState=0, flags=0x8, repeatCount=0, eventTime=1742091, downTime=1742091, deviceId=-1, source=0x101 }
W/ViewRootImpl(25317): Dropping event due to no window focus: KeyEvent { action=ACTION_DOWN, keyCode=KEYCODE_MENU, scanCode=0, metaState=0, flags=0x8, repeatCount=0, eventTime=1742093, downTime=1742093, deviceId=-1, source=0x101 }
V/PanelView(  529): animationTick called with dtms=0; nothing to do (h=0.0 v=0.0)
W/ViewRootImpl(25317): Dropping event due to no window focus: KeyEvent { action=ACTION_DOWN, keyCode=KEYCODE_DPAD_LEFT, scanCode=0, metaState=0, flags=0x8, repeatCount=0, eventTime=1742094, downTime=1742094, deviceId=-1, source=0x101 }
W/EGL_emulation(25317): eglSurfaceAttrib not implemented 3093 12436
W/ViewRootImpl(25317): Dropping event due to no window focus: MotionEvent { action=ACTION_MOVE, id[0]=0, x[0]=-2.0, y[0]=3.0, toolType[0]=TOOL_TYPE_UNKNOWN, buttonState=0, metaState=0, flags=0x0, edgeFlags=0x0, pointerCount=1, historySize=9, eventTime=1742100, downTime=-1, deviceId=0, source=0x10004 }
W/ViewRootImpl(25317): Dropping event due to no window focus: MotionEvent { action=ACTION_DOWN, id[0]=0, x[0]=0.0, y[0]=0.0, toolType[0]=TOOL_TYPE_UNKNOWN, buttonState=0, metaState=0, flags=0x0, edgeFlags=0x0, pointerCount=1, historySize=0, eventTime=1742101, downTime=1742098, deviceId=0, source=0x10004 }
W/ViewRootImpl(25317): Dropping event due to no window focus: KeyEvent { action=ACTION_DOWN, keyCode=KEYCODE_MENU, scanCode=0, metaState=0, flags=0x8, repeatCount=0, eventTime=1742101, downTime=1742101, deviceId=-1, source=0x101 }
W/ViewRootImpl(25317): Dropping event due to no window focus: KeyEvent { action=ACTION_DOWN, keyCode=KEYCODE_8, scanCode=0, metaState=0, flags=0x8, repeatCount=0, eventTime=1742111, downTime=1742111, deviceId=-1, source=0x101 }
W/InputMethodManagerService(  469): Window already focused, ignoring focus gain of: com.android.internal.view.IInputMethodClient$Stub$Proxy@4aa95bb8 attribute=null, token = android.os.BinderProxy@4a9e3548
I/ActivityManager(  469): START u0 {act=android.intent.action.CALL_BUTTON flg=0x10000000} from pid 25317
W/PhoneFallbackEventHandler(25317): No activity found for android.intent.action.CALL_BUTTON.
W/ViewRootImpl(25317): Dropping event due to no window focus: KeyEvent { action=ACTION_DOWN, keyCode=KEYCODE_MENU, scanCode=0, metaState=0, flags=0x8, repeatCount=0, eventTime=1742160, downTime=1742160, deviceId=-1, source=0x101 }
W/EGL_emulation(25317): eglSurfaceAttrib not implemented 3093 12436
W/InputMethodManagerService(  469): Window already focused, ignoring focus gain of: com.android.internal.view.IInputMethodClient$Stub$Proxy@4af34ee0 attribute=null, token = android.os.BinderProxy@4a9e3548
I/ActivityManager(  469): START u0 {act=android.intent.action.MAIN cat=[android.intent.category.LAUNCHER] flg=0x10200000 cmp=com.resultadosfutbol.mobile/.Cover} from pid 25307
W/ViewRootImpl(25317): Dropping event due to no window focus: KeyEvent { action=ACTION_DOWN, keyCode=KEYCODE_DPAD_CENTER, scanCode=0, metaState=0, flags=0x8, repeatCount=0, eventTime=1742201, downTime=1742201, deviceId=-1, source=0x101 }
W/EGL_emulation(25317): eglSurfaceAttrib not implemented 3093 12436
W/InputManager(  469): Input event injection from pid 25307 failed.
W/InputMethodManagerService(  469): Window already focused, ignoring focus gain of: com.android.internal.view.IInputMethodClient$Stub$Proxy@4aeaa534 attribute=null, token = android.os.BinderProxy@4a9e3548
I/InputDispatcher(  469): Dropped event because of pending overdue app switch.
W/InputManager(  469): Input event injection from pid 25307 failed.
W/ViewRootImpl(25317): Dropping event due to no window focus: KeyEvent { action=ACTION_DOWN, keyCode=KEYCODE_DPAD_RIGHT, scanCode=0, metaState=0, flags=0x8, repeatCount=0, eventTime=1742245, downTime=1742245, deviceId=-1, source=0x101 }
W/EGL_emulation(25317): eglSurfaceAttrib not implemented 3093 12436
I/System.out(25317): body:<c.u$a: void <init>()>	sig:$r4 = staticinvoke <java.net.ProxySelector: java.net.ProxySelector getDefault()>()	timediff:0
D/dalvikvm(25317): GC_FOR_ALLOC freed 620K, 16% free 6147K/7268K, paused 3ms, total 4ms
I/System.out(25317): body:<c.a.c: java.lang.String b(java.lang.String)>	sig:$r0 = staticinvoke <java.net.IDN: java.lang.String toASCII(java.lang.String)>($r0)	timediff:0
I/System.out(25317): body:<c.a.c: java.lang.String b(java.lang.String)>	sig:$r0 = staticinvoke <java.net.IDN: java.lang.String toASCII(java.lang.String)>($r0)	timediff:0
I/System.out(25317): body:<c.r: java.net.URI a()>	sig:specialinvoke $r3.<java.net.URI: void <init>(java.lang.String)>($r2)	timediff:0
I/System.out(25317): body:<c.a.b.f: void a(c.r,java.net.Proxy)>	sig:$r3 = virtualinvoke $r6.<java.net.ProxySelector: java.util.List select(java.net.URI)>($r7)	timediff:0
I/ActivityManager(  469): START u0 {act=android.intent.action.MAIN cat=[android.intent.category.LAUNCHER] flg=0x10200000 cmp=com.resultadosfutbol.mobile/.Cover} from pid 25307
I/System.out(25317): body:<c.a.b.f: void a(java.net.Proxy)>	sig:$r6 = virtualinvoke $r1.<java.net.Proxy: java.net.Proxy$Type type()>()	timediff:0
I/System.out(25317): body:<c.a.b.f: void a(java.net.Proxy)>	sig:$r6 = virtualinvoke $r1.<java.net.Proxy: java.net.Proxy$Type type()>()	timediff:0
I/System.out(25317): body:<c.a.c: java.lang.String b(java.lang.String)>	sig:$r0 = staticinvoke <java.net.IDN: java.lang.String toASCII(java.lang.String)>($r0)	timediff:0
I/System.out(25317): body:<c.a.c: java.lang.String b(java.lang.String)>	sig:$r0 = staticinvoke <java.net.IDN: java.lang.String toASCII(java.lang.String)>($r0)	timediff:0
I/System.out(25317): body:<c.r: java.net.URI a()>	sig:specialinvoke $r3.<java.net.URI: void <init>(java.lang.String)>($r2)	timediff:1
I/System.out(25317): body:<c.a.b.f: void a(c.r,java.net.Proxy)>	sig:$r3 = virtualinvoke $r6.<java.net.ProxySelector: java.util.List select(java.net.URI)>($r7)	timediff:0
I/System.out(25317): body:<c.a.b.f: void a(java.net.Proxy)>	sig:$r6 = virtualinvoke $r1.<java.net.Proxy: java.net.Proxy$Type type()>()	timediff:0
I/System.out(25317): body:<c.a.b.f: void a(java.net.Proxy)>	sig:$r6 = virtualinvoke $r1.<java.net.Proxy: java.net.Proxy$Type type()>()	timediff:0
I/System.out(25317): body:<c.a.c: java.lang.String b(java.lang.String)>	sig:$r0 = staticinvoke <java.net.IDN: java.lang.String toASCII(java.lang.String)>($r0)	timediff:0
I/System.out(25317): body:<c.a.c: java.lang.String b(java.lang.String)>	sig:$r0 = staticinvoke <java.net.IDN: java.lang.String toASCII(java.lang.String)>($r0)	timediff:0
I/System.out(25317): body:<c.r: java.net.URI a()>	sig:specialinvoke $r3.<java.net.URI: void <init>(java.lang.String)>($r2)	timediff:0
I/System.out(25317): body:<c.a.b.f: void a(c.r,java.net.Proxy)>	sig:$r3 = virtualinvoke $r6.<java.net.ProxySelector: java.util.List select(java.net.URI)>($r7)	timediff:0
I/System.out(25317): body:<c.a.b.f: void a(java.net.Proxy)>	sig:$r6 = virtualinvoke $r1.<java.net.Proxy: java.net.Proxy$Type type()>()	timediff:0
I/System.out(25317): body:<c.a.b.f: void a(java.net.Proxy)>	sig:$r6 = virtualinvoke $r1.<java.net.Proxy: java.net.Proxy$Type type()>()	timediff:0
I/System.out(25317): body:<c.a.c: java.lang.String b(java.lang.String)>	sig:$r0 = staticinvoke <java.net.IDN: java.lang.String toASCII(java.lang.String)>($r0)	timediff:0
I/System.out(25317): body:<c.a.c: java.lang.String b(java.lang.String)>	sig:$r0 = staticinvoke <java.net.IDN: java.lang.String toASCII(java.lang.String)>($r0)	timediff:0
I/System.out(25317): body:<c.r: java.net.URI a()>	sig:specialinvoke $r3.<java.net.URI: void <init>(java.lang.String)>($r2)	timediff:0
I/System.out(25317): body:<c.a.b.f: void a(c.r,java.net.Proxy)>	sig:$r3 = virtualinvoke $r6.<java.net.ProxySelector: java.util.List select(java.net.URI)>($r7)	timediff:0
I/System.out(25317): body:<c.a.b.f: void a(java.net.Proxy)>	sig:$r6 = virtualinvoke $r1.<java.net.Proxy: java.net.Proxy$Type type()>()	timediff:0
I/System.out(25317): body:<c.a.b.f: void a(java.net.Proxy)>	sig:$r6 = virtualinvoke $r1.<java.net.Proxy: java.net.Proxy$Type type()>()	timediff:0
I/System.out(25317): body:<c.a.c: java.lang.String b(java.lang.String)>	sig:$r0 = staticinvoke <java.net.IDN: java.lang.String toASCII(java.lang.String)>($r0)	timediff:0
I/System.out(25317): body:<c.a.c: java.lang.String b(java.lang.String)>	sig:$r0 = staticinvoke <java.net.IDN: java.lang.String toASCII(java.lang.String)>($r0)	timediff:0
I/System.out(25317): body:<c.r: java.net.URI a()>	sig:specialinvoke $r3.<java.net.URI: void <init>(java.lang.String)>($r2)	timediff:0
I/System.out(25317): body:<c.a.b.f: void a(c.r,java.net.Proxy)>	sig:$r3 = virtualinvoke $r6.<java.net.ProxySelector: java.util.List select(java.net.URI)>($r7)	timediff:0
I/System.out(25317): body:<c.a.b.f: void a(java.net.Proxy)>	sig:$r6 = virtualinvoke $r1.<java.net.Proxy: java.net.Proxy$Type type()>()	timediff:0
I/System.out(25317): body:<c.a.b.f: void a(java.net.Proxy)>	sig:$r6 = virtualinvoke $r1.<java.net.Proxy: java.net.Proxy$Type type()>()	timediff:0
W/SocketClient(  162): write error (Broken pipe)
W/SocketClient(  162): write error (Broken pipe)
W/ViewRootImpl(25317): Dropping event due to no window focus: KeyEvent { action=ACTION_DOWN, keyCode=KEYCODE_DPAD_LEFT, scanCode=0, metaState=0, flags=0x8, repeatCount=0, eventTime=1742286, downTime=1742286, deviceId=-1, source=0x101 }
W/SocketClient(  162): write error (Broken pipe)
W/InputMethodManagerService(  469): Window already focused, ignoring focus gain of: com.android.internal.view.IInputMethodClient$Stub$Proxy@4a993e00 attribute=null, token = android.os.BinderProxy@4a9e3548
V/PanelView(  529): animationTick called with dtms=0; nothing to do (h=0.0 v=4500.0)
V/PanelView(  529): animationTick called with dtms=-1; nothing to do (h=0.0 v=4500.0)
W/WindowManager(  469): updateFocusedWindowLocked, focusedAppToken is null.
W/ViewRootImpl(25317): Dropping event due to no window focus: MotionEvent { action=ACTION_MOVE, id[0]=0, x[0]=-2.0, y[0]=1.0, toolType[0]=TOOL_TYPE_UNKNOWN, buttonState=0, metaState=0, flags=0x0, edgeFlags=0x0, pointerCount=1, historySize=19, eventTime=1742326, downTime=-1, deviceId=0, source=0x10004 }
W/EGL_emulation(  529): eglSurfaceAttrib not implemented 3093 12436
W/ViewRootImpl(  529): Dropping event due to no window focus: KeyEvent { action=ACTION_DOWN, keyCode=KEYCODE_DPAD_LEFT, scanCode=0, metaState=0, flags=0x8, repeatCount=0, eventTime=1742326, downTime=1742326, deviceId=-1, source=0x101 }
V/PanelView(  529): animationTick called with dtms=0; nothing to do (h=378.0 v=-3000.0)
V/PanelView(  529): animationTick called with dtms=0; nothing to do (h=378.0 v=-3000.0)
V/PanelView(  529): animationTick called with dtms=0; nothing to do (h=378.0 v=0.0)
V/PanelView(  529): animationTick called with dtms=-11; nothing to do (h=378.0 v=0.0)
W/InputMethodManagerService(  469): Window already focused, ignoring focus gain of: com.android.internal.view.IInputMethodClient$Stub$Proxy@4ac68fa0 attribute=null, token = android.os.BinderProxy@4a9e3548
V/PanelView(  529): animationTick called with dtms=0; nothing to do (h=309.01306 v=-0.0)
V/PanelView(  529): animationTick called with dtms=0; nothing to do (h=309.01306 v=-3000.0)
V/PanelView(  529): animationTick called with dtms=0; nothing to do (h=309.01306 v=-3000.0)
V/PanelView(  529): animationTick called with dtms=0; nothing to do (h=309.01306 v=-3000.0)
V/PanelView(  529): animationTick called with dtms=0; nothing to do (h=309.01306 v=-3000.0)
V/FlingTracker(  529): computeCurrentVelocity warning: totalweight=0
V/FlingTracker(  529): java.lang.Throwable
V/FlingTracker(  529): 	at com.android.systemui.statusbar.phone.PanelView$FlingTracker.computeCurrentVelocity(PanelView.java:162)
V/FlingTracker(  529): 	at com.android.systemui.statusbar.phone.PanelView$3.onTouch(PanelView.java:462)
V/FlingTracker(  529): 	at android.view.View.dispatchTouchEvent(View.java:7701)
V/FlingTracker(  529): 	at com.android.systemui.statusbar.phone.NotificationPanelView.onTouchEvent(NotificationPanelView.java:138)
V/FlingTracker(  529): 	at android.view.View.dispatchTouchEvent(View.java:7706)
V/FlingTracker(  529): 	at android.view.ViewGroup.dispatchTransformedTouchEvent(ViewGroup.java:2210)
V/FlingTracker(  529): 	at android.view.ViewGroup.dispatchTouchEvent(ViewGroup.java:1945)
V/FlingTracker(  529): 	at android.view.ViewGroup.dispatchTransformedTouchEvent(ViewGroup.java:2216)
V/FlingTracker(  529): 	at android.view.ViewGroup.dispatchTouchEvent(ViewGroup.java:1959)
V/FlingTracker(  529): 	at android.view.ViewGroup.dispatchTransformedTouchEvent(ViewGroup.java:2216)
V/FlingTracker(  529): 	at android.view.ViewGroup.dispatchTouchEvent(ViewGroup.java:1959)
V/FlingTracker(  529): 	at android.view.View.dispatchPointerEvent(View.java:7886)
V/FlingTracker(  529): 	at android.view.ViewRootImpl$ViewPostImeInputStage.processPointerEvent(ViewRootImpl.java:3978)
V/FlingTracker(  529): 	at android.view.ViewRootImpl$ViewPostImeInputStage.onProcess(ViewRootImpl.java:3857)
V/FlingTracker(  529): 	at android.view.ViewRootImpl$InputStage.deliver(ViewRootImpl.java:3423)
V/FlingTracker(  529): 	at android.view.ViewRootImpl$InputStage.onDeliverToNext(ViewRootImpl.java:3473)
V/FlingTracker(  529): 	at android.view.ViewRootImpl$InputStage.forward(ViewRootImpl.java:3442)
V/FlingTracker(  529): 	at android.view.ViewRootImpl$AsyncInputStage.forward(ViewRootImpl.java:3549)
V/FlingTracker(  529): 	at android.view.ViewRootImpl$InputStage.apply(ViewRootImpl.java:3450)
V/FlingTracker(  529): 	at android.view.ViewRootImpl$AsyncInputStage.apply(ViewRootImpl.java:3606)
V/FlingTracker(  529): 	at android.view.ViewRootImpl$InputStage.deliver(ViewRootImpl.java:3423)
V/FlingTracker(  529): 	at android.view.ViewRootImpl$InputStage.onDeliverToNext(ViewRootImpl.java:3473)
V/FlingTracker(  529): 	at android.view.ViewRootImpl$InputStage.forward(ViewRootImpl.java:3442)
V/FlingTracker(  529): 	at android.view.ViewRootImpl$InputStage.apply(ViewRootImpl.java:3450)
V/FlingTracker(  529): 	at android.view.ViewRootImpl$InputStage.deliver(ViewRootImpl.java:3423)
V/FlingTracker(  529): 	at android.view.ViewRootImpl.deliverInputEvent(ViewRootImpl.java:5626)
V/FlingTracker(  529): 	at android.view.ViewRootImpl.doProcessInputEvents(ViewRootImpl.java:5606)
V/FlingTracker(  529): 	at android.view.ViewRootImpl.enqueueInputEvent(ViewRootImpl.java:5577)
V/FlingTracker(  529): 	at android.view.ViewRootImpl$WindowInputEventReceiver.onInputEvent(ViewRootImpl.java:5706)
V/FlingTracker(  529): 	at android.view.InputEventReceiver.dispatchInputEvent(InputEventReceiver.java:185)
V/FlingTracker(  529): 	at android.os.MessageQueue.nativePollOnce(Native Method)
V/FlingTracker(  529): 	at android.os.MessageQueue.next(MessageQueue.java:138)
V/FlingTracker(  529): 	at android.os.Looper.loop(Looper.java:123)
V/FlingTracker(  529): 	at android.app.ActivityThread.main(ActivityThread.java:5019)
V/FlingTracker(  529): 	at java.lang.reflect.Method.invokeNative(Native Method)
V/FlingTracker(  529): 	at java.lang.reflect.Method.invoke(Method.java:515)
V/FlingTracker(  529): 	at com.android.internal.os.ZygoteInit$MethodAndArgsCaller.run(ZygoteInit.java:779)
V/FlingTracker(  529): 	at com.android.internal.os.ZygoteInit.main(ZygoteInit.java:595)
V/FlingTracker(  529): 	at dalvik.system.NativeStart.main(Native Method)
V/PanelView(  529): animationTick called with dtms=0; nothing to do (h=309.01306 v=0.0)
V/PanelView(  529): animationTick called with dtms=-7; nothing to do (h=309.01306 v=0.0)
W/ViewRootImpl(25317): Dropping event due to no window focus: KeyEvent { action=ACTION_DOWN, keyCode=KEYCODE_NUMPAD_DIVIDE, scanCode=0, metaState=0, flags=0x8, repeatCount=0, eventTime=1742567, downTime=1742567, deviceId=-1, source=0x101 }
W/EGL_emulation(25317): eglSurfaceAttrib not implemented 3093 12436
W/ViewRootImpl(25317): Dropping event due to no window focus: KeyEvent { action=ACTION_DOWN, keyCode=KEYCODE_DPAD_DOWN, scanCode=0, metaState=0, flags=0x400, repeatCount=0, eventTime=1742589, downTime=1742589, deviceId=-1, source=0x101 }
W/ViewRootImpl(25317): Dropping event due to no window focus: KeyEvent { action=ACTION_DOWN, keyCode=KEYCODE_DPAD_DOWN, scanCode=0, metaState=0, flags=0x400, repeatCount=0, eventTime=1742589, downTime=1742589, deviceId=-1, source=0x101 }
V/FlingTracker(  529): computeCurrentVelocity warning: totalweight=0
V/FlingTracker(  529): java.lang.Throwable
V/FlingTracker(  529): 	at com.android.systemui.statusbar.phone.PanelView$FlingTracker.computeCurrentVelocity(PanelView.java:162)
V/FlingTracker(  529): 	at com.android.systemui.statusbar.phone.PanelView$3.onTouch(PanelView.java:462)
V/FlingTracker(  529): 	at android.view.View.dispatchTouchEvent(View.java:7701)
V/FlingTracker(  529): 	at com.android.systemui.statusbar.phone.NotificationPanelView.onTouchEvent(NotificationPanelView.java:138)
V/FlingTracker(  529): 	at android.view.View.dispatchTouchEvent(View.java:7706)
V/FlingTracker(  529): 	at android.view.ViewGroup.dispatchTransformedTouchEvent(ViewGroup.java:2210)
V/FlingTracker(  529): 	at android.view.ViewGroup.dispatchTouchEvent(ViewGroup.java:1945)
V/FlingTracker(  529): 	at android.view.ViewGroup.dispatchTransformedTouchEvent(ViewGroup.java:2216)
V/FlingTracker(  529): 	at android.view.ViewGroup.dispatchTouchEvent(ViewGroup.java:1959)
V/FlingTracker(  529): 	at android.view.ViewGroup.dispatchTransformedTouchEvent(ViewGroup.java:2216)
V/FlingTracker(  529): 	at android.view.ViewGroup.dispatchTouchEvent(ViewGroup.java:1959)
V/FlingTracker(  529): 	at android.view.View.dispatchPointerEvent(View.java:7886)
V/FlingTracker(  529): 	at android.view.ViewRootImpl$ViewPostImeInputStage.processPointerEvent(ViewRootImpl.java:3978)
V/FlingTracker(  529): 	at android.view.ViewRootImpl$ViewPostImeInputStage.onProcess(ViewRootImpl.java:3857)
V/FlingTracker(  529): 	at android.view.ViewRootImpl$InputStage.deliver(ViewRootImpl.java:3423)
V/FlingTracker(  529): 	at android.view.ViewRootImpl$InputStage.onDeliverToNext(ViewRootImpl.java:3473)
V/FlingTracker(  529): 	at android.view.ViewRootImpl$InputStage.forward(ViewRootImpl.java:3442)
V/FlingTracker(  529): 	at android.view.ViewRootImpl$AsyncInputStage.forward(ViewRootImpl.java:3549)
V/FlingTracker(  529): 	at android.view.ViewRootImpl$InputStage.apply(ViewRootImpl.java:3450)
V/FlingTracker(  529): 	at android.view.ViewRootImpl$AsyncInputStage.apply(ViewRootImpl.java:3606)
V/FlingTracker(  529): 	at android.view.ViewRootImpl$InputStage.deliver(ViewRootImpl.java:3423)
V/FlingTracker(  529): 	at android.view.ViewRootImpl$InputStage.onDeliverToNext(ViewRootImpl.java:3473)
V/FlingTracker(  529): 	at android.view.ViewRootImpl$InputStage.forward(ViewRootImpl.java:3442)
V/FlingTracker(  529): 	at android.view.ViewRootImpl$InputStage.apply(ViewRootImpl.java:3450)
V/FlingTracker(  529): 	at android.view.ViewRootImpl$InputStage.deliver(ViewRootImpl.java:3423)
V/FlingTracker(  529): 	at android.view.ViewRootImpl.deliverInputEvent(ViewRootImpl.java:5626)
V/FlingTracker(  529): 	at android.view.ViewRootImpl.doProcessInputEvents(ViewRootImpl.java:5606)
V/FlingTracker(  529): 	at android.view.ViewRootImpl.enqueueInputEvent(ViewRootImpl.java:5577)
V/FlingTracker(  529): 	at android.view.ViewRootImpl$WindowInputEventReceiver.onInputEvent(ViewRootImpl.java:5706)
V/FlingTracker(  529): 	at android.view.InputEventReceiver.dispatchInputEvent(InputEventReceiver.java:185)
V/FlingTracker(  529): 	at android.os.MessageQueue.nativePollOnce(Native Method)
V/FlingTracker(  529): 	at android.os.MessageQueue.next(MessageQueue.java:138)
V/FlingTracker(  529): 	at android.os.Looper.loop(Looper.java:123)
V/FlingTracker(  529): 	at android.app.ActivityThread.main(ActivityThread.java:5019)
V/FlingTracker(  529): 	at java.lang.reflect.Method.invokeNative(Native Method)
V/FlingTracker(  529): 	at java.lang.reflect.Method.invoke(Method.java:515)
V/FlingTracker(  529): 	at com.android.internal.os.ZygoteInit$MethodAndArgsCaller.run(ZygoteInit.java:779)
V/FlingTracker(  529): 	at com.android.internal.os.ZygoteInit.main(ZygoteInit.java:595)
V/FlingTracker(  529): 	at dalvik.system.NativeStart.main(Native Method)
V/PanelView(  529): animationTick called with dtms=0; nothing to do (h=306.46307 v=0.0)
V/PanelView(  529): animationTick called with dtms=0; nothing to do (h=306.46307 v=-3000.0)
V/PanelView(  529): animationTick called with dtms=0; nothing to do (h=306.46307 v=-3000.0)
V/PanelView(  529): animationTick called with dtms=0; nothing to do (h=306.46307 v=-3000.0)
V/PanelView(  529): animationTick called with dtms=0; nothing to do (h=306.46307 v=-3000.0)
V/PanelView(  529): animationTick called with dtms=-7; nothing to do (h=306.46307 v=-3000.0)
I/AndroidRuntime(25307): VM exiting with result code 0.
