E/ImageLoader( 3761): 	at com.android.okhttp.internal.http.HttpsURLConnectionImpl.getResponseCode(HttpsURLConnectionImpl.java:136)
E/ImageLoader( 3761): 	at com.nostra13.universalimageloader.core.download.BaseImageDownloader.getStreamFromNetwork(BaseImageDownloader.java:105)
E/ImageLoader( 3761): 	at com.nostra13.universalimageloader.core.download.BaseImageDownloader.getStream(BaseImageDownloader.java:76)
E/ImageLoader( 3761): 	at com.nostra13.universalimageloader.core.decode.BaseImageDecoder.getImageStream(BaseImageDecoder.java:83)
E/ImageLoader( 3761): 	at com.nostra13.universalimageloader.core.decode.BaseImageDecoder.decode(BaseImageDecoder.java:69)
E/ImageLoader( 3761): 	at com.nostra13.universalimageloader.core.LoadAndDisplayImageTask.decodeImage(LoadAndDisplayImageTask.java:307)
E/ImageLoader( 3761): 	at com.nostra13.universalimageloader.core.LoadAndDisplayImageTask.tryLoadBitmap(LoadAndDisplayImageTask.java:262)
E/ImageLoader( 3761): 	at com.nostra13.universalimageloader.core.LoadAndDisplayImageTask.run(LoadAndDisplayImageTask.java:128)
E/ImageLoader( 3761): 	at com.nostra13.universalimageloader.core.ImageLoader.displayImage(ImageLoader.java:230)
E/ImageLoader( 3761): 	at com.nostra13.universalimageloader.core.ImageLoader.loadImage(ImageLoader.java:385)
E/ImageLoader( 3761): 	at com.nostra13.universalimageloader.core.ImageLoader.loadImageSync(ImageLoader.java:459)
E/ImageLoader( 3761): 	at com.nostra13.universalimageloader.core.ImageLoader.loadImageSync(ImageLoader.java:400)
E/ImageLoader( 3761): 	at com.bleacherreport.android.teamstream.models.SplashWebServiceManager.fetchSplashAds(SplashWebServiceManager.java:74)
E/ImageLoader( 3761): 	at com.bleacherreport.android.teamstream.TsLaunchActivity$TsLaunchTask$1.run(TsLaunchActivity.java:355)
E/ImageLoader( 3761): Caused by: javax.net.ssl.SSLProtocolException: SSL handshake aborted: ssl=0xb7b9e7f0: Failure in SSL library, usually a protocol error
E/ImageLoader( 3761): error:14077410:SSL routines:SSL23_GET_SERVER_HELLO:sslv3 alert handshake failure (external/openssl/ssl/s23_clnt.c:741 0x84e6b770:0x00000000)
E/ImageLoader( 3761): 	at com.android.org.conscrypt.NativeCrypto.SSL_do_handshake(Native Method)
E/ImageLoader( 3761): 	at com.android.org.conscrypt.OpenSSLSocketImpl.startHandshake(OpenSSLSocketImpl.java:405)
E/ImageLoader( 3761): 	... 22 more
I/System.out( 3761): body:<com.nostra13.universalimageloader.core.download.BaseImageDownloader: java.net.HttpURLConnection createConnection(java.lang.String,java.lang.Object)>	sig:specialinvoke $r3.<java.net.URL: void <init>(java.lang.String)>($r1)	timediff:0
I/System.out( 3761): <com.nostra13.universalimageloader.core.download.BaseImageDownloader: java.net.HttpURLConnection createConnection(java.lang.String,java.lang.Object)>###specialinvoke $r3.<java.net.URL: void <init>(java.lang.String)>($r1)###https://cdn.bleacherreport.net/images/skins/00/A_E/adidas/alphabounce/640x300_ADIDAS_mobile_SPLASH.png
I/System.out( 3761): body:<com.nostra13.universalimageloader.core.download.BaseImageDownloader: java.net.HttpURLConnection createConnection(java.lang.String,java.lang.Object)>	sig:$r4 = virtualinvoke $r3.<java.net.URL: java.net.URLConnection openConnection()>()	timediff:1
I/System.out( 3761): body:<com.nostra13.universalimageloader.core.download.BaseImageDownloader: java.net.HttpURLConnection createConnection(java.lang.String,java.lang.Object)>	sig:virtualinvoke $r5.<java.net.HttpURLConnection: void setConnectTimeout(int)>($i0)	timediff:0
I/System.out( 3761): body:<com.nostra13.universalimageloader.core.download.BaseImageDownloader: java.net.HttpURLConnection createConnection(java.lang.String,java.lang.Object)>	sig:virtualinvoke $r5.<java.net.HttpURLConnection: void setReadTimeout(int)>($i0)	timediff:0
E/ImageLoader( 3761): javax.net.ssl.SSLProtocolException: SSL handshake aborted: ssl=0xb7ba0790: Failure in SSL library, usually a protocol error
E/ImageLoader( 3761): error:14077410:SSL routines:SSL23_GET_SERVER_HELLO:sslv3 alert handshake failure (external/openssl/ssl/s23_clnt.c:741 0x84e6b770:0x00000000)
E/ImageLoader( 3761): javax.net.ssl.SSLHandshakeException: javax.net.ssl.SSLProtocolException: SSL handshake aborted: ssl=0xb7ba0790: Failure in SSL library, usually a protocol error
E/ImageLoader( 3761): error:14077410:SSL routines:SSL23_GET_SERVER_HELLO:sslv3 alert handshake failure (external/openssl/ssl/s23_clnt.c:741 0x84e6b770:0x00000000)
E/ImageLoader( 3761): 	at com.android.org.conscrypt.OpenSSLSocketImpl.startHandshake(OpenSSLSocketImpl.java:448)
E/ImageLoader( 3761): 	at com.android.okhttp.Connection.upgradeToTls(Connection.java:146)
E/ImageLoader( 3761): 	at com.android.okhttp.Connection.connect(Connection.java:107)
E/ImageLoader( 3761): 	at com.android.okhttp.internal.http.HttpEngine.connect(HttpEngine.java:294)
E/ImageLoader( 3761): 	at com.android.okhttp.internal.http.HttpEngine.sendSocketRequest(HttpEngine.java:255)
E/ImageLoader( 3761): 	at com.android.okhttp.internal.http.HttpEngine.sendRequest(HttpEngine.java:206)
E/ImageLoader( 3761): 	at com.android.okhttp.internal.http.HttpURLConnectionImpl.execute(HttpURLConnectionImpl.java:345)
E/ImageLoader( 3761): 	at com.android.okhttp.internal.http.HttpURLConnectionImpl.getResponse(HttpURLConnectionImpl.java:296)
E/ImageLoader( 3761): 	at com.android.okhttp.internal.http.HttpURLConnectionImpl.getResponseCode(HttpURLConnectionImpl.java:503)
E/ImageLoader( 3761): 	at com.android.okhttp.internal.http.HttpsURLConnectionImpl.getResponseCode(HttpsURLConnectionImpl.java:136)
E/ImageLoader( 3761): 	at com.nostra13.universalimageloader.core.download.BaseImageDownloader.getStreamFromNetwork(BaseImageDownloader.java:105)
E/ImageLoader( 3761): 	at com.nostra13.universalimageloader.core.download.BaseImageDownloader.getStream(BaseImageDownloader.java:76)
E/ImageLoader( 3761): 	at com.nostra13.universalimageloader.core.LoadAndDisplayImageTask.downloadImage(LoadAndDisplayImageTask.java:367)
E/ImageLoader( 3761): 	at com.nostra13.universalimageloader.core.LoadAndDisplayImageTask.tryCacheImageOnDisc(LoadAndDisplayImageTask.java:322)
E/ImageLoader( 3761): 	at com.nostra13.universalimageloader.core.LoadAndDisplayImageTask.tryLoadBitmap(LoadAndDisplayImageTask.java:260)
E/ImageLoader( 3761): 	at com.nostra13.universalimageloader.core.LoadAndDisplayImageTask.run(LoadAndDisplayImageTask.java:128)
E/ImageLoader( 3761): 	at com.nostra13.universalimageloader.core.ImageLoader.displayImage(ImageLoader.java:230)
E/ImageLoader( 3761): 	at com.nostra13.universalimageloader.core.ImageLoader.loadImage(ImageLoader.java:385)
E/ImageLoader( 3761): 	at com.nostra13.universalimageloader.core.ImageLoader.loadImageSync(ImageLoader.java:459)
E/ImageLoader( 3761): 	at com.nostra13.universalimageloader.core.ImageLoader.loadImageSync(ImageLoader.java:400)
E/ImageLoader( 3761): 	at com.bleacherreport.android.teamstream.models.SplashWebServiceManager.fetchSplashAds(SplashWebServiceManager.java:74)
E/ImageLoader( 3761): 	at com.bleacherreport.android.teamstream.TsLaunchActivity$TsLaunchTask$1.run(TsLaunchActivity.java:355)
E/ImageLoader( 3761): Caused by: javax.net.ssl.SSLProtocolException: SSL handshake aborted: ssl=0xb7ba0790: Failure in SSL library, usually a protocol error
E/ImageLoader( 3761): error:14077410:SSL routines:SSL23_GET_SERVER_HELLO:sslv3 alert handshake failure (external/openssl/ssl/s23_clnt.c:741 0x84e6b770:0x00000000)
E/ImageLoader( 3761): 	at com.android.org.conscrypt.NativeCrypto.SSL_do_handshake(Native Method)
E/ImageLoader( 3761): 	at com.android.org.conscrypt.OpenSSLSocketImpl.startHandshake(OpenSSLSocketImpl.java:405)
E/ImageLoader( 3761): 	... 21 more
I/System.out( 3761): body:<com.nostra13.universalimageloader.core.download.BaseImageDownloader: java.net.HttpURLConnection createConnection(java.lang.String,java.lang.Object)>	sig:specialinvoke $r3.<java.net.URL: void <init>(java.lang.String)>($r1)	timediff:0
I/System.out( 3761): <com.nostra13.universalimageloader.core.download.BaseImageDownloader: java.net.HttpURLConnection createConnection(java.lang.String,java.lang.Object)>###specialinvoke $r3.<java.net.URL: void <init>(java.lang.String)>($r1)###https://cdn.bleacherreport.net/images/skins/00/A_E/adidas/alphabounce/640x300_ADIDAS_mobile_SPLASH.png
I/System.out( 3761): body:<com.nostra13.universalimageloader.core.download.BaseImageDownloader: java.net.HttpURLConnection createConnection(java.lang.String,java.lang.Object)>	sig:$r4 = virtualinvoke $r3.<java.net.URL: java.net.URLConnection openConnection()>()	timediff:0
I/System.out( 3761): body:<com.nostra13.universalimageloader.core.download.BaseImageDownloader: java.net.HttpURLConnection createConnection(java.lang.String,java.lang.Object)>	sig:virtualinvoke $r5.<java.net.HttpURLConnection: void setConnectTimeout(int)>($i0)	timediff:0
I/System.out( 3761): body:<com.nostra13.universalimageloader.core.download.BaseImageDownloader: java.net.HttpURLConnection createConnection(java.lang.String,java.lang.Object)>	sig:virtualinvoke $r5.<java.net.HttpURLConnection: void setReadTimeout(int)>($i0)	timediff:0
W/EGL_emulation(  531): eglSurfaceAttrib not implemented 3093 12436
E/ImageLoader( 3761): javax.net.ssl.SSLProtocolException: SSL handshake aborted: ssl=0xb7ba62a0: Failure in SSL library, usually a protocol error
E/ImageLoader( 3761): error:14077410:SSL routines:SSL23_GET_SERVER_HELLO:sslv3 alert handshake failure (external/openssl/ssl/s23_clnt.c:741 0x84e6b770:0x00000000)
E/ImageLoader( 3761): javax.net.ssl.SSLHandshakeException: javax.net.ssl.SSLProtocolException: SSL handshake aborted: ssl=0xb7ba62a0: Failure in SSL library, usually a protocol error
E/ImageLoader( 3761): error:14077410:SSL routines:SSL23_GET_SERVER_HELLO:sslv3 alert handshake failure (external/openssl/ssl/s23_clnt.c:741 0x84e6b770:0x00000000)
E/ImageLoader( 3761): 	at com.android.org.conscrypt.OpenSSLSocketImpl.startHandshake(OpenSSLSocketImpl.java:448)
E/ImageLoader( 3761): 	at com.android.okhttp.Connection.upgradeToTls(Connection.java:146)
E/ImageLoader( 3761): 	at com.android.okhttp.Connection.connect(Connection.java:107)
E/ImageLoader( 3761): 	at com.android.okhttp.internal.http.HttpEngine.connect(HttpEngine.java:294)
E/ImageLoader( 3761): 	at com.android.okhttp.internal.http.HttpEngine.sendSocketRequest(HttpEngine.java:255)
E/ImageLoader( 3761): 	at com.android.okhttp.internal.http.HttpEngine.sendRequest(HttpEngine.java:206)
E/ImageLoader( 3761): 	at com.android.okhttp.internal.http.HttpURLConnectionImpl.execute(HttpURLConnectionImpl.java:345)
E/ImageLoader( 3761): 	at com.android.okhttp.internal.http.HttpURLConnectionImpl.getResponse(HttpURLConnectionImpl.java:296)
E/ImageLoader( 3761): 	at com.android.okhttp.internal.http.HttpURLConnectionImpl.getResponseCode(HttpURLConnectionImpl.java:503)
E/ImageLoader( 3761): 	at com.android.okhttp.internal.http.HttpsURLConnectionImpl.getResponseCode(HttpsURLConnectionImpl.java:136)
E/ImageLoader( 3761): 	at com.nostra13.universalimageloader.core.download.BaseImageDownloader.getStreamFromNetwork(BaseImageDownloader.java:105)
E/ImageLoader( 3761): 	at com.nostra13.universalimageloader.core.download.BaseImageDownloader.getStream(BaseImageDownloader.java:76)
E/ImageLoader( 3761): 	at com.nostra13.universalimageloader.core.decode.BaseImageDecoder.getImageStream(BaseImageDecoder.java:83)
E/ImageLoader( 3761): 	at com.nostra13.universalimageloader.core.decode.BaseImageDecoder.decode(BaseImageDecoder.java:69)
E/ImageLoader( 3761): 	at com.nostra13.universalimageloader.core.LoadAndDisplayImageTask.decodeImage(LoadAndDisplayImageTask.java:307)
E/ImageLoader( 3761): 	at com.nostra13.universalimageloader.core.LoadAndDisplayImageTask.tryLoadBitmap(LoadAndDisplayImageTask.java:262)
E/ImageLoader( 3761): 	at com.nostra13.universalimageloader.core.LoadAndDisplayImageTask.run(LoadAndDisplayImageTask.java:128)
E/ImageLoader( 3761): 	at com.nostra13.universalimageloader.core.ImageLoader.displayImage(ImageLoader.java:230)
E/ImageLoader( 3761): 	at com.nostra13.universalimageloader.core.ImageLoader.loadImage(ImageLoader.java:385)
E/ImageLoader( 3761): 	at com.nostra13.universalimageloader.core.ImageLoader.loadImageSync(ImageLoader.java:459)
E/ImageLoader( 3761): 	at com.nostra13.universalimageloader.core.ImageLoader.loadImageSync(ImageLoader.java:400)
E/ImageLoader( 3761): 	at com.bleacherreport.android.teamstream.models.SplashWebServiceManager.fetchSplashAds(SplashWebServiceManager.java:74)
E/ImageLoader( 3761): 	at com.bleacherreport.android.teamstream.TsLaunchActivity$TsLaunchTask$1.run(TsLaunchActivity.java:355)
E/ImageLoader( 3761): Caused by: javax.net.ssl.SSLProtocolException: SSL handshake aborted: ssl=0xb7ba62a0: Failure in SSL library, usually a protocol error
E/ImageLoader( 3761): error:14077410:SSL routines:SSL23_GET_SERVER_HELLO:sslv3 alert handshake failure (external/openssl/ssl/s23_clnt.c:741 0x84e6b770:0x00000000)
E/ImageLoader( 3761): 	at com.android.org.conscrypt.NativeCrypto.SSL_do_handshake(Native Method)
E/ImageLoader( 3761): 	at com.android.org.conscrypt.OpenSSLSocketImpl.startHandshake(OpenSSLSocketImpl.java:405)
E/ImageLoader( 3761): 	... 22 more
W/InputMethodManagerService(  346): Window already focused, ignoring focus gain of: com.android.internal.view.IInputMethodClient$Stub$Proxy@4aaf3210 attribute=null, token = android.os.BinderProxy@4aac4674
I/AnalyticsManager( 3761): endTimedEvent: Background - SplashAds checking for updates
D/SplashWebServiceManager( 3761): SplashWebserviceManager.fetchSplashAds(): 187ms
I/System.out( 3761): body:<com.crashlytics.android.internal.ay: com.crashlytics.android.internal.ay i()>	sig:$r4 = virtualinvoke $r2.<java.net.HttpURLConnection: java.io.OutputStream getOutputStream()>()	timediff:229
W/ViewRootImpl( 3761): Dropping event due to no window focus: KeyEvent { action=ACTION_DOWN, keyCode=KEYCODE_DPAD_DOWN, scanCode=0, metaState=0, flags=0x8, repeatCount=0, eventTime=118746, downTime=118746, deviceId=-1, source=0x101 }
W/EGL_emulation( 3761): eglSurfaceAttrib not implemented 3093 12436
W/ViewRootImpl( 3761): Dropping event due to no window focus: KeyEvent { action=ACTION_DOWN, keyCode=KEYCODE_FOCUS, scanCode=0, metaState=0, flags=0x8, repeatCount=0, eventTime=118750, downTime=118750, deviceId=-1, source=0x101 }
W/ViewRootImpl( 3761): Dropping event due to no window focus: KeyEvent { action=ACTION_DOWN, keyCode=KEYCODE_DPAD_LEFT, scanCode=0, metaState=0, flags=0x8, repeatCount=0, eventTime=118794, downTime=118794, deviceId=-1, source=0x101 }
W/ViewRootImpl( 3761): Dropping event due to no window focus: KeyEvent { action=ACTION_DOWN, keyCode=KEYCODE_BACK, scanCode=0, metaState=0, flags=0x8, repeatCount=0, eventTime=118796, downTime=118796, deviceId=-1, source=0x101 }
W/ViewRootImpl( 3761): Dropping event due to no window focus: KeyEvent { action=ACTION_DOWN, keyCode=KEYCODE_DPAD_CENTER, scanCode=0, metaState=0, flags=0x8, repeatCount=0, eventTime=118796, downTime=118796, deviceId=-1, source=0x101 }
W/ViewRootImpl( 3761): Dropping event due to no window focus: KeyEvent { action=ACTION_DOWN, keyCode=KEYCODE_MENU, scanCode=0, metaState=0, flags=0x8, repeatCount=0, eventTime=118797, downTime=118797, deviceId=-1, source=0x101 }
I/ActivityManager(  346): START u0 {act=android.intent.action.MAIN cat=[android.intent.category.LAUNCHER] flg=0x10200000 cmp=com.bleacherreport.android.teamstream/.TsLaunchActivity} from pid 3751
W/ViewRootImpl( 3761): Dropping event due to no window focus: KeyEvent { action=ACTION_DOWN, keyCode=KEYCODE_MENU, scanCode=0, metaState=0, flags=0x8, repeatCount=0, eventTime=118798, downTime=118798, deviceId=-1, source=0x101 }
I/System.out( 3761): body:<com.crashlytics.android.internal.ay: int b()>	sig:$i0 = virtualinvoke $r2.<java.net.HttpURLConnection: int getResponseCode()>()	timediff:71
I/System.out( 3761): body:<com.crashlytics.android.internal.ay: java.lang.String c(java.lang.CharSequence)>	sig:specialinvoke $r2.<java.net.URL: void <init>(java.lang.String)>($r1)	timediff:0
I/System.out( 3761): <com.crashlytics.android.internal.ay: java.lang.String c(java.lang.CharSequence)>###specialinvoke $r2.<java.net.URL: void <init>(java.lang.String)>($r1)###https://e.crashlytics.com/spi/v2/events
I/System.out( 3761): body:<com.crashlytics.android.internal.ay: java.lang.String c(java.lang.CharSequence)>	sig:$r3 = virtualinvoke $r2.<java.net.URL: java.lang.String getHost()>()	timediff:0
I/System.out( 3761): body:<com.crashlytics.android.internal.ay: java.lang.String c(java.lang.CharSequence)>	sig:$i0 = virtualinvoke $r2.<java.net.URL: int getPort()>()	timediff:0
I/System.out( 3761): body:<com.crashlytics.android.internal.ay: java.lang.String c(java.lang.CharSequence)>	sig:$r3 = virtualinvoke $r2.<java.net.URL: java.lang.String getProtocol()>()	timediff:0
I/System.out( 3761): body:<com.crashlytics.android.internal.ay: java.lang.String c(java.lang.CharSequence)>	sig:$r6 = virtualinvoke $r2.<java.net.URL: java.lang.String getPath()>()	timediff:0
I/System.out( 3761): body:<com.crashlytics.android.internal.ay: java.lang.String c(java.lang.CharSequence)>	sig:$r7 = virtualinvoke $r2.<java.net.URL: java.lang.String getQuery()>()	timediff:0
I/System.out( 3761): body:<com.crashlytics.android.internal.ay: java.lang.String c(java.lang.CharSequence)>	sig:specialinvoke $r5.<java.net.URI: void <init>(java.lang.String,java.lang.String,java.lang.String,java.lang.String,java.lang.String)>($r3, $r1, $r6, $r7, null)	timediff:0
I/System.out( 3761): body:<com.crashlytics.android.internal.ay: java.lang.String c(java.lang.CharSequence)>	sig:$r7 = virtualinvoke $r5.<java.net.URI: java.lang.String toASCIIString()>()	timediff:0
I/System.out( 3761): body:<com.crashlytics.android.internal.ay: void <init>(java.lang.CharSequence,java.lang.String)>	sig:specialinvoke $r4.<java.net.URL: void <init>(java.lang.String)>($r3)	timediff:0
I/System.out( 3761): <com.crashlytics.android.internal.ay: void <init>(java.lang.CharSequence,java.lang.String)>###specialinvoke $r4.<java.net.URL: void <init>(java.lang.String)>($r3)###https://e.crashlytics.com/spi/v2/events
I/System.out( 3761): body:<com.crashlytics.android.internal.aC: java.net.HttpURLConnection a(java.net.URL)>	sig:$r2 = virtualinvoke $r1.<java.net.URL: java.net.URLConnection openConnection()>()	timediff:1
I/System.out( 3761): body:<com.crashlytics.android.internal.ay: java.net.HttpURLConnection e()>	sig:virtualinvoke $r3.<java.net.HttpURLConnection: void setRequestMethod(java.lang.String)>($r4)	timediff:0
I/System.out( 3761): body:<com.crashlytics.android.internal.ay: com.crashlytics.android.internal.ay a(boolean)>	sig:virtualinvoke $r1.<java.net.HttpURLConnection: void setUseCaches(boolean)>(0)	timediff:0
I/System.out( 3761): body:<com.crashlytics.android.internal.ay: com.crashlytics.android.internal.ay a(int)>	sig:virtualinvoke $r1.<java.net.HttpURLConnection: void setConnectTimeout(int)>(10000)	timediff:0
W/InputMethodManagerService(  346): Window already focused, ignoring focus gain of: com.android.internal.view.IInputMethodClient$Stub$Proxy@4aa95bf8 attribute=null, token = android.os.BinderProxy@4aac4674
I/System.out( 3761): body:<com.crashlytics.android.internal.ay: com.crashlytics.android.internal.ay a(java.lang.String,java.lang.String)>	sig:virtualinvoke $r3.<java.net.HttpURLConnection: void setRequestProperty(java.lang.String,java.lang.String)>($r1, $r2)	timediff:0
I/System.out( 3761): body:<com.crashlytics.android.internal.ay: com.crashlytics.android.internal.ay a(java.lang.String,java.lang.String)>	sig:virtualinvoke $r3.<java.net.HttpURLConnection: void setRequestProperty(java.lang.String,java.lang.String)>($r1, $r2)	timediff:0
I/System.out( 3761): body:<com.crashlytics.android.internal.ay: com.crashlytics.android.internal.ay a(java.lang.String,java.lang.String)>	sig:virtualinvoke $r3.<java.net.HttpURLConnection: void setRequestProperty(java.lang.String,java.lang.String)>($r1, $r2)	timediff:0
I/System.out( 3761): body:<com.crashlytics.android.internal.ay: com.crashlytics.android.internal.ay a(java.lang.String,java.lang.String)>	sig:virtualinvoke $r3.<java.net.HttpURLConnection: void setRequestProperty(java.lang.String,java.lang.String)>($r1, $r2)	timediff:0
I/System.out( 3761): body:<com.crashlytics.android.internal.ay: com.crashlytics.android.internal.ay a(java.lang.String,java.lang.String)>	sig:virtualinvoke $r3.<java.net.HttpURLConnection: void setRequestProperty(java.lang.String,java.lang.String)>($r1, $r2)	timediff:0
I/System.out( 3761): body:<com.crashlytics.android.internal.ay: com.crashlytics.android.internal.ay a(java.lang.String,java.lang.String)>	sig:virtualinvoke $r3.<java.net.HttpURLConnection: void setRequestProperty(java.lang.String,java.lang.String)>($r1, $r2)	timediff:0
I/System.out( 3761): body:<com.crashlytics.android.internal.ay: com.crashlytics.android.internal.ay i()>	sig:virtualinvoke $r2.<java.net.HttpURLConnection: void setDoOutput(boolean)>(1)	timediff:0
I/System.out( 3761): body:<com.crashlytics.android.internal.ay: com.crashlytics.android.internal.ay i()>	sig:$r3 = virtualinvoke $r2.<java.net.HttpURLConnection: java.lang.String getRequestProperty(java.lang.String)>("Content-Type")	timediff:0
I/System.out( 3761): body:<com.crashlytics.android.internal.ay: com.crashlytics.android.internal.ay i()>	sig:$r4 = virtualinvoke $r2.<java.net.HttpURLConnection: java.io.OutputStream getOutputStream()>()	timediff:11
W/ViewRootImpl( 3761): Dropping event due to no window focus: KeyEvent { action=ACTION_DOWN, keyCode=KEYCODE_DPAD_DOWN, scanCode=0, metaState=0, flags=0x8, repeatCount=0, eventTime=118843, downTime=118843, deviceId=-1, source=0x101 }
W/ViewRootImpl( 3761): Dropping event due to no window focus: KeyEvent { action=ACTION_DOWN, keyCode=KEYCODE_DPAD_DOWN, scanCode=0, metaState=0, flags=0x8, repeatCount=0, eventTime=118846, downTime=118846, deviceId=-1, source=0x101 }
D/TsLaunchActivity( 3761): Fade onAnimationEnd...
I/AnalyticsManager( 3761): endTimedEvent: Background - Notifications Synchronization
I/ActivityManager(  346): START u0 {flg=0x10000 cmp=com.bleacherreport.android.teamstream/.activities.WelcomeActivity} from pid 3761
W/EGL_emulation( 3761): eglSurfaceAttrib not implemented 3093 12436
I/System.out( 3761): body:<com.crashlytics.android.internal.ay: int b()>	sig:$i0 = virtualinvoke $r2.<java.net.HttpURLConnection: int getResponseCode()>()	timediff:71
D/TeamManager( 3761): doInBackground started
I/AnalyticsManager( 3761): Starting session 1 with key 569XHMQAPNSA4PESZD8E for class WelcomeActivity
W/FlurryAgent( 3761): Start session with context: com.bleacherreport.android.teamstream.activities.WelcomeActivity@4ab956cc count:1
I/System.out( 3761): body:<com.bleacherreport.android.teamstream.models.WebServiceHelper: org.apache.http.HttpResponse executeHttpRequest(org.apache.http.client.methods.HttpUriRequest)>	sig:$r5 = virtualinvoke $r4.<java.net.URI: java.lang.String toString()>()	timediff:0
D/WebServiceHelper( 3761): Calling web service http://api.bleacherreport.com/api/v1/app_streams.json?devicetype=android&locale=en_US&tz=-25200&appversion=3.2.5.1&tags=frontpage
W/EGL_emulation( 3761): eglSurfaceAttrib not implemented 3093 12436
D/WelcomeActivity( 3761): Visible rect Rect(0, 38 - 720, 1280)
D/WelcomeActivity( 3761): Visible rect height 1242
W/ViewRootImpl( 3761): Dropping event due to no window focus: KeyEvent { action=ACTION_DOWN, keyCode=KEYCODE_DPAD_CENTER, scanCode=0, metaState=0, flags=0x8, repeatCount=0, eventTime=118848, downTime=118848, deviceId=-1, source=0x101 }
E/ActivityThread( 3761): Failed to find provider info for com.facebook.katana.provider.AttributionIdProvider
W/ContextImpl(  346): Calling a method in the system process without a qualified user: android.app.ContextImpl.sendBroadcast:1123 com.android.server.InputMethodManagerService.hideCurrentInputLocked:1880 com.android.server.InputMethodManagerService.windowGainedFocus:1968 com.android.internal.view.IInputMethodManager$Stub.onTransact:221 com.android.server.InputMethodManagerService.onTransact:818 
I/ActivityManager(  346): Displayed com.bleacherreport.android.teamstream/.activities.WelcomeActivity: +101ms
W/SurfaceFlinger(  172): couldn't log to binary event log: overflow.
D/dalvikvm( 3761): GC_CONCURRENT freed 7453K, 48% free 5714K/10796K, paused 1ms+1ms, total 14ms
I/AnalyticsManager( 3761): Ending session 2 for class TsLaunchActivity
W/FlurryAgent( 3761): End session with context: com.bleacherreport.android.teamstream.TsLaunchActivity@4a7ff9cc count:1
W/WindowManager(  346): Force-removing child win Window{4ab11178 u0 AtchDlg:com.bleacherreport.android.teamstream/com.bleacherreport.android.teamstream.TsLaunchActivity EXITING} from container Window{4aa68794 u0 com.bleacherreport.android.teamstream/com.bleacherreport.android.teamstream.TsLaunchActivity}
E/WindowManager( 3761): 
E/WindowManager( 3761): android.view.WindowLeaked: Activity com.bleacherreport.android.teamstream.TsLaunchActivity has leaked window com.android.internal.policy.impl.PhoneWindow$DecorView{4a80c4c0 V.E..... ......ID 0,0-720,0} that was originally added here
E/WindowManager( 3761): 	at android.view.ViewRootImpl.<init>(ViewRootImpl.java:348)
E/WindowManager( 3761): 	at android.view.WindowManagerGlobal.addView(WindowManagerGlobal.java:248)
E/WindowManager( 3761): 	at android.view.WindowManagerImpl.addView(WindowManagerImpl.java:69)
E/WindowManager( 3761): 	at com.android.internal.policy.impl.PhoneWindow.openPanel(PhoneWindow.java:672)
E/WindowManager( 3761): 	at com.android.internal.policy.impl.PhoneWindow.onKeyUpPanel(PhoneWindow.java:879)
E/WindowManager( 3761): 	at com.android.internal.policy.impl.PhoneWindow.onKeyUp(PhoneWindow.java:1630)
E/WindowManager( 3761): 	at com.android.internal.policy.impl.PhoneWindow$DecorView.dispatchKeyEvent(PhoneWindow.java:1969)
E/WindowManager( 3761): 	at android.view.ViewRootImpl$ViewPostImeInputStage.processKeyEvent(ViewRootImpl.java:3876)
E/WindowManager( 3761): 	at android.view.ViewRootImpl$ViewPostImeInputStage.onProcess(ViewRootImpl.java:3850)
E/WindowManager( 3761): 	at android.view.ViewRootImpl$InputStage.deliver(ViewRootImpl.java:3423)
E/WindowManager( 3761): 	at android.view.ViewRootImpl$InputStage.onDeliverToNext(ViewRootImpl.java:3473)
E/WindowManager( 3761): 	at android.view.ViewRootImpl$InputStage.forward(ViewRootImpl.java:3442)
E/WindowManager( 3761): 	at android.view.ViewRootImpl$AsyncInputStage.forward(ViewRootImpl.java:3549)
E/WindowManager( 3761): 	at android.view.ViewRootImpl$InputStage.apply(ViewRootImpl.java:3450)
E/WindowManager( 3761): 	at android.view.ViewRootImpl$AsyncInputStage.apply(ViewRootImpl.java:3606)
E/WindowManager( 3761): 	at android.view.ViewRootImpl$InputStage.deliver(ViewRootImpl.java:3423)
E/WindowManager( 3761): 	at android.view.ViewRootImpl$InputStage.onDeliverToNext(ViewRootImpl.java:3473)
E/WindowManager( 3761): 	at android.view.ViewRootImpl$InputStage.forward(ViewRootImpl.java:3442)
E/WindowManager( 3761): 	at android.view.ViewRootImpl$InputStage.apply(ViewRootImpl.java:3450)
E/WindowManager( 3761): 	at android.view.ViewRootImpl$InputStage.deliver(ViewRootImpl.java:3423)
E/WindowManager( 3761): 	at android.view.ViewRootImpl$InputStage.onDeliverToNext(ViewRootImpl.java:3473)
E/WindowManager( 3761): 	at android.view.ViewRootImpl$InputStage.forward(ViewRootImpl.java:3442)
E/WindowManager( 3761): 	at android.view.ViewRootImpl$AsyncInputStage.forward(ViewRootImpl.java:3582)
E/WindowManager( 3761): 	at android.view.ViewRootImpl$ImeInputStage.onFinishedInputEvent(ViewRootImpl.java:3742)
E/WindowManager( 3761): 	at android.view.inputmethod.InputMethodManager$PendingEvent.run(InputMethodManager.java:2010)
E/WindowManager( 3761): 	at android.view.inputmethod.InputMethodManager.invokeFinishedInputEventCallback(InputMethodManager.java:1704)
E/WindowManager( 3761): 	at android.view.inputmethod.InputMethodManager.finishedInputEvent(InputMethodManager.java:1695)
E/WindowManager( 3761): 	at android.view.inputmethod.InputMethodManager$ImeInputEventSender.onInputEventFinished(InputMethodManager.java:1987)
E/WindowManager( 3761): 	at android.view.InputEventSender.dispatchInputEventFinished(InputEventSender.java:141)
E/WindowManager( 3761): 	at android.os.MessageQueue.nativePollOnce(Native Method)
E/WindowManager( 3761): 	at android.os.MessageQueue.next(MessageQueue.java:138)
E/WindowManager( 3761): 	at android.os.Looper.loop(Looper.java:123)
E/WindowManager( 3761): 	at android.app.ActivityThread.main(ActivityThread.java:5019)
E/WindowManager( 3761): 	at java.lang.reflect.Method.invokeNative(Native Method)
E/WindowManager( 3761): 	at java.lang.reflect.Method.invoke(Method.java:515)
E/WindowManager( 3761): 	at com.android.internal.os.ZygoteInit$MethodAndArgsCaller.run(ZygoteInit.java:779)
E/WindowManager( 3761): 	at com.android.internal.os.ZygoteInit.main(ZygoteInit.java:595)
E/WindowManager( 3761): 	at dalvik.system.NativeStart.main(Native Method)
I/System.out( 3761): body:<com.nostra13.universalimageloader.core.download.BaseImageDownloader: java.net.HttpURLConnection createConnection(java.lang.String,java.lang.Object)>	sig:specialinvoke $r3.<java.net.URL: void <init>(java.lang.String)>($r1)	timediff:0
I/System.out( 3761): <com.nostra13.universalimageloader.core.download.BaseImageDownloader: java.net.HttpURLConnection createConnection(java.lang.String,java.lang.Object)>###specialinvoke $r3.<java.net.URL: void <init>(java.lang.String)>($r1)###https://cdn.bleacherreport.net/images/skins/00/A_E/adidas/alphabounce/1280x1000.jpg
I/System.out( 3761): body:<com.nostra13.universalimageloader.core.download.BaseImageDownloader: java.net.HttpURLConnection createConnection(java.lang.String,java.lang.Object)>	sig:$r4 = virtualinvoke $r3.<java.net.URL: java.net.URLConnection openConnection()>()	timediff:0
I/System.out( 3761): body:<com.nostra13.universalimageloader.core.download.BaseImageDownloader: java.net.HttpURLConnection createConnection(java.lang.String,java.lang.Object)>	sig:virtualinvoke $r5.<java.net.HttpURLConnection: void setConnectTimeout(int)>($i0)	timediff:0
I/System.out( 3761): body:<com.nostra13.universalimageloader.core.download.BaseImageDownloader: java.net.HttpURLConnection createConnection(java.lang.String,java.lang.Object)>	sig:virtualinvoke $r5.<java.net.HttpURLConnection: void setReadTimeout(int)>($i0)	timediff:0
W/WindowManager(  346): Force-removing child win Window{4ab44b90 u0 AtchDlg:com.bleacherreport.android.teamstream/com.bleacherreport.android.teamstream.TsLaunchActivity EXITING} from container Window{4aa68794 u0 com.bleacherreport.android.teamstream/com.bleacherreport.android.teamstream.TsLaunchActivity}
I/AnalyticsManager( 3761): logEvent: New User - Chose Pick Teams
W/FlurryAgent( 3761): Event count started: New User - Chose Pick Teams
W/WindowManager(  346): Failed looking up window
W/WindowManager(  346): java.lang.IllegalArgumentException: Requested window android.os.BinderProxy@4aaaad64 does not exist
W/WindowManager(  346): 	at com.android.server.wm.WindowManagerService.windowForClientLocked(WindowManagerService.java:8096)
W/WindowManager(  346): 	at com.android.server.wm.WindowManagerService.windowForClientLocked(WindowManagerService.java:8087)
W/WindowManager(  346): 	at com.android.server.wm.WindowManagerService.removeWindow(WindowManagerService.java:2542)
W/WindowManager(  346): 	at com.android.server.wm.Session.remove(Session.java:181)
W/WindowManager(  346): 	at android.view.IWindowSession$Stub.onTransact(IWindowSession.java:197)
W/WindowManager(  346): 	at com.android.server.wm.Session.onTransact(Session.java:125)
W/WindowManager(  346): 	at android.os.Binder.execTransact(Binder.java:404)
W/WindowManager(  346): 	at dalvik.system.NativeStart.run(Native Method)
I/ActivityManager(  346): START u0 {cmp=com.bleacherreport.android.teamstream/.activities.PickTeamsActivity} from pid 3761
E/ImageLoader( 3761): javax.net.ssl.SSLProtocolException: SSL handshake aborted: ssl=0xb7b9ca50: Failure in SSL library, usually a protocol error
E/ImageLoader( 3761): error:14077410:SSL routines:SSL23_GET_SERVER_HELLO:sslv3 alert handshake failure (external/openssl/ssl/s23_clnt.c:741 0x84e6b770:0x00000000)
E/ImageLoader( 3761): javax.net.ssl.SSLHandshakeException: javax.net.ssl.SSLProtocolException: SSL handshake aborted: ssl=0xb7b9ca50: Failure in SSL library, usually a protocol error
E/ImageLoader( 3761): error:14077410:SSL routines:SSL23_GET_SERVER_HELLO:sslv3 alert handshake failure (external/openssl/ssl/s23_clnt.c:741 0x84e6b770:0x00000000)
E/ImageLoader( 3761): 	at com.android.org.conscrypt.OpenSSLSocketImpl.startHandshake(OpenSSLSocketImpl.java:448)
E/ImageLoader( 3761): 	at com.android.okhttp.Connection.upgradeToTls(Connection.java:146)
E/ImageLoader( 3761): 	at com.android.okhttp.Connection.connect(Connection.java:107)
E/ImageLoader( 3761): 	at com.android.okhttp.internal.http.HttpEngine.connect(HttpEngine.java:294)
E/ImageLoader( 3761): 	at com.android.okhttp.internal.http.HttpEngine.sendSocketRequest(HttpEngine.java:255)
E/ImageLoader( 3761): 	at com.android.okhttp.internal.http.HttpEngine.sendRequest(HttpEngine.java:206)
E/ImageLoader( 3761): 	at com.android.okhttp.internal.http.HttpURLConnectionImpl.execute(HttpURLConnectionImpl.java:345)
E/ImageLoader( 3761): 	at com.android.okhttp.internal.http.HttpURLConnectionImpl.getResponse(HttpURLConnectionImpl.java:296)
E/ImageLoader( 3761): 	at com.android.okhttp.internal.http.HttpURLConnectionImpl.getResponseCode(HttpURLConnectionImpl.java:503)
E/ImageLoader( 3761): 	at com.android.okhttp.internal.http.HttpsURLConnectionImpl.getResponseCode(HttpsURLConnectionImpl.java:136)
E/ImageLoader( 3761): 	at com.nostra13.universalimageloader.core.download.BaseImageDownloader.getStreamFromNetwork(BaseImageDownloader.java:105)
E/ImageLoader( 3761): 	at com.nostra13.universalimageloader.core.download.BaseImageDownloader.getStream(BaseImageDownloader.java:76)
E/ImageLoader( 3761): 	at com.nostra13.universalimageloader.core.LoadAndDisplayImageTask.downloadImage(LoadAndDisplayImageTask.java:367)
E/ImageLoader( 3761): 	at com.nostra13.universalimageloader.core.LoadAndDisplayImageTask.tryCacheImageOnDisc(LoadAndDisplayImageTask.java:322)
E/ImageLoader( 3761): 	at com.nostra13.universalimageloader.core.LoadAndDisplayImageTask.tryLoadBitmap(LoadAndDisplayImageTask.java:260)
E/ImageLoader( 3761): 	at com.nostra13.universalimageloader.core.LoadAndDisplayImageTask.run(LoadAndDisplayImageTask.java:128)
E/ImageLoader( 3761): 	at com.nostra13.universalimageloader.core.ImageLoader.displayImage(ImageLoader.java:230)
E/ImageLoader( 3761): 	at com.nostra13.universalimageloader.core.ImageLoader.loadImage(ImageLoader.java:385)
E/ImageLoader( 3761): 	at com.nostra13.universalimageloader.core.ImageLoader.loadImageSync(ImageLoader.java:459)
E/ImageLoader( 3761): 	at com.nostra13.universalimageloader.core.ImageLoader.loadImageSync(ImageLoader.java:400)
E/ImageLoader( 3761): 	at com.bleacherreport.android.teamstream.models.StreamAdWebServiceManager.preCacheImages(StreamAdWebServiceManager.java:179)
E/ImageLoader( 3761): 	at com.bleacherreport.android.teamstream.models.StreamAdWebServiceManager.fetchAdsIfNecessary(StreamAdWebServiceManager.java:72)
E/ImageLoader( 3761): 	at com.bleacherreport.android.teamstream.models.TeamManager$BackgroundTask.doInBackground(TeamManager.java:26)
E/ImageLoader( 3761): 	at com.bleacherreport.android.teamstream.models.TeamManager$BackgroundTask.doInBackground(TeamManager.java:22)
E/ImageLoader( 3761): 	at android.os.AsyncTask$2.call(AsyncTask.java:288)
E/ImageLoader( 3761): 	at java.util.concurrent.FutureTask.run(FutureTask.java:237)
E/ImageLoader( 3761): 	at android.os.AsyncTask$SerialExecutor$1.run(AsyncTask.java:231)
E/ImageLoader( 3761): 	at java.util.concurrent.ThreadPoolExecutor.runWorker(ThreadPoolExecutor.java:1112)
E/ImageLoader( 3761): 	at java.util.concurrent.ThreadPoolExecutor$Worker.run(ThreadPoolExecutor.java:587)
E/ImageLoader( 3761): 	at java.lang.Thread.run(Thread.java:841)
E/ImageLoader( 3761): Caused by: javax.net.ssl.SSLProtocolException: SSL handshake aborted: ssl=0xb7b9ca50: Failure in SSL library, usually a protocol error
E/ImageLoader( 3761): error:14077410:SSL routines:SSL23_GET_SERVER_HELLO:sslv3 alert handshake failure (external/openssl/ssl/s23_clnt.c:741 0x84e6b770:0x00000000)
E/ImageLoader( 3761): 	at com.android.org.conscrypt.NativeCrypto.SSL_do_handshake(Native Method)
E/ImageLoader( 3761): 	at com.android.org.conscrypt.OpenSSLSocketImpl.startHandshake(OpenSSLSocketImpl.java:405)
E/ImageLoader( 3761): 	... 29 more
I/System.out( 3761): body:<com.nostra13.universalimageloader.core.download.BaseImageDownloader: java.net.HttpURLConnection createConnection(java.lang.String,java.lang.Object)>	sig:specialinvoke $r3.<java.net.URL: void <init>(java.lang.String)>($r1)	timediff:0
I/System.out( 3761): <com.nostra13.universalimageloader.core.download.BaseImageDownloader: java.net.HttpURLConnection createConnection(java.lang.String,java.lang.Object)>###specialinvoke $r3.<java.net.URL: void <init>(java.lang.String)>($r1)###https://cdn.bleacherreport.net/images/skins/00/A_E/adidas/alphabounce/1280x1000.jpg
I/System.out( 3761): body:<com.nostra13.universalimageloader.core.download.BaseImageDownloader: java.net.HttpURLConnection createConnection(java.lang.String,java.lang.Object)>	sig:$r4 = virtualinvoke $r3.<java.net.URL: java.net.URLConnection openConnection()>()	timediff:0
I/System.out( 3761): body:<com.nostra13.universalimageloader.core.download.BaseImageDownloader: java.net.HttpURLConnection createConnection(java.lang.String,java.lang.Object)>	sig:virtualinvoke $r5.<java.net.HttpURLConnection: void setConnectTimeout(int)>($i0)	timediff:0
I/System.out( 3761): body:<com.nostra13.universalimageloader.core.download.BaseImageDownloader: java.net.HttpURLConnection createConnection(java.lang.String,java.lang.Object)>	sig:virtualinvoke $r5.<java.net.HttpURLConnection: void setReadTimeout(int)>($i0)	timediff:0
D/WelcomeActivity( 3761): Visible rect Rect(0, 38 - 720, 1280)
D/WelcomeActivity( 3761): Visible rect height 1242
E/ImageLoader( 3761): javax.net.ssl.SSLProtocolException: SSL handshake aborted: ssl=0xb7b0f0a0: Failure in SSL library, usually a protocol error
E/ImageLoader( 3761): error:14077410:SSL routines:SSL23_GET_SERVER_HELLO:sslv3 alert handshake failure (external/openssl/ssl/s23_clnt.c:741 0x84e6b770:0x00000000)
E/ImageLoader( 3761): javax.net.ssl.SSLHandshakeException: javax.net.ssl.SSLProtocolException: SSL handshake aborted: ssl=0xb7b0f0a0: Failure in SSL library, usually a protocol error
E/ImageLoader( 3761): error:14077410:SSL routines:SSL23_GET_SERVER_HELLO:sslv3 alert handshake failure (external/openssl/ssl/s23_clnt.c:741 0x84e6b770:0x00000000)
E/ImageLoader( 3761): 	at com.android.org.conscrypt.OpenSSLSocketImpl.startHandshake(OpenSSLSocketImpl.java:448)
E/ImageLoader( 3761): 	at com.android.okhttp.Connection.upgradeToTls(Connection.java:146)
E/ImageLoader( 3761): 	at com.android.okhttp.Connection.connect(Connection.java:107)
E/ImageLoader( 3761): 	at com.android.okhttp.internal.http.HttpEngine.connect(HttpEngine.java:294)
E/ImageLoader( 3761): 	at com.android.okhttp.internal.http.HttpEngine.sendSocketRequest(HttpEngine.java:255)
E/ImageLoader( 3761): 	at com.android.okhttp.internal.http.HttpEngine.sendRequest(HttpEngine.java:206)
E/ImageLoader( 3761): 	at com.android.okhttp.internal.http.HttpURLConnectionImpl.execute(HttpURLConnectionImpl.java:345)
E/ImageLoader( 3761): 	at com.android.okhttp.internal.http.HttpURLConnectionImpl.getResponse(HttpURLConnectionImpl.java:296)
E/ImageLoader( 3761): 	at com.android.okhttp.internal.http.HttpURLConnectionImpl.getResponseCode(HttpURLConnectionImpl.java:503)
E/ImageLoader( 3761): 	at com.android.okhttp.internal.http.HttpsURLConnectionImpl.getResponseCode(HttpsURLConnectionImpl.java:136)
E/ImageLoader( 3761): 	at com.nostra13.universalimageloader.core.download.BaseImageDownloader.getStreamFromNetwork(BaseImageDownloader.java:105)
E/ImageLoader( 3761): 	at com.nostra13.universalimageloader.core.download.BaseImageDownloader.getStream(BaseImageDownloader.java:76)
E/ImageLoader( 3761): 	at com.nostra13.universalimageloader.core.decode.BaseImageDecoder.getImageStream(BaseImageDecoder.java:83)
E/ImageLoader( 3761): 	at com.nostra13.universalimageloader.core.decode.BaseImageDecoder.decode(BaseImageDecoder.java:69)
E/ImageLoader( 3761): 	at com.nostra13.universalimageloader.core.LoadAndDisplayImageTask.decodeImage(LoadAndDisplayImageTask.java:307)
E/ImageLoader( 3761): 	at com.nostra13.universalimageloader.core.LoadAndDisplayImageTask.tryLoadBitmap(LoadAndDisplayImageTask.java:262)
E/ImageLoader( 3761): 	at com.nostra13.universalimageloader.core.LoadAndDisplayImageTask.run(LoadAndDisplayImageTask.java:128)
E/ImageLoader( 3761): 	at com.nostra13.universalimageloader.core.ImageLoader.displayImage(ImageLoader.java:230)
E/ImageLoader( 3761): 	at com.nostra13.universalimageloader.core.ImageLoader.loadImage(ImageLoader.java:385)
E/ImageLoader( 3761): 	at com.nostra13.universalimageloader.core.ImageLoader.loadImageSync(ImageLoader.java:459)
E/ImageLoader( 3761): 	at com.nostra13.universalimageloader.core.ImageLoader.loadImageSync(ImageLoader.java:400)
E/ImageLoader( 3761): 	at com.bleacherreport.android.teamstream.models.StreamAdWebServiceManager.preCacheImages(StreamAdWebServiceManager.java:179)
E/ImageLoader( 3761): 	at com.bleacherreport.android.teamstream.models.StreamAdWebServiceManager.fetchAdsIfNecessary(StreamAdWebServiceManager.java:72)
E/ImageLoader( 3761): 	at com.bleacherreport.android.teamstream.models.TeamManager$BackgroundTask.doInBackground(TeamManager.java:26)
E/ImageLoader( 3761): 	at com.bleacherreport.android.teamstream.models.TeamManager$BackgroundTask.doInBackground(TeamManager.java:22)
E/ImageLoader( 3761): 	at android.os.AsyncTask$2.call(AsyncTask.java:288)
E/ImageLoader( 3761): 	at java.util.concurrent.FutureTask.run(FutureTask.java:237)
E/ImageLoader( 3761): 	at android.os.AsyncTask$SerialExecutor$1.run(AsyncTask.java:231)
E/ImageLoader( 3761): 	at java.util.concurrent.ThreadPoolExecutor.runWorker(ThreadPoolExecutor.java:1112)
E/ImageLoader( 3761): 	at java.util.concurrent.ThreadPoolExecutor$Worker.run(ThreadPoolExecutor.java:587)
E/ImageLoader( 3761): 	at java.lang.Thread.run(Thread.java:841)
E/ImageLoader( 3761): Caused by: javax.net.ssl.SSLProtocolException: SSL handshake aborted: ssl=0xb7b0f0a0: Failure in SSL library, usually a protocol error
E/ImageLoader( 3761): error:14077410:SSL routines:SSL23_GET_SERVER_HELLO:sslv3 alert handshake failure (external/openssl/ssl/s23_clnt.c:741 0x84e6b770:0x00000000)
E/ImageLoader( 3761): 	at com.android.org.conscrypt.NativeCrypto.SSL_do_handshake(Native Method)
E/ImageLoader( 3761): 	at com.android.org.conscrypt.OpenSSLSocketImpl.startHandshake(OpenSSLSocketImpl.java:405)
E/ImageLoader( 3761): 	... 30 more
D/TeamManager( 3761): doInBackground finished
D/dalvikvm( 3761): GC_FOR_ALLOC freed 661K, 48% free 5700K/10796K, paused 4ms, total 4ms
I/dalvikvm-heap( 3761): Grow heap (frag case) to 6.229MB for 635808-byte allocation
D/dalvikvm( 3761): GC_FOR_ALLOC freed 7K, 45% free 6313K/11420K, paused 4ms, total 4ms
I/AnalyticsManager( 3761): Starting session 1 with key 569XHMQAPNSA4PESZD8E for class PickTeamsActivity
W/FlurryAgent( 3761): Start session with context: com.bleacherreport.android.teamstream.activities.PickTeamsActivity@4a7f8268 count:1
I/PickTeamsActivity( 3761): location null
W/EGL_emulation( 3761): eglSurfaceAttrib not implemented 3093 12436
D/TeamHelper( 3761): TeamHelper can't find null
I/System.out( 3761): body:<com.nostra13.universalimageloader.core.download.BaseImageDownloader: java.net.HttpURLConnection createConnection(java.lang.String,java.lang.Object)>	sig:specialinvoke $r3.<java.net.URL: void <init>(java.lang.String)>($r1)	timediff:0
I/System.out( 3761): <com.nostra13.universalimageloader.core.download.BaseImageDownloader: java.net.HttpURLConnection createConnection(java.lang.String,java.lang.Object)>###specialinvoke $r3.<java.net.URL: void <init>(java.lang.String)>($r1)###http://cdn.bleacherreport.net/images/team_logos/123x123/nfl.png
I/System.out( 3761): body:<com.nostra13.universalimageloader.core.download.BaseImageDownloader: java.net.HttpURLConnection createConnection(java.lang.String,java.lang.Object)>	sig:$r4 = virtualinvoke $r3.<java.net.URL: java.net.URLConnection openConnection()>()	timediff:0
I/System.out( 3761): body:<com.nostra13.universalimageloader.core.download.BaseImageDownloader: java.net.HttpURLConnection createConnection(java.lang.String,java.lang.Object)>	sig:virtualinvoke $r5.<java.net.HttpURLConnection: void setConnectTimeout(int)>($i0)	timediff:0
I/System.out( 3761): body:<com.nostra13.universalimageloader.core.download.BaseImageDownloader: java.net.HttpURLConnection createConnection(java.lang.String,java.lang.Object)>	sig:virtualinvoke $r5.<java.net.HttpURLConnection: void setReadTimeout(int)>($i0)	timediff:0
I/System.out( 3761): body:<com.nostra13.universalimageloader.core.download.BaseImageDownloader: java.net.HttpURLConnection createConnection(java.lang.String,java.lang.Object)>	sig:specialinvoke $r3.<java.net.URL: void <init>(java.lang.String)>($r1)	timediff:0
I/System.out( 3761): <com.nostra13.universalimageloader.core.download.BaseImageDownloader: java.net.HttpURLConnection createConnection(java.lang.String,java.lang.Object)>###specialinvoke $r3.<java.net.URL: void <init>(java.lang.String)>($r1)###http://cdn.bleacherreport.net/images/team_logos/123x123/nba.png
I/System.out( 3761): body:<com.nostra13.universalimageloader.core.download.BaseImageDownloader: java.net.HttpURLConnection createConnection(java.lang.String,java.lang.Object)>	sig:$r4 = virtualinvoke $r3.<java.net.URL: java.net.URLConnection openConnection()>()	timediff:0
I/System.out( 3761): body:<com.nostra13.universalimageloader.core.download.BaseImageDownloader: java.net.HttpURLConnection createConnection(java.lang.String,java.lang.Object)>	sig:virtualinvoke $r5.<java.net.HttpURLConnection: void setConnectTimeout(int)>($i0)	timediff:0
I/System.out( 3761): body:<com.nostra13.universalimageloader.core.download.BaseImageDownloader: java.net.HttpURLConnection createConnection(java.lang.String,java.lang.Object)>	sig:virtualinvoke $r5.<java.net.HttpURLConnection: void setReadTimeout(int)>($i0)	timediff:0
I/System.out( 3761): body:<com.nostra13.universalimageloader.core.download.BaseImageDownloader: java.net.HttpURLConnection createConnection(java.lang.String,java.lang.Object)>	sig:specialinvoke $r3.<java.net.URL: void <init>(java.lang.String)>($r1)	timediff:0
I/System.out( 3761): <com.nostra13.universalimageloader.core.download.BaseImageDownloader: java.net.HttpURLConnection createConnection(java.lang.String,java.lang.Object)>###specialinvoke $r3.<java.net.URL: void <init>(java.lang.String)>($r1)###http://cdn.bleacherreport.net/images/team_logos/123x123/mlb.png
I/System.out( 3761): body:<com.nostra13.universalimageloader.core.download.BaseImageDownloader: java.net.HttpURLConnection createConnection(java.lang.String,java.lang.Object)>	sig:$r4 = virtualinvoke $r3.<java.net.URL: java.net.URLConnection openConnection()>()	timediff:0
I/System.out( 3761): body:<com.nostra13.universalimageloader.core.download.BaseImageDownloader: java.net.HttpURLConnection createConnection(java.lang.String,java.lang.Object)>	sig:virtualinvoke $r5.<java.net.HttpURLConnection: void setConnectTimeout(int)>($i0)	timediff:0
I/System.out( 3761): body:<com.nostra13.universalimageloader.core.download.BaseImageDownloader: java.net.HttpURLConnection createConnection(java.lang.String,java.lang.Object)>	sig:virtualinvoke $r5.<java.net.HttpURLConnection: void setReadTimeout(int)>($i0)	timediff:0
D/TeamHelper( 3761): TeamHelper can't find null
I/System.out( 3761): body:<com.nostra13.universalimageloader.core.download.BaseImageDownloader: java.io.InputStream getStreamFromNetwork(java.lang.String,java.lang.Object)>	sig:$i1 = virtualinvoke $r3.<java.net.HttpURLConnection: int getResponseCode()>()	timediff:22
I/System.out( 3761): body:<com.nostra13.universalimageloader.core.download.BaseImageDownloader: java.io.InputStream getStreamFromNetwork(java.lang.String,java.lang.Object)>	sig:$r5 = virtualinvoke $r3.<java.net.HttpURLConnection: java.io.InputStream getInputStream()>()	timediff:0
I/System.out( 3761): body:<empirical.HelperClass: void printURLInfo(java.lang.String,java.lang.String,java.net.URLConnection)>	sig:$r0 = virtualinvoke urlConnection.<java.net.URLConnection: java.net.URL getURL()>()	timediff:0
I/System.out( 3761): body:<empirical.HelperClass: void printURLInfo(java.lang.String,java.lang.String,java.net.URLConnection)>	sig:urlString = virtualinvoke $r0.<java.net.URL: java.lang.String toString()>()	timediff:0
I/System.out( 3761): body:<empirical.HelperClass: void printURLInfo(java.lang.String,java.lang.String,java.net.URLConnection)>	sig:isDoOutput = virtualinvoke urlConnection.<java.net.URLConnection: boolean getDoOutput()>()	timediff:0
I/System.out( 3761): body:<empirical.HelperClass: java.lang.String getHeaderField(java.net.URLConnection,java.lang.String)>	sig:data = virtualinvoke conn.<java.net.URLConnection: java.lang.String getHeaderField(java.lang.String)>(field)	timediff:0
I/System.out( 3761): body:<empirical.HelperClass: java.lang.String getHeaderField(java.net.URLConnection,java.lang.String)>	sig:data = virtualinvoke conn.<java.net.URLConnection: java.lang.String getHeaderField(java.lang.String)>(field)	timediff:0
I/System.out( 3761): body:<empirical.HelperClass: java.lang.String getHeaderField(java.net.URLConnection,java.lang.String)>	sig:data = virtualinvoke conn.<java.net.URLConnection: java.lang.String getHeaderField(java.lang.String)>(field)	timediff:0
