W/ViewRootImpl(  529): Dropping event due to no window focus: KeyEvent { action=ACTION_DOWN, keyCode=KEYCODE_DPAD_UP, scanCode=0, metaState=0, flags=0x8, repeatCount=0, eventTime=1776604, downTime=1776604, deviceId=-1, source=0x101 }
I/ActivityManager(  469): START u0 {act=android.intent.action.CALL_BUTTON flg=0x10000000} from pid 649
W/PhoneFallbackEventHandler(  649): No activity found for android.intent.action.CALL_BUTTON.
W/ViewRootImpl(  529): Dropping event due to no window focus: MotionEvent { action=ACTION_MOVE, id[0]=0, x[0]=-1.0, y[0]=3.0, toolType[0]=TOOL_TYPE_UNKNOWN, buttonState=0, metaState=0, flags=0x0, edgeFlags=0x0, pointerCount=1, historySize=10, eventTime=1776611, downTime=-1, deviceId=0, source=0x10004 }
W/ContextImpl(  469): Calling a method in the system process without a qualified user: android.app.ContextImpl.sendBroadcast:1123 com.android.server.InputMethodManagerService.hideCurrentInputLocked:1880 com.android.server.InputMethodManagerService.windowGainedFocus:1968 com.android.internal.view.IInputMethodManager$Stub.onTransact:221 com.android.server.InputMethodManagerService.onTransact:818 
W/InputMethodManagerService(  469): Starting input on non-focused client com.android.internal.view.IInputMethodClient$Stub$Proxy@4a9a542c (uid=1000 pid=649)
W/InputEventReceiver(  529): Attempted to finish an input event but the input event receiver has already been disposed.
W/InputEventReceiver(  529): Attempted to finish an input event but the input event receiver has already been disposed.
W/InputEventReceiver(  529): Attempted to finish an input event but the input event receiver has already been disposed.
W/InputEventReceiver(  529): Attempted to finish an input event but the input event receiver has already been disposed.
W/InputEventReceiver(  529): Attempted to finish an input event but the input event receiver has already been disposed.
W/InputEventReceiver(  529): Attempted to finish an input event but the input event receiver has already been disposed.
W/InputEventReceiver(  529): Attempted to finish an input event but the input event receiver has already been disposed.
W/InputEventReceiver(  529): Attempted to finish an input event but the input event receiver has already been disposed.
W/ViewRootImpl(  529): Dropping event due to root view being removed: MotionEvent { action=ACTION_POINTER_DOWN(1), id[0]=0, x[0]=293.03064, y[0]=408.8319, toolType[0]=TOOL_TYPE_UNKNOWN, id[1]=1, x[1]=471.0, y[1]=-72.0, toolType[1]=TOOL_TYPE_UNKNOWN, buttonState=0, metaState=0, flags=0x0, edgeFlags=0x0, pointerCount=2, historySize=0, eventTime=1776675, downTime=1776675, deviceId=0, source=0x1002 }
W/ViewRootImpl(  529): Dropping event due to root view being removed: MotionEvent { action=ACTION_MOVE, id[0]=0, x[0]=297.45248, y[0]=374.7486, toolType[0]=TOOL_TYPE_UNKNOWN, id[1]=1, x[1]=444.50253, y[1]=-50.326294, toolType[1]=TOOL_TYPE_UNKNOWN, buttonState=0, metaState=0, flags=0x0, edgeFlags=0x0, pointerCount=2, historySize=3, eventTime=1776676, downTime=1776675, deviceId=0, source=0x1002 }
W/ViewRootImpl(  529): Dropping event due to root view being removed: MotionEvent { action=ACTION_POINTER_UP(1), id[0]=0, x[0]=299.11328, y[0]=371.98492, toolType[0]=TOOL_TYPE_UNKNOWN, id[1]=1, x[1]=442.73022, y[1]=-48.913147, toolType[1]=TOOL_TYPE_UNKNOWN, buttonState=0, metaState=0, flags=0x0, edgeFlags=0x0, pointerCount=2, historySize=0, eventTime=1776676, downTime=1776675, deviceId=0, source=0x1002 }
W/ViewRootImpl(  529): Dropping event due to root view being removed: MotionEvent { action=ACTION_UP, id[0]=0, x[0]=299.42157, y[0]=362.5876, toolType[0]=TOOL_TYPE_UNKNOWN, buttonState=0, metaState=0, flags=0x0, edgeFlags=0x0, pointerCount=1, historySize=0, eventTime=1776676, downTime=1776675, deviceId=0, source=0x1002 }
W/ViewRootImpl(  529): Dropping event due to root view being removed: MotionEvent { action=ACTION_MOVE, id[0]=0, x[0]=-3.0, y[0]=-3.0, toolType[0]=TOOL_TYPE_UNKNOWN, buttonState=0, metaState=0, flags=0x0, edgeFlags=0x0, pointerCount=1, historySize=9, eventTime=1776674, downTime=-1, deviceId=0, source=0x10004 }
W/ViewRootImpl(  529): Dropping event due to root view being removed: MotionEvent { action=ACTION_DOWN, id[0]=0, x[0]=0.0, y[0]=0.0, toolType[0]=TOOL_TYPE_UNKNOWN, buttonState=0, metaState=0, flags=0x0, edgeFlags=0x0, pointerCount=1, historySize=0, eventTime=1776674, downTime=1776672, deviceId=0, source=0x10004 }
W/ViewRootImpl(  529): Dropping event due to root view being removed: MotionEvent { action=ACTION_UP, id[0]=0, x[0]=0.0, y[0]=0.0, toolType[0]=TOOL_TYPE_UNKNOWN, buttonState=0, metaState=0, flags=0x0, edgeFlags=0x0, pointerCount=1, historySize=0, eventTime=1776674, downTime=1776672, deviceId=0, source=0x10004 }
W/ContextImpl(  469): Calling a method in the system process without a qualified user: android.app.ContextImpl.sendBroadcast:1123 com.android.server.InputMethodManagerService.hideCurrentInputLocked:1880 com.android.server.InputMethodManagerService.windowGainedFocus:1968 com.android.internal.view.IInputMethodManager$Stub.onTransact:221 com.android.server.InputMethodManagerService.onTransact:818 
I/ActivityManager(  469): START u0 {act=android.intent.action.MAIN cat=[android.intent.category.LAUNCHER] flg=0x10200000 cmp=com.topgolf.mobile/.views.SplashScreen} from pid 26830
D/yeshen  (  649): launcher onpause
I/ActivityManager(  469): Start proc com.topgolf.mobile for activity com.topgolf.mobile/.views.SplashScreen: pid=27183 uid=10092 gids={50092, 3003, 1028, 1015, 1023}
W/NetworkManagementSocketTagger(  469): setKernelCountSet(10092, 1) failed with errno -13
I/dalvikvm(27183): ignoring registerObject request in thread=1
I/dalvikvm(27183): ignoring registerObject request in thread=1
E/dalvikvm(27183): Bogus static initialization: value type 23 in field type Ljava/lang/Object; for Lcom/google/inject/internal/util/$SourceProvider; at index 1
E/dalvikvm(27183): VM aborting
F/libc    (27183): Fatal signal 6 (SIGABRT) at 0x00006a2f (code=-6), thread 27183 (.topgolf.mobile)
I/DEBUG   (27031): *** *** *** *** *** *** *** *** *** *** *** *** *** *** *** ***
I/DEBUG   (27031): Build fingerprint: 'samsung/SM-G955N/dream2lteks:4.4.2/NRD90M/381180401:user/release-keys'
I/DEBUG   (27031): Revision: '0'
I/DEBUG   (27031): pid: 27183, tid: 27183, name: .topgolf.mobile  >>> com.topgolf.mobile <<<
I/DEBUG   (27031): signal 6 (SIGABRT), code -6 (SI_TKILL), fault addr --------
I/DEBUG   (27031):     eax 00000000  ebx 00006a2f  ecx 00006a2f  edx 00000006
I/DEBUG   (27031):     esi 00006a2f  edi 00000002
I/DEBUG   (27031):     xcs 00000073  xds 0000007b  xes 0000007b  xfs 00000000  xss 0000007b
I/DEBUG   (27031):     eip b76e40d6  ebp b774dce0  esp bfa11db0  flags 00200207
I/DEBUG   (27031): 
I/DEBUG   (27031): backtrace:
I/DEBUG   (27031):     #00  pc 0003c0d6  /system/lib/libc.so (tgkill+22)
I/DEBUG   (27031):     #01  pc 00000005  <unknown>
I/DEBUG   (27031): 
I/DEBUG   (27031): stack:
I/DEBUG   (27031):          bfa11d70  00000000  
I/DEBUG   (27031):          bfa11d74  b7749268  /system/lib/libc.so
I/DEBUG   (27031):          bfa11d78  00000000  
I/DEBUG   (27031):          bfa11d7c  b76b5f39  /system/lib/libc.so (pthread_mutex_unlock+25)
I/DEBUG   (27031):          bfa11d80  b774918c  /system/lib/libc.so
I/DEBUG   (27031):          bfa11d84  b7984260  [heap]
I/DEBUG   (27031):          bfa11d88  00000015  
I/DEBUG   (27031):          bfa11d8c  b4ec1c40  /system/lib/libdvm.so
I/DEBUG   (27031):          bfa11d90  00000000  
I/DEBUG   (27031):          bfa11d94  b7702926  /system/lib/libc.so (funlockfile+6)
I/DEBUG   (27031):          bfa11d98  b7748fcc  /system/lib/libc.so
I/DEBUG   (27031):          bfa11d9c  b76ee006  /system/lib/libc.so (__sflush_locked+150)
I/DEBUG   (27031):          bfa11da0  00000000  
I/DEBUG   (27031):          bfa11da4  00000000  
I/DEBUG   (27031):          bfa11da8  b76b5d69  /system/lib/libc.so (pthread_mutex_lock+9)
I/DEBUG   (27031):          bfa11dac  b7748fcc  /system/lib/libc.so
I/DEBUG   (27031):     #00  bfa11db0  00000006  
I/DEBUG   (27031):          bfa11db4  00006a2f  
I/DEBUG   (27031):          bfa11db8  b7748fcc  /system/lib/libc.so
I/DEBUG   (27031):          bfa11dbc  b76c04a6  /system/lib/libc.so (pthread_kill+102)
I/DEBUG   (27031):          bfa11dc0  00006a2f  
I/DEBUG   (27031):          bfa11dc4  00006a2f  
I/DEBUG   (27031):          bfa11dc8  00000006  
I/DEBUG   (27031):          bfa11dcc  00000000  
I/DEBUG   (27031):          bfa11dd0  b7749268  /system/lib/libc.so
I/DEBUG   (27031):          bfa11dd4  94f8f340  /dev/ashmem/dalvik-heap (deleted)
I/DEBUG   (27031):          bfa11dd8  b76c0449  /system/lib/libc.so (pthread_kill+9)
I/DEBUG   (27031):          bfa11ddc  b7748fcc  /system/lib/libc.so
I/DEBUG   (27031):          bfa11de0  bfa11e2c  [stack]
I/DEBUG   (27031):          bfa11de4  bfa12060  [stack]
I/DEBUG   (27031):          bfa11de8  00000001  
I/DEBUG   (27031):          bfa11dec  b76c082c  /system/lib/libc.so (raise+44)
I/Process (  469): Sending signal. PID: 27183 SIG: 9
W/NetworkManagementSocketTagger(  469): setKernelCountSet(10092, 0) failed with errno -13
D/dalvikvm(  167): GC_EXPLICIT freed 40K, 5% free 2788K/2932K, paused 0ms+0ms, total 2ms
I/BootReceiver(  469): Copying /data/tombstones/tombstone_02 to DropBox (SYSTEM_TOMBSTONE)
W/ActivityManager(  469): Force-killing crashed app com.topgolf.mobile at watcher's request
W/ContextImpl(  469): Calling a method in the system process without a qualified user: android.app.ContextImpl.sendBroadcast:1123 com.android.server.am.ActivityManagerService.handleApplicationCrashInner:9670 com.android.server.am.NativeCrashListener$NativeCrashReporter.run:86 <bottom of call stack> <bottom of call stack> 
I/ActivityManager(  469): Process com.topgolf.mobile (pid 27183) has died.
D/dalvikvm(  167): GC_EXPLICIT freed <1K, 5% free 2788K/2932K, paused 1ms+0ms, total 3ms
D/dalvikvm(  167): GC_EXPLICIT freed <1K, 5% free 2788K/2932K, paused 1ms+0ms, total 5ms
I/ActivityManager(  469): Start proc com.topgolf.mobile for activity com.topgolf.mobile/.views.SplashScreen: pid=27197 uid=10092 gids={50092, 3003, 1028, 1015, 1023}
D/Zygote  (  167): Process 27183 terminated by signal (6)
W/NetworkManagementSocketTagger(  469): setKernelCountSet(10092, 1) failed with errno -13
I/dalvikvm(27197): ignoring registerObject request in thread=1
I/dalvikvm(27197): ignoring registerObject request in thread=1
E/dalvikvm(27197): Bogus static initialization: value type 23 in field type Ljava/lang/Object; for Lcom/google/inject/internal/util/$SourceProvider; at index 1
E/dalvikvm(27197): VM aborting
F/libc    (27197): Fatal signal 6 (SIGABRT) at 0x00006a3d (code=-6), thread 27197 (.topgolf.mobile)
I/DEBUG   (27031): *** *** *** *** *** *** *** *** *** *** *** *** *** *** *** ***
I/DEBUG   (27031): Build fingerprint: 'samsung/SM-G955N/dream2lteks:4.4.2/NRD90M/381180401:user/release-keys'
I/DEBUG   (27031): Revision: '0'
I/DEBUG   (27031): pid: 27197, tid: 27197, name: .topgolf.mobile  >>> com.topgolf.mobile <<<
I/DEBUG   (27031): signal 6 (SIGABRT), code -6 (SI_TKILL), fault addr --------
I/DEBUG   (27031):     eax 00000000  ebx 00006a3d  ecx 00006a3d  edx 00000006
I/DEBUG   (27031):     esi 00006a3d  edi 00000002
I/DEBUG   (27031):     xcs 00000073  xds 0000007b  xes 0000007b  xfs 00000000  xss 0000007b
I/DEBUG   (27031):     eip b76e40d6  ebp b774dce0  esp bfa11db0  flags 00200207
I/DEBUG   (27031): 
I/DEBUG   (27031): backtrace:
I/DEBUG   (27031):     #00  pc 0003c0d6  /system/lib/libc.so (tgkill+22)
I/DEBUG   (27031):     #01  pc 00000005  <unknown>
I/DEBUG   (27031): 
I/DEBUG   (27031): stack:
I/DEBUG   (27031):          bfa11d70  00000000  
I/DEBUG   (27031):          bfa11d74  b7749268  /system/lib/libc.so
I/DEBUG   (27031):          bfa11d78  00000000  
I/DEBUG   (27031):          bfa11d7c  b76b5f39  /system/lib/libc.so (pthread_mutex_unlock+25)
I/DEBUG   (27031):          bfa11d80  b774918c  /system/lib/libc.so
I/DEBUG   (27031):          bfa11d84  b7984260  [heap]
I/DEBUG   (27031):          bfa11d88  00000015  
I/DEBUG   (27031):          bfa11d8c  b4ec1c40  /system/lib/libdvm.so
I/DEBUG   (27031):          bfa11d90  00000000  
I/DEBUG   (27031):          bfa11d94  b7702926  /system/lib/libc.so (funlockfile+6)
I/DEBUG   (27031):          bfa11d98  b7748fcc  /system/lib/libc.so
I/DEBUG   (27031):          bfa11d9c  b76ee006  /system/lib/libc.so (__sflush_locked+150)
I/DEBUG   (27031):          bfa11da0  00000000  
I/DEBUG   (27031):          bfa11da4  00000000  
I/DEBUG   (27031):          bfa11da8  b76b5d69  /system/lib/libc.so (pthread_mutex_lock+9)
I/DEBUG   (27031):          bfa11dac  b7748fcc  /system/lib/libc.so
I/DEBUG   (27031):     #00  bfa11db0  00000006  
I/DEBUG   (27031):          bfa11db4  00006a3d  
I/DEBUG   (27031):          bfa11db8  b7748fcc  /system/lib/libc.so
I/DEBUG   (27031):          bfa11dbc  b76c04a6  /system/lib/libc.so (pthread_kill+102)
I/DEBUG   (27031):          bfa11dc0  00006a3d  
I/DEBUG   (27031):          bfa11dc4  00006a3d  
I/DEBUG   (27031):          bfa11dc8  00000006  
I/DEBUG   (27031):          bfa11dcc  00000000  
I/DEBUG   (27031):          bfa11dd0  b7749268  /system/lib/libc.so
I/DEBUG   (27031):          bfa11dd4  94f90108  /dev/ashmem/dalvik-heap (deleted)
I/DEBUG   (27031):          bfa11dd8  b76c0449  /system/lib/libc.so (pthread_kill+9)
I/DEBUG   (27031):          bfa11ddc  b7748fcc  /system/lib/libc.so
I/DEBUG   (27031):          bfa11de0  bfa11e2c  [stack]
I/DEBUG   (27031):          bfa11de4  bfa12060  [stack]
I/DEBUG   (27031):          bfa11de8  00000001  
I/DEBUG   (27031):          bfa11dec  b76c082c  /system/lib/libc.so (raise+44)
I/BootReceiver(  469): Copying /data/tombstones/tombstone_03 to DropBox (SYSTEM_TOMBSTONE)
I/Process (  469): Sending signal. PID: 27197 SIG: 9
W/NetworkManagementSocketTagger(  469): setKernelCountSet(10092, 0) failed with errno -13
D/Zygote  (  167): Process 27197 terminated by signal (6)
W/ActivityManager(  469): Force-killing crashed app com.topgolf.mobile at watcher's request
W/ContextImpl(  469): Calling a method in the system process without a qualified user: android.app.ContextImpl.sendBroadcast:1123 com.android.server.am.ActivityManagerService.handleApplicationCrashInner:9670 com.android.server.am.NativeCrashListener$NativeCrashReporter.run:86 <bottom of call stack> <bottom of call stack> 
I/ActivityManager(  469): Process com.topgolf.mobile (pid 27197) has died.
I/ActivityManager(  469): Start proc com.topgolf.mobile for activity com.topgolf.mobile/.views.SplashScreen: pid=27212 uid=10092 gids={50092, 3003, 1028, 1015, 1023}
W/NetworkManagementSocketTagger(  469): setKernelCountSet(10092, 1) failed with errno -13
I/dalvikvm(27212): ignoring registerObject request in thread=1
I/dalvikvm(27212): ignoring registerObject request in thread=1
E/dalvikvm(27212): Bogus static initialization: value type 23 in field type Ljava/lang/Object; for Lcom/google/inject/internal/util/$SourceProvider; at index 1
E/dalvikvm(27212): VM aborting
F/libc    (27212): Fatal signal 6 (SIGABRT) at 0x00006a4c (code=-6), thread 27212 (.topgolf.mobile)
I/DEBUG   (27031): *** *** *** *** *** *** *** *** *** *** *** *** *** *** *** ***
I/DEBUG   (27031): Build fingerprint: 'samsung/SM-G955N/dream2lteks:4.4.2/NRD90M/381180401:user/release-keys'
I/DEBUG   (27031): Revision: '0'
I/DEBUG   (27031): pid: 27212, tid: 27212, name: .topgolf.mobile  >>> com.topgolf.mobile <<<
I/DEBUG   (27031): signal 6 (SIGABRT), code -6 (SI_TKILL), fault addr --------
I/DEBUG   (27031):     eax 00000000  ebx 00006a4c  ecx 00006a4c  edx 00000006
I/DEBUG   (27031):     esi 00006a4c  edi 00000002
I/DEBUG   (27031):     xcs 00000073  xds 0000007b  xes 0000007b  xfs 00000000  xss 0000007b
I/DEBUG   (27031):     eip b76e40d6  ebp b774dce0  esp bfa11db0  flags 00200207
I/DEBUG   (27031): 
I/DEBUG   (27031): backtrace:
I/DEBUG   (27031):     #00  pc 0003c0d6  /system/lib/libc.so (tgkill+22)
I/DEBUG   (27031):     #01  pc 00000005  <unknown>
I/DEBUG   (27031): 
I/DEBUG   (27031): stack:
I/DEBUG   (27031):          bfa11d70  00000000  
I/DEBUG   (27031):          bfa11d74  b7749268  /system/lib/libc.so
I/DEBUG   (27031):          bfa11d78  00000000  
I/DEBUG   (27031):          bfa11d7c  b76b5f39  /system/lib/libc.so (pthread_mutex_unlock+25)
I/DEBUG   (27031):          bfa11d80  b774918c  /system/lib/libc.so
I/DEBUG   (27031):          bfa11d84  b7984260  [heap]
I/DEBUG   (27031):          bfa11d88  00000015  
I/DEBUG   (27031):          bfa11d8c  b4ec1c40  /system/lib/libdvm.so
I/DEBUG   (27031):          bfa11d90  00000000  
I/DEBUG   (27031):          bfa11d94  b7702926  /system/lib/libc.so (funlockfile+6)
I/DEBUG   (27031):          bfa11d98  b7748fcc  /system/lib/libc.so
I/DEBUG   (27031):          bfa11d9c  b76ee006  /system/lib/libc.so (__sflush_locked+150)
I/DEBUG   (27031):          bfa11da0  00000000  
I/DEBUG   (27031):          bfa11da4  00000000  
I/DEBUG   (27031):          bfa11da8  b76b5d69  /system/lib/libc.so (pthread_mutex_lock+9)
I/DEBUG   (27031):          bfa11dac  b7748fcc  /system/lib/libc.so
I/DEBUG   (27031):     #00  bfa11db0  00000006  
I/DEBUG   (27031):          bfa11db4  00006a4c  
I/DEBUG   (27031):          bfa11db8  b7748fcc  /system/lib/libc.so
I/DEBUG   (27031):          bfa11dbc  b76c04a6  /system/lib/libc.so (pthread_kill+102)
I/DEBUG   (27031):          bfa11dc0  00006a4c  
I/DEBUG   (27031):          bfa11dc4  00006a4c  
I/DEBUG   (27031):          bfa11dc8  00000006  
I/DEBUG   (27031):          bfa11dcc  00000000  
I/DEBUG   (27031):          bfa11dd0  b7749268  /system/lib/libc.so
I/DEBUG   (27031):          bfa11dd4  94f86658  /dev/ashmem/dalvik-heap (deleted)
I/DEBUG   (27031):          bfa11dd8  b76c0449  /system/lib/libc.so (pthread_kill+9)
I/DEBUG   (27031):          bfa11ddc  b7748fcc  /system/lib/libc.so
I/DEBUG   (27031):          bfa11de0  bfa11e2c  [stack]
I/DEBUG   (27031):          bfa11de4  bfa12060  [stack]
I/DEBUG   (27031):          bfa11de8  00000001  
I/DEBUG   (27031):          bfa11dec  b76c082c  /system/lib/libc.so (raise+44)
I/BootReceiver(  469): Copying /data/tombstones/tombstone_04 to DropBox (SYSTEM_TOMBSTONE)
I/Process (  469): Sending signal. PID: 27212 SIG: 9
W/NetworkManagementSocketTagger(  469): setKernelCountSet(10092, 0) failed with errno -13
I/InputDispatcher(  469): Dropping event because there is no focused window or focused application.
I/InputDispatcher(  469): Dropping event because there is no focused window or focused application.
I/InputDispatcher(  469): Dropping event because there is no focused window or focused application.
I/InputDispatcher(  469): Dropping event because there is no focused window or focused application.
I/InputDispatcher(  469): Dropping event because there is no focused window or focused application.
I/InputDispatcher(  469): Dropping event because there is no focused window or focused application.
W/ActivityManager(  469): Force-killing crashed app com.topgolf.mobile at watcher's request
W/ContextImpl(  469): Calling a method in the system process without a qualified user: android.app.ContextImpl.sendBroadcast:1123 com.android.server.am.ActivityManagerService.handleApplicationCrashInner:9670 com.android.server.am.NativeCrashListener$NativeCrashReporter.run:86 <bottom of call stack> <bottom of call stack> 
I/ActivityManager(  469): Process com.topgolf.mobile (pid 27212) has died.
W/ActivityManager(  469): Force removing ActivityRecord{4a9c1518 u0 com.topgolf.mobile/.views.SplashScreen t156}: app died, no saved state
W/InputManager(  469): Input event injection from pid 26830 failed.
W/InputManager(  469): Input event injection from pid 26830 failed.
W/InputManager(  469): Input event injection from pid 26830 failed.
W/InputManager(  469): Input event injection from pid 26830 failed.
W/InputManager(  469): Input event injection from pid 26830 failed.
W/InputManager(  469): Input event injection from pid 26830 failed.
W/InputManager(  469): Input event injection from pid 26830 failed.
W/InputManager(  469): Input event injection from pid 26830 failed.
W/InputManager(  469): Input event injection from pid 26830 failed.
W/InputManager(  469): Input event injection from pid 26830 failed.
W/InputManager(  469): Input event injection from pid 26830 failed.
W/InputManager(  469): Input event injection from pid 26830 failed.
W/InputManager(  469): Input event injection from pid 26830 failed.
W/InputManager(  469): Input event injection from pid 26830 failed.
W/InputManager(  469): Input event injection from pid 26830 failed.
W/InputManager(  469): Input event injection from pid 26830 failed.
W/InputManager(  469): Input event injection from pid 26830 failed.
I/InputDispatcher(  469): Dropping event because there is no focused window or focused application.
I/InputDispatcher(  469): Dropping event because there is no focused window or focused application.
D/Zygote  (  167): Process 27212 terminated by signal (6)
I/InputDispatcher(  469): Dropping event because there is no focused window or focused application.
I/InputDispatcher(  469): Dropping event because there is no focused window or focused application.
I/InputDispatcher(  469): Dropping event because there is no focused window or focused application.
I/InputDispatcher(  469): Dropping event because there is no focused window or focused application.
W/InputManager(  469): Input event injection from pid 26830 failed.
W/InputManager(  469): Input event injection from pid 26830 failed.
W/InputManager(  469): Input event injection from pid 26830 failed.
W/InputManager(  469): Input event injection from pid 26830 failed.
W/InputManager(  469): Input event injection from pid 26830 failed.
W/InputManager(  469): Input event injection from pid 26830 failed.
W/EGL_emulation(  649): eglSurfaceAttrib not implemented 3093 12436
W/PropertyValuesHolder(  649): Method setBrightness() with type int not found on target class class ph
W/PropertyValuesHolder(  649): Method getBrightness() with type int not found on target class class ph
W/InputMethodManagerService(  469): Window already focused, ignoring focus gain of: com.android.internal.view.IInputMethodClient$Stub$Proxy@4aa34a88 attribute=android.view.inputmethod.EditorInfo@4aa6d344, token = android.os.BinderProxy@4af18054
I/ActivityManager(  469): START u0 {act=android.intent.action.MAIN cat=[android.intent.category.LAUNCHER] flg=0x10200000 cmp=com.vphone.helper/.MainActivity bnds=[572,388][713,618] (has extras)} from pid 649
W/ContextImpl(  649): Calling a method in the system process without a qualified user: android.app.ContextImpl.sendBroadcast:1137 android.content.ContextWrapper.sendBroadcast:370 com.vphone.launcher.Stats.recordLaunch:129 com.vphone.launcher.Launcher.c:3192 com.vphone.launcher.Launcher.onClickAppShortcut:3144 
I/ActivityManager(  469): START u0 {act=android.intent.action.MAIN cat=[android.intent.category.HOME] flg=0x10200000 cmp=com.vphone.launcher/.Launcher} from pid 469
I/ActivityManager(  469): START u0 {act=android.intent.action.MAIN cat=[android.intent.category.LAUNCHER] flg=0x10200000 cmp=com.facebook.lite/.MainActivity bnds=[290,618][431,848] (has extras)} from pid 649
W/ContextImpl(  649): Calling a method in the system process without a qualified user: android.app.ContextImpl.sendBroadcast:1137 android.content.ContextWrapper.sendBroadcast:370 com.vphone.launcher.Stats.recordLaunch:129 com.vphone.launcher.Launcher.c:3192 com.vphone.launcher.Launcher.onClickAppShortcut:3144 
W/ContextImpl(  649): Calling a method in the system process without a qualified user: android.app.ContextImpl.bindService:1556 android.content.ContextWrapper.bindService:517 com.google.android.gms.common.stats.zzb.zza:-1 com.google.android.gms.common.stats.zzb.zza:-1 com.google.android.gms.ads.identifier.AdvertisingIdClient.zzh:-1 
W/Launcher(  649): No global search activity found.
D/dalvikvm(  649): GC_FOR_ALLOC freed 3383K, 3% free 288713K/296504K, paused 41ms, total 42ms
I/dalvikvm-heap(  649): Grow heap (frag case) to 283.017MB for 956556-byte allocation
D/dalvikvm(  649): GC_FOR_ALLOC freed 2K, 3% free 289645K/297440K, paused 38ms, total 38ms
D/dalvikvm(  649): GC_FOR_ALLOC freed 116K, 3% free 289588K/297440K, paused 39ms, total 39ms
I/dalvikvm-heap(  649): Grow heap (frag case) to 283.873MB for 956556-byte allocation
D/dalvikvm(  649): GC_FOR_ALLOC freed 76K, 3% free 290446K/298376K, paused 38ms, total 38ms
D/dalvikvm(  649): GC_FOR_ALLOC freed 107K, 3% free 290547K/298376K, paused 32ms, total 32ms
I/dalvikvm-heap(  649): Grow heap (frag case) to 284.808MB for 956556-byte allocation
D/dalvikvm(  649): GC_FOR_ALLOC freed 1K, 3% free 291479K/299312K, paused 30ms, total 30ms
D/dalvikvm(  649): GC_FOR_ALLOC freed 112K, 3% free 291591K/299312K, paused 31ms, total 31ms
I/dalvikvm-heap(  649): Grow heap (frag case) to 285.829MB for 956556-byte allocation
D/dalvikvm(  649): GC_FOR_ALLOC freed <1K, 3% free 292525K/300248K, paused 32ms, total 32ms
D/dalvikvm(  649): GC_FOR_ALLOC freed 101K, 3% free 292525K/300248K, paused 31ms, total 31ms
I/dalvikvm-heap(  649): Grow heap (frag case) to 286.740MB for 956556-byte allocation
D/dalvikvm(  649): GC_FOR_ALLOC freed <1K, 3% free 293459K/301184K, paused 31ms, total 31ms
I/InputDispatcher(  469): Dropped event because of pending overdue app switch.
W/InputManager(  469): Input event injection from pid 26830 failed.
D/dalvikvm(  649): GC_FOR_ALLOC freed 101K, 3% free 293460K/301184K, paused 30ms, total 30ms
I/dalvikvm-heap(  649): Grow heap (frag case) to 287.654MB for 956556-byte allocation
D/dalvikvm(  649): GC_FOR_ALLOC freed <1K, 3% free 294394K/302120K, paused 32ms, total 32ms
D/dalvikvm(  649): GC_FOR_ALLOC freed 151K, 3% free 294397K/302120K, paused 32ms, total 32ms
I/dalvikvm-heap(  649): Grow heap (frag case) to 288.568MB for 956556-byte allocation
D/dalvikvm(  649): GC_FOR_ALLOC freed <1K, 3% free 295331K/303056K, paused 30ms, total 30ms
D/dalvikvm(  649): GC_FOR_ALLOC freed 438K, 3% free 295520K/303056K, paused 34ms, total 34ms
I/dalvikvm-heap(  649): Grow heap (frag case) to 289.665MB for 956556-byte allocation
D/dalvikvm(  649): GC_FOR_ALLOC freed <1K, 3% free 296453K/303992K, paused 40ms, total 40ms
W/Launcher(  649): No global search activity found.
I/ActivityManager(  469): START u0 {act=android.intent.action.MAIN cat=[android.intent.category.LAUNCHER] flg=0x10200000 cmp=com.topgolf.mobile/.views.SplashScreen} from pid 26830
D/yeshen  (  649): launcher onpause
I/ActivityManager(  469): Start proc com.topgolf.mobile for activity com.topgolf.mobile/.views.SplashScreen: pid=27232 uid=10092 gids={50092, 3003, 1028, 1015, 1023}
I/ActivityManager(  469): START u0 {act=android.intent.action.MAIN cat=[android.intent.category.LAUNCHER] flg=0x10200000 cmp=com.android.camera/.Camera bnds=[431,388][572,618] (has extras)} from pid 649
W/NetworkManagementSocketTagger(  469): setKernelCountSet(10092, 1) failed with errno -13
I/dalvikvm(27232): ignoring registerObject request in thread=1
I/dalvikvm(27232): ignoring registerObject request in thread=1
W/ContextImpl(  649): Calling a method in the system process without a qualified user: android.app.ContextImpl.sendBroadcast:1137 android.content.ContextWrapper.sendBroadcast:370 com.vphone.launcher.Stats.recordLaunch:129 com.vphone.launcher.Launcher.c:3192 com.vphone.launcher.Launcher.onClickAppShortcut:3144 
E/dalvikvm(27232): Bogus static initialization: value type 23 in field type Ljava/lang/Object; for Lcom/google/inject/internal/util/$SourceProvider; at index 1
E/dalvikvm(27232): VM aborting
F/libc    (27232): Fatal signal 6 (SIGABRT) at 0x00006a60 (code=-6), thread 27232 (.topgolf.mobile)
D/yeshen  (  649): launcher onstop
D/FirebaseApp(  649): Notifying background state change listeners.
D/Tinker.DefaultAppLike(  649): onTrimMemory level:20
I/DEBUG   (27031): *** *** *** *** *** *** *** *** *** *** *** *** *** *** *** ***
I/DEBUG   (27031): Build fingerprint: 'samsung/SM-G955N/dream2lteks:4.4.2/NRD90M/381180401:user/release-keys'
I/DEBUG   (27031): Revision: '0'
I/DEBUG   (27031): pid: 27232, tid: 27232, name: .topgolf.mobile  >>> com.topgolf.mobile <<<
I/DEBUG   (27031): signal 6 (SIGABRT), code -6 (SI_TKILL), fault addr --------
I/DEBUG   (27031):     eax 00000000  ebx 00006a60  ecx 00006a60  edx 00000006
I/DEBUG   (27031):     esi 00006a60  edi 00000002
I/DEBUG   (27031):     xcs 00000073  xds 0000007b  xes 0000007b  xfs 00000000  xss 0000007b
I/DEBUG   (27031):     eip b76e40d6  ebp b774dce0  esp bfa11db0  flags 00200217
I/DEBUG   (27031): 
I/DEBUG   (27031): backtrace:
I/DEBUG   (27031):     #00  pc 0003c0d6  /system/lib/libc.so (tgkill+22)
I/DEBUG   (27031):     #01  pc 00000005  <unknown>
I/DEBUG   (27031): 
I/DEBUG   (27031): stack:
I/DEBUG   (27031):          bfa11d70  00000000  
I/DEBUG   (27031):          bfa11d74  b7749268  /system/lib/libc.so
I/DEBUG   (27031):          bfa11d78  00000000  
I/DEBUG   (27031):          bfa11d7c  b76b5f39  /system/lib/libc.so (pthread_mutex_unlock+25)
I/DEBUG   (27031):          bfa11d80  b774918c  /system/lib/libc.so
I/DEBUG   (27031):          bfa11d84  b7984260  [heap]
I/DEBUG   (27031):          bfa11d88  00000015  
I/DEBUG   (27031):          bfa11d8c  b4ec1c40  /system/lib/libdvm.so
I/DEBUG   (27031):          bfa11d90  00000000  
I/DEBUG   (27031):          bfa11d94  b7702926  /system/lib/libc.so (funlockfile+6)
I/DEBUG   (27031):          bfa11d98  b7748fcc  /system/lib/libc.so
I/DEBUG   (27031):          bfa11d9c  b76ee006  /system/lib/libc.so (__sflush_locked+150)
I/DEBUG   (27031):          bfa11da0  00000000  
I/DEBUG   (27031):          bfa11da4  00000000  
I/DEBUG   (27031):          bfa11da8  b76b5d69  /system/lib/libc.so (pthread_mutex_lock+9)
I/DEBUG   (27031):          bfa11dac  b7748fcc  /system/lib/libc.so
I/DEBUG   (27031):     #00  bfa11db0  00000006  
I/DEBUG   (27031):          bfa11db4  00006a60  
I/DEBUG   (27031):          bfa11db8  b7748fcc  /system/lib/libc.so
I/DEBUG   (27031):          bfa11dbc  b76c04a6  /system/lib/libc.so (pthread_kill+102)
I/DEBUG   (27031):          bfa11dc0  00006a60  
I/DEBUG   (27031):          bfa11dc4  00006a60  
I/DEBUG   (27031):          bfa11dc8  00000006  
I/DEBUG   (27031):          bfa11dcc  00000000  
I/DEBUG   (27031):          bfa11dd0  b7749268  /system/lib/libc.so
I/DEBUG   (27031):          bfa11dd4  94f87500  /dev/ashmem/dalvik-heap (deleted)
I/DEBUG   (27031):          bfa11dd8  b76c0449  /system/lib/libc.so (pthread_kill+9)
I/DEBUG   (27031):          bfa11ddc  b7748fcc  /system/lib/libc.so
I/DEBUG   (27031):          bfa11de0  bfa11e2c  [stack]
I/DEBUG   (27031):          bfa11de4  bfa12060  [stack]
I/DEBUG   (27031):          bfa11de8  00000001  
I/DEBUG   (27031):          bfa11dec  b76c082c  /system/lib/libc.so (raise+44)
I/BootReceiver(  469): Copying /data/tombstones/tombstone_09 to DropBox (SYSTEM_TOMBSTONE)
I/ActivityManager(  469): Process com.topgolf.mobile (pid 27232) has died.
W/NetworkManagementSocketTagger(  469): setKernelCountSet(10092, 0) failed with errno -13
I/ActivityManager(  469): Start proc com.topgolf.mobile for activity com.topgolf.mobile/.views.SplashScreen: pid=27245 uid=10092 gids={50092, 3003, 1028, 1015, 1023}
W/NetworkManagementSocketTagger(  469): setKernelCountSet(10092, 1) failed with errno -13
I/dalvikvm(27245): ignoring registerObject request in thread=1
I/dalvikvm(27245): ignoring registerObject request in thread=1
W/ActivityManager(  469): Force-killing crashed app com.topgolf.mobile at watcher's request
W/ContextImpl(  469): Calling a method in the system process without a qualified user: android.app.ContextImpl.sendBroadcast:1123 com.android.server.am.ActivityManagerService.handleApplicationCrashInner:9670 com.android.server.am.NativeCrashListener$NativeCrashReporter.run:86 <bottom of call stack> <bottom of call stack> 
D/Zygote  (  167): Process 27232 terminated by signal (6)
D/dalvikvm(  469): GC_CONCURRENT freed 1868K, 56% free 10595K/23668K, paused 1ms+3ms, total 22ms
E/dalvikvm(27245): Bogus static initialization: value type 23 in field type Ljava/lang/Object; for Lcom/google/inject/internal/util/$SourceProvider; at index 1
E/dalvikvm(27245): VM aborting
F/libc    (27245): Fatal signal 6 (SIGABRT) at 0x00006a6d (code=-6), thread 27245 (.topgolf.mobile)
D/dalvikvm(12266): GC_EXPLICIT freed 564K, 43% free 7817K/13516K, paused 1ms+1ms, total 11ms
I/DEBUG   (27031): *** *** *** *** *** *** *** *** *** *** *** *** *** *** *** ***
I/DEBUG   (27031): Build fingerprint: 'samsung/SM-G955N/dream2lteks:4.4.2/NRD90M/381180401:user/release-keys'
I/DEBUG   (27031): Revision: '0'
I/DEBUG   (27031): pid: 27245, tid: 27245, name: .topgolf.mobile  >>> com.topgolf.mobile <<<
I/DEBUG   (27031): signal 6 (SIGABRT), code -6 (SI_TKILL), fault addr --------
I/DEBUG   (27031):     eax 00000000  ebx 00006a6d  ecx 00006a6d  edx 00000006
I/DEBUG   (27031):     esi 00006a6d  edi 00000002
I/DEBUG   (27031):     xcs 00000073  xds 0000007b  xes 0000007b  xfs 00000000  xss 0000007b
I/DEBUG   (27031):     eip b76e40d6  ebp b774dce0  esp bfa11db0  flags 00200207
I/DEBUG   (27031): 
I/DEBUG   (27031): backtrace:
I/DEBUG   (27031):     #00  pc 0003c0d6  /system/lib/libc.so (tgkill+22)
I/DEBUG   (27031):     #01  pc 00000005  <unknown>
I/DEBUG   (27031): 
I/DEBUG   (27031): stack:
I/DEBUG   (27031):          bfa11d70  00000000  
I/DEBUG   (27031):          bfa11d74  b7749268  /system/lib/libc.so
I/DEBUG   (27031):          bfa11d78  00000000  
I/DEBUG   (27031):          bfa11d7c  b76b5f39  /system/lib/libc.so (pthread_mutex_unlock+25)
I/DEBUG   (27031):          bfa11d80  b774918c  /system/lib/libc.so
I/DEBUG   (27031):          bfa11d84  b7984260  [heap]
I/DEBUG   (27031):          bfa11d88  00000015  
I/DEBUG   (27031):          bfa11d8c  b4ec1c40  /system/lib/libdvm.so
I/DEBUG   (27031):          bfa11d90  00000000  
I/DEBUG   (27031):          bfa11d94  b7702926  /system/lib/libc.so (funlockfile+6)
I/DEBUG   (27031):          bfa11d98  b7748fcc  /system/lib/libc.so
I/DEBUG   (27031):          bfa11d9c  b76ee006  /system/lib/libc.so (__sflush_locked+150)
I/DEBUG   (27031):          bfa11da0  00000000  
I/DEBUG   (27031):          bfa11da4  00000000  
I/DEBUG   (27031):          bfa11da8  b76b5d69  /system/lib/libc.so (pthread_mutex_lock+9)
I/DEBUG   (27031):          bfa11dac  b7748fcc  /system/lib/libc.so
I/DEBUG   (27031):     #00  bfa11db0  00000006  
I/DEBUG   (27031):          bfa11db4  00006a6d  
I/DEBUG   (27031):          bfa11db8  b7748fcc  /system/lib/libc.so
I/DEBUG   (27031):          bfa11dbc  b76c04a6  /system/lib/libc.so (pthread_kill+102)
I/DEBUG   (27031):          bfa11dc0  00006a6d  
I/DEBUG   (27031):          bfa11dc4  00006a6d  
I/DEBUG   (27031):          bfa11dc8  00000006  
I/DEBUG   (27031):          bfa11dcc  00000000  
I/DEBUG   (27031):          bfa11dd0  b7749268  /system/lib/libc.so
I/DEBUG   (27031):          bfa11dd4  94f883b0  /dev/ashmem/dalvik-heap (deleted)
I/DEBUG   (27031):          bfa11dd8  b76c0449  /system/lib/libc.so (pthread_kill+9)
I/DEBUG   (27031):          bfa11ddc  b7748fcc  /system/lib/libc.so
I/DEBUG   (27031):          bfa11de0  bfa11e2c  [stack]
I/DEBUG   (27031):          bfa11de4  bfa12060  [stack]
I/DEBUG   (27031):          bfa11de8  00000001  
I/DEBUG   (27031):          bfa11dec  b76c082c  /system/lib/libc.so (raise+44)
I/Process (  469): Sending signal. PID: 27245 SIG: 9
I/BootReceiver(  469): Copying /data/tombstones/tombstone_00 to DropBox (SYSTEM_TOMBSTONE)
W/ActivityManager(  469): Force-killing crashed app com.topgolf.mobile at watcher's request
I/ActivityManager(  469): Process com.topgolf.mobile (pid 27245) has died.
W/ContextImpl(  469): Calling a method in the system process without a qualified user: android.app.ContextImpl.sendBroadcast:1123 com.android.server.am.ActivityManagerService.handleApplicationCrashInner:9670 com.android.server.am.NativeCrashListener$NativeCrashReporter.run:86 <bottom of call stack> <bottom of call stack> 
W/NetworkManagementSocketTagger(  469): setKernelCountSet(10092, 0) failed with errno -13
I/ActivityManager(  469): Start proc com.topgolf.mobile for activity com.topgolf.mobile/.views.SplashScreen: pid=27260 uid=10092 gids={50092, 3003, 1028, 1015, 1023}
D/Zygote  (  167): Process 27245 terminated by signal (6)
W/NetworkManagementSocketTagger(  469): setKernelCountSet(10092, 1) failed with errno -13
I/dalvikvm(27260): ignoring registerObject request in thread=1
I/dalvikvm(27260): ignoring registerObject request in thread=1
E/dalvikvm(27260): Bogus static initialization: value type 23 in field type Ljava/lang/Object; for Lcom/google/inject/internal/util/$SourceProvider; at index 1
E/dalvikvm(27260): VM aborting
F/libc    (27260): Fatal signal 6 (SIGABRT) at 0x00006a7c (code=-6), thread 27260 (.topgolf.mobile)
D/dalvikvm(  620): GC_EXPLICIT freed 544K, 18% free 7362K/8960K, paused 1ms+2ms, total 12ms
I/DEBUG   (27031): *** *** *** *** *** *** *** *** *** *** *** *** *** *** *** ***
I/DEBUG   (27031): Build fingerprint: 'samsung/SM-G955N/dream2lteks:4.4.2/NRD90M/381180401:user/release-keys'
I/DEBUG   (27031): Revision: '0'
I/DEBUG   (27031): pid: 27260, tid: 27260, name: .topgolf.mobile  >>> com.topgolf.mobile <<<
I/DEBUG   (27031): signal 6 (SIGABRT), code -6 (SI_TKILL), fault addr --------
I/DEBUG   (27031):     eax 00000000  ebx 00006a7c  ecx 00006a7c  edx 00000006
I/DEBUG   (27031):     esi 00006a7c  edi 00000002
I/DEBUG   (27031):     xcs 00000073  xds 0000007b  xes 0000007b  xfs 00000000  xss 0000007b
I/DEBUG   (27031):     eip b76e40d6  ebp b774dce0  esp bfa11db0  flags 00200207
I/DEBUG   (27031): 
I/DEBUG   (27031): backtrace:
I/DEBUG   (27031):     #00  pc 0003c0d6  /system/lib/libc.so (tgkill+22)
I/DEBUG   (27031):     #01  pc 00000005  <unknown>
I/DEBUG   (27031): 
I/DEBUG   (27031): stack:
I/DEBUG   (27031):          bfa11d70  00000000  
I/DEBUG   (27031):          bfa11d74  b7749268  /system/lib/libc.so
I/DEBUG   (27031):          bfa11d78  00000000  
I/DEBUG   (27031):          bfa11d7c  b76b5f39  /system/lib/libc.so (pthread_mutex_unlock+25)
I/DEBUG   (27031):          bfa11d80  b774918c  /system/lib/libc.so
I/DEBUG   (27031):          bfa11d84  b7984260  [heap]
I/DEBUG   (27031):          bfa11d88  00000015  
I/DEBUG   (27031):          bfa11d8c  b4ec1c40  /system/lib/libdvm.so
I/DEBUG   (27031):          bfa11d90  00000000  
I/DEBUG   (27031):          bfa11d94  b7702926  /system/lib/libc.so (funlockfile+6)
I/DEBUG   (27031):          bfa11d98  b7748fcc  /system/lib/libc.so
I/DEBUG   (27031):          bfa11d9c  b76ee006  /system/lib/libc.so (__sflush_locked+150)
I/DEBUG   (27031):          bfa11da0  00000000  
I/DEBUG   (27031):          bfa11da4  00000000  
I/DEBUG   (27031):          bfa11da8  b76b5d69  /system/lib/libc.so (pthread_mutex_lock+9)
I/DEBUG   (27031):          bfa11dac  b7748fcc  /system/lib/libc.so
I/DEBUG   (27031):     #00  bfa11db0  00000006  
I/DEBUG   (27031):          bfa11db4  00006a7c  
I/DEBUG   (27031):          bfa11db8  b7748fcc  /system/lib/libc.so
I/DEBUG   (27031):          bfa11dbc  b76c04a6  /system/lib/libc.so (pthread_kill+102)
I/DEBUG   (27031):          bfa11dc0  00006a7c  
I/DEBUG   (27031):          bfa11dc4  00006a7c  
I/DEBUG   (27031):          bfa11dc8  00000006  
I/DEBUG   (27031):          bfa11dcc  00000000  
I/DEBUG   (27031):          bfa11dd0  b7749268  /system/lib/libc.so
I/DEBUG   (27031):          bfa11dd4  94f89a30  /dev/ashmem/dalvik-heap (deleted)
I/DEBUG   (27031):          bfa11dd8  b76c0449  /system/lib/libc.so (pthread_kill+9)
I/DEBUG   (27031):          bfa11ddc  b7748fcc  /system/lib/libc.so
I/DEBUG   (27031):          bfa11de0  bfa11e2c  [stack]
I/DEBUG   (27031):          bfa11de4  bfa12060  [stack]
I/DEBUG   (27031):          bfa11de8  00000001  
I/DEBUG   (27031):          bfa11dec  b76c082c  /system/lib/libc.so (raise+44)
I/InputDispatcher(  469): Dropping event because there is no focused window or focused application.
W/NetworkManagementSocketTagger(  469): setKernelCountSet(10092, 0) failed with errno -13
I/InputDispatcher(  469): Dropping event because there is no focused window or focused application.
I/InputDispatcher(  469): Dropping event because there is no focused window or focused application.
I/InputDispatcher(  469): Dropping event because there is no focused window or focused application.
I/BootReceiver(  469): Copying /data/tombstones/tombstone_06 to DropBox (SYSTEM_TOMBSTONE)
I/ActivityManager(  469): Process com.topgolf.mobile (pid 27260) has died.
W/ActivityManager(  469): Force removing ActivityRecord{4aa2f534 u0 com.topgolf.mobile/.views.SplashScreen t157}: app died, no saved state
W/InputManager(  469): Input event injection from pid 26830 failed.
W/InputManager(  469): Input event injection from pid 26830 failed.
W/InputManager(  469): Input event injection from pid 26830 failed.
W/InputManager(  469): Input event injection from pid 26830 failed.
W/InputManager(  469): Input event injection from pid 26830 failed.
W/InputManager(  469): Input event injection from pid 26830 failed.
W/ActivityManager(  469): Force-killing crashed app com.topgolf.mobile at watcher's request
W/ContextImpl(  469): Calling a method in the system process without a qualified user: android.app.ContextImpl.sendBroadcast:1123 com.android.server.am.ActivityManagerService.handleApplicationCrashInner:9670 com.android.server.am.NativeCrashListener$NativeCrashReporter.run:86 <bottom of call stack> <bottom of call stack> 
D/Zygote  (  167): Process 27260 terminated by signal (6)
D/FirebaseApp(  649): Notifying background state change listeners.
W/EGL_emulation(  649): eglSurfaceAttrib not implemented 3093 12436
W/InputMethodManagerService(  469): Window already focused, ignoring focus gain of: com.android.internal.view.IInputMethodClient$Stub$Proxy@4ade0884 attribute=null, token = android.os.BinderProxy@4af18054
I/ActivityManager(  469): START u0 {act=android.intent.action.MAIN cat=[android.intent.category.LAUNCHER] flg=0x10200000 cmp=com.facebook.lite/.MainActivity bnds=[290,618][431,848] (has extras)} from pid 649
W/ContextImpl(  649): Calling a method in the system process without a qualified user: android.app.ContextImpl.sendBroadcast:1137 android.content.ContextWrapper.sendBroadcast:370 com.vphone.launcher.Stats.recordLaunch:129 com.vphone.launcher.Launcher.c:3192 com.vphone.launcher.Launcher.onClickAppShortcut:3144 
W/ContextImpl(  649): Calling a method in the system process without a qualified user: android.app.ContextImpl.bindService:1556 android.content.ContextWrapper.bindService:517 com.google.android.gms.common.stats.zzb.zza:-1 com.google.android.gms.common.stats.zzb.zza:-1 com.google.android.gms.ads.identifier.AdvertisingIdClient.zzh:-1 
I/ActivityManager(  469): START u0 {act=android.intent.action.CALL_BUTTON flg=0x10000000} from pid 649
W/Launcher(  649): No global search activity found.
W/PhoneFallbackEventHandler(  649): No activity found for android.intent.action.CALL_BUTTON.
W/DebugConnManager(  649): getNetworkInfo() on networkType 1
I/ActivityManager(  469): START u0 {cmp=com.vphone.launcher/.game.GpLoadingActivity (has extras)} from pid 649
W/ContextImpl(  649): Calling a method in the system process without a qualified user: android.app.ContextImpl.bindService:1556 android.content.ContextWrapper.bindService:517 com.google.android.gms.common.stats.zzb.zza:-1 com.google.android.gms.common.stats.zzb.zza:-1 com.google.android.gms.ads.identifier.AdvertisingIdClient.zzh:-1 
I/ActivityManager(  469): START u0 {act=android.intent.action.MAIN cat=[android.intent.category.LAUNCHER] flg=0x10200000 cmp=com.topgolf.mobile/.views.SplashScreen} from pid 26830
D/yeshen  (  649): launcher onpause
I/ActivityManager(  469): Start proc com.topgolf.mobile for activity com.topgolf.mobile/.views.SplashScreen: pid=27280 uid=10092 gids={50092, 3003, 1028, 1015, 1023}
I/dalvikvm(27280): ignoring registerObject request in thread=1
I/dalvikvm(27280): ignoring registerObject request in thread=1
W/NetworkManagementSocketTagger(  469): setKernelCountSet(10092, 1) failed with errno -13
E/dalvikvm(27280): Bogus static initialization: value type 23 in field type Ljava/lang/Object; for Lcom/google/inject/internal/util/$SourceProvider; at index 1
E/dalvikvm(27280): VM aborting
F/libc    (27280): Fatal signal 6 (SIGABRT) at 0x00006a90 (code=-6), thread 27280 (.topgolf.mobile)
D/yeshen  (  649): launcher onstop
D/FirebaseApp(  649): Notifying background state change listeners.
D/Tinker.DefaultAppLike(  649): onTrimMemory level:20
I/DEBUG   (27031): *** *** *** *** *** *** *** *** *** *** *** *** *** *** *** ***
I/DEBUG   (27031): Build fingerprint: 'samsung/SM-G955N/dream2lteks:4.4.2/NRD90M/381180401:user/release-keys'
I/DEBUG   (27031): Revision: '0'
I/DEBUG   (27031): pid: 27280, tid: 27280, name: .topgolf.mobile  >>> com.topgolf.mobile <<<
I/DEBUG   (27031): signal 6 (SIGABRT), code -6 (SI_TKILL), fault addr --------
I/DEBUG   (27031):     eax 00000000  ebx 00006a90  ecx 00006a90  edx 00000006
I/DEBUG   (27031):     esi 00006a90  edi 00000002
I/DEBUG   (27031):     xcs 00000073  xds 0000007b  xes 0000007b  xfs 00000000  xss 0000007b
I/DEBUG   (27031):     eip b76e40d6  ebp b774dce0  esp bfa11db0  flags 00200213
I/DEBUG   (27031): 
I/DEBUG   (27031): backtrace:
I/DEBUG   (27031):     #00  pc 0003c0d6  /system/lib/libc.so (tgkill+22)
I/DEBUG   (27031):     #01  pc 00000005  <unknown>
I/DEBUG   (27031): 
I/DEBUG   (27031): stack:
I/DEBUG   (27031):          bfa11d70  00000000  
I/DEBUG   (27031):          bfa11d74  b7749268  /system/lib/libc.so
I/DEBUG   (27031):          bfa11d78  00000000  
I/DEBUG   (27031):          bfa11d7c  b76b5f39  /system/lib/libc.so (pthread_mutex_unlock+25)
I/DEBUG   (27031):          bfa11d80  b774918c  /system/lib/libc.so
I/DEBUG   (27031):          bfa11d84  b7984260  [heap]
I/DEBUG   (27031):          bfa11d88  00000015  
I/DEBUG   (27031):          bfa11d8c  b4ec1c40  /system/lib/libdvm.so
I/DEBUG   (27031):          bfa11d90  00000000  
I/DEBUG   (27031):          bfa11d94  b7702926  /system/lib/libc.so (funlockfile+6)
I/DEBUG   (27031):          bfa11d98  b7748fcc  /system/lib/libc.so
I/DEBUG   (27031):          bfa11d9c  b76ee006  /system/lib/libc.so (__sflush_locked+150)
I/DEBUG   (27031):          bfa11da0  00000000  
I/DEBUG   (27031):          bfa11da4  00000000  
I/DEBUG   (27031):          bfa11da8  b76b5d69  /system/lib/libc.so (pthread_mutex_lock+9)
I/DEBUG   (27031):          bfa11dac  b7748fcc  /system/lib/libc.so
I/DEBUG   (27031):     #00  bfa11db0  00000006  
I/DEBUG   (27031):          bfa11db4  00006a90  
I/DEBUG   (27031):          bfa11db8  b7748fcc  /system/lib/libc.so
I/DEBUG   (27031):          bfa11dbc  b76c04a6  /system/lib/libc.so (pthread_kill+102)
I/DEBUG   (27031):          bfa11dc0  00006a90  
I/DEBUG   (27031):          bfa11dc4  00006a90  
I/DEBUG   (27031):          bfa11dc8  00000006  
I/DEBUG   (27031):          bfa11dcc  00000000  
I/DEBUG   (27031):          bfa11dd0  b7749268  /system/lib/libc.so
I/DEBUG   (27031):          bfa11dd4  94f8a8e8  /dev/ashmem/dalvik-heap (deleted)
I/DEBUG   (27031):          bfa11dd8  b76c0449  /system/lib/libc.so (pthread_kill+9)
I/DEBUG   (27031):          bfa11ddc  b7748fcc  /system/lib/libc.so
I/DEBUG   (27031):          bfa11de0  bfa11e2c  [stack]
I/DEBUG   (27031):          bfa11de4  bfa12060  [stack]
I/DEBUG   (27031):          bfa11de8  00000001  
I/DEBUG   (27031):          bfa11dec  b76c082c  /system/lib/libc.so (raise+44)
I/Process (  469): Sending signal. PID: 27280 SIG: 9
W/NetworkManagementSocketTagger(  469): setKernelCountSet(10092, 0) failed with errno -13
I/BootReceiver(  469): Copying /data/tombstones/tombstone_07 to DropBox (SYSTEM_TOMBSTONE)
W/ActivityManager(  469): Force-killing crashed app com.topgolf.mobile at watcher's request
I/ActivityManager(  469): Process com.topgolf.mobile (pid 27280) has died.
W/ContextImpl(  469): Calling a method in the system process without a qualified user: android.app.ContextImpl.sendBroadcast:1123 com.android.server.am.ActivityManagerService.handleApplicationCrashInner:9670 com.android.server.am.NativeCrashListener$NativeCrashReporter.run:86 <bottom of call stack> <bottom of call stack> 
D/Zygote  (  167): Process 27280 terminated by signal (6)
I/ActivityManager(  469): Start proc com.topgolf.mobile for activity com.topgolf.mobile/.views.SplashScreen: pid=27293 uid=10092 gids={50092, 3003, 1028, 1015, 1023}
W/NetworkManagementSocketTagger(  469): setKernelCountSet(10092, 1) failed with errno -13
I/dalvikvm(27293): ignoring registerObject request in thread=1
I/dalvikvm(27293): ignoring registerObject request in thread=1
E/dalvikvm(27293): Bogus static initialization: value type 23 in field type Ljava/lang/Object; for Lcom/google/inject/internal/util/$SourceProvider; at index 1
E/dalvikvm(27293): VM aborting
F/libc    (27293): Fatal signal 6 (SIGABRT) at 0x00006a9d (code=-6), thread 27293 (.topgolf.mobile)
I/DEBUG   (27031): *** *** *** *** *** *** *** *** *** *** *** *** *** *** *** ***
I/DEBUG   (27031): Build fingerprint: 'samsung/SM-G955N/dream2lteks:4.4.2/NRD90M/381180401:user/release-keys'
I/DEBUG   (27031): Revision: '0'
I/DEBUG   (27031): pid: 27293, tid: 27293, name: .topgolf.mobile  >>> com.topgolf.mobile <<<
I/DEBUG   (27031): signal 6 (SIGABRT), code -6 (SI_TKILL), fault addr --------
I/DEBUG   (27031):     eax 00000000  ebx 00006a9d  ecx 00006a9d  edx 00000006
I/DEBUG   (27031):     esi 00006a9d  edi 00000002
