W/ViewRootImpl(14641): Dropping event due to no window focus: KeyEvent { action=ACTION_DOWN, keyCode=KEYCODE_DPAD_UP, scanCode=0, metaState=0, flags=0x8, repeatCount=0, eventTime=14622129, downTime=14622129, deviceId=-1, source=0x101 }
W/EGL_emulation(14641): eglSurfaceAttrib not implemented 3093 12436
W/WindowManager(  346): updateFocusedWindowLocked, focusedAppToken is null.
W/ViewRootImpl(  531): Dropping event due to no window focus: KeyEvent { action=ACTION_DOWN, keyCode=KEYCODE_DPAD_LEFT, scanCode=0, metaState=0, flags=0x8, repeatCount=0, eventTime=14622197, downTime=14622197, deviceId=-1, source=0x101 }
W/ViewRootImpl(  531): Dropping event due to no window focus: KeyEvent { action=ACTION_DOWN, keyCode=KEYCODE_BUTTON_R1, scanCode=0, metaState=0, flags=0x8, repeatCount=0, eventTime=14622205, downTime=14622205, deviceId=-1, source=0x101 }
W/ViewRootImpl(  531): Dropping event due to no window focus: KeyEvent { action=ACTION_DOWN, keyCode=KEYCODE_DPAD_UP, scanCode=0, metaState=0, flags=0x8, repeatCount=0, eventTime=14622206, downTime=14622206, deviceId=-1, source=0x101 }
W/ViewRootImpl(  531): Dropping event due to no window focus: KeyEvent { action=ACTION_DOWN, keyCode=KEYCODE_DPAD_CENTER, scanCode=0, metaState=0, flags=0x8, repeatCount=0, eventTime=14622207, downTime=14622207, deviceId=-1, source=0x101 }
I/ActivityManager(  346): START u0 {act=android.intent.action.MAIN cat=[android.intent.category.LAUNCHER] flg=0x10200000 cmp=com.amitech.alleventsorg/.SplashScreen} from pid 14631
W/ViewRootImpl(  531): Dropping event due to no window focus: KeyEvent { action=ACTION_DOWN, keyCode=KEYCODE_MENU, scanCode=0, metaState=0, flags=0x8, repeatCount=0, eventTime=14622209, downTime=14622209, deviceId=-1, source=0x101 }
W/ViewRootImpl(  531): Dropping event due to no window focus: KeyEvent { action=ACTION_DOWN, keyCode=KEYCODE_MENU, scanCode=0, metaState=0, flags=0x8, repeatCount=0, eventTime=14622210, downTime=14622210, deviceId=-1, source=0x101 }
W/ViewRootImpl(  531): Dropping event due to no window focus: KeyEvent { action=ACTION_DOWN, keyCode=KEYCODE_DPAD_DOWN, scanCode=0, metaState=0, flags=0x8, repeatCount=0, eventTime=14622211, downTime=14622211, deviceId=-1, source=0x101 }
W/ViewRootImpl(  531): Dropping event due to no window focus: KeyEvent { action=ACTION_DOWN, keyCode=KEYCODE_BUTTON_A, scanCode=0, metaState=0, flags=0x8, repeatCount=0, eventTime=14622211, downTime=14622211, deviceId=-1, source=0x101 }
W/ViewRootImpl(  531): Dropping event due to no window focus: KeyEvent { action=ACTION_DOWN, keyCode=KEYCODE_DPAD_CENTER, scanCode=0, metaState=0, flags=0x8, repeatCount=0, eventTime=14622211, downTime=14622211, deviceId=-1, source=0x101 }
W/ViewRootImpl(  531): Dropping event due to no window focus: KeyEvent { action=ACTION_DOWN, keyCode=KEYCODE_VOLUME_UP, scanCode=0, metaState=0, flags=0x8, repeatCount=0, eventTime=14622212, downTime=14622212, deviceId=-1, source=0x101 }
W/ViewRootImpl(  531): Dropping event due to no window focus: KeyEvent { action=ACTION_DOWN, keyCode=KEYCODE_DPAD_CENTER, scanCode=0, metaState=0, flags=0x8, repeatCount=0, eventTime=14622213, downTime=14622213, deviceId=-1, source=0x101 }
W/ViewRootImpl(  531): Dropping event due to no window focus: KeyEvent { action=ACTION_DOWN, keyCode=KEYCODE_DPAD_RIGHT, scanCode=0, metaState=0, flags=0x8, repeatCount=0, eventTime=14622214, downTime=14622214, deviceId=-1, source=0x101 }
W/ViewRootImpl(  531): Dropping event due to no window focus: MotionEvent { action=ACTION_MOVE, id[0]=0, x[0]=-3.0, y[0]=1.0, toolType[0]=TOOL_TYPE_UNKNOWN, buttonState=0, metaState=0, flags=0x0, edgeFlags=0x0, pointerCount=1, historySize=9, eventTime=14622222, downTime=-1, deviceId=0, source=0x10004 }
W/ViewRootImpl(  531): Dropping event due to no window focus: MotionEvent { action=ACTION_DOWN, id[0]=0, x[0]=0.0, y[0]=0.0, toolType[0]=TOOL_TYPE_UNKNOWN, buttonState=0, metaState=0, flags=0x0, edgeFlags=0x0, pointerCount=1, historySize=0, eventTime=14622223, downTime=14622219, deviceId=0, source=0x10004 }
W/ViewRootImpl(  531): Dropping event due to no window focus: KeyEvent { action=ACTION_DOWN, keyCode=KEYCODE_BACK, scanCode=0, metaState=0, flags=0x8, repeatCount=0, eventTime=14622223, downTime=14622223, deviceId=-1, source=0x101 }
W/ContextImpl(  346): Calling a method in the system process without a qualified user: android.app.ContextImpl.sendBroadcast:1123 com.android.server.InputMethodManagerService.hideCurrentInputLocked:1880 com.android.server.InputMethodManagerService.windowGainedFocus:1968 com.android.internal.view.IInputMethodManager$Stub.onTransact:221 com.android.server.InputMethodManagerService.onTransact:818 
W/InputEventReceiver(  531): Attempted to finish an input event but the input event receiver has already been disposed.
W/InputEventReceiver(  531): Attempted to finish an input event but the input event receiver has already been disposed.
W/InputEventReceiver(  531): Attempted to finish an input event but the input event receiver has already been disposed.
W/InputEventReceiver(  531): Attempted to finish an input event but the input event receiver has already been disposed.
W/ViewRootImpl(  531): Dropping event due to root view being removed: MotionEvent { action=ACTION_MOVE, id[0]=0, x[0]=515.5362, y[0]=418.64447, toolType[0]=TOOL_TYPE_UNKNOWN, buttonState=0, metaState=0, flags=0x0, edgeFlags=0x0, pointerCount=1, historySize=6, eventTime=14622240, downTime=14622236, deviceId=0, source=0x1002 }
W/ViewRootImpl(  531): Dropping event due to root view being removed: MotionEvent { action=ACTION_UP, id[0]=0, x[0]=505.98453, y[0]=419.08673, toolType[0]=TOOL_TYPE_UNKNOWN, buttonState=0, metaState=0, flags=0x0, edgeFlags=0x0, pointerCount=1, historySize=0, eventTime=14622240, downTime=14622236, deviceId=0, source=0x1002 }
W/ViewRootImpl(  531): Dropping event due to root view being removed: KeyEvent { action=ACTION_UP, keyCode=KEYCODE_BACK, scanCode=0, metaState=0, flags=0x8, repeatCount=0, eventTime=14622235, downTime=14622235, deviceId=-1, source=0x101 }
W/ContextImpl(  346): Calling a method in the system process without a qualified user: android.app.ContextImpl.sendBroadcast:1123 com.android.server.InputMethodManagerService.hideCurrentInputLocked:1880 com.android.server.InputMethodManagerService.windowGainedFocus:1968 com.android.internal.view.IInputMethodManager$Stub.onTransact:221 com.android.server.InputMethodManagerService.onTransact:818 
W/ViewRootImpl(14641): Dropping event due to no window focus: KeyEvent { action=ACTION_DOWN, keyCode=KEYCODE_DPAD_UP, scanCode=0, metaState=0, flags=0x8, repeatCount=0, eventTime=14622291, downTime=14622291, deviceId=-1, source=0x101 }
W/ViewRootImpl(14641): Dropping event due to no window focus: KeyEvent { action=ACTION_DOWN, keyCode=KEYCODE_DPAD_DOWN, scanCode=0, metaState=0, flags=0x8, repeatCount=0, eventTime=14622292, downTime=14622292, deviceId=-1, source=0x101 }
W/ViewRootImpl(14641): Dropping event due to no window focus: MotionEvent { action=ACTION_MOVE, id[0]=0, x[0]=0.0, y[0]=-5.0, toolType[0]=TOOL_TYPE_UNKNOWN, buttonState=0, metaState=0, flags=0x0, edgeFlags=0x0, pointerCount=1, historySize=4, eventTime=14622294, downTime=-1, deviceId=0, source=0x10004 }
W/EGL_emulation(14641): eglSurfaceAttrib not implemented 3093 12436
I/ActivityManager(  346): START u0 {act=android.intent.action.MAIN cat=[android.intent.category.LAUNCHER] flg=0x10200000 cmp=com.amitech.alleventsorg/.SplashScreen} from pid 14631
W/WindowManager(  346): updateFocusedWindowLocked, focusedAppToken is null.
W/ViewRootImpl(  531): Dropping event due to no window focus: MotionEvent { action=ACTION_MOVE, id[0]=0, x[0]=-3.0, y[0]=3.0, toolType[0]=TOOL_TYPE_UNKNOWN, buttonState=0, metaState=0, flags=0x0, edgeFlags=0x0, pointerCount=1, historySize=5, eventTime=14622377, downTime=-1, deviceId=0, source=0x10004 }
W/ContextImpl(  346): Calling a method in the system process without a qualified user: android.app.ContextImpl.sendBroadcast:1123 com.android.server.InputMethodManagerService.hideCurrentInputLocked:1880 com.android.server.InputMethodManagerService.windowGainedFocus:1968 com.android.internal.view.IInputMethodManager$Stub.onTransact:221 com.android.server.InputMethodManagerService.onTransact:818 
W/BackupManagerService(  346): dataChanged but no participant pkg='com.android.providers.settings' uid=10010
W/InputEventReceiver(  531): Attempted to finish an input event but the input event receiver has already been disposed.
W/InputEventReceiver(  531): Attempted to finish an input event but the input event receiver has already been disposed.
W/InputEventReceiver(  531): Attempted to finish an input event but the input event receiver has already been disposed.
W/ViewRootImpl(  531): Dropping event due to root view being removed: MotionEvent { action=ACTION_MOVE, id[0]=0, x[0]=295.9292, y[0]=-229.78342, toolType[0]=TOOL_TYPE_UNKNOWN, buttonState=0, metaState=0, flags=0x0, edgeFlags=0x0, pointerCount=1, historySize=3, eventTime=14622432, downTime=14622431, deviceId=0, source=0x1002 }
W/ViewRootImpl(  531): Dropping event due to root view being removed: MotionEvent { action=ACTION_UP, id[0]=0, x[0]=291.2584, y[0]=-222.89603, toolType[0]=TOOL_TYPE_UNKNOWN, buttonState=0, metaState=0, flags=0x0, edgeFlags=0x0, pointerCount=1, historySize=0, eventTime=14622433, downTime=14622431, deviceId=0, source=0x1002 }
W/BackupManagerService(  346): dataChanged but no participant pkg='com.android.providers.settings' uid=10010
W/ViewRootImpl(14641): Dropping event due to no window focus: KeyEvent { action=ACTION_DOWN, keyCode=KEYCODE_EQUALS, scanCode=0, metaState=0, flags=0x8, repeatCount=0, eventTime=14622437, downTime=14622437, deviceId=-1, source=0x101 }
W/ViewRootImpl(14641): Dropping event due to no window focus: KeyEvent { action=ACTION_DOWN, keyCode=KEYCODE_DPAD_RIGHT, scanCode=0, metaState=0, flags=0x8, repeatCount=0, eventTime=14622444, downTime=14622444, deviceId=-1, source=0x101 }
W/ContextImpl(  346): Calling a method in the system process without a qualified user: android.app.ContextImpl.sendBroadcast:1123 com.android.server.InputMethodManagerService.hideCurrentInputLocked:1880 com.android.server.InputMethodManagerService.windowGainedFocus:1968 com.android.internal.view.IInputMethodManager$Stub.onTransact:221 com.android.server.InputMethodManagerService.onTransact:818 
I/ActivityManager(  346): START u0 {act=com.android.systemui.recent.action.TOGGLE_RECENTS flg=0x10800000 cmp=com.android.systemui/.recent.RecentsActivity (has extras)} from pid 531
I/ActivityManager(  346): START u0 {act=android.intent.action.MAIN cat=[android.intent.category.LAUNCHER] flg=0x10200000 cmp=com.amitech.alleventsorg/.SplashScreen} from pid 14631
W/ViewRootImpl(14641): Dropping event due to no window focus: KeyEvent { action=ACTION_DOWN, keyCode=KEYCODE_9, scanCode=0, metaState=0, flags=0x8, repeatCount=0, eventTime=14622480, downTime=14622480, deviceId=-1, source=0x101 }
W/ViewRootImpl(14641): Dropping event due to no window focus: KeyEvent { action=ACTION_DOWN, keyCode=KEYCODE_DPAD_UP, scanCode=0, metaState=0, flags=0x8, repeatCount=0, eventTime=14622481, downTime=14622481, deviceId=-1, source=0x101 }
W/EGL_emulation(14641): eglSurfaceAttrib not implemented 3093 12436
W/ViewRootImpl(14641): Dropping event due to no window focus: KeyEvent { action=ACTION_DOWN, keyCode=KEYCODE_F4, scanCode=0, metaState=0, flags=0x8, repeatCount=0, eventTime=14622484, downTime=14622484, deviceId=-1, source=0x101 }
I/ActivityManager(  346): START u0 {act=android.intent.action.MAIN cat=[android.intent.category.LAUNCHER] flg=0x10200000 cmp=com.amitech.alleventsorg/.SplashScreen} from pid 14631
W/InputMethodManagerService(  346): Window already focused, ignoring focus gain of: com.android.internal.view.IInputMethodClient$Stub$Proxy@4aa564ec attribute=null, token = android.os.BinderProxy@4aadb780
W/ViewRootImpl(14641): Dropping event due to no window focus: KeyEvent { action=ACTION_DOWN, keyCode=KEYCODE_DPAD_RIGHT, scanCode=0, metaState=0, flags=0x8, repeatCount=0, eventTime=14622548, downTime=14622548, deviceId=-1, source=0x101 }
W/EGL_emulation(14641): eglSurfaceAttrib not implemented 3093 12436
W/ViewRootImpl(14641): Dropping event due to no window focus: KeyEvent { action=ACTION_DOWN, keyCode=KEYCODE_BUTTON_MODE, scanCode=0, metaState=0, flags=0x8, repeatCount=0, eventTime=14622595, downTime=14622595, deviceId=-1, source=0x101 }
W/ViewRootImpl(14641): Dropping event due to no window focus: KeyEvent { action=ACTION_DOWN, keyCode=KEYCODE_MENU, scanCode=0, metaState=0, flags=0x8, repeatCount=0, eventTime=14622595, downTime=14622595, deviceId=-1, source=0x101 }
W/InputMethodManagerService(  346): Window already focused, ignoring focus gain of: com.android.internal.view.IInputMethodClient$Stub$Proxy@4aa43268 attribute=null, token = android.os.BinderProxy@4aadb780
V/FlingTracker(  531): computeCurrentVelocity warning: totalweight=0
V/FlingTracker(  531): java.lang.Throwable
V/FlingTracker(  531): 	at com.android.systemui.statusbar.phone.PanelView$FlingTracker.computeCurrentVelocity(PanelView.java:162)
V/FlingTracker(  531): 	at com.android.systemui.statusbar.phone.PanelView$3.onTouch(PanelView.java:462)
V/FlingTracker(  531): 	at android.view.View.dispatchTouchEvent(View.java:7701)
V/FlingTracker(  531): 	at com.android.systemui.statusbar.phone.NotificationPanelView.onTouchEvent(NotificationPanelView.java:138)
V/FlingTracker(  531): 	at com.android.systemui.statusbar.phone.PanelBar.onTouchEvent(PanelBar.java:130)
V/FlingTracker(  531): 	at com.android.systemui.statusbar.phone.PhoneStatusBarView.onTouchEvent(PhoneStatusBarView.java:201)
V/FlingTracker(  531): 	at android.view.View.dispatchTouchEvent(View.java:7706)
V/FlingTracker(  531): 	at android.view.ViewGroup.dispatchTransformedTouchEvent(ViewGroup.java:2210)
V/FlingTracker(  531): 	at android.view.ViewGroup.dispatchTouchEvent(ViewGroup.java:1945)
V/FlingTracker(  531): 	at android.view.ViewGroup.dispatchTransformedTouchEvent(ViewGroup.java:2216)
V/FlingTracker(  531): 	at android.view.ViewGroup.dispatchTouchEvent(ViewGroup.java:1959)
V/FlingTracker(  531): 	at android.view.View.dispatchPointerEvent(View.java:7886)
V/FlingTracker(  531): 	at android.view.ViewRootImpl$ViewPostImeInputStage.processPointerEvent(ViewRootImpl.java:3978)
V/FlingTracker(  531): 	at android.view.ViewRootImpl$ViewPostImeInputStage.onProcess(ViewRootImpl.java:3857)
V/FlingTracker(  531): 	at android.view.ViewRootImpl$InputStage.deliver(ViewRootImpl.java:3423)
V/FlingTracker(  531): 	at android.view.ViewRootImpl$InputStage.onDeliverToNext(ViewRootImpl.java:3473)
V/FlingTracker(  531): 	at android.view.ViewRootImpl$InputStage.forward(ViewRootImpl.java:3442)
V/FlingTracker(  531): 	at android.view.ViewRootImpl$AsyncInputStage.forward(ViewRootImpl.java:3549)
V/FlingTracker(  531): 	at android.view.ViewRootImpl$InputStage.apply(ViewRootImpl.java:3450)
V/FlingTracker(  531): 	at android.view.ViewRootImpl$AsyncInputStage.apply(ViewRootImpl.java:3606)
V/FlingTracker(  531): 	at android.view.ViewRootImpl$InputStage.deliver(ViewRootImpl.java:3423)
V/FlingTracker(  531): 	at android.view.ViewRootImpl$InputStage.onDeliverToNext(ViewRootImpl.java:3473)
V/FlingTracker(  531): 	at android.view.ViewRootImpl$InputStage.forward(ViewRootImpl.java:3442)
V/FlingTracker(  531): 	at android.view.ViewRootImpl$InputStage.apply(ViewRootImpl.java:3450)
V/FlingTracker(  531): 	at android.view.ViewRootImpl$InputStage.deliver(ViewRootImpl.java:3423)
V/FlingTracker(  531): 	at android.view.ViewRootImpl.deliverInputEvent(ViewRootImpl.java:5626)
V/FlingTracker(  531): 	at android.view.ViewRootImpl.doProcessInputEvents(ViewRootImpl.java:5606)
V/FlingTracker(  531): 	at android.view.ViewRootImpl.enqueueInputEvent(ViewRootImpl.java:5577)
V/FlingTracker(  531): 	at android.view.ViewRootImpl$WindowInputEventReceiver.onInputEvent(ViewRootImpl.java:5706)
V/FlingTracker(  531): 	at android.view.InputEventReceiver.dispatchInputEvent(InputEventReceiver.java:185)
V/FlingTracker(  531): 	at android.os.MessageQueue.nativePollOnce(Native Method)
V/FlingTracker(  531): 	at android.os.MessageQueue.next(MessageQueue.java:138)
V/FlingTracker(  531): 	at android.os.Looper.loop(Looper.java:123)
V/FlingTracker(  531): 	at android.app.ActivityThread.main(ActivityThread.java:5019)
V/FlingTracker(  531): 	at java.lang.reflect.Method.invokeNative(Native Method)
V/FlingTracker(  531): 	at java.lang.reflect.Method.invoke(Method.java:515)
V/FlingTracker(  531): 	at com.android.internal.os.ZygoteInit$MethodAndArgsCaller.run(ZygoteInit.java:779)
V/FlingTracker(  531): 	at com.android.internal.os.ZygoteInit.main(ZygoteInit.java:595)
V/FlingTracker(  531): 	at dalvik.system.NativeStart.main(Native Method)
V/PanelView(  531): animationTick called with dtms=0; nothing to do (h=0.0 v=0.0)
W/ViewRootImpl(14641): Dropping event due to no window focus: KeyEvent { action=ACTION_DOWN, keyCode=KEYCODE_DPAD_UP, scanCode=0, metaState=0, flags=0x8, repeatCount=0, eventTime=14622698, downTime=14622698, deviceId=-1, source=0x101 }
W/EGL_emulation(14641): eglSurfaceAttrib not implemented 3093 12436
W/ViewRootImpl(14641): Dropping event due to no window focus: KeyEvent { action=ACTION_DOWN, keyCode=KEYCODE_DPAD_DOWN, scanCode=0, metaState=0, flags=0x8, repeatCount=0, eventTime=14622771, downTime=14622771, deviceId=-1, source=0x101 }
W/InputMethodManagerService(  346): Window already focused, ignoring focus gain of: com.android.internal.view.IInputMethodClient$Stub$Proxy@4abbb8e4 attribute=null, token = android.os.BinderProxy@4aadb780
W/ViewRootImpl(14641): Dropping event due to no window focus: KeyEvent { action=ACTION_DOWN, keyCode=KEYCODE_DPAD_RIGHT, scanCode=0, metaState=0, flags=0x8, repeatCount=0, eventTime=14622807, downTime=14622807, deviceId=-1, source=0x101 }
W/EGL_emulation(14641): eglSurfaceAttrib not implemented 3093 12436
W/InputMethodManagerService(  346): Window already focused, ignoring focus gain of: com.android.internal.view.IInputMethodClient$Stub$Proxy@4a9ed220 attribute=null, token = android.os.BinderProxy@4aadb780
I/InputDispatcher(  346): Dropped event because of pending overdue app switch.
W/InputManager(  346): Input event injection from pid 14631 failed.
W/ViewRootImpl(14641): Dropping event due to no window focus: KeyEvent { action=ACTION_DOWN, keyCode=KEYCODE_SHIFT_RIGHT, scanCode=0, metaState=0, flags=0x8, repeatCount=0, eventTime=14623056, downTime=14623056, deviceId=-1, source=0x101 }
W/EGL_emulation(14641): eglSurfaceAttrib not implemented 3093 12436
W/ViewRootImpl(14641): Dropping event due to no window focus: KeyEvent { action=ACTION_DOWN, keyCode=KEYCODE_DPAD_LEFT, scanCode=0, metaState=0, flags=0x8, repeatCount=0, eventTime=14623144, downTime=14623144, deviceId=-1, source=0x101 }
W/ViewRootImpl(14641): Dropping event due to no window focus: KeyEvent { action=ACTION_DOWN, keyCode=KEYCODE_DPAD_DOWN, scanCode=0, metaState=0, flags=0x8, repeatCount=0, eventTime=14623145, downTime=14623145, deviceId=-1, source=0x101 }
W/ViewRootImpl(14641): Dropping event due to no window focus: KeyEvent { action=ACTION_DOWN, keyCode=KEYCODE_DPAD_RIGHT, scanCode=0, metaState=0, flags=0x8, repeatCount=0, eventTime=14623146, downTime=14623146, deviceId=-1, source=0x101 }
I/ActivityManager(  346): START u0 {act=android.intent.action.MAIN cat=[android.intent.category.LAUNCHER] flg=0x10000000 cmp=com.android.browser/.BrowserActivity sel={act=android.intent.action.MAIN cat=[android.intent.category.APP_BROWSER]}} from pid 346
W/ViewRootImpl(14641): Dropping event due to no window focus: KeyEvent { action=ACTION_DOWN, keyCode=KEYCODE_DPAD_UP, scanCode=0, metaState=0, flags=0x8, repeatCount=0, eventTime=14623148, downTime=14623148, deviceId=-1, source=0x101 }
W/InputMethodManagerService(  346): Window already focused, ignoring focus gain of: com.android.internal.view.IInputMethodClient$Stub$Proxy@4a9b89b4 attribute=null, token = android.os.BinderProxy@4aadb780
I/ActivityManager(  346): START u0 {act=android.intent.action.MAIN cat=[android.intent.category.HOME] flg=0x10200000 cmp=com.vphone.launcher/.Launcher} from pid 346
D/dalvikvm( 2987): GC_FOR_ALLOC freed 5689K, 62% free 4884K/12740K, paused 2ms, total 2ms
I/dalvikvm-heap( 2987): Grow heap (frag case) to 8.342MB for 3686412-byte allocation
D/dalvikvm( 2987): GC_FOR_ALLOC freed 7K, 34% free 8477K/12740K, paused 4ms, total 4ms
D/dalvikvm( 2987): GC_CONCURRENT freed <1K, 34% free 8477K/12740K, paused 1ms+0ms, total 3ms
I/WearableService(  643): Wearable Services stopping
W/ViewRootImpl(14641): Dropping event due to no window focus: KeyEvent { action=ACTION_DOWN, keyCode=KEYCODE_DPAD_DOWN, scanCode=0, metaState=0, flags=0x8, repeatCount=0, eventTime=14623297, downTime=14623297, deviceId=-1, source=0x101 }
W/EGL_emulation(14641): eglSurfaceAttrib not implemented 3093 12436
W/ViewRootImpl(14641): Dropping event due to no window focus: KeyEvent { action=ACTION_DOWN, keyCode=KEYCODE_CALL, scanCode=0, metaState=0, flags=0x8, repeatCount=0, eventTime=14623302, downTime=14623302, deviceId=-1, source=0x101 }
W/EGL_emulation( 2987): eglSurfaceAttrib not implemented 3093 12436
W/InputMethodManagerService(  346): Window already focused, ignoring focus gain of: com.android.internal.view.IInputMethodClient$Stub$Proxy@4a93b134 attribute=null, token = android.os.BinderProxy@4aadb780
W/ViewRootImpl(14641): Dropping event due to no window focus: KeyEvent { action=ACTION_DOWN, keyCode=KEYCODE_DPAD_RIGHT, scanCode=0, metaState=0, flags=0x8, repeatCount=0, eventTime=14623447, downTime=14623447, deviceId=-1, source=0x101 }
W/ViewRootImpl(14641): Dropping event due to no window focus: KeyEvent { action=ACTION_DOWN, keyCode=KEYCODE_MEDIA_FAST_FORWARD, scanCode=0, metaState=0, flags=0x8, repeatCount=0, eventTime=14623449, downTime=14623449, deviceId=-1, source=0x101 }
W/EGL_emulation(14641): eglSurfaceAttrib not implemented 3093 12436
W/InputMethodManagerService(  346): Window already focused, ignoring focus gain of: com.android.internal.view.IInputMethodClient$Stub$Proxy@4a91162c attribute=null, token = android.os.BinderProxy@4aadb780
I/InputDispatcher(  346): Dropped event because of pending overdue app switch.
W/InputManager(  346): Input event injection from pid 14631 failed.
I/ActivityManager(  346): START u0 {cmp=com.amitech.alleventsorg/com.amitech.allevents.organizer.auth.FacebookLogin} from pid 14641
D/dalvikvm(14641): GC_EXPLICIT freed 223K, 15% free 6258K/7308K, paused 1ms+0ms, total 5ms
W/dalvikvm(14641): VFY: unable to find class referenced in signature (Landroid/view/SearchEvent;)
I/dalvikvm(14641): Could not find method android.view.Window$Callback.onSearchRequested, referenced from method android.support.v7.view.WindowCallbackWrapper.onSearchRequested
W/dalvikvm(14641): VFY: unable to resolve interface method 19442: Landroid/view/Window$Callback;.onSearchRequested (Landroid/view/SearchEvent;)Z
D/dalvikvm(14641): VFY: replacing opcode 0x72 at 0x0002
I/dalvikvm(14641): Could not find method android.view.Window$Callback.onWindowStartingActionMode, referenced from method android.support.v7.view.WindowCallbackWrapper.onWindowStartingActionMode
W/dalvikvm(14641): VFY: unable to resolve interface method 19446: Landroid/view/Window$Callback;.onWindowStartingActionMode (Landroid/view/ActionMode$Callback;I)Landroid/view/ActionMode;
D/dalvikvm(14641): VFY: replacing opcode 0x72 at 0x0002
D/dalvikvm(14641): GC_FOR_ALLOC freed 159K, 15% free 6269K/7308K, paused 4ms, total 4ms
I/dalvikvm-heap(14641): Grow heap (frag case) to 7.707MB for 1536012-byte allocation
D/dalvikvm(14641): GC_FOR_ALLOC freed <1K, 12% free 7769K/8812K, paused 3ms, total 3ms
D/dalvikvm(14641): GC_CONCURRENT freed 0K, 12% free 7770K/8812K, paused 2ms+1ms, total 5ms
I/dalvikvm(14641): Could not find method android.content.res.TypedArray.getChangingConfigurations, referenced from method android.support.v7.widget.TintTypedArray.getChangingConfigurations
W/dalvikvm(14641): VFY: unable to resolve virtual method 573: Landroid/content/res/TypedArray;.getChangingConfigurations ()I
D/dalvikvm(14641): VFY: replacing opcode 0x6e at 0x0002
I/dalvikvm(14641): Could not find method android.content.res.TypedArray.getType, referenced from method android.support.v7.widget.TintTypedArray.getType
W/dalvikvm(14641): VFY: unable to resolve virtual method 595: Landroid/content/res/TypedArray;.getType (I)I
D/dalvikvm(14641): VFY: replacing opcode 0x6e at 0x0002
W/EGL_emulation(14641): eglSurfaceAttrib not implemented 3093 12436
W/ViewRootImpl(14641): Dropping event due to no window focus: KeyEvent { action=ACTION_DOWN, keyCode=KEYCODE_DPAD_CENTER, scanCode=0, metaState=0, flags=0x8, repeatCount=0, eventTime=14623705, downTime=14623705, deviceId=-1, source=0x101 }
W/ContextImpl(  346): Calling a method in the system process without a qualified user: android.app.ContextImpl.sendBroadcast:1123 com.android.server.InputMethodManagerService.hideCurrentInputLocked:1880 com.android.server.InputMethodManagerService.windowGainedFocus:1968 com.android.internal.view.IInputMethodManager$Stub.onTransact:221 com.android.server.InputMethodManagerService.onTransact:818 
I/ActivityManager(  346): START u0 {act=android.intent.action.MAIN cat=[android.intent.category.LAUNCHER] flg=0x10200000 cmp=com.amitech.alleventsorg/.SplashScreen} from pid 14631
I/ActivityManager(  346): Displayed com.amitech.alleventsorg/com.amitech.allevents.organizer.auth.FacebookLogin: +153ms
D/yeshen  (11448): launcher onstop
D/FirebaseApp(11448): Notifying background state change listeners.
D/Tinker.DefaultAppLike(11448): onTrimMemory level:20
W/DebugConnManager(11448): getNetworkInfo() on networkType 1
I/ActivityManager(  346): START u0 {act=NATIVE_WITH_FALLBACK cmp=com.amitech.alleventsorg/com.facebook.FacebookActivity (has extras)} from pid 14641
D/dalvikvm(  346): GC_CONCURRENT freed 3676K, 60% free 14365K/35136K, paused 2ms+1ms, total 17ms
I/ActivityManager(  346): START u0 {act=NATIVE_WITH_FALLBACK cmp=com.amitech.alleventsorg/com.facebook.FacebookActivity (has extras)} from pid 14641
V/WebViewChromium(14641): Binding Chromium to the background looper Looper (main, tid 1) {4a7e51bc}
I/chromium(14641): [INFO:library_loader_hooks.cc(112)] Chromium logging enabled: level = 0, default verbosity = 0
I/BrowserProcessMain(14641): Initializing chromium process, renderers=0
W/chromium(14641): [WARNING:proxy_service.cc(888)] PAC support disabled because there is no system implementation
D/dalvikvm(14641): GC_FOR_ALLOC freed 237K, 10% free 8386K/9280K, paused 2ms, total 2ms
W/EGL_emulation(14641): eglSurfaceAttrib not implemented 3093 12436
W/EGL_emulation(14641): eglSurfaceAttrib not implemented 3093 12436
W/EGL_emulation(14641): eglSurfaceAttrib not implemented 3093 12436
W/EGL_emulation(14641): eglSurfaceAttrib not implemented 3093 12436
W/ContextImpl(  346): Calling a method in the system process without a qualified user: android.app.ContextImpl.sendBroadcast:1123 com.android.server.InputMethodManagerService.hideCurrentInputLocked:1880 com.android.server.InputMethodManagerService.windowGainedFocus:1968 com.android.internal.view.IInputMethodManager$Stub.onTransact:221 com.android.server.InputMethodManagerService.onTransact:818 
I/ActivityManager(  346): Displayed com.amitech.alleventsorg/com.facebook.FacebookActivity: +300ms
I/ActivityManager(  346): Displayed com.amitech.alleventsorg/com.facebook.FacebookActivity: +300ms
I/chromium(14641): [INFO:simple_index_file.cc(397)] Simple Cache Index is being restored from disk.
D/FacebookSDK.WebDialog(14641): Webview loading URL: https://m.facebook.com/v2.6/dialog/oauth?client_id=313568645378487&e2e=%7B%22init%22%3A1523661401857%7D&sdk=android-4.11.0&scope=user_friends%2Cemail%2Cuser_hometown%2Cuser_events%2Cuser_location%2Cpublic_profile&state=%7B%220_auth_logger_id%22%3A%22eb20b37c-9a18-49b1-abe5-418fa4fb1f17%22%2C%223_method%22%3A%22web_view%22%7D&default_audience=friends&redirect_uri=fbconnect%3A%2F%2Fsuccess&display=touch&response_type=token%2Csigned_request&return_scopes=true
D/dalvikvm(14641): GC_CONCURRENT freed 481K, 6% free 9707K/10312K, paused 1ms+1ms, total 5ms
W/EGL_emulation(14641): eglSurfaceAttrib not implemented 3093 12436
D/FacebookSDK.WebDialog(14641): Webview loading URL: https://m.facebook.com/v2.6/dialog/oauth?client_id=313568645378487&e2e=%7B%22init%22%3A1523661401922%7D&sdk=android-4.11.0&scope=user_friends%2Cemail%2Cuser_hometown%2Cuser_events%2Cuser_location%2Cpublic_profile&state=%7B%220_auth_logger_id%22%3A%2282021dfa-74a7-4d80-a515-fc4abfb77124%22%2C%223_method%22%3A%22web_view%22%7D&default_audience=friends&redirect_uri=fbconnect%3A%2F%2Fsuccess&display=touch&response_type=token%2Csigned_request&return_scopes=true
W/ViewRootImpl(14641): Dropping event due to no window focus: KeyEvent { action=ACTION_DOWN, keyCode=KEYCODE_MENU, scanCode=0, metaState=0, flags=0x8, repeatCount=0, eventTime=14624277, downTime=14624277, deviceId=-1, source=0x101 }
W/EGL_emulation(14641): eglSurfaceAttrib not implemented 3093 12436
D/FacebookSDK.WebDialog(14641): Webview loading URL: https://m.facebook.com/login.php?skip_api_login=1&api_key=313568645378487&signed_next=1&next=https%3A%2F%2Fm.facebook.com%2Fv2.6%2Fdialog%2Foauth%3Fredirect_uri%3Dfbconnect%253A%252F%252Fsuccess%26display%3Dtouch%26state%3D%257B%25220_auth_logger_id%2522%253A%2522eb20b37c-9a18-49b1-abe5-418fa4fb1f17%2522%252C%25223_method%2522%253A%2522web_view%2522%257D%26scope%3Duser_friends%252Cemail%252Cuser_hometown%252Cuser_events%252Cuser_location%252Cpublic_profile%26response_type%3Dtoken%252Csigned_request%26default_audience%3Dfriends%26return_scopes%3Dtrue%26client_id%3D313568645378487%26ret%3Dlogin%26sdk%3Dandroid-4.11.0%26logger_id%3Deb20b37c-9a18-49b1-abe5-418fa4fb1f17&cancel_url=fbconnect%3A%2F%2Fsuccess%3Ferror%3Daccess_denied%26error_code%3D200%26error_description%3DPermissions%2Berror%26error_reason%3Duser_denied%26state%3D%257B%25220_auth_logger_id%2522%253A%2522eb20b37c-9a18-49b1-abe5-418fa4fb1f17%2522%252C%25223_method%2522%253A%2522web_view%2522%257D%26e2e%3D%257B%2522init%2522%253A1523661401857%257D&display=touch&locale=en_US&logger_id=eb20b37c-9a18-49b1-abe5-418fa4fb1f17&_rdr
D/FacebookSDK.WebDialog(14641): Redirect URL: https://m.facebook.com/login.php?skip_api_login=1&api_key=313568645378487&signed_next=1&next=https%3A%2F%2Fm.facebook.com%2Fv2.6%2Fdialog%2Foauth%3Fredirect_uri%3Dfbconnect%253A%252F%252Fsuccess%26display%3Dtouch%26state%3D%257B%25220_auth_logger_id%2522%253A%2522eb20b37c-9a18-49b1-abe5-418fa4fb1f17%2522%252C%25223_method%2522%253A%2522web_view%2522%257D%26scope%3Duser_friends%252Cemail%252Cuser_hometown%252Cuser_events%252Cuser_location%252Cpublic_profile%26response_type%3Dtoken%252Csigned_request%26default_audience%3Dfriends%26return_scopes%3Dtrue%26client_id%3D313568645378487%26ret%3Dlogin%26sdk%3Dandroid-4.11.0%26logger_id%3Deb20b37c-9a18-49b1-abe5-418fa4fb1f17&cancel_url=fbconnect%3A%2F%2Fsuccess%3Ferror%3Daccess_denied%26error_code%3D200%26error_description%3DPermissions%2Berror%26error_reason%3Duser_denied%26state%3D%257B%25220_auth_logger_id%2522%253A%2522eb20b37c-9a18-49b1-abe5-418fa4fb1f17%2522%252C%25223_method%2522%253A%2522web_view%2522%257D%26e2e%3D%257B%2522init%2522%253A1523661401857%257D&display=touch&locale=en_US&logger_id=eb20b37c-9a18-49b1-abe5-418fa4fb1f17&_rdr
I/ActivityManager(  346): START u0 {act=com.android.systemui.recent.action.TOGGLE_RECENTS flg=0x10800000 cmp=com.android.systemui/.recent.RecentsActivity (has extras)} from pid 531
D/FacebookSDK.WebDialog(14641): Webview loading URL: https://m.facebook.com/login.php?skip_api_login=1&api_key=313568645378487&signed_next=1&next=https%3A%2F%2Fm.facebook.com%2Fv2.6%2Fdialog%2Foauth%3Fredirect_uri%3Dfbconnect%253A%252F%252Fsuccess%26display%3Dtouch%26state%3D%257B%25220_auth_logger_id%2522%253A%252282021dfa-74a7-4d80-a515-fc4abfb77124%2522%252C%25223_method%2522%253A%2522web_view%2522%257D%26scope%3Duser_friends%252Cemail%252Cuser_hometown%252Cuser_events%252Cuser_location%252Cpublic_profile%26response_type%3Dtoken%252Csigned_request%26default_audience%3Dfriends%26return_scopes%3Dtrue%26client_id%3D313568645378487%26ret%3Dlogin%26sdk%3Dandroid-4.11.0%26logger_id%3D82021dfa-74a7-4d80-a515-fc4abfb77124&cancel_url=fbconnect%3A%2F%2Fsuccess%3Ferror%3Daccess_denied%26error_code%3D200%26error_description%3DPermissions%2Berror%26error_reason%3Duser_denied%26state%3D%257B%25220_auth_logger_id%2522%253A%252282021dfa-74a7-4d80-a515-fc4abfb77124%2522%252C%25223_method%2522%253A%2522web_view%2522%257D%26e2e%3D%257B%2522init%2522%253A1523661401922%257D&display=touch&locale=en_US&logger_id=82021dfa-74a7-4d80-a515-fc4abfb77124&_rdr
D/FacebookSDK.WebDialog(14641): Redirect URL: https://m.facebook.com/login.php?skip_api_login=1&api_key=313568645378487&signed_next=1&next=https%3A%2F%2Fm.facebook.com%2Fv2.6%2Fdialog%2Foauth%3Fredirect_uri%3Dfbconnect%253A%252F%252Fsuccess%26display%3Dtouch%26state%3D%257B%25220_auth_logger_id%2522%253A%252282021dfa-74a7-4d80-a515-fc4abfb77124%2522%252C%25223_method%2522%253A%2522web_view%2522%257D%26scope%3Duser_friends%252Cemail%252Cuser_hometown%252Cuser_events%252Cuser_location%252Cpublic_profile%26response_type%3Dtoken%252Csigned_request%26default_audience%3Dfriends%26return_scopes%3Dtrue%26client_id%3D313568645378487%26ret%3Dlogin%26sdk%3Dandroid-4.11.0%26logger_id%3D82021dfa-74a7-4d80-a515-fc4abfb77124&cancel_url=fbconnect%3A%2F%2Fsuccess%3Ferror%3Daccess_denied%26error_code%3D200%26error_description%3DPermissions%2Berror%26error_reason%3Duser_denied%26state%3D%257B%25220_auth_logger_id%2522%253A%252282021dfa-74a7-4d80-a515-fc4abfb77124%2522%252C%25223_method%2522%253A%2522web_view%2522%257D%26e2e%3D%257B%2522init%2522%253A1523661401922%257D&display=touch&locale=en_US&logger_id=82021dfa-74a7-4d80-a515-fc4abfb77124&_rdr
I/ActivityManager(  346): START u0 {act=android.intent.action.CALL_BUTTON flg=0x10000000} from pid 14641
W/PhoneFallbackEventHandler(14641): No activity found for android.intent.action.CALL_BUTTON.
D/dalvikvm( 2987): GC_FOR_ALLOC freed 10K, 34% free 8484K/12740K, paused 2ms, total 2ms
I/dalvikvm-heap( 2987): Grow heap (frag case) to 10.319MB for 2073612-byte allocation
D/dalvikvm( 2987): GC_FOR_ALLOC freed <1K, 18% free 10508K/12740K, paused 3ms, total 3ms
D/dalvikvm( 2987): GC_CONCURRENT freed <1K, 18% free 10508K/12740K, paused 0ms+1ms, total 2ms
D/dalvikvm(  346): GC_FOR_ALLOC freed 1549K, 61% free 14001K/35136K, paused 15ms, total 15ms
I/ActivityManager(  346): START u0 {act=android.intent.action.MAIN cat=[android.intent.category.LAUNCHER] flg=0x10200000 cmp=com.amitech.alleventsorg/.SplashScreen} from pid 14631
D/dalvikvm(  346): GC_FOR_ALLOC freed 67K, 55% free 15968K/35136K, paused 13ms, total 13ms
I/dalvikvm-heap(  346): Grow heap (frag case) to 17.634MB for 2073612-byte allocation
D/dalvikvm(  346): GC_FOR_ALLOC freed <1K, 52% free 17993K/37164K, paused 17ms, total 17ms
W/ContextImpl(  346): Calling a method in the system process without a qualified user: android.app.ContextImpl.sendBroadcast:1123 com.android.server.NotificationManagerService$6.run:1838 android.os.Handler.handleCallback:733 android.os.Handler.dispatchMessage:95 android.os.Looper.loop:136 
D/dalvikvm(  531): GC_CONCURRENT freed 7487K, 46% free 12958K/23916K, paused 0ms+1ms, total 4ms
D/dalvikvm(  531): WAIT_FOR_CONCURRENT_GC blocked 4ms
D/dalvikvm(  346): GC_FOR_ALLOC freed 16K, 52% free 18001K/37164K, paused 20ms, total 20ms
I/dalvikvm-heap(  346): Grow heap (frag case) to 19.620MB for 2073612-byte allocation
D/dalvikvm(  346): GC_FOR_ALLOC freed 4K, 49% free 20022K/39192K, paused 12ms, total 12ms
I/InputDispatcher(  346): Dropped event because of pending overdue app switch.
W/InputManager(  346): Input event injection from pid 14631 failed.
D/dalvikvm(  346): GC_EXPLICIT freed 2043K, 55% free 17998K/39192K, paused 1ms+2ms, total 32ms
W/InputEventReceiver(14641): Attempted to finish an input event but the input event receiver has already been disposed.
W/InputEventReceiver(14641): Attempted to finish an input event but the input event receiver has already been disposed.
W/InputEventReceiver(14641): Attempted to finish an input event but the input event receiver has already been disposed.
W/InputEventReceiver(14641): Attempted to finish an input event but the input event receiver has already been disposed.
W/InputEventReceiver(14641): Attempted to finish an input event but the input event receiver has already been disposed.
W/ViewRootImpl(14641): Dropping event due to root view being removed: MotionEvent { action=ACTION_DOWN, id[0]=0, x[0]=481.0, y[0]=396.0, toolType[0]=TOOL_TYPE_UNKNOWN, buttonState=0, metaState=0, flags=0x0, edgeFlags=0x0, pointerCount=1, historySize=0, eventTime=14625083, downTime=14625083, deviceId=0, source=0x1002 }
W/ViewRootImpl(14641): Dropping event due to root view being removed: MotionEvent { action=ACTION_MOVE, id[0]=0, x[0]=458.9104, y[0]=410.48383, toolType[0]=TOOL_TYPE_UNKNOWN, buttonState=0, metaState=0, flags=0x0, edgeFlags=0x0, pointerCount=1, historySize=4, eventTime=14625084, downTime=14625083, deviceId=0, source=0x1002 }
W/ViewRootImpl(14641): Dropping event due to root view being removed: MotionEvent { action=ACTION_UP, id[0]=0, x[0]=454.9157, y[0]=411.08673, toolType[0]=TOOL_TYPE_UNKNOWN, buttonState=0, metaState=0, flags=0x0, edgeFlags=0x0, pointerCount=1, historySize=0, eventTime=14625084, downTime=14625083, deviceId=0, source=0x1002 }
W/ViewRootImpl(14641): Dropping event due to root view being removed: MotionEvent { action=ACTION_MOVE, id[0]=0, x[0]=0.0, y[0]=4.0, toolType[0]=TOOL_TYPE_UNKNOWN, buttonState=0, metaState=0, flags=0x0, edgeFlags=0x0, pointerCount=1, historySize=29, eventTime=14625089, downTime=-1, deviceId=0, source=0x10004 }
W/InputEventReceiver(14641): Attempted to finish an input event but the input event receiver has already been disposed.
W/InputManager(  346): Input event injection from pid 14631 failed.
W/ViewRootImpl(14641): Dropping event due to root view being removed: KeyEvent { action=ACTION_UP, keyCode=KEYCODE_DPAD_CENTER, scanCode=0, metaState=0, flags=0x8, repeatCount=0, eventTime=14625154, downTime=14625154, deviceId=-1, source=0x101 }
W/ViewRootImpl(14641): Dropping event due to no window focus: KeyEvent { action=ACTION_DOWN, keyCode=KEYCODE_DPAD_DOWN, scanCode=0, metaState=0, flags=0x8, repeatCount=0, eventTime=14625215, downTime=14625215, deviceId=-1, source=0x101 }
W/ViewRootImpl(14641): Dropping event due to no window focus: KeyEvent { action=ACTION_DOWN, keyCode=KEYCODE_FOCUS, scanCode=0, metaState=0, flags=0x8, repeatCount=0, eventTime=14625216, downTime=14625216, deviceId=-1, source=0x101 }
I/ActivityManager(  346): START u0 {act=android.intent.action.MAIN cat=[android.intent.category.LAUNCHER] flg=0x10200000 cmp=com.amitech.alleventsorg/.SplashScreen} from pid 14631
D/dalvikvm(  346): GC_FOR_ALLOC freed 25K, 49% free 20151K/39192K, paused 13ms, total 14ms
I/dalvikvm-heap(  346): Grow heap (frag case) to 21.719MB for 2073612-byte allocation
D/dalvikvm(  346): GC_FOR_ALLOC freed 7K, 47% free 22169K/41220K, paused 16ms, total 16ms
D/dalvikvm(  346): GC_FOR_ALLOC freed 14K, 46% free 22270K/41220K, paused 12ms, total 12ms
I/dalvikvm-heap(  346): Grow heap (frag case) to 23.789MB for 2073612-byte allocation
D/dalvikvm(  346): GC_FOR_ALLOC freed <1K, 44% free 24295K/43248K, paused 13ms, total 13ms
I/ActivityManager(  346): START u0 {act=android.intent.action.MAIN cat=[android.intent.category.LAUNCHER] flg=0x10200000 cmp=com.amitech.alleventsorg/.SplashScreen} from pid 14631
V/PanelView(  531): animationTick called with dtms=0; nothing to do (h=0.0 v=0.0)
I/ActivityManager(  346): START u0 {act=android.intent.action.MAIN cat=[android.intent.category.LAUNCHER] flg=0x10200000 cmp=com.amitech.alleventsorg/.SplashScreen} from pid 14631
I/ActivityManager(  346): START u0 {act=android.intent.action.MAIN cat=[android.intent.category.LAUNCHER] flg=0x10000000 sel={act=android.intent.action.MAIN cat=[android.intent.category.APP_MUSIC]}} from pid 346
W/ViewRootImpl(14641): Dropping event due to no window focus: KeyEvent { action=ACTION_DOWN, keyCode=KEYCODE_DPAD_DOWN, scanCode=0, metaState=0, flags=0x8, repeatCount=0, eventTime=14625656, downTime=14625656, deviceId=-1, source=0x101 }
W/ContextImpl(  346): Calling a method in the system process without a qualified user: android.app.ContextImpl.sendBroadcast:1123 com.android.server.InputMethodManagerService.hideCurrentInputLocked:1880 com.android.server.InputMethodManagerService.windowGainedFocus:1968 com.android.internal.view.IInputMethodManager$Stub.onTransact:221 com.android.server.InputMethodManagerService.onTransact:818 
I/SnapScrollController(14641): setSnapScrollingMode case-default no-op
I/SnapScrollController(14641): setSnapScrollingMode case-default no-op
I/chromium(14641): [INFO:async_pixel_transfer_manager_android.cc(56)] Async pixel transfers not supported
I/chromium(14641): [INFO:async_pixel_transfer_manager_android.cc(56)] Async pixel transfers not supported
V/PanelView(  531): animationTick called with dtms=0; nothing to do (h=0.0 v=-0.0)
W/UnimplementedWebViewApi(14641): Unimplemented WebView method onKeyMultiple called from: android.webkit.WebView.onKeyMultiple(WebView.java:2179)
W/UnimplementedWebViewApi(14641): Unimplemented WebView method onKeyDown called from: android.webkit.WebView.onKeyDown(WebView.java:2169)
W/WindowManager(  346): updateFocusedWindowLocked, focusedAppToken is null.
W/ViewRootImpl(  531): Dropping event due to no window focus: KeyEvent { action=ACTION_DOWN, keyCode=KEYCODE_S, scanCode=0, metaState=0, flags=0x8, repeatCount=0, eventTime=14625858, downTime=14625858, deviceId=-1, source=0x101 }
W/ViewRootImpl(  531): Dropping event due to no window focus: KeyEvent { action=ACTION_DOWN, keyCode=KEYCODE_DPAD_UP, scanCode=0, metaState=0, flags=0x8, repeatCount=0, eventTime=14625860, downTime=14625860, deviceId=-1, source=0x101 }
W/ViewRootImpl(  531): Dropping event due to no window focus: KeyEvent { action=ACTION_DOWN, keyCode=KEYCODE_DPAD_DOWN, scanCode=0, metaState=0, flags=0x8, repeatCount=0, eventTime=14625861, downTime=14625861, deviceId=-1, source=0x101 }
W/ViewRootImpl(  531): Dropping event due to no window focus: KeyEvent { action=ACTION_DOWN, keyCode=KEYCODE_DPAD_LEFT, scanCode=0, metaState=0, flags=0x8, repeatCount=0, eventTime=14625868, downTime=14625868, deviceId=-1, source=0x101 }
W/ContextImpl(  346): Calling a method in the system process without a qualified user: android.app.ContextImpl.sendBroadcast:1123 com.android.server.InputMethodManagerService.hideCurrentInputLocked:1880 com.android.server.InputMethodManagerService.windowGainedFocus:1968 com.android.internal.view.IInputMethodManager$Stub.onTransact:221 com.android.server.InputMethodManagerService.onTransact:818 
W/InputEventReceiver(  531): Attempted to finish an input event but the input event receiver has already been disposed.
W/InputEventReceiver(  531): Attempted to finish an input event but the input event receiver has already been disposed.
W/InputEventReceiver(  531): Attempted to finish an input event but the input event receiver has already been disposed.
I/ActivityManager(  346): START u0 {act=android.intent.action.MAIN cat=[android.intent.category.LAUNCHER] flg=0x10200000 cmp=com.amitech.alleventsorg/.SplashScreen} from pid 14631
W/ViewRootImpl(  531): Dropping event due to root view being removed: MotionEvent { action=ACTION_UP, id[0]=0, x[0]=486.2699, y[0]=-360.65433, toolType[0]=TOOL_TYPE_UNKNOWN, buttonState=0, metaState=0, flags=0x0, edgeFlags=0x0, pointerCount=1, historySize=0, eventTime=14625876, downTime=14625876, deviceId=0, source=0x1002 }
W/ViewRootImpl(  531): Dropping event due to root view being removed: KeyEvent { action=ACTION_UP, keyCode=KEYCODE_DPAD_CENTER, scanCode=0, metaState=0, flags=0x8, repeatCount=0, eventTime=14625875, downTime=14625875, deviceId=-1, source=0x101 }
W/IInputConnectionWrapper(14641): showStatusIcon on inactive InputConnection
V/PanelView(  531): animationTick called with dtms=0; nothing to do (h=0.0 v=-0.0)
W/ContextImpl(  346): Calling a method in the system process without a qualified user: android.app.ContextImpl.sendBroadcast:1123 com.android.server.InputMethodManagerService.hideCurrentInputLocked:1880 com.android.server.InputMethodManagerService.windowGainedFocus:1968 com.android.internal.view.IInputMethodManager$Stub.onTransact:221 com.android.server.InputMethodManagerService.onTransact:818 
W/UnimplementedWebViewApi(14641): Unimplemented WebView method onKeyMultiple called from: android.webkit.WebView.onKeyMultiple(WebView.java:2179)
W/UnimplementedWebViewApi(14641): Unimplemented WebView method onKeyDown called from: android.webkit.WebView.onKeyDown(WebView.java:2169)
W/UnimplementedWebViewApi(14641): Unimplemented WebView method onKeyDown called from: android.webkit.WebView.onKeyDown(WebView.java:2169)
W/UnimplementedWebViewApi(14641): Unimplemented WebView method onKeyDown called from: android.webkit.WebView.onKeyDown(WebView.java:2169)
W/UnimplementedWebViewApi(14641): Unimplemented WebView method onKeyDown called from: android.webkit.WebView.onKeyDown(WebView.java:2169)
W/UnimplementedWebViewApi(14641): Unimplemented WebView method onKeyMultiple called from: android.webkit.WebView.onKeyMultiple(WebView.java:2179)
W/UnimplementedWebViewApi(14641): Unimplemented WebView method onKeyDown called from: android.webkit.WebView.onKeyDown(WebView.java:2169)
W/UnimplementedWebViewApi(14641): Unimplemented WebView method onKeyDown called from: android.webkit.WebView.onKeyDown(WebView.java:2169)
W/UnimplementedWebViewApi(14641): Unimplemented WebView method onKeyMultiple called from: android.webkit.WebView.onKeyMultiple(WebView.java:2179)
W/UnimplementedWebViewApi(14641): Unimplemented WebView method onKeyDown called from: android.webkit.WebView.onKeyDown(WebView.java:2169)
W/UnimplementedWebViewApi(14641): Unimplemented WebView method onKeyDown called from: android.webkit.WebView.onKeyDown(WebView.java:2169)
V/PanelView(  531): animationTick called with dtms=0; nothing to do (h=0.0 v=4500.0)
W/WindowManager(  346): updateFocusedWindowLocked, focusedAppToken is null.
W/UnimplementedWebViewApi(14641): Unimplemented WebView method onKeyMultiple called from: android.webkit.WebView.onKeyMultiple(WebView.java:2179)
W/UnimplementedWebViewApi(14641): Unimplemented WebView method onKeyDown called from: android.webkit.WebView.onKeyDown(WebView.java:2169)
W/EGL_emulation(  531): eglSurfaceAttrib not implemented 3093 12436
W/ViewRootImpl(  531): Dropping event due to no window focus: KeyEvent { action=ACTION_DOWN, keyCode=KEYCODE_SWITCH_CHARSET, scanCode=0, metaState=0, flags=0x8, repeatCount=0, eventTime=14626040, downTime=14626040, deviceId=-1, source=0x101 }
W/ViewRootImpl(  531): Dropping event due to no window focus: KeyEvent { action=ACTION_DOWN, keyCode=KEYCODE_DPAD_CENTER, scanCode=0, metaState=0, flags=0x8, repeatCount=0, eventTime=14626116, downTime=14626116, deviceId=-1, source=0x101 }
W/ViewRootImpl(14641): Dropping event due to no window focus: KeyEvent { action=ACTION_DOWN, keyCode=KEYCODE_DPAD_CENTER, scanCode=0, metaState=0, flags=0x408, repeatCount=0, eventTime=14625978, downTime=14625978, deviceId=-1, source=0x101 }
V/PanelView(  531): animationTick called with dtms=0; nothing to do (h=589.5 v=-3000.0)
V/PanelView(  531): animationTick called with dtms=0; nothing to do (h=589.5 v=-3000.0)
V/PanelView(  531): animationTick called with dtms=0; nothing to do (h=589.5 v=-3000.0)
V/PanelView(  531): animationTick called with dtms=0; nothing to do (h=589.5 v=-3000.0)
V/PanelView(  531): animationTick called with dtms=-2; nothing to do (h=589.5 v=-3000.0)
W/InputMethodManagerService(  346): Window already focused, ignoring focus gain of: com.android.internal.view.IInputMethodClient$Stub$Proxy@4aa78480 attribute=null, token = android.os.BinderProxy@4ad33580
W/UnimplementedWebViewApi(14641): Unimplemented WebView method onKeyMultiple called from: android.webkit.WebView.onKeyMultiple(WebView.java:2179)
W/UnimplementedWebViewApi(14641): Unimplemented WebView method onKeyDown called from: android.webkit.WebView.onKeyDown(WebView.java:2169)
V/PanelView(  531): animationTick called with dtms=0; nothing to do (h=589.5 v=-3000.0)
V/PanelView(  531): animationTick called with dtms=0; nothing to do (h=589.5 v=-3000.0)
V/PanelView(  531): animationTick called with dtms=-8; nothing to do (h=589.5 v=-3000.0)
V/PanelView(  531): animationTick called with dtms=0; nothing to do (h=589.5 v=-3000.0)
V/PanelView(  531): animationTick called with dtms=-11; nothing to do (h=589.5 v=-3000.0)
I/ActivityManager(  346): START u0 {act=android.intent.action.VIEW dat=content://media/external/images/media/677 typ=image/png flg=0x10000000 cmp=com.android.gallery3d/.app.GalleryActivity bnds=[0,77][720,461]} from pid -1
V/PanelView(  531): animationTick called with dtms=0; nothing to do (h=589.5 v=-3000.0)
V/PanelView(  531): animationTick called with dtms=0; nothing to do (h=589.5 v=-3000.0)
V/PanelView(  531): animationTick called with dtms=0; nothing to do (h=589.5 v=-3000.0)
V/PanelView(  531): animationTick called with dtms=0; nothing to do (h=589.5 v=-3000.0)
V/PanelView(  531): animationTick called with dtms=0; nothing to do (h=589.5 v=-3000.0)
V/PanelView(  531): animationTick called with dtms=-9; nothing to do (h=589.5 v=-3000.0)
I/ActivityManager(  346): START u0 {act=android.intent.action.MAIN cat=[android.intent.category.LAUNCHER] flg=0x10200000 cmp=com.amitech.alleventsorg/.SplashScreen} from pid 14631
W/UnimplementedWebViewApi(14641): Unimplemented WebView method onKeyMultiple called from: android.webkit.WebView.onKeyMultiple(WebView.java:2179)
