E/WindowManager( 6594): 	at android.view.inputmethod.InputMethodManager.invokeFinishedInputEventCallback(InputMethodManager.java:1704)
E/WindowManager( 6594): 	at android.view.inputmethod.InputMethodManager.finishedInputEvent(InputMethodManager.java:1695)
E/WindowManager( 6594): 	at android.view.inputmethod.InputMethodManager$ImeInputEventSender.onInputEventFinished(InputMethodManager.java:1987)
E/WindowManager( 6594): 	at android.view.InputEventSender.dispatchInputEventFinished(InputEventSender.java:141)
E/WindowManager( 6594): 	at android.os.MessageQueue.nativePollOnce(Native Method)
E/WindowManager( 6594): 	at android.os.MessageQueue.next(MessageQueue.java:138)
E/WindowManager( 6594): 	at android.os.Looper.loop(Looper.java:123)
E/WindowManager( 6594): 	at android.app.ActivityThread.main(ActivityThread.java:5019)
E/WindowManager( 6594): 	at java.lang.reflect.Method.invokeNative(Native Method)
E/WindowManager( 6594): 	at java.lang.reflect.Method.invoke(Method.java:515)
E/WindowManager( 6594): 	at com.android.internal.os.ZygoteInit$MethodAndArgsCaller.run(ZygoteInit.java:779)
E/WindowManager( 6594): 	at com.android.internal.os.ZygoteInit.main(ZygoteInit.java:595)
E/WindowManager( 6594): 	at dalvik.system.NativeStart.main(Native Method)
W/WindowManager(  464): Force-removing child win Window{4adbfa44 u0 SubPanel:com.kolesnik.pregnancy/com.kolesnik.pregnancy.Pin} from container Window{4ad7e210 u0 com.kolesnik.pregnancy/com.kolesnik.pregnancy.Pin}
W/WindowManager(  464): Failed looking up window
W/WindowManager(  464): java.lang.IllegalArgumentException: Requested window android.os.BinderProxy@4ac7513c does not exist
W/WindowManager(  464): 	at com.android.server.wm.WindowManagerService.windowForClientLocked(WindowManagerService.java:8096)
W/WindowManager(  464): 	at com.android.server.wm.WindowManagerService.windowForClientLocked(WindowManagerService.java:8087)
W/WindowManager(  464): 	at com.android.server.wm.WindowManagerService.removeWindow(WindowManagerService.java:2542)
W/WindowManager(  464): 	at com.android.server.wm.Session.remove(Session.java:181)
W/WindowManager(  464): 	at android.view.IWindowSession$Stub.onTransact(IWindowSession.java:197)
W/WindowManager(  464): 	at com.android.server.wm.Session.onTransact(Session.java:125)
W/WindowManager(  464): 	at android.os.Binder.execTransact(Binder.java:404)
W/WindowManager(  464): 	at dalvik.system.NativeStart.run(Native Method)
W/ViewRootImpl( 6594): Dropping event due to no window focus: MotionEvent { action=ACTION_MOVE, id[0]=0, x[0]=-4.0, y[0]=2.0, toolType[0]=TOOL_TYPE_UNKNOWN, buttonState=0, metaState=0, flags=0x0, edgeFlags=0x0, pointerCount=1, historySize=3, eventTime=15143494, downTime=-1, deviceId=0, source=0x10004 }
I/ActivityManager(  464): START u0 {act=android.intent.action.MAIN cat=[android.intent.category.LAUNCHER] flg=0x10200000 cmp=com.kolesnik.pregnancy/.MainActivity} from pid 6466
W/EGL_emulation( 6594): eglSurfaceAttrib not implemented 3093 12436
W/ViewRootImpl( 6594): Dropping event due to no window focus: KeyEvent { action=ACTION_DOWN, keyCode=KEYCODE_DPAD_RIGHT, scanCode=0, metaState=0, flags=0x8, repeatCount=0, eventTime=15144042, downTime=15144042, deviceId=-1, source=0x101 }
W/InputMethodManagerService(  464): Window already focused, ignoring focus gain of: com.android.internal.view.IInputMethodClient$Stub$Proxy@4ad3c594 attribute=null, token = android.os.BinderProxy@4ad5ae08
W/ViewRootImpl( 6594): Dropping event due to no window focus: KeyEvent { action=ACTION_DOWN, keyCode=KEYCODE_DPAD_CENTER, scanCode=0, metaState=0, flags=0x8, repeatCount=0, eventTime=15144148, downTime=15144148, deviceId=-1, source=0x101 }
W/EGL_emulation( 6594): eglSurfaceAttrib not implemented 3093 12436
W/ViewRootImpl( 6594): Dropping event due to no window focus: KeyEvent { action=ACTION_DOWN, keyCode=KEYCODE_DPAD_CENTER, scanCode=0, metaState=0, flags=0x8, repeatCount=0, eventTime=15144323, downTime=15144323, deviceId=-1, source=0x101 }
W/ViewRootImpl( 6594): Dropping event due to no window focus: KeyEvent { action=ACTION_DOWN, keyCode=KEYCODE_DPAD_UP, scanCode=0, metaState=0, flags=0x8, repeatCount=0, eventTime=15144793, downTime=15144793, deviceId=-1, source=0x101 }
W/InputMethodManagerService(  464): Window already focused, ignoring focus gain of: com.android.internal.view.IInputMethodClient$Stub$Proxy@4a9fa33c attribute=android.view.inputmethod.EditorInfo@4ad42114, token = android.os.BinderProxy@4ad5ae08
W/ViewRootImpl( 6594): Dropping event due to no window focus: KeyEvent { action=ACTION_DOWN, keyCode=KEYCODE_BUTTON_B, scanCode=0, metaState=0, flags=0x8, repeatCount=0, eventTime=15145287, downTime=15145287, deviceId=-1, source=0x101 }
W/ViewRootImpl( 6594): Dropping event due to no window focus: KeyEvent { action=ACTION_DOWN, keyCode=KEYCODE_BACK, scanCode=0, metaState=0, flags=0x8, repeatCount=0, eventTime=15145287, downTime=15145287, deviceId=-1, source=0x101 }
W/ViewRootImpl( 6594): Dropping event due to no window focus: KeyEvent { action=ACTION_DOWN, keyCode=KEYCODE_DPAD_LEFT, scanCode=0, metaState=0, flags=0x8, repeatCount=0, eventTime=15145294, downTime=15145294, deviceId=-1, source=0x101 }
W/InputMethodManagerService(  464): Window already focused, ignoring focus gain of: com.android.internal.view.IInputMethodClient$Stub$Proxy@4a9f4650 attribute=null, token = android.os.BinderProxy@4ad5ae08
E/SurfaceFlinger(  167): glCheckFramebufferStatusOES error 36054
E/SurfaceFlinger(  167): got GL_FRAMEBUFFER_COMPLETE_OES error while taking screenshot
D/SurfaceFlinger(  167): setOrientation, mFbdev=0xb85f6050, mFbDev->setOrientation=0xb6945ce0, orientation=0
I/gralloc_nox(  167): setOrientation: orientation=0
I/ActivityManager(  464): Config changes=480 {1.0 310mcc16mnc en_US ldltr sw480dp w853dp h454dp 240dpi lrg long land finger -keyb/v/h dpad/v s.157}
I/InputReader(  464): Reconfiguring input devices.  changes=0x00000004
I/InputReader(  464): Device reconfigured: id=1, name='Android Input', size 1280x720, orientation 0, mode 1, display id 0
I/InputReader(  464): Device reconfigured: id=3, name='seamless mouse', size 1280x720, orientation 0, mode 1, display id 0
I/InputReader(  464): Device reconfigured: id=8, name='VirtualBox USB Tablet', size 1280x720, orientation 0, mode 1, display id 0
D/Tinker.DefaultAppLike(24744): onConfigurationChanged:{1.0 310mcc16mnc en_US ldltr sw480dp w853dp h454dp 240dpi lrg long land finger -keyb/v/h dpad/v s.157}
D/Sensors (  464): Client connection accepted (159)
D/PhoneStatusBar(  532): mSettingsPanelGravity = 55
I/AndroidRuntime( 6466): VM exiting with result code 0.
