W/WindowManager(  478): Current app token list:
V/WindowManager(  478):   Display 0
V/WindowManager(  478):   #0: Token{4a924cec ActivityRecord{4a90541c u0 com.vphone.launcher/.Launcher t1}}
W/WindowManager(  478): Final window list:
V/WindowManager(  478):   #0: Window{4a957514 u0 StatusBar}
V/WindowManager(  478):   #1: Window{4a90ced4 u0 KeyguardScrim}
V/WindowManager(  478):   #2: Window{4ab68738 u0 com.vphone.launcher/com.vphone.launcher.Launcher}
V/WindowManager(  478):   #3: Window{4a963f14 u0 com.android.systemui.ImageWallpaper}
I/InputDispatcher(  478): Dropping event because there is no focused window or focused application.
W/InputManager(  478): Input event injection from pid 14605 failed.
I/InputDispatcher(  478): Dropping event because there is no focused window or focused application.
I/InputDispatcher(  478): Dropping event because there is no focused window or focused application.
D/FirebaseApp(  653): Notifying background state change listeners.
I/InputDispatcher(  478): Dropping event because there is no focused window or focused application.
I/InputDispatcher(  478): Dropping event because there is no focused window or focused application.
I/InputDispatcher(  478): Dropping event because there is no focused window or focused application.
I/InputDispatcher(  478): Dropping event because there is no focused window or focused application.
I/InputDispatcher(  478): Dropping event because there is no focused window or focused application.
I/InputDispatcher(  478): Dropping event because there is no focused window or focused application.
I/InputDispatcher(  478): Dropping event because there is no focused window or focused application.
I/InputDispatcher(  478): Dropping event because there is no focused window or focused application.
I/InputDispatcher(  478): Dropping event because there is no focused window or focused application.
I/InputDispatcher(  478): Dropping event because there is no focused window or focused application.
I/InputDispatcher(  478): Dropping event because there is no focused window or focused application.
I/InputDispatcher(  478): Dropping event because there is no focused window or focused application.
I/InputDispatcher(  478): Dropping event because there is no focused window or focused application.
I/InputDispatcher(  478): Dropping event because there is no focused window or focused application.
W/InputManager(  478): Input event injection from pid 14605 failed.
W/InputManager(  478): Input event injection from pid 14605 failed.
W/InputManager(  478): Input event injection from pid 14605 failed.
W/InputManager(  478): Input event injection from pid 14605 failed.
W/InputManager(  478): Input event injection from pid 14605 failed.
W/InputManager(  478): Input event injection from pid 14605 failed.
W/InputManager(  478): Input event injection from pid 14605 failed.
W/InputManager(  478): Input event injection from pid 14605 failed.
W/InputManager(  478): Input event injection from pid 14605 failed.
W/InputManager(  478): Input event injection from pid 14605 failed.
W/InputManager(  478): Input event injection from pid 14605 failed.
W/InputManager(  478): Input event injection from pid 14605 failed.
W/InputManager(  478): Input event injection from pid 14605 failed.
W/InputManager(  478): Input event injection from pid 14605 failed.
W/InputManager(  478): Input event injection from pid 14605 failed.
W/InputManager(  478): Input event injection from pid 14605 failed.
W/InputManager(  478): Input event injection from pid 14605 failed.
W/InputManager(  478): Input event injection from pid 14605 failed.
W/EGL_emulation(  653): eglSurfaceAttrib not implemented 3093 12436
W/DebugConnManager(  653): getNetworkInfo() on networkType 1
I/ActivityManager(  478): START u0 {act=android.intent.action.VIEW dat=https://tracking.apptrackerlink.com/ws/action/click?offer_id=802024&bid_id=Vj4kNyL1wjSKDjLKWnAgFn0QlPy&imp_id=Y3jwz4N7qBS22LxmZL3osXJGKYo&p_id=b0cbfdf2-686b-42e0-99ac-b495323fb030 flg=0x10000000 cmp=com.android.browser/.BrowserActivity} from pid 653
W/InputMethodManagerService(  478): Window already focused, ignoring focus gain of: com.android.internal.view.IInputMethodClient$Stub$Proxy@4ab68ff4 attribute=null, token = android.os.BinderProxy@4aa82cb8
I/ActivityManager(  478): START u0 {act=android.intent.action.MAIN cat=[android.intent.category.LAUNCHER] flg=0x10200000 cmp=com.babycenter.pregnancytracker/.app.InitialDispatcherActivity} from pid 14605
D/yeshen  (  653): launcher onpause
I/ActivityManager(  478): Start proc com.babycenter.pregnancytracker for activity com.babycenter.pregnancytracker/.app.InitialDispatcherActivity: pid=15620 uid=10049 gids={50049, 3003, 1028, 1015, 1023}
W/NetworkManagementSocketTagger(  478): setKernelCountSet(10049, 1) failed with errno -13
I/dalvikvm(15620): ignoring registerObject request in thread=1
I/dalvikvm(15620): ignoring registerObject request in thread=1
I/MultiDex(15620): VM with version 1.6.0 does not have multidex support
I/MultiDex(15620): install
I/MultiDex(15620): MultiDexExtractor.load(/data/app/com.babycenter.pregnancytracker-1.apk, false)
I/MultiDex(15620): loading existing secondary dex files
I/MultiDex(15620): load found 1 secondary dex files
I/MultiDex(15620): install done
E/dalvikvm(15620): Bogus static initialization: value type 23 in field type Ljava/lang/Object; for Lcom/google/inject/internal/util/$SourceProvider; at index 1
E/dalvikvm(15620): VM aborting
F/libc    (15620): Fatal signal 6 (SIGABRT) at 0x00003d04 (code=-6), thread 15620 (regnancytracker)
F/libc    (15620): Unable to open connection to debuggerd: Connection refused
W/NetworkManagementSocketTagger(  478): setKernelCountSet(10049, 0) failed with errno -13
I/ActivityManager(  478): Process com.babycenter.pregnancytracker (pid 15620) has died.
D/Zygote  (  167): Process 15620 terminated by signal (6)
D/dalvikvm(  167): GC_EXPLICIT freed 41K, 4% free 2788K/2892K, paused 0ms+0ms, total 4ms
D/dalvikvm(  167): GC_EXPLICIT freed <1K, 4% free 2788K/2892K, paused 1ms+0ms, total 4ms
I/ActivityManager(  478): Start proc com.babycenter.pregnancytracker for activity com.babycenter.pregnancytracker/.app.InitialDispatcherActivity: pid=15633 uid=10049 gids={50049, 3003, 1028, 1015, 1023}
W/NetworkManagementSocketTagger(  478): setKernelCountSet(10049, 1) failed with errno -13
D/yeshen  (  653): launcher onstop
D/FirebaseApp(  653): Notifying background state change listeners.
D/Tinker.DefaultAppLike(  653): onTrimMemory level:20
I/dalvikvm(15633): ignoring registerObject request in thread=1
I/dalvikvm(15633): ignoring registerObject request in thread=1
D/dalvikvm(  167): GC_EXPLICIT freed <1K, 4% free 2788K/2892K, paused 0ms+0ms, total 7ms
W/DebugConnManager(  653): getNetworkInfo() on networkType 1
I/MultiDex(15633): VM with version 1.6.0 does not have multidex support
I/MultiDex(15633): install
I/MultiDex(15633): MultiDexExtractor.load(/data/app/com.babycenter.pregnancytracker-1.apk, false)
I/ActivityManager(  478): START u0 {cmp=com.vphone.launcher/.game.GpLoadingActivity (has extras)} from pid 653
I/MultiDex(15633): loading existing secondary dex files
I/MultiDex(15633): load found 1 secondary dex files
I/MultiDex(15633): install done
E/dalvikvm(15633): Bogus static initialization: value type 23 in field type Ljava/lang/Object; for Lcom/google/inject/internal/util/$SourceProvider; at index 1
E/dalvikvm(15633): VM aborting
F/libc    (15633): Fatal signal 6 (SIGABRT) at 0x00003d11 (code=-6), thread 15633 (regnancytracker)
F/libc    (15633): Unable to open connection to debuggerd: Connection refused
W/NetworkManagementSocketTagger(  478): setKernelCountSet(10049, 0) failed with errno -13
I/ActivityManager(  478): Process com.babycenter.pregnancytracker (pid 15633) has died.
D/Zygote  (  167): Process 15633 terminated by signal (6)
W/NetworkManagementSocketTagger(  478): setKernelCountSet(10049, 1) failed with errno -13
I/dalvikvm(15647): ignoring registerObject request in thread=1
I/dalvikvm(15647): ignoring registerObject request in thread=1
I/ActivityManager(  478): Start proc com.babycenter.pregnancytracker for activity com.babycenter.pregnancytracker/.app.InitialDispatcherActivity: pid=15647 uid=10049 gids={50049, 3003, 1028, 1015, 1023}
I/MultiDex(15647): VM with version 1.6.0 does not have multidex support
I/MultiDex(15647): install
I/MultiDex(15647): MultiDexExtractor.load(/data/app/com.babycenter.pregnancytracker-1.apk, false)
I/MultiDex(15647): loading existing secondary dex files
I/MultiDex(15647): load found 1 secondary dex files
I/MultiDex(15647): install done
E/dalvikvm(15647): Bogus static initialization: value type 23 in field type Ljava/lang/Object; for Lcom/google/inject/internal/util/$SourceProvider; at index 1
E/dalvikvm(15647): VM aborting
F/libc    (15647): Fatal signal 6 (SIGABRT) at 0x00003d1f (code=-6), thread 15647 (regnancytracker)
F/libc    (15647): Unable to open connection to debuggerd: Connection refused
W/NetworkManagementSocketTagger(  478): setKernelCountSet(10049, 0) failed with errno -13
I/InputDispatcher(  478): Dropping event because there is no focused window or focused application.
I/InputDispatcher(  478): Dropping event because there is no focused window or focused application.
I/InputDispatcher(  478): Dropping event because there is no focused window or focused application.
I/InputDispatcher(  478): Dropping event because there is no focused window or focused application.
I/ActivityManager(  478): Process com.babycenter.pregnancytracker (pid 15647) has died.
W/ActivityManager(  478): Force removing ActivityRecord{4a99525c u0 com.babycenter.pregnancytracker/.app.InitialDispatcherActivity t108}: app died, no saved state
W/InputManager(  478): Input event injection from pid 14605 failed.
W/InputManager(  478): Input event injection from pid 14605 failed.
W/InputManager(  478): Input event injection from pid 14605 failed.
W/InputManager(  478): Input event injection from pid 14605 failed.
W/InputManager(  478): Input event injection from pid 14605 failed.
W/InputManager(  478): Input event injection from pid 14605 failed.
W/InputManager(  478): Input event injection from pid 14605 failed.
W/InputManager(  478): Input event injection from pid 14605 failed.
W/InputManager(  478): Input event injection from pid 14605 failed.
W/InputManager(  478): Input event injection from pid 14605 failed.
W/InputManager(  478): Input event injection from pid 14605 failed.
W/InputManager(  478): Input event injection from pid 14605 failed.
W/InputManager(  478): Input event injection from pid 14605 failed.
W/InputManager(  478): Input event injection from pid 14605 failed.
W/InputManager(  478): Input event injection from pid 14605 failed.
W/InputManager(  478): Input event injection from pid 14605 failed.
I/InputDispatcher(  478): Dropping event because there is no focused window or focused application.
I/InputDispatcher(  478): Dropping event because there is no focused window or focused application.
I/InputDispatcher(  478): Dropping event because there is no focused window or focused application.
I/InputDispatcher(  478): Dropping event because there is no focused window or focused application.
I/InputDispatcher(  478): Dropping event because there is no focused window or focused application.
I/InputDispatcher(  478): Dropping event because there is no focused window or focused application.
I/InputDispatcher(  478): Dropping event because there is no focused window or focused application.
I/InputDispatcher(  478): Dropping event because there is no focused window or focused application.
D/FirebaseApp(  653): Notifying background state change listeners.
W/InputManager(  478): Input event injection from pid 14605 failed.
W/InputManager(  478): Input event injection from pid 14605 failed.
W/InputManager(  478): Input event injection from pid 14605 failed.
W/InputManager(  478): Input event injection from pid 14605 failed.
W/InputManager(  478): Input event injection from pid 14605 failed.
W/InputManager(  478): Input event injection from pid 14605 failed.
W/InputManager(  478): Input event injection from pid 14605 failed.
W/InputManager(  478): Input event injection from pid 14605 failed.
W/InputManager(  478): Input event injection from pid 14605 failed.
W/InputManager(  478): Input event injection from pid 14605 failed.
W/InputManager(  478): Input event injection from pid 14605 failed.
W/InputManager(  478): Input event injection from pid 14605 failed.
W/InputManager(  478): Input event injection from pid 14605 failed.
W/InputManager(  478): Input event injection from pid 14605 failed.
W/InputManager(  478): Input event injection from pid 14605 failed.
W/InputManager(  478): Input event injection from pid 14605 failed.
W/InputManager(  478): Input event injection from pid 14605 failed.
W/InputManager(  478): Input event injection from pid 14605 failed.
W/InputManager(  478): Input event injection from pid 14605 failed.
W/InputManager(  478): Input event injection from pid 14605 failed.
W/InputManager(  478): Input event injection from pid 14605 failed.
W/InputManager(  478): Input event injection from pid 14605 failed.
W/InputManager(  478): Input event injection from pid 14605 failed.
W/InputManager(  478): Input event injection from pid 14605 failed.
D/Zygote  (  167): Process 15647 terminated by signal (6)
W/EGL_emulation(  653): eglSurfaceAttrib not implemented 3093 12436
W/InputMethodManagerService(  478): Window already focused, ignoring focus gain of: com.android.internal.view.IInputMethodClient$Stub$Proxy@4a9dc3ac attribute=null, token = android.os.BinderProxy@4aa82cb8
D/dalvikvm(  653): GC_CONCURRENT freed 6104K, 3% free 203723K/209952K, paused 2ms+12ms, total 55ms
I/ActivityManager(  478): START u0 {act=android.intent.action.MAIN cat=[android.intent.category.LAUNCHER] flg=0x10200000 cmp=com.babycenter.pregnancytracker/.app.InitialDispatcherActivity} from pid 14605
D/yeshen  (  653): launcher onpause
I/ActivityManager(  478): Start proc com.babycenter.pregnancytracker for activity com.babycenter.pregnancytracker/.app.InitialDispatcherActivity: pid=15660 uid=10049 gids={50049, 3003, 1028, 1015, 1023}
W/NetworkManagementSocketTagger(  478): setKernelCountSet(10049, 1) failed with errno -13
W/DebugConnManager(  653): getNetworkInfo() on networkType 1
I/dalvikvm(15660): ignoring registerObject request in thread=1
I/dalvikvm(15660): ignoring registerObject request in thread=1
I/MultiDex(15660): VM with version 1.6.0 does not have multidex support
I/MultiDex(15660): install
I/MultiDex(15660): MultiDexExtractor.load(/data/app/com.babycenter.pregnancytracker-1.apk, false)
W/DebugConnManager(  653): getNetworkInfo() on networkType 1
I/MultiDex(15660): loading existing secondary dex files
I/MultiDex(15660): load found 1 secondary dex files
I/MultiDex(15660): install done
E/dalvikvm(15660): Bogus static initialization: value type 23 in field type Ljava/lang/Object; for Lcom/google/inject/internal/util/$SourceProvider; at index 1
E/dalvikvm(15660): VM aborting
F/libc    (15660): Fatal signal 6 (SIGABRT) at 0x00003d2c (code=-6), thread 15660 (regnancytracker)
F/libc    (15660): Unable to open connection to debuggerd: Connection refused
W/NetworkManagementSocketTagger(  478): setKernelCountSet(10049, 0) failed with errno -13
I/ActivityManager(  478): Process com.babycenter.pregnancytracker (pid 15660) has died.
D/Zygote  (  167): Process 15660 terminated by signal (6)
I/ActivityManager(  478): Start proc com.babycenter.pregnancytracker for activity com.babycenter.pregnancytracker/.app.InitialDispatcherActivity: pid=15673 uid=10049 gids={50049, 3003, 1028, 1015, 1023}
W/NetworkManagementSocketTagger(  478): setKernelCountSet(10049, 1) failed with errno -13
D/yeshen  (  653): launcher onstop
W/DebugConnManager(  653): getNetworkInfo() on networkType 1
I/dalvikvm(15673): ignoring registerObject request in thread=1
I/dalvikvm(15673): ignoring registerObject request in thread=1
D/FirebaseApp(  653): Notifying background state change listeners.
D/Tinker.DefaultAppLike(  653): onTrimMemory level:20
I/MultiDex(15673): VM with version 1.6.0 does not have multidex support
I/MultiDex(15673): install
I/MultiDex(15673): MultiDexExtractor.load(/data/app/com.babycenter.pregnancytracker-1.apk, false)
I/MultiDex(15673): loading existing secondary dex files
I/MultiDex(15673): load found 1 secondary dex files
I/MultiDex(15673): install done
E/dalvikvm(15673): Bogus static initialization: value type 23 in field type Ljava/lang/Object; for Lcom/google/inject/internal/util/$SourceProvider; at index 1
E/dalvikvm(15673): VM aborting
F/libc    (15673): Fatal signal 6 (SIGABRT) at 0x00003d39 (code=-6), thread 15673 (regnancytracker)
F/libc    (15673): Unable to open connection to debuggerd: Connection refused
W/NetworkManagementSocketTagger(  478): setKernelCountSet(10049, 0) failed with errno -13
I/ActivityManager(  478): Process com.babycenter.pregnancytracker (pid 15673) has died.
D/Zygote  (  167): Process 15673 terminated by signal (6)
W/NetworkManagementSocketTagger(  478): setKernelCountSet(10049, 1) failed with errno -13
I/dalvikvm(15686): ignoring registerObject request in thread=1
I/dalvikvm(15686): ignoring registerObject request in thread=1
I/ActivityManager(  478): Start proc com.babycenter.pregnancytracker for activity com.babycenter.pregnancytracker/.app.InitialDispatcherActivity: pid=15686 uid=10049 gids={50049, 3003, 1028, 1015, 1023}
I/MultiDex(15686): VM with version 1.6.0 does not have multidex support
I/MultiDex(15686): install
I/MultiDex(15686): MultiDexExtractor.load(/data/app/com.babycenter.pregnancytracker-1.apk, false)
I/MultiDex(15686): loading existing secondary dex files
I/MultiDex(15686): load found 1 secondary dex files
I/MultiDex(15686): install done
E/dalvikvm(15686): Bogus static initialization: value type 23 in field type Ljava/lang/Object; for Lcom/google/inject/internal/util/$SourceProvider; at index 1
E/dalvikvm(15686): VM aborting
F/libc    (15686): Fatal signal 6 (SIGABRT) at 0x00003d46 (code=-6), thread 15686 (regnancytracker)
F/libc    (15686): Unable to open connection to debuggerd: Connection refused
W/NetworkManagementSocketTagger(  478): setKernelCountSet(10049, 0) failed with errno -13
I/InputDispatcher(  478): Dropping event because there is no focused window or focused application.
I/InputDispatcher(  478): Dropping event because there is no focused window or focused application.
I/InputDispatcher(  478): Dropping event because there is no focused window or focused application.
I/InputDispatcher(  478): Dropping event because there is no focused window or focused application.
I/ActivityManager(  478): Process com.babycenter.pregnancytracker (pid 15686) has died.
W/ActivityManager(  478): Force removing ActivityRecord{4a9a4aac u0 com.babycenter.pregnancytracker/.app.InitialDispatcherActivity t109}: app died, no saved state
W/InputManager(  478): Input event injection from pid 14605 failed.
W/InputManager(  478): Input event injection from pid 14605 failed.
W/InputManager(  478): Input event injection from pid 14605 failed.
W/InputManager(  478): Input event injection from pid 14605 failed.
W/InputManager(  478): Input event injection from pid 14605 failed.
W/InputManager(  478): Input event injection from pid 14605 failed.
I/InputDispatcher(  478): Dropping event because there is no focused window or focused application.
I/InputDispatcher(  478): Dropping event because there is no focused window or focused application.
I/InputDispatcher(  478): Dropping event because there is no focused window or focused application.
I/InputDispatcher(  478): Dropping event because there is no focused window or focused application.
I/InputDispatcher(  478): Dropping event because there is no focused window or focused application.
I/InputDispatcher(  478): Dropping event because there is no focused window or focused application.
I/InputDispatcher(  478): Dropping event because there is no focused window or focused application.
I/InputDispatcher(  478): Dropping event because there is no focused window or focused application.
I/InputDispatcher(  478): Dropping event because there is no focused window or focused application.
I/InputDispatcher(  478): Dropping event because there is no focused window or focused application.
I/InputDispatcher(  478): Dropping event because there is no focused window or focused application.
I/InputDispatcher(  478): Dropping event because there is no focused window or focused application.
I/InputDispatcher(  478): Dropping event because there is no focused window or focused application.
I/InputDispatcher(  478): Dropping event because there is no focused window or focused application.
I/InputDispatcher(  478): Dropping event because there is no focused window or focused application.
I/InputDispatcher(  478): Dropping event because there is no focused window or focused application.
I/InputDispatcher(  478): Dropping event because there is no focused window or focused application.
I/InputDispatcher(  478): Dropping event because there is no focused window or focused application.
I/InputDispatcher(  478): Dropping event because there is no focused window or focused application.
I/InputDispatcher(  478): Dropping event because there is no focused window or focused application.
I/InputDispatcher(  478): Dropping event because there is no focused window or focused application.
I/InputDispatcher(  478): Dropping event because there is no focused window or focused application.
W/InputManager(  478): Input event injection from pid 14605 failed.
W/InputManager(  478): Input event injection from pid 14605 failed.
W/InputManager(  478): Input event injection from pid 14605 failed.
W/InputManager(  478): Input event injection from pid 14605 failed.
W/InputManager(  478): Input event injection from pid 14605 failed.
W/InputManager(  478): Input event injection from pid 14605 failed.
W/InputManager(  478): Input event injection from pid 14605 failed.
W/InputManager(  478): Input event injection from pid 14605 failed.
W/InputManager(  478): Input event injection from pid 14605 failed.
W/InputManager(  478): Input event injection from pid 14605 failed.
W/InputManager(  478): Input event injection from pid 14605 failed.
W/InputManager(  478): Input event injection from pid 14605 failed.
W/InputManager(  478): Input event injection from pid 14605 failed.
W/InputManager(  478): Input event injection from pid 14605 failed.
W/InputManager(  478): Input event injection from pid 14605 failed.
W/InputManager(  478): Input event injection from pid 14605 failed.
W/InputManager(  478): Input event injection from pid 14605 failed.
W/InputManager(  478): Input event injection from pid 14605 failed.
W/InputManager(  478): Input event injection from pid 14605 failed.
W/InputManager(  478): Input event injection from pid 14605 failed.
W/InputManager(  478): Input event injection from pid 14605 failed.
W/InputManager(  478): Input event injection from pid 14605 failed.
I/InputDispatcher(  478): Dropping event because there is no focused window or focused application.
I/InputDispatcher(  478): Dropping event because there is no focused window or focused application.
D/Zygote  (  167): Process 15686 terminated by signal (6)
I/InputDispatcher(  478): Dropping event because there is no focused window or focused application.
I/InputDispatcher(  478): Dropping event because there is no focused window or focused application.
I/InputDispatcher(  478): Dropping event because there is no focused window or focused application.
I/InputDispatcher(  478): Dropping event because there is no focused window or focused application.
I/InputDispatcher(  478): Dropping event because there is no focused window or focused application.
D/FirebaseApp(  653): Notifying background state change listeners.
I/InputDispatcher(  478): Dropping event because there is no focused window or focused application.
I/InputDispatcher(  478): Dropping event because there is no focused window or focused application.
I/InputDispatcher(  478): Dropping event because there is no focused window or focused application.
I/InputDispatcher(  478): Dropping event because there is no focused window or focused application.
I/InputDispatcher(  478): Dropping event because there is no focused window or focused application.
I/InputDispatcher(  478): Dropping event because there is no focused window or focused application.
I/InputDispatcher(  478): Dropping event because there is no focused window or focused application.
I/InputDispatcher(  478): Dropping event because there is no focused window or focused application.
I/InputDispatcher(  478): Dropping event because there is no focused window or focused application.
I/InputDispatcher(  478): Dropping event because there is no focused window or focused application.
I/InputDispatcher(  478): Dropping event because there is no focused window or focused application.
I/InputDispatcher(  478): Dropping event because there is no focused window or focused application.
I/InputDispatcher(  478): Dropping event because there is no focused window or focused application.
I/InputDispatcher(  478): Dropping event because there is no focused window or focused application.
I/InputDispatcher(  478): Dropping event because there is no focused window or focused application.
I/InputDispatcher(  478): Dropping event because there is no focused window or focused application.
I/InputDispatcher(  478): Dropping event because there is no focused window or focused application.
I/InputDispatcher(  478): Dropping event because there is no focused window or focused application.
I/InputDispatcher(  478): Dropping event because there is no focused window or focused application.
I/InputDispatcher(  478): Dropping event because there is no focused window or focused application.
I/InputDispatcher(  478): Dropping event because there is no focused window or focused application.
I/InputDispatcher(  478): Dropping event because there is no focused window or focused application.
I/InputDispatcher(  478): Dropping event because there is no focused window or focused application.
I/InputDispatcher(  478): Dropping event because there is no focused window or focused application.
I/InputDispatcher(  478): Dropping event because there is no focused window or focused application.
I/InputDispatcher(  478): Dropping event because there is no focused window or focused application.
I/InputDispatcher(  478): Dropping event because there is no focused window or focused application.
I/InputDispatcher(  478): Dropping event because there is no focused window or focused application.
W/InputManager(  478): Input event injection from pid 14605 failed.
W/InputManager(  478): Input event injection from pid 14605 failed.
W/InputManager(  478): Input event injection from pid 14605 failed.
W/InputManager(  478): Input event injection from pid 14605 failed.
W/InputManager(  478): Input event injection from pid 14605 failed.
W/InputManager(  478): Input event injection from pid 14605 failed.
W/InputManager(  478): Input event injection from pid 14605 failed.
W/InputManager(  478): Input event injection from pid 14605 failed.
W/InputManager(  478): Input event injection from pid 14605 failed.
W/InputManager(  478): Input event injection from pid 14605 failed.
W/InputManager(  478): Input event injection from pid 14605 failed.
W/InputManager(  478): Input event injection from pid 14605 failed.
W/InputManager(  478): Input event injection from pid 14605 failed.
W/InputManager(  478): Input event injection from pid 14605 failed.
W/InputManager(  478): Input event injection from pid 14605 failed.
W/InputManager(  478): Input event injection from pid 14605 failed.
W/InputManager(  478): Input event injection from pid 14605 failed.
W/InputManager(  478): Input event injection from pid 14605 failed.
W/InputManager(  478): Input event injection from pid 14605 failed.
W/InputManager(  478): Input event injection from pid 14605 failed.
W/InputManager(  478): Input event injection from pid 14605 failed.
W/InputManager(  478): Input event injection from pid 14605 failed.
W/InputManager(  478): Input event injection from pid 14605 failed.
W/InputManager(  478): Input event injection from pid 14605 failed.
W/InputManager(  478): Input event injection from pid 14605 failed.
W/InputManager(  478): Input event injection from pid 14605 failed.
W/InputManager(  478): Input event injection from pid 14605 failed.
W/InputManager(  478): Input event injection from pid 14605 failed.
W/InputManager(  478): Input event injection from pid 14605 failed.
W/InputManager(  478): Input event injection from pid 14605 failed.
W/InputManager(  478): Input event injection from pid 14605 failed.
W/InputManager(  478): Input event injection from pid 14605 failed.
W/InputManager(  478): Input event injection from pid 14605 failed.
W/InputManager(  478): Input event injection from pid 14605 failed.
W/InputManager(  478): Input event injection from pid 14605 failed.
W/InputManager(  478): Input event injection from pid 14605 failed.
W/InputManager(  478): Input event injection from pid 14605 failed.
W/InputManager(  478): Input event injection from pid 14605 failed.
W/InputManager(  478): Input event injection from pid 14605 failed.
I/InputDispatcher(  478): Dropping event because there is no focused window or focused application.
W/InputManager(  478): Input event injection from pid 14605 failed.
W/EGL_emulation(  653): eglSurfaceAttrib not implemented 3093 12436
W/ViewRootImpl(  653): Dropping event due to no window focus: KeyEvent { action=ACTION_DOWN, keyCode=KEYCODE_DEL, scanCode=0, metaState=0, flags=0x8, repeatCount=0, eventTime=1629753, downTime=1629753, deviceId=-1, source=0x101 }
W/InputMethodManagerService(  478): Window already focused, ignoring focus gain of: com.android.internal.view.IInputMethodClient$Stub$Proxy@4a965e3c attribute=null, token = android.os.BinderProxy@4aa82cb8
W/DebugConnManager(  653): getNetworkInfo() on networkType 1
I/ActivityManager(  478): START u0 {cmp=com.vphone.launcher/.game.GpLoadingActivity (has extras)} from pid 653
W/DebugConnManager(  653): getNetworkInfo() on networkType 1
I/ActivityManager(  478): START u0 {cmp=com.vphone.launcher/.game.GpLoadingActivity (has extras)} from pid 653
W/DebugConnManager(  653): getNetworkInfo() on networkType 1
I/ActivityManager(  478): START u0 {cmp=com.vphone.launcher/.game.GpLoadingActivity (has extras)} from pid 653
W/DebugConnManager(  653): getNetworkInfo() on networkType 1
I/ActivityManager(  478): START u0 {cmp=com.vphone.launcher/.game.GpLoadingActivity (has extras)} from pid 653
I/ActivityManager(  478): START u0 {act=android.intent.action.MAIN cat=[android.intent.category.LAUNCHER] flg=0x10000000 sel={act=android.intent.action.MAIN cat=[android.intent.category.APP_CALENDAR]}} from pid 478
W/ContextImpl(  653): Calling a method in the system process without a qualified user: android.app.ContextImpl.bindService:1556 android.content.ContextWrapper.bindService:517 com.google.android.gms.common.stats.zzb.zza:-1 com.google.android.gms.common.stats.zzb.zza:-1 com.google.android.gms.ads.identifier.AdvertisingIdClient.zzh:-1 
W/Launcher(  653): No global search activity found.
I/DEBUG   (15734): debuggerd: Sep  7 2017 16:04:41
D/dalvikvm(  653): GC_CONCURRENT freed 7265K, 4% free 204649K/212040K, paused 1ms+11ms, total 77ms
D/dalvikvm(  653): WAIT_FOR_CONCURRENT_GC blocked 67ms
D/dalvikvm(  653): WAIT_FOR_CONCURRENT_GC blocked 63ms
D/dalvikvm(  653): WAIT_FOR_CONCURRENT_GC blocked 67ms
W/DebugConnManager(  653): getNetworkInfo() on networkType 1
I/ActivityManager(  478): START u0 {cmp=com.vphone.launcher/.game.GpLoadingActivity (has extras)} from pid 653
I/ActivityManager(  478): START u0 {act=com.android.systemui.recent.action.TOGGLE_RECENTS flg=0x10800000 cmp=com.android.systemui/.recent.RecentsActivity} from pid 537
I/ActivityManager(  478): START u0 {act=android.intent.action.MAIN cat=[android.intent.category.HOME] flg=0x10200000 cmp=com.vphone.launcher/.Launcher} from pid 478
W/DebugConnManager(  653): getNetworkInfo() on networkType 1
I/ActivityManager(  478): START u0 {cmp=com.vphone.launcher/.game.GpLoadingActivity (has extras)} from pid 653
W/Launcher(  653): No global search activity found.
W/Launcher(  653): No global search activity found.
W/DebugConnManager(  653): getNetworkInfo() on networkType 1
I/ActivityManager(  478): START u0 {cmp=com.vphone.launcher/.game.GpLoadingActivity (has extras)} from pid 653
W/DebugConnManager(  653): getNetworkInfo() on networkType 1
I/ActivityManager(  478): START u0 {cmp=com.vphone.launcher/.game.GpLoadingActivity (has extras)} from pid 653
I/ActivityManager(  478): START u0 {act=android.intent.action.MAIN cat=[android.intent.category.LAUNCHER] flg=0x10200000 cmp=com.babycenter.pregnancytracker/.app.InitialDispatcherActivity} from pid 14605
W/DebugConnManager(  653): getNetworkInfo() on networkType 1
I/ActivityManager(  478): START u0 {cmp=com.vphone.launcher/.game.GpLoadingActivity (has extras)} from pid 653
D/yeshen  (  653): launcher onpause
I/ActivityManager(  478): Start proc com.babycenter.pregnancytracker for activity com.babycenter.pregnancytracker/.app.InitialDispatcherActivity: pid=15752 uid=10049 gids={50049, 3003, 1028, 1015, 1023}
W/NetworkManagementSocketTagger(  478): setKernelCountSet(10049, 1) failed with errno -13
I/dalvikvm(15752): ignoring registerObject request in thread=1
I/dalvikvm(15752): ignoring registerObject request in thread=1
I/MultiDex(15752): VM with version 1.6.0 does not have multidex support
I/MultiDex(15752): install
I/MultiDex(15752): MultiDexExtractor.load(/data/app/com.babycenter.pregnancytracker-1.apk, false)
D/yeshen  (  653): launcher onstop
W/DebugConnManager(  653): getNetworkInfo() on networkType 1
I/MultiDex(15752): loading existing secondary dex files
I/MultiDex(15752): load found 1 secondary dex files
I/MultiDex(15752): install done
D/FirebaseApp(  653): Notifying background state change listeners.
D/Tinker.DefaultAppLike(  653): onTrimMemory level:20
E/dalvikvm(15752): Bogus static initialization: value type 23 in field type Ljava/lang/Object; for Lcom/google/inject/internal/util/$SourceProvider; at index 1
E/dalvikvm(15752): VM aborting
F/libc    (15752): Fatal signal 6 (SIGABRT) at 0x00003d88 (code=-6), thread 15752 (regnancytracker)
I/DEBUG   (15734): *** *** *** *** *** *** *** *** *** *** *** *** *** *** *** ***
I/DEBUG   (15734): Build fingerprint: 'samsung/SM-G955N/dream2lteks:4.4.2/NRD90M/381180401:user/release-keys'
I/DEBUG   (15734): Revision: '0'
I/DEBUG   (15734): pid: 15752, tid: 15752, name: regnancytracker  >>> com.babycenter.pregnancytracker <<<
I/DEBUG   (15734): signal 6 (SIGABRT), code -6 (SI_TKILL), fault addr --------
I/DEBUG   (15734):     eax 00000000  ebx 00003d88  ecx 00003d88  edx 00000006
I/DEBUG   (15734):     esi 00003d88  edi 00000002
I/DEBUG   (15734):     xcs 00000073  xds 0000007b  xes 0000007b  xfs 00000000  xss 0000007b
I/DEBUG   (15734):     eip b76890d6  ebp b76f2ce0  esp bfc45a30  flags 00200207
I/DEBUG   (15734): 
I/DEBUG   (15734): backtrace:
I/DEBUG   (15734):     #00  pc 0003c0d6  /system/lib/libc.so (tgkill+22)
I/DEBUG   (15734):     #01  pc 00000005  <unknown>
I/DEBUG   (15734): 
I/DEBUG   (15734): stack:
I/DEBUG   (15734):          bfc459f0  00000000  
I/DEBUG   (15734):          bfc459f4  b76ee268  /system/lib/libc.so
I/DEBUG   (15734):          bfc459f8  00000000  
I/DEBUG   (15734):          bfc459fc  b765af39  /system/lib/libc.so (pthread_mutex_unlock+25)
I/DEBUG   (15734):          bfc45a00  b76ee18c  /system/lib/libc.so
I/DEBUG   (15734):          bfc45a04  b89e1ef0  [heap]
I/DEBUG   (15734):          bfc45a08  00000015  
I/DEBUG   (15734):          bfc45a0c  b4e66c40  /system/lib/libdvm.so
I/DEBUG   (15734):          bfc45a10  00000000  
I/DEBUG   (15734):          bfc45a14  b76a7926  /system/lib/libc.so (funlockfile+6)
I/DEBUG   (15734):          bfc45a18  b76edfcc  /system/lib/libc.so
I/DEBUG   (15734):          bfc45a1c  b7693006  /system/lib/libc.so (__sflush_locked+150)
I/DEBUG   (15734):          bfc45a20  00000000  
I/DEBUG   (15734):          bfc45a24  00000000  
I/DEBUG   (15734):          bfc45a28  b765ad69  /system/lib/libc.so (pthread_mutex_lock+9)
I/DEBUG   (15734):          bfc45a2c  b76edfcc  /system/lib/libc.so
I/DEBUG   (15734):     #00  bfc45a30  00000006  
I/DEBUG   (15734):          bfc45a34  00003d88  
I/DEBUG   (15734):          bfc45a38  b76edfcc  /system/lib/libc.so
I/DEBUG   (15734):          bfc45a3c  b76654a6  /system/lib/libc.so (pthread_kill+102)
I/DEBUG   (15734):          bfc45a40  00003d88  
I/DEBUG   (15734):          bfc45a44  00003d88  
I/DEBUG   (15734):          bfc45a48  00000006  
I/DEBUG   (15734):          bfc45a4c  00000000  
I/DEBUG   (15734):          bfc45a50  b76ee268  /system/lib/libc.so
I/DEBUG   (15734):          bfc45a54  94f26e68  /dev/ashmem/dalvik-heap (deleted)
I/DEBUG   (15734):          bfc45a58  b7665449  /system/lib/libc.so (pthread_kill+9)
I/DEBUG   (15734):          bfc45a5c  b76edfcc  /system/lib/libc.so
I/DEBUG   (15734):          bfc45a60  bfc45aac  [stack]
I/DEBUG   (15734):          bfc45a64  bfc45ce0  [stack]
I/DEBUG   (15734):          bfc45a68  00000001  
I/DEBUG   (15734):          bfc45a6c  b766582c  /system/lib/libc.so (raise+44)
I/Process (  478): Sending signal. PID: 15752 SIG: 9
W/NetworkManagementSocketTagger(  478): setKernelCountSet(10049, 0) failed with errno -13
I/BootReceiver(  478): Copying /data/tombstones/tombstone_08 to DropBox (SYSTEM_TOMBSTONE)
W/ActivityManager(  478): Force-killing crashed app com.babycenter.pregnancytracker at watcher's request
W/ContextImpl(  478): Calling a method in the system process without a qualified user: android.app.ContextImpl.sendBroadcast:1123 com.android.server.am.ActivityManagerService.handleApplicationCrashInner:9670 com.android.server.am.NativeCrashListener$NativeCrashReporter.run:86 <bottom of call stack> <bottom of call stack> 
I/ActivityManager(  478): Process com.babycenter.pregnancytracker (pid 15752) has died.
I/ActivityManager(  478): Start proc com.babycenter.pregnancytracker for activity com.babycenter.pregnancytracker/.app.InitialDispatcherActivity: pid=15768 uid=10049 gids={50049, 3003, 1028, 1015, 1023}
D/Zygote  (  167): Process 15752 terminated by signal (6)
W/NetworkManagementSocketTagger(  478): setKernelCountSet(10049, 1) failed with errno -13
I/dalvikvm(15768): ignoring registerObject request in thread=1
I/dalvikvm(15768): ignoring registerObject request in thread=1
I/MultiDex(15768): VM with version 1.6.0 does not have multidex support
I/MultiDex(15768): install
I/MultiDex(15768): MultiDexExtractor.load(/data/app/com.babycenter.pregnancytracker-1.apk, false)
I/MultiDex(15768): loading existing secondary dex files
I/MultiDex(15768): load found 1 secondary dex files
I/InputDispatcher(  478): Dropped event because of pending overdue app switch.
I/MultiDex(15768): install done
W/InputManager(  478): Input event injection from pid 14605 failed.
E/dalvikvm(15768): Bogus static initialization: value type 23 in field type Ljava/lang/Object; for Lcom/google/inject/internal/util/$SourceProvider; at index 1
E/dalvikvm(15768): VM aborting
F/libc    (15768): Fatal signal 6 (SIGABRT) at 0x00003d98 (code=-6), thread 15768 (regnancytracker)
I/DEBUG   (15734): *** *** *** *** *** *** *** *** *** *** *** *** *** *** *** ***
I/DEBUG   (15734): Build fingerprint: 'samsung/SM-G955N/dream2lteks:4.4.2/NRD90M/381180401:user/release-keys'
I/DEBUG   (15734): Revision: '0'
I/DEBUG   (15734): pid: 15768, tid: 15768, name: regnancytracker  >>> com.babycenter.pregnancytracker <<<
I/DEBUG   (15734): signal 6 (SIGABRT), code -6 (SI_TKILL), fault addr --------
I/DEBUG   (15734):     eax 00000000  ebx 00003d98  ecx 00003d98  edx 00000006
I/DEBUG   (15734):     esi 00003d98  edi 00000002
I/DEBUG   (15734):     xcs 00000073  xds 0000007b  xes 0000007b  xfs 00000000  xss 0000007b
I/DEBUG   (15734):     eip b76890d6  ebp b76f2ce0  esp bfc45a30  flags 00200203
I/DEBUG   (15734): 
I/DEBUG   (15734): backtrace:
I/DEBUG   (15734):     #00  pc 0003c0d6  /system/lib/libc.so (tgkill+22)
I/DEBUG   (15734):     #01  pc 00000005  <unknown>
I/DEBUG   (15734): 
I/DEBUG   (15734): stack:
I/DEBUG   (15734):          bfc459f0  00000000  
I/DEBUG   (15734):          bfc459f4  b76ee268  /system/lib/libc.so
I/DEBUG   (15734):          bfc459f8  00000000  
I/DEBUG   (15734):          bfc459fc  b765af39  /system/lib/libc.so (pthread_mutex_unlock+25)
I/DEBUG   (15734):          bfc45a00  b76ee18c  /system/lib/libc.so
I/DEBUG   (15734):          bfc45a04  b89e1ef0  [heap]
I/DEBUG   (15734):          bfc45a08  00000015  
I/DEBUG   (15734):          bfc45a0c  b4e66c40  /system/lib/libdvm.so
I/DEBUG   (15734):          bfc45a10  00000000  
I/DEBUG   (15734):          bfc45a14  b76a7926  /system/lib/libc.so (funlockfile+6)
I/DEBUG   (15734):          bfc45a18  b76edfcc  /system/lib/libc.so
I/DEBUG   (15734):          bfc45a1c  b7693006  /system/lib/libc.so (__sflush_locked+150)
I/DEBUG   (15734):          bfc45a20  00000000  
I/DEBUG   (15734):          bfc45a24  00000000  
I/DEBUG   (15734):          bfc45a28  b765ad69  /system/lib/libc.so (pthread_mutex_lock+9)
I/DEBUG   (15734):          bfc45a2c  b76edfcc  /system/lib/libc.so
I/DEBUG   (15734):     #00  bfc45a30  00000006  
I/DEBUG   (15734):          bfc45a34  00003d98  
I/DEBUG   (15734):          bfc45a38  b76edfcc  /system/lib/libc.so
I/DEBUG   (15734):          bfc45a3c  b76654a6  /system/lib/libc.so (pthread_kill+102)
I/DEBUG   (15734):          bfc45a40  00003d98  
I/DEBUG   (15734):          bfc45a44  00003d98  
I/DEBUG   (15734):          bfc45a48  00000006  
I/DEBUG   (15734):          bfc45a4c  00000000  
I/DEBUG   (15734):          bfc45a50  b76ee268  /system/lib/libc.so
I/DEBUG   (15734):          bfc45a54  94f27d58  /dev/ashmem/dalvik-heap (deleted)
I/DEBUG   (15734):          bfc45a58  b7665449  /system/lib/libc.so (pthread_kill+9)
I/DEBUG   (15734):          bfc45a5c  b76edfcc  /system/lib/libc.so
I/DEBUG   (15734):          bfc45a60  bfc45aac  [stack]
I/DEBUG   (15734):          bfc45a64  bfc45ce0  [stack]
I/DEBUG   (15734):          bfc45a68  00000001  
I/DEBUG   (15734):          bfc45a6c  b766582c  /system/lib/libc.so (raise+44)
I/BootReceiver(  478): Copying /data/tombstones/tombstone_00 to DropBox (SYSTEM_TOMBSTONE)
W/NetworkManagementSocketTagger(  478): setKernelCountSet(10049, 0) failed with errno -13
I/ActivityManager(  478): Process com.babycenter.pregnancytracker (pid 15768) has died.
D/Zygote  (  167): Process 15768 terminated by signal (6)
I/ActivityManager(  478): Start proc com.babycenter.pregnancytracker for activity com.babycenter.pregnancytracker/.app.InitialDispatcherActivity: pid=15782 uid=10049 gids={50049, 3003, 1028, 1015, 1023}
W/ActivityManager(  478): Force-killing crashed app com.babycenter.pregnancytracker at watcher's request
W/NetworkManagementSocketTagger(  478): setKernelCountSet(10049, 1) failed with errno -13
I/dalvikvm(15782): ignoring registerObject request in thread=1
I/dalvikvm(15782): ignoring registerObject request in thread=1
W/ContextImpl(  478): Calling a method in the system process without a qualified user: android.app.ContextImpl.sendBroadcast:1123 com.android.server.am.ActivityManagerService.handleApplicationCrashInner:9670 com.android.server.am.NativeCrashListener$NativeCrashReporter.run:86 <bottom of call stack> <bottom of call stack> 
W/DebugConnManager(  653): getNetworkInfo() on networkType 1
I/MultiDex(15782): VM with version 1.6.0 does not have multidex support
I/MultiDex(15782): install
I/MultiDex(15782): MultiDexExtractor.load(/data/app/com.babycenter.pregnancytracker-1.apk, false)
I/MultiDex(15782): loading existing secondary dex files
I/MultiDex(15782): load found 1 secondary dex files
I/MultiDex(15782): install done
E/dalvikvm(15782): Bogus static initialization: value type 23 in field type Ljava/lang/Object; for Lcom/google/inject/internal/util/$SourceProvider; at index 1
E/dalvikvm(15782): VM aborting
F/libc    (15782): Fatal signal 6 (SIGABRT) at 0x00003da6 (code=-6), thread 15782 (regnancytracker)
I/DEBUG   (15734): *** *** *** *** *** *** *** *** *** *** *** *** *** *** *** ***
I/DEBUG   (15734): Build fingerprint: 'samsung/SM-G955N/dream2lteks:4.4.2/NRD90M/381180401:user/release-keys'
I/DEBUG   (15734): Revision: '0'
I/DEBUG   (15734): pid: 15782, tid: 15782, name: regnancytracker  >>> com.babycenter.pregnancytracker <<<
I/DEBUG   (15734): signal 6 (SIGABRT), code -6 (SI_TKILL), fault addr --------
I/DEBUG   (15734):     eax 00000000  ebx 00003da6  ecx 00003da6  edx 00000006
I/DEBUG   (15734):     esi 00003da6  edi 00000002
I/DEBUG   (15734):     xcs 00000073  xds 0000007b  xes 0000007b  xfs 00000000  xss 0000007b
I/DEBUG   (15734):     eip b76890d6  ebp b76f2ce0  esp bfc45a30  flags 00200207
I/DEBUG   (15734): 
I/DEBUG   (15734): backtrace:
I/DEBUG   (15734):     #00  pc 0003c0d6  /system/lib/libc.so (tgkill+22)
I/DEBUG   (15734):     #01  pc 00000005  <unknown>
I/DEBUG   (15734): 
I/DEBUG   (15734): stack:
I/DEBUG   (15734):          bfc459f0  00000000  
I/DEBUG   (15734):          bfc459f4  b76ee268  /system/lib/libc.so
I/DEBUG   (15734):          bfc459f8  00000000  
I/DEBUG   (15734):          bfc459fc  b765af39  /system/lib/libc.so (pthread_mutex_unlock+25)
I/DEBUG   (15734):          bfc45a00  b76ee18c  /system/lib/libc.so
I/DEBUG   (15734):          bfc45a04  b89e1ef0  [heap]
I/DEBUG   (15734):          bfc45a08  00000015  
I/DEBUG   (15734):          bfc45a0c  b4e66c40  /system/lib/libdvm.so
I/DEBUG   (15734):          bfc45a10  00000000  
I/DEBUG   (15734):          bfc45a14  b76a7926  /system/lib/libc.so (funlockfile+6)
I/DEBUG   (15734):          bfc45a18  b76edfcc  /system/lib/libc.so
I/DEBUG   (15734):          bfc45a1c  b7693006  /system/lib/libc.so (__sflush_locked+150)
I/DEBUG   (15734):          bfc45a20  00000000  
I/DEBUG   (15734):          bfc45a24  00000000  
I/DEBUG   (15734):          bfc45a28  b765ad69  /system/lib/libc.so (pthread_mutex_lock+9)
I/DEBUG   (15734):          bfc45a2c  b76edfcc  /system/lib/libc.so
I/DEBUG   (15734):     #00  bfc45a30  00000006  
I/DEBUG   (15734):          bfc45a34  00003da6  
I/DEBUG   (15734):          bfc45a38  b76edfcc  /system/lib/libc.so
I/DEBUG   (15734):          bfc45a3c  b76654a6  /system/lib/libc.so (pthread_kill+102)
I/DEBUG   (15734):          bfc45a40  00003da6  
I/DEBUG   (15734):          bfc45a44  00003da6  
I/DEBUG   (15734):          bfc45a48  00000006  
I/DEBUG   (15734):          bfc45a4c  00000000  
I/DEBUG   (15734):          bfc45a50  b76ee268  /system/lib/libc.so
I/DEBUG   (15734):          bfc45a54  94f28c50  /dev/ashmem/dalvik-heap (deleted)
I/DEBUG   (15734):          bfc45a58  b7665449  /system/lib/libc.so (pthread_kill+9)
I/DEBUG   (15734):          bfc45a5c  b76edfcc  /system/lib/libc.so
I/DEBUG   (15734):          bfc45a60  bfc45aac  [stack]
I/DEBUG   (15734):          bfc45a64  bfc45ce0  [stack]
I/DEBUG   (15734):          bfc45a68  00000001  
I/DEBUG   (15734):          bfc45a6c  b766582c  /system/lib/libc.so (raise+44)
I/BootReceiver(  478): Copying /data/tombstones/tombstone_09 to DropBox (SYSTEM_TOMBSTONE)
I/ActivityManager(  478): Process com.babycenter.pregnancytracker (pid 15782) has died.
W/NetworkManagementSocketTagger(  478): setKernelCountSet(10049, 0) failed with errno -13
I/InputDispatcher(  478): Dropping event because there is no focused window or focused application.
W/ActivityManager(  478): Force removing ActivityRecord{4a9ab380 u0 com.babycenter.pregnancytracker/.app.InitialDispatcherActivity t110}: app died, no saved state
W/InputManager(  478): Input event injection from pid 14605 failed.
I/InputDispatcher(  478): Dropping event because there is no focused window or focused application.
I/InputDispatcher(  478): Dropping event because there is no focused window or focused application.
I/InputDispatcher(  478): Dropping event because there is no focused window or focused application.
I/InputDispatcher(  478): Dropping event because there is no focused window or focused application.
I/InputDispatcher(  478): Dropping event because there is no focused window or focused application.
I/InputDispatcher(  478): Dropping event because there is no focused window or focused application.
I/InputDispatcher(  478): Dropping event because there is no focused window or focused application.
I/InputDispatcher(  478): Dropping event because there is no focused window or focused application.
I/InputDispatcher(  478): Dropping event because there is no focused window or focused application.
I/InputDispatcher(  478): Dropping event because there is no focused window or focused application.
I/InputDispatcher(  478): Dropping event because there is no focused window or focused application.
I/InputDispatcher(  478): Dropping event because there is no focused window or focused application.
I/InputDispatcher(  478): Dropping event because there is no focused window or focused application.
I/InputDispatcher(  478): Dropping event because there is no focused window or focused application.
I/InputDispatcher(  478): Dropping event because there is no focused window or focused application.
I/InputDispatcher(  478): Dropping event because there is no focused window or focused application.
