--------- beginning of /dev/log/main
I/Finsky  (  940): [1] com.google.android.finsky.wear.WearSupportService.onStartCommand(21): Starting WearSupportService for auto_install
I/Finsky  (  940): [1] com.google.android.finsky.wear.ar.a(80): Connecting to wearable; initiated by: com.google.android.finsky.wear.WearSupportService
I/Finsky  (  940): [1] com.google.android.finsky.wear.WearSupportService.onStartCommand(21): Starting WearSupportService for send_installed_apps
W/WearableService(  641): onGetService - Wear is not available on this device.
E/Finsky  (  940): [1] com.google.android.finsky.wear.au.a(3): onConnectionFailed: ConnectionResult{statusCode=API_UNAVAILABLE, resolution=null, message=null}
W/Finsky  (  940): [1] com.google.android.finsky.wear.cd.run(12): Dropping command=auto_install due to Gms not connected
I/Finsky  (  940): [1] com.google.android.finsky.wear.WearSupportService.b(67): Stopping WearSupportService
W/Finsky  (  940): [1] com.google.android.finsky.wear.cd.run(12): Dropping command=send_installed_apps due to Gms not connected
I/Finsky  (  940): [1] com.google.android.finsky.wear.WearSupportService.b(67): Stopping WearSupportService
--------- beginning of /dev/log/system
I/ActivityManager(  481): Resuming delayed broadcast
I/Icing   (  711): Indexing F4FAA6262FE39DDD50BAE6B7AF5CDB8D73BA0DB0 from com.google.android.gms
D/dalvikvm(  711): GC_CONCURRENT freed 2273K, 47% free 10183K/19072K, paused 4ms+2ms, total 25ms
D/dalvikvm(  711): WAIT_FOR_CONCURRENT_GC blocked 13ms
I/Icing   (  711): Indexing done F4FAA6262FE39DDD50BAE6B7AF5CDB8D73BA0DB0
I/WearableService(  641): Wearable Services stopping
D/AndroidRuntime( 5451): 
D/AndroidRuntime( 5451): >>>>>> AndroidRuntime START com.android.internal.os.RuntimeInit <<<<<<
D/AndroidRuntime( 5451): CheckJNI is OFF
D/dalvikvm( 5451): Using executionMode 2
D/dalvikvm( 5451): Trying to load lib libjavacore.so 0x0
D/dalvikvm( 5451): Added shared lib libjavacore.so 0x0
D/dalvikvm( 5451): Trying to load lib libnativehelper.so 0x0
D/dalvikvm( 5451): Added shared lib libnativehelper.so 0x0
D/dalvikvm( 5451): No JNI_OnLoad found in libnativehelper.so 0x0, skipping init
D/dalvikvm( 5451): Note: class Landroid/app/ActivityManagerNative; has 179 unimplemented (abstract) methods
E/memtrack( 5451): Couldn't load memtrack module (No such file or directory)
E/android.os.Debug( 5451): failed to load memtrack module: -2
D/AndroidRuntime( 5451): Calling main entry com.android.commands.monkey.Monkey
W/BroadcastQueue(  481): Skipping deliver [background] BroadcastRecord{4adbac34 u-1 android.net.conn.CONNECTIVITY_CHANGE} to ReceiverList{4acafbf4 5451 (unknown name)/0/u-1 remote:4a9d3c30}: process crashing
I/ActivityManager(  481): START u0 {act=android.intent.action.MAIN cat=[android.intent.category.LAUNCHER] flg=0x10200000 cmp=droso.application.nursing/.ApplicationInititalizeActivity} from pid 5451
D/dalvikvm(  167): GC_EXPLICIT freed 40K, 4% free 2788K/2892K, paused 0ms+0ms, total 2ms
D/dalvikvm(  167): GC_EXPLICIT freed <1K, 4% free 2788K/2892K, paused 0ms+0ms, total 2ms
D/dalvikvm(  167): GC_EXPLICIT freed <1K, 4% free 2788K/2892K, paused 0ms+0ms, total 2ms
I/ActivityManager(  481): Start proc droso.application.nursing for activity droso.application.nursing/.ApplicationInititalizeActivity: pid=5461 uid=10235 gids={50235, 1028, 1015, 1023, 3003}
W/NetworkManagementSocketTagger(  481): setKernelCountSet(10235, 1) failed with errno -13
I/dalvikvm( 5461): ignoring registerObject request in thread=1
I/dalvikvm( 5461): ignoring registerObject request in thread=1
I/iu.UploadsManager(  711): End new media; added: 0, uploading: 0, time: 10 ms
D/dalvikvm( 5461): JIT code cache reset in 0 ms (0 bytes 1/0)
D/dalvikvm( 5461): GC_CONCURRENT freed 325K, 12% free 2976K/3360K, paused 2ms+0ms, total 4ms
D/dalvikvm( 5461): WAIT_FOR_CONCURRENT_GC blocked 1ms
D/dalvikvm( 5461): WAIT_FOR_CONCURRENT_GC blocked 1ms
I/dalvikvm( 5461): Could not find method android.view.Window.setStatusBarColor, referenced from method droso.application.nursing.layout.a.a
W/dalvikvm( 5461): VFY: unable to resolve virtual method 7942: Landroid/view/Window;.setStatusBarColor (I)V
D/dalvikvm( 5461): VFY: replacing opcode 0x6e at 0x0010
D/dalvikvm( 5461): GC_CONCURRENT freed 399K, 14% free 2966K/3424K, paused 1ms+1ms, total 5ms
E/SensorManager( 5461): sensor or listener is null
D/libEGL  ( 5461): loaded /system/lib/egl/libEGL_adreno.so
D/        ( 5461): HostConnection::get() New Host Connection established 0xb821fe00, tid 5461
D/libEGL  ( 5461): loaded /system/lib/egl/libGLESv1_CM_adreno.so
D/libEGL  ( 5461): loaded /system/lib/egl/libGLESv2_adreno.so
W/EGL_emulation( 5461): eglSurfaceAttrib not implemented 3093 12436
D/OpenGLRenderer( 5461): Enabling debug mode 0
W/ViewRootImpl( 5461): Dropping event due to no window focus: KeyEvent { action=ACTION_DOWN, keyCode=KEYCODE_DPAD_RIGHT, scanCode=0, metaState=0, flags=0x8, repeatCount=0, eventTime=2503538, downTime=2503538, deviceId=-1, source=0x101 }
I/ActivityManager(  481): START u0 {flg=0x30000 cmp=droso.application.nursing/.dayactivity.DayPageFood} from pid 5461
W/InputMethodManagerService(  481): Focus gain on non-focused client com.android.internal.view.IInputMethodClient$Stub$Proxy@4a9d7f58 (uid=10235 pid=5461)
W/dalvikvm( 5461): VFY: unable to find class referenced in signature (Landroid/view/SearchEvent;)
I/dalvikvm( 5461): Could not find method android.view.Window$Callback.onSearchRequested, referenced from method android.support.v7.view.i.onSearchRequested
W/dalvikvm( 5461): VFY: unable to resolve interface method 7925: Landroid/view/Window$Callback;.onSearchRequested (Landroid/view/SearchEvent;)Z
D/dalvikvm( 5461): VFY: replacing opcode 0x72 at 0x0002
I/dalvikvm( 5461): Could not find method android.view.Window$Callback.onWindowStartingActionMode, referenced from method android.support.v7.view.i.onWindowStartingActionMode
W/dalvikvm( 5461): VFY: unable to resolve interface method 7929: Landroid/view/Window$Callback;.onWindowStartingActionMode (Landroid/view/ActionMode$Callback;I)Landroid/view/ActionMode;
D/dalvikvm( 5461): VFY: replacing opcode 0x72 at 0x0002
D/dalvikvm( 5461): GC_CONCURRENT freed 256K, 10% free 3116K/3432K, paused 2ms+1ms, total 6ms
D/dalvikvm( 5461): GC_CONCURRENT freed 178K, 7% free 3372K/3612K, paused 2ms+1ms, total 4ms
D/dalvikvm( 5461): GC_FOR_ALLOC freed 4K, 7% free 3368K/3612K, paused 2ms, total 2ms
I/dalvikvm-heap( 5461): Grow heap (frag case) to 3.952MB for 635808-byte allocation
D/dalvikvm( 5461): GC_FOR_ALLOC freed <1K, 6% free 3989K/4236K, paused 1ms, total 2ms
D/dalvikvm( 5461): GC_CONCURRENT freed 3K, 6% free 3985K/4236K, paused 0ms+1ms, total 2ms
I/ActivityManager(  481): START u0 {cmp=droso.application.nursing/.activities.CheckEulaActivity} from pid 5461
D/dalvikvm( 5461): GC_CONCURRENT freed 46K, 3% free 4331K/4440K, paused 3ms+0ms, total 4ms
E/Analytics:3.4 (100)|Nursing|0|F=F|S=F|Pu=F|E=F|M=F|Pr=F|A=F|TS=F|TE=F|TC=0( 5461): User-Login
D/dalvikvm( 5461): GC_CONCURRENT freed 238K, 7% free 4482K/4784K, paused 2ms+0ms, total 4ms
D/dalvikvm( 5461): GC_CONCURRENT freed 378K, 9% free 4550K/4988K, paused 1ms+3ms, total 6ms
D/dalvikvm( 5461): GC_FOR_ALLOC freed 381K, 16% free 4384K/5192K, paused 2ms, total 2ms
D/dalvikvm( 5461): GC_FOR_ALLOC freed 124K, 16% free 4386K/5192K, paused 2ms, total 2ms
D/dalvikvm( 5461): GC_FOR_ALLOC freed 125K, 16% free 4390K/5192K, paused 2ms, total 2ms
D/dalvikvm( 5461): GC_FOR_ALLOC freed 79K, 16% free 4394K/5192K, paused 2ms, total 2ms
D/dalvikvm( 5461): GC_FOR_ALLOC freed 77K, 16% free 4399K/5192K, paused 2ms, total 3ms
D/dalvikvm( 5461): GC_FOR_ALLOC freed 81K, 16% free 4402K/5192K, paused 2ms, total 2ms
D/dalvikvm( 5461): GC_FOR_ALLOC freed 123K, 16% free 4406K/5192K, paused 2ms, total 2ms
D/dalvikvm( 5461): GC_FOR_ALLOC freed 122K, 16% free 4411K/5192K, paused 2ms, total 2ms
D/dalvikvm( 5461): GC_FOR_ALLOC freed 125K, 15% free 4415K/5192K, paused 1ms, total 1ms
I/dalvikvm-heap( 5461): Grow heap (frag case) to 4.492MB for 129612-byte allocation
D/dalvikvm( 5461): GC_FOR_ALLOC freed <1K, 15% free 4540K/5320K, paused 3ms, total 3ms
D/dalvikvm( 5461): GC_FOR_ALLOC freed 128K, 17% free 4419K/5320K, paused 2ms, total 2ms
D/dalvikvm( 5461): GC_FOR_ALLOC freed 127K, 17% free 4424K/5320K, paused 1ms, total 1ms
D/dalvikvm( 5461): GC_FOR_ALLOC freed 253K, 17% free 4433K/5320K, paused 2ms, total 2ms
D/dalvikvm( 5461): GC_CONCURRENT freed 331K, 15% free 4525K/5320K, paused 2ms+1ms, total 4ms
I/ActivityManager(  481): START u0 {cmp=droso.application.nursing/droso.library.utilities.dialog.CustomAlertDialog (has extras)} from pid 5461
W/EGL_emulation( 5461): eglSurfaceAttrib not implemented 3093 12436
D/dalvikvm( 5461): GC_FOR_ALLOC freed 102K, 13% free 4634K/5320K, paused 2ms, total 2ms
I/dalvikvm-heap( 5461): Grow heap (frag case) to 5.188MB for 635808-byte allocation
D/dalvikvm( 5461): GC_FOR_ALLOC freed 9K, 12% free 5246K/5944K, paused 3ms, total 3ms
D/dalvikvm( 5461): GC_CONCURRENT freed 4K, 12% free 5246K/5944K, paused 0ms+1ms, total 5ms
W/EGL_emulation( 5461): eglSurfaceAttrib not implemented 3093 12436
W/ViewRootImpl( 5461): Dropping event due to no window focus: KeyEvent { action=ACTION_DOWN, keyCode=KEYCODE_NUMPAD_1, scanCode=0, metaState=0, flags=0x8, repeatCount=0, eventTime=2503914, downTime=2503914, deviceId=-1, source=0x101 }
W/ViewRootImpl( 5461): Dropping event due to no window focus: KeyEvent { action=ACTION_DOWN, keyCode=KEYCODE_MOVE_END, scanCode=0, metaState=0, flags=0x8, repeatCount=0, eventTime=2503914, downTime=2503914, deviceId=-1, source=0x101 }
W/ContextImpl(  481): Calling a method in the system process without a qualified user: android.app.ContextImpl.sendBroadcast:1123 com.android.server.InputMethodManagerService.hideCurrentInputLocked:1880 com.android.server.InputMethodManagerService.windowGainedFocus:1968 com.android.internal.view.IInputMethodManager$Stub.onTransact:221 com.android.server.InputMethodManagerService.onTransact:818 
W/ContextImpl(  481): Calling a method in the system process without a qualified user: android.app.ContextImpl.sendBroadcast:1123 com.android.server.InputMethodManagerService.hideCurrentInputLocked:1880 com.android.server.InputMethodManagerService.windowGainedFocus:1968 com.android.internal.view.IInputMethodManager$Stub.onTransact:221 com.android.server.InputMethodManagerService.onTransact:818 
W/ActivityManager(  481): Duplicate finish request for ActivityRecord{4ac0efe0 u0 droso.application.nursing/droso.library.utilities.dialog.CustomAlertDialog t307 f}
I/ActivityManager(  481): START u0 {act=android.intent.action.MAIN cat=[android.intent.category.LAUNCHER] flg=0x10200000 cmp=droso.application.nursing/.ApplicationInititalizeActivity} from pid 5451
I/ActivityManager(  481): START u0 {act=android.intent.action.MAIN cat=[android.intent.category.LAUNCHER] flg=0x10200000 cmp=droso.application.nursing/.ApplicationInititalizeActivity} from pid 5451
V/PanelView(  533): animationTick called with dtms=0; nothing to do (h=0.0 v=-0.0)
V/PanelView(  533): animationTick called with dtms=0; nothing to do (h=0.0 v=0.0)
V/FlingTracker(  533): computeCurrentVelocity warning: totalweight=0
V/FlingTracker(  533): java.lang.Throwable
V/FlingTracker(  533): 	at com.android.systemui.statusbar.phone.PanelView$FlingTracker.computeCurrentVelocity(PanelView.java:162)
V/FlingTracker(  533): 	at com.android.systemui.statusbar.phone.PanelView$3.onTouch(PanelView.java:462)
V/FlingTracker(  533): 	at android.view.View.dispatchTouchEvent(View.java:7701)
V/FlingTracker(  533): 	at com.android.systemui.statusbar.phone.NotificationPanelView.onTouchEvent(NotificationPanelView.java:138)
V/FlingTracker(  533): 	at com.android.systemui.statusbar.phone.PanelBar.onTouchEvent(PanelBar.java:130)
V/FlingTracker(  533): 	at com.android.systemui.statusbar.phone.PhoneStatusBarView.onTouchEvent(PhoneStatusBarView.java:201)
V/FlingTracker(  533): 	at android.view.View.dispatchTouchEvent(View.java:7706)
V/FlingTracker(  533): 	at android.view.ViewGroup.dispatchTransformedTouchEvent(ViewGroup.java:2210)
V/FlingTracker(  533): 	at android.view.ViewGroup.dispatchTouchEvent(ViewGroup.java:1945)
V/FlingTracker(  533): 	at android.view.ViewGroup.dispatchTransformedTouchEvent(ViewGroup.java:2216)
V/FlingTracker(  533): 	at android.view.ViewGroup.dispatchTouchEvent(ViewGroup.java:1959)
V/FlingTracker(  533): 	at android.view.View.dispatchPointerEvent(View.java:7886)
V/FlingTracker(  533): 	at android.view.ViewRootImpl$ViewPostImeInputStage.processPointerEvent(ViewRootImpl.java:3978)
V/FlingTracker(  533): 	at android.view.ViewRootImpl$ViewPostImeInputStage.onProcess(ViewRootImpl.java:3857)
V/FlingTracker(  533): 	at android.view.ViewRootImpl$InputStage.deliver(ViewRootImpl.java:3423)
V/FlingTracker(  533): 	at android.view.ViewRootImpl$InputStage.onDeliverToNext(ViewRootImpl.java:3473)
V/FlingTracker(  533): 	at android.view.ViewRootImpl$InputStage.forward(ViewRootImpl.java:3442)
V/FlingTracker(  533): 	at android.view.ViewRootImpl$AsyncInputStage.forward(ViewRootImpl.java:3549)
V/FlingTracker(  533): 	at android.view.ViewRootImpl$InputStage.apply(ViewRootImpl.java:3450)
V/FlingTracker(  533): 	at android.view.ViewRootImpl$AsyncInputStage.apply(ViewRootImpl.java:3606)
V/FlingTracker(  533): 	at android.view.ViewRootImpl$InputStage.deliver(ViewRootImpl.java:3423)
V/FlingTracker(  533): 	at android.view.ViewRootImpl$InputStage.onDeliverToNext(ViewRootImpl.java:3473)
V/FlingTracker(  533): 	at android.view.ViewRootImpl$InputStage.forward(ViewRootImpl.java:3442)
V/FlingTracker(  533): 	at android.view.ViewRootImpl$InputStage.apply(ViewRootImpl.java:3450)
V/FlingTracker(  533): 	at android.view.ViewRootImpl$InputStage.deliver(ViewRootImpl.java:3423)
V/FlingTracker(  533): 	at android.view.ViewRootImpl.deliverInputEvent(ViewRootImpl.java:5626)
V/FlingTracker(  533): 	at android.view.ViewRootImpl.doProcessInputEvents(ViewRootImpl.java:5606)
V/FlingTracker(  533): 	at android.view.ViewRootImpl.enqueueInputEvent(ViewRootImpl.java:5577)
V/FlingTracker(  533): 	at android.view.ViewRootImpl$WindowInputEventReceiver.onInputEvent(ViewRootImpl.java:5706)
V/FlingTracker(  533): 	at android.view.InputEventReceiver.dispatchInputEvent(InputEventReceiver.java:185)
V/FlingTracker(  533): 	at android.os.MessageQueue.nativePollOnce(Native Method)
V/FlingTracker(  533): 	at android.os.MessageQueue.next(MessageQueue.java:138)
V/FlingTracker(  533): 	at android.os.Looper.loop(Looper.java:123)
V/FlingTracker(  533): 	at android.app.ActivityThread.main(ActivityThread.java:5019)
V/FlingTracker(  533): 	at java.lang.reflect.Method.invokeNative(Native Method)
V/FlingTracker(  533): 	at java.lang.reflect.Method.invoke(Method.java:515)
V/FlingTracker(  533): 	at com.android.internal.os.ZygoteInit$MethodAndArgsCaller.run(ZygoteInit.java:779)
V/FlingTracker(  533): 	at com.android.internal.os.ZygoteInit.main(ZygoteInit.java:595)
V/FlingTracker(  533): 	at dalvik.system.NativeStart.main(Native Method)
V/PanelView(  533): animationTick called with dtms=0; nothing to do (h=0.0 v=0.0)
I/ActivityManager(  481): START u0 {act=android.intent.action.MAIN cat=[android.intent.category.LAUNCHER] flg=0x10000000 sel={act=android.intent.action.MAIN cat=[android.intent.category.APP_CALCULATOR]}} from pid 481
I/ActivityManager(  481): START u0 {act=com.android.systemui.recent.action.TOGGLE_RECENTS flg=0x10800000 cmp=com.android.systemui/.recent.RecentsActivity (has extras)} from pid 533
V/PanelView(  533): animationTick called with dtms=0; nothing to do (h=0.0 v=0.0)
I/ActivityManager(  481): START u0 {act=android.intent.action.MAIN cat=[android.intent.category.HOME] flg=0x10200000 cmp=com.vphone.launcher/.Launcher} from pid 481
I/ActivityManager(  481): START u0 {act=android.intent.action.MAIN cat=[android.intent.category.LAUNCHER] flg=0x10200000 cmp=droso.application.nursing/.ApplicationInititalizeActivity} from pid 5451
D/dalvikvm(  481): GC_CONCURRENT freed 4075K, 44% free 15832K/27864K, paused 1ms+2ms, total 25ms
I/ActivityManager(  481): START u0 {act=android.intent.action.MAIN cat=[android.intent.category.HOME] flg=0x10200000 cmp=com.vphone.launcher/.Launcher} from pid 481
D/dalvikvm(  533): GC_FOR_ALLOC freed 2675K, 18% free 19354K/23464K, paused 5ms, total 6ms
I/ActivityManager(  481): START u0 {act=android.intent.action.MAIN cat=[android.intent.category.LAUNCHER] flg=0x10200000 cmp=droso.application.nursing/.ApplicationInititalizeActivity} from pid 5451
V/PanelView(  533): animationTick called with dtms=0; nothing to do (h=0.0 v=-0.0)
V/PanelView(  533): animationTick called with dtms=0; nothing to do (h=0.0 v=-0.0)
V/PanelView(  533): animationTick called with dtms=0; nothing to do (h=0.0 v=4500.0)
W/WindowManager(  481): updateFocusedWindowLocked, focusedAppToken is null.
I/ActivityManager(  481): START u0 {act=android.intent.action.MAIN cat=[android.intent.category.LAUNCHER] flg=0x10200000 cmp=droso.application.nursing/.ApplicationInititalizeActivity} from pid 5451
W/ViewRootImpl( 5461): Dropping event due to no window focus: MotionEvent { action=ACTION_MOVE, id[0]=0, x[0]=1.0, y[0]=3.0, toolType[0]=TOOL_TYPE_UNKNOWN, buttonState=0, metaState=0, flags=0x0, edgeFlags=0x0, pointerCount=1, historySize=9, eventTime=2505939, downTime=-1, deviceId=0, source=0x10004 }
W/EGL_emulation(  533): eglSurfaceAttrib not implemented 3093 12436
W/ViewRootImpl(  533): Dropping event due to no window focus: MotionEvent { action=ACTION_MOVE, id[0]=0, x[0]=-3.0, y[0]=-2.0, toolType[0]=TOOL_TYPE_UNKNOWN, buttonState=0, metaState=0, flags=0x0, edgeFlags=0x0, pointerCount=1, historySize=9, eventTime=2505953, downTime=-1, deviceId=0, source=0x10004 }
W/ViewRootImpl(  533): Dropping event due to no window focus: KeyEvent { action=ACTION_DOWN, keyCode=KEYCODE_BREAK, scanCode=0, metaState=0, flags=0x8, repeatCount=0, eventTime=2505954, downTime=2505954, deviceId=-1, source=0x101 }
V/FlingTracker(  533): computeCurrentVelocity warning: totalweight=0
V/FlingTracker(  533): java.lang.Throwable
V/FlingTracker(  533): 	at com.android.systemui.statusbar.phone.PanelView$FlingTracker.computeCurrentVelocity(PanelView.java:162)
V/FlingTracker(  533): 	at com.android.systemui.statusbar.phone.PanelView$3.onTouch(PanelView.java:462)
V/FlingTracker(  533): 	at android.view.View.dispatchTouchEvent(View.java:7701)
V/FlingTracker(  533): 	at com.android.systemui.statusbar.phone.NotificationPanelView.onTouchEvent(NotificationPanelView.java:138)
V/FlingTracker(  533): 	at android.view.View.dispatchTouchEvent(View.java:7706)
V/FlingTracker(  533): 	at android.view.ViewGroup.dispatchTransformedTouchEvent(ViewGroup.java:2210)
V/FlingTracker(  533): 	at android.view.ViewGroup.dispatchTouchEvent(ViewGroup.java:1945)
V/FlingTracker(  533): 	at android.view.ViewGroup.dispatchTransformedTouchEvent(ViewGroup.java:2216)
V/FlingTracker(  533): 	at android.view.ViewGroup.dispatchTouchEvent(ViewGroup.java:1959)
V/FlingTracker(  533): 	at android.view.ViewGroup.dispatchTransformedTouchEvent(ViewGroup.java:2216)
V/FlingTracker(  533): 	at android.view.ViewGroup.dispatchTouchEvent(ViewGroup.java:1959)
V/FlingTracker(  533): 	at android.view.View.dispatchPointerEvent(View.java:7886)
V/FlingTracker(  533): 	at android.view.ViewRootImpl$ViewPostImeInputStage.processPointerEvent(ViewRootImpl.java:3978)
V/FlingTracker(  533): 	at android.view.ViewRootImpl$ViewPostImeInputStage.onProcess(ViewRootImpl.java:3857)
V/FlingTracker(  533): 	at android.view.ViewRootImpl$InputStage.deliver(ViewRootImpl.java:3423)
V/FlingTracker(  533): 	at android.view.ViewRootImpl$InputStage.onDeliverToNext(ViewRootImpl.java:3473)
V/FlingTracker(  533): 	at android.view.ViewRootImpl$InputStage.forward(ViewRootImpl.java:3442)
V/FlingTracker(  533): 	at android.view.ViewRootImpl$AsyncInputStage.forward(ViewRootImpl.java:3549)
V/FlingTracker(  533): 	at android.view.ViewRootImpl$InputStage.apply(ViewRootImpl.java:3450)
V/FlingTracker(  533): 	at android.view.ViewRootImpl$AsyncInputStage.apply(ViewRootImpl.java:3606)
V/FlingTracker(  533): 	at android.view.ViewRootImpl$InputStage.deliver(ViewRootImpl.java:3423)
V/FlingTracker(  533): 	at android.view.ViewRootImpl$InputStage.onDeliverToNext(ViewRootImpl.java:3473)
V/FlingTracker(  533): 	at android.view.ViewRootImpl$InputStage.forward(ViewRootImpl.java:3442)
V/FlingTracker(  533): 	at android.view.ViewRootImpl$InputStage.apply(ViewRootImpl.java:3450)
V/FlingTracker(  533): 	at android.view.ViewRootImpl$InputStage.deliver(ViewRootImpl.java:3423)
V/FlingTracker(  533): 	at android.view.ViewRootImpl.deliverInputEvent(ViewRootImpl.java:5626)
V/FlingTracker(  533): 	at android.view.ViewRootImpl.doProcessInputEvents(ViewRootImpl.java:5606)
V/FlingTracker(  533): 	at android.view.ViewRootImpl.enqueueInputEvent(ViewRootImpl.java:5577)
V/FlingTracker(  533): 	at android.view.ViewRootImpl$WindowInputEventReceiver.onInputEvent(ViewRootImpl.java:5706)
V/FlingTracker(  533): 	at android.view.InputEventReceiver.dispatchInputEvent(InputEventReceiver.java:185)
V/FlingTracker(  533): 	at android.os.MessageQueue.nativePollOnce(Native Method)
V/FlingTracker(  533): 	at android.os.MessageQueue.next(MessageQueue.java:138)
V/FlingTracker(  533): 	at android.os.Looper.loop(Looper.java:123)
V/FlingTracker(  533): 	at android.app.ActivityThread.main(ActivityThread.java:5019)
V/FlingTracker(  533): 	at java.lang.reflect.Method.invokeNative(Native Method)
V/FlingTracker(  533): 	at java.lang.reflect.Method.invoke(Method.java:515)
V/FlingTracker(  533): 	at com.android.internal.os.ZygoteInit$MethodAndArgsCaller.run(ZygoteInit.java:779)
V/FlingTracker(  533): 	at com.android.internal.os.ZygoteInit.main(ZygoteInit.java:595)
V/FlingTracker(  533): 	at dalvik.system.NativeStart.main(Native Method)
V/PanelView(  533): animationTick called with dtms=0; nothing to do (h=679.5 v=0.0)
V/PanelView(  533): animationTick called with dtms=-2; nothing to do (h=679.5 v=0.0)
V/FlingTracker(  533): computeCurrentVelocity warning: totalweight=0
V/FlingTracker(  533): java.lang.Throwable
V/FlingTracker(  533): 	at com.android.systemui.statusbar.phone.PanelView$FlingTracker.computeCurrentVelocity(PanelView.java:162)
V/FlingTracker(  533): 	at com.android.systemui.statusbar.phone.PanelView$3.onTouch(PanelView.java:462)
V/FlingTracker(  533): 	at android.view.View.dispatchTouchEvent(View.java:7701)
V/FlingTracker(  533): 	at com.android.systemui.statusbar.phone.NotificationPanelView.onTouchEvent(NotificationPanelView.java:138)
V/FlingTracker(  533): 	at android.view.View.dispatchTouchEvent(View.java:7706)
V/FlingTracker(  533): 	at android.view.ViewGroup.dispatchTransformedTouchEvent(ViewGroup.java:2210)
V/FlingTracker(  533): 	at android.view.ViewGroup.dispatchTouchEvent(ViewGroup.java:1945)
V/FlingTracker(  533): 	at android.view.ViewGroup.dispatchTransformedTouchEvent(ViewGroup.java:2216)
V/FlingTracker(  533): 	at android.view.ViewGroup.dispatchTouchEvent(ViewGroup.java:1959)
V/FlingTracker(  533): 	at android.view.ViewGroup.dispatchTransformedTouchEvent(ViewGroup.java:2216)
V/FlingTracker(  533): 	at android.view.ViewGroup.dispatchTouchEvent(ViewGroup.java:1959)
V/FlingTracker(  533): 	at android.view.View.dispatchPointerEvent(View.java:7886)
V/FlingTracker(  533): 	at android.view.ViewRootImpl$ViewPostImeInputStage.processPointerEvent(ViewRootImpl.java:3978)
V/FlingTracker(  533): 	at android.view.ViewRootImpl$ViewPostImeInputStage.onProcess(ViewRootImpl.java:3857)
V/FlingTracker(  533): 	at android.view.ViewRootImpl$InputStage.deliver(ViewRootImpl.java:3423)
V/FlingTracker(  533): 	at android.view.ViewRootImpl$InputStage.onDeliverToNext(ViewRootImpl.java:3473)
V/FlingTracker(  533): 	at android.view.ViewRootImpl$InputStage.forward(ViewRootImpl.java:3442)
V/FlingTracker(  533): 	at android.view.ViewRootImpl$AsyncInputStage.forward(ViewRootImpl.java:3549)
V/FlingTracker(  533): 	at android.view.ViewRootImpl$InputStage.apply(ViewRootImpl.java:3450)
V/FlingTracker(  533): 	at android.view.ViewRootImpl$AsyncInputStage.apply(ViewRootImpl.java:3606)
V/FlingTracker(  533): 	at android.view.ViewRootImpl$InputStage.deliver(ViewRootImpl.java:3423)
V/FlingTracker(  533): 	at android.view.ViewRootImpl$InputStage.onDeliverToNext(ViewRootImpl.java:3473)
V/FlingTracker(  533): 	at android.view.ViewRootImpl$InputStage.forward(ViewRootImpl.java:3442)
V/FlingTracker(  533): 	at android.view.ViewRootImpl$InputStage.apply(ViewRootImpl.java:3450)
V/FlingTracker(  533): 	at android.view.ViewRootImpl$InputStage.deliver(ViewRootImpl.java:3423)
V/FlingTracker(  533): 	at android.view.ViewRootImpl.deliverInputEvent(ViewRootImpl.java:5626)
V/FlingTracker(  533): 	at android.view.ViewRootImpl.doProcessInputEvents(ViewRootImpl.java:5606)
V/FlingTracker(  533): 	at android.view.ViewRootImpl.enqueueInputEvent(ViewRootImpl.java:5577)
V/FlingTracker(  533): 	at android.view.ViewRootImpl$WindowInputEventReceiver.onInputEvent(ViewRootImpl.java:5706)
V/FlingTracker(  533): 	at android.view.InputEventReceiver.dispatchInputEvent(InputEventReceiver.java:185)
V/FlingTracker(  533): 	at android.os.MessageQueue.nativePollOnce(Native Method)
V/FlingTracker(  533): 	at android.os.MessageQueue.next(MessageQueue.java:138)
V/FlingTracker(  533): 	at android.os.Looper.loop(Looper.java:123)
V/FlingTracker(  533): 	at android.app.ActivityThread.main(ActivityThread.java:5019)
V/FlingTracker(  533): 	at java.lang.reflect.Method.invokeNative(Native Method)
V/FlingTracker(  533): 	at java.lang.reflect.Method.invoke(Method.java:515)
V/FlingTracker(  533): 	at com.android.internal.os.ZygoteInit$MethodAndArgsCaller.run(ZygoteInit.java:779)
V/FlingTracker(  533): 	at com.android.internal.os.ZygoteInit.main(ZygoteInit.java:595)
V/FlingTracker(  533): 	at dalvik.system.NativeStart.main(Native Method)
V/PanelView(  533): animationTick called with dtms=0; nothing to do (h=680.367 v=0.0)
V/PanelView(  533): animationTick called with dtms=-1; nothing to do (h=680.367 v=0.0)
I/ActivityManager(  481): START u0 {act=android.intent.action.MAIN cat=[android.intent.category.LAUNCHER] flg=0x10200000 cmp=droso.application.nursing/.ApplicationInititalizeActivity} from pid 5451
V/FlingTracker(  533): computeCurrentVelocity warning: totalweight=0
V/FlingTracker(  533): java.lang.Throwable
V/FlingTracker(  533): 	at com.android.systemui.statusbar.phone.PanelView$FlingTracker.computeCurrentVelocity(PanelView.java:162)
V/FlingTracker(  533): 	at com.android.systemui.statusbar.phone.PanelView$3.onTouch(PanelView.java:462)
V/FlingTracker(  533): 	at android.view.View.dispatchTouchEvent(View.java:7701)
V/FlingTracker(  533): 	at com.android.systemui.statusbar.phone.NotificationPanelView.onTouchEvent(NotificationPanelView.java:138)
V/FlingTracker(  533): 	at android.view.View.dispatchTouchEvent(View.java:7706)
V/FlingTracker(  533): 	at android.view.ViewGroup.dispatchTransformedTouchEvent(ViewGroup.java:2210)
V/FlingTracker(  533): 	at android.view.ViewGroup.dispatchTouchEvent(ViewGroup.java:1945)
V/FlingTracker(  533): 	at android.view.ViewGroup.dispatchTransformedTouchEvent(ViewGroup.java:2216)
V/FlingTracker(  533): 	at android.view.ViewGroup.dispatchTouchEvent(ViewGroup.java:1959)
V/FlingTracker(  533): 	at android.view.ViewGroup.dispatchTransformedTouchEvent(ViewGroup.java:2216)
V/FlingTracker(  533): 	at android.view.ViewGroup.dispatchTouchEvent(ViewGroup.java:1959)
V/FlingTracker(  533): 	at android.view.View.dispatchPointerEvent(View.java:7886)
V/FlingTracker(  533): 	at android.view.ViewRootImpl$ViewPostImeInputStage.processPointerEvent(ViewRootImpl.java:3978)
V/FlingTracker(  533): 	at android.view.ViewRootImpl$ViewPostImeInputStage.onProcess(ViewRootImpl.java:3857)
V/FlingTracker(  533): 	at android.view.ViewRootImpl$InputStage.deliver(ViewRootImpl.java:3423)
V/FlingTracker(  533): 	at android.view.ViewRootImpl$InputStage.onDeliverToNext(ViewRootImpl.java:3473)
V/FlingTracker(  533): 	at android.view.ViewRootImpl$InputStage.forward(ViewRootImpl.java:3442)
V/FlingTracker(  533): 	at android.view.ViewRootImpl$AsyncInputStage.forward(ViewRootImpl.java:3549)
V/FlingTracker(  533): 	at android.view.ViewRootImpl$InputStage.apply(ViewRootImpl.java:3450)
V/FlingTracker(  533): 	at android.view.ViewRootImpl$AsyncInputStage.apply(ViewRootImpl.java:3606)
V/FlingTracker(  533): 	at android.view.ViewRootImpl$InputStage.deliver(ViewRootImpl.java:3423)
V/FlingTracker(  533): 	at android.view.ViewRootImpl$InputStage.onDeliverToNext(ViewRootImpl.java:3473)
V/FlingTracker(  533): 	at android.view.ViewRootImpl$InputStage.forward(ViewRootImpl.java:3442)
V/FlingTracker(  533): 	at android.view.ViewRootImpl$InputStage.apply(ViewRootImpl.java:3450)
V/FlingTracker(  533): 	at android.view.ViewRootImpl$InputStage.deliver(ViewRootImpl.java:3423)
V/FlingTracker(  533): 	at android.view.ViewRootImpl.deliverInputEvent(ViewRootImpl.java:5626)
V/FlingTracker(  533): 	at android.view.ViewRootImpl.doProcessInputEvents(ViewRootImpl.java:5606)
V/FlingTracker(  533): 	at android.view.ViewRootImpl.enqueueInputEvent(ViewRootImpl.java:5577)
V/FlingTracker(  533): 	at android.view.ViewRootImpl$WindowInputEventReceiver.onInputEvent(ViewRootImpl.java:5706)
V/FlingTracker(  533): 	at android.view.InputEventReceiver.dispatchInputEvent(InputEventReceiver.java:185)
V/FlingTracker(  533): 	at android.os.MessageQueue.nativePollOnce(Native Method)
V/FlingTracker(  533): 	at android.os.MessageQueue.next(MessageQueue.java:138)
V/FlingTracker(  533): 	at android.os.Looper.loop(Looper.java:123)
V/FlingTracker(  533): 	at android.app.ActivityThread.main(ActivityThread.java:5019)
V/FlingTracker(  533): 	at java.lang.reflect.Method.invokeNative(Native Method)
V/FlingTracker(  533): 	at java.lang.reflect.Method.invoke(Method.java:515)
V/FlingTracker(  533): 	at com.android.internal.os.ZygoteInit$MethodAndArgsCaller.run(ZygoteInit.java:779)
V/FlingTracker(  533): 	at com.android.internal.os.ZygoteInit.main(ZygoteInit.java:595)
V/FlingTracker(  533): 	at dalvik.system.NativeStart.main(Native Method)
V/PanelView(  533): animationTick called with dtms=0; nothing to do (h=692.769 v=0.0)
V/PanelView(  533): animationTick called with dtms=-1; nothing to do (h=692.769 v=0.0)
I/InputDispatcher(  481): Dropped event because of pending overdue app switch.
W/InputManager(  481): Input event injection from pid 5451 failed.
V/PanelView(  533): animationTick called with dtms=0; nothing to do (h=700.938 v=-3000.0)
V/PanelView(  533): animationTick called with dtms=-2; nothing to do (h=700.938 v=-3000.0)
W/InputMethodManagerService(  481): Window already focused, ignoring focus gain of: com.android.internal.view.IInputMethodClient$Stub$Proxy@4ab5d258 attribute=null, token = android.os.BinderProxy@4a8ab64c
V/PanelView(  533): animationTick called with dtms=0; nothing to do (h=700.938 v=-0.0)
V/PanelView(  533): animationTick called with dtms=-6; nothing to do (h=700.938 v=-0.0)
I/ActivityManager(  481): START u0 {act=android.intent.action.MAIN cat=[android.intent.category.LAUNCHER] flg=0x10200000 cmp=droso.application.nursing/.ApplicationInititalizeActivity} from pid 5451
I/ActivityManager(  481): START u0 {act=android.intent.action.MAIN cat=[android.intent.category.LAUNCHER] flg=0x10000000 cmp=com.android.contacts/.activities.PeopleActivity sel={act=android.intent.action.MAIN cat=[android.intent.category.APP_CONTACTS]}} from pid 481
V/FlingTracker(  533): computeCurrentVelocity warning: totalweight=0
V/FlingTracker(  533): java.lang.Throwable
V/FlingTracker(  533): 	at com.android.systemui.statusbar.phone.PanelView$FlingTracker.computeCurrentVelocity(PanelView.java:162)
V/FlingTracker(  533): 	at com.android.systemui.statusbar.phone.PanelView$3.onTouch(PanelView.java:462)
V/FlingTracker(  533): 	at android.view.View.dispatchTouchEvent(View.java:7701)
V/FlingTracker(  533): 	at com.android.systemui.statusbar.phone.NotificationPanelView.onTouchEvent(NotificationPanelView.java:138)
V/FlingTracker(  533): 	at android.view.View.dispatchTouchEvent(View.java:7706)
V/FlingTracker(  533): 	at android.view.ViewGroup.dispatchTransformedTouchEvent(ViewGroup.java:2210)
V/FlingTracker(  533): 	at android.view.ViewGroup.dispatchTouchEvent(ViewGroup.java:1945)
V/FlingTracker(  533): 	at android.view.ViewGroup.dispatchTransformedTouchEvent(ViewGroup.java:2216)
V/FlingTracker(  533): 	at android.view.ViewGroup.dispatchTouchEvent(ViewGroup.java:1959)
V/FlingTracker(  533): 	at android.view.ViewGroup.dispatchTransformedTouchEvent(ViewGroup.java:2216)
V/FlingTracker(  533): 	at android.view.ViewGroup.dispatchTouchEvent(ViewGroup.java:1959)
V/FlingTracker(  533): 	at android.view.View.dispatchPointerEvent(View.java:7886)
V/FlingTracker(  533): 	at android.view.ViewRootImpl$ViewPostImeInputStage.processPointerEvent(ViewRootImpl.java:3978)
V/FlingTracker(  533): 	at android.view.ViewRootImpl$ViewPostImeInputStage.onProcess(ViewRootImpl.java:3857)
V/FlingTracker(  533): 	at android.view.ViewRootImpl$InputStage.deliver(ViewRootImpl.java:3423)
V/FlingTracker(  533): 	at android.view.ViewRootImpl$InputStage.onDeliverToNext(ViewRootImpl.java:3473)
V/FlingTracker(  533): 	at android.view.ViewRootImpl$InputStage.forward(ViewRootImpl.java:3442)
V/FlingTracker(  533): 	at android.view.ViewRootImpl$AsyncInputStage.forward(ViewRootImpl.java:3549)
V/FlingTracker(  533): 	at android.view.ViewRootImpl$InputStage.apply(ViewRootImpl.java:3450)
V/FlingTracker(  533): 	at android.view.ViewRootImpl$AsyncInputStage.apply(ViewRootImpl.java:3606)
V/FlingTracker(  533): 	at android.view.ViewRootImpl$InputStage.deliver(ViewRootImpl.java:3423)
V/FlingTracker(  533): 	at android.view.ViewRootImpl$InputStage.onDeliverToNext(ViewRootImpl.java:3473)
V/FlingTracker(  533): 	at android.view.ViewRootImpl$InputStage.forward(ViewRootImpl.java:3442)
V/FlingTracker(  533): 	at android.view.ViewRootImpl$InputStage.apply(ViewRootImpl.java:3450)
V/FlingTracker(  533): 	at android.view.ViewRootImpl$InputStage.deliver(ViewRootImpl.java:3423)
V/FlingTracker(  533): 	at android.view.ViewRootImpl.deliverInputEvent(ViewRootImpl.java:5626)
V/FlingTracker(  533): 	at android.view.ViewRootImpl.doProcessInputEvents(ViewRootImpl.java:5606)
V/FlingTracker(  533): 	at android.view.ViewRootImpl.enqueueInputEvent(ViewRootImpl.java:5577)
V/FlingTracker(  533): 	at android.view.ViewRootImpl$WindowInputEventReceiver.onInputEvent(ViewRootImpl.java:5706)
V/FlingTracker(  533): 	at android.view.InputEventReceiver.dispatchInputEvent(InputEventReceiver.java:185)
V/FlingTracker(  533): 	at android.os.MessageQueue.nativePollOnce(Native Method)
V/FlingTracker(  533): 	at android.os.MessageQueue.next(MessageQueue.java:138)
V/FlingTracker(  533): 	at android.os.Looper.loop(Looper.java:123)
V/FlingTracker(  533): 	at android.app.ActivityThread.main(ActivityThread.java:5019)
V/FlingTracker(  533): 	at java.lang.reflect.Method.invokeNative(Native Method)
V/FlingTracker(  533): 	at java.lang.reflect.Method.invoke(Method.java:515)
V/FlingTracker(  533): 	at com.android.internal.os.ZygoteInit$MethodAndArgsCaller.run(ZygoteInit.java:779)
V/FlingTracker(  533): 	at com.android.internal.os.ZygoteInit.main(ZygoteInit.java:595)
V/FlingTracker(  533): 	at dalvik.system.NativeStart.main(Native Method)
V/PanelView(  533): animationTick called with dtms=0; nothing to do (h=701.706 v=0.0)
V/PanelView(  533): animationTick called with dtms=-2; nothing to do (h=701.706 v=0.0)
V/PanelView(  533): animationTick called with dtms=0; nothing to do (h=707.26636 v=0.0)
V/PanelView(  533): animationTick called with dtms=0; nothing to do (h=713.65906 v=0.0)
V/PanelView(  533): animationTick called with dtms=-8; nothing to do (h=713.65906 v=0.0)
V/PanelView(  533): animationTick called with dtms=0; nothing to do (h=587.4957 v=-4500.0)
V/FlingTracker(  533): computeCurrentVelocity warning: totalweight=0
V/FlingTracker(  533): java.lang.Throwable
V/FlingTracker(  533): 	at com.android.systemui.statusbar.phone.PanelView$FlingTracker.computeCurrentVelocity(PanelView.java:162)
V/FlingTracker(  533): 	at com.android.systemui.statusbar.phone.PanelView$3.onTouch(PanelView.java:462)
V/FlingTracker(  533): 	at android.view.View.dispatchTouchEvent(View.java:7701)
V/FlingTracker(  533): 	at com.android.systemui.statusbar.phone.NotificationPanelView.onTouchEvent(NotificationPanelView.java:138)
V/FlingTracker(  533): 	at android.view.View.dispatchTouchEvent(View.java:7706)
V/FlingTracker(  533): 	at android.view.ViewGroup.dispatchTransformedTouchEvent(ViewGroup.java:2210)
V/FlingTracker(  533): 	at android.view.ViewGroup.dispatchTouchEvent(ViewGroup.java:1945)
V/FlingTracker(  533): 	at android.view.ViewGroup.dispatchTransformedTouchEvent(ViewGroup.java:2216)
V/FlingTracker(  533): 	at android.view.ViewGroup.dispatchTouchEvent(ViewGroup.java:1959)
V/FlingTracker(  533): 	at android.view.ViewGroup.dispatchTransformedTouchEvent(ViewGroup.java:2216)
V/FlingTracker(  533): 	at android.view.ViewGroup.dispatchTouchEvent(ViewGroup.java:1959)
V/FlingTracker(  533): 	at android.view.View.dispatchPointerEvent(View.java:7886)
V/FlingTracker(  533): 	at android.view.ViewRootImpl$ViewPostImeInputStage.processPointerEvent(ViewRootImpl.java:3978)
V/FlingTracker(  533): 	at android.view.ViewRootImpl$ViewPostImeInputStage.onProcess(ViewRootImpl.java:3857)
V/FlingTracker(  533): 	at android.view.ViewRootImpl$InputStage.deliver(ViewRootImpl.java:3423)
V/FlingTracker(  533): 	at android.view.ViewRootImpl$InputStage.onDeliverToNext(ViewRootImpl.java:3473)
V/FlingTracker(  533): 	at android.view.ViewRootImpl$InputStage.forward(ViewRootImpl.java:3442)
V/FlingTracker(  533): 	at android.view.ViewRootImpl$AsyncInputStage.forward(ViewRootImpl.java:3549)
V/FlingTracker(  533): 	at android.view.ViewRootImpl$InputStage.apply(ViewRootImpl.java:3450)
V/FlingTracker(  533): 	at android.view.ViewRootImpl$AsyncInputStage.apply(ViewRootImpl.java:3606)
V/FlingTracker(  533): 	at android.view.ViewRootImpl$InputStage.deliver(ViewRootImpl.java:3423)
V/FlingTracker(  533): 	at android.view.ViewRootImpl$InputStage.onDeliverToNext(ViewRootImpl.java:3473)
V/FlingTracker(  533): 	at android.view.ViewRootImpl$InputStage.forward(ViewRootImpl.java:3442)
V/FlingTracker(  533): 	at android.view.ViewRootImpl$InputStage.apply(ViewRootImpl.java:3450)
V/FlingTracker(  533): 	at android.view.ViewRootImpl$InputStage.deliver(ViewRootImpl.java:3423)
V/FlingTracker(  533): 	at android.view.ViewRootImpl.deliverInputEvent(ViewRootImpl.java:5626)
V/FlingTracker(  533): 	at android.view.ViewRootImpl.doProcessInputEvents(ViewRootImpl.java:5606)
V/FlingTracker(  533): 	at android.view.ViewRootImpl.enqueueInputEvent(ViewRootImpl.java:5577)
V/FlingTracker(  533): 	at android.view.ViewRootImpl$WindowInputEventReceiver.onInputEvent(ViewRootImpl.java:5706)
V/FlingTracker(  533): 	at android.view.InputEventReceiver.dispatchInputEvent(InputEventReceiver.java:185)
V/FlingTracker(  533): 	at android.os.MessageQueue.nativePollOnce(Native Method)
V/FlingTracker(  533): 	at android.os.MessageQueue.next(MessageQueue.java:138)
V/FlingTracker(  533): 	at android.os.Looper.loop(Looper.java:123)
V/FlingTracker(  533): 	at android.app.ActivityThread.main(ActivityThread.java:5019)
V/FlingTracker(  533): 	at java.lang.reflect.Method.invokeNative(Native Method)
V/FlingTracker(  533): 	at java.lang.reflect.Method.invoke(Method.java:515)
V/FlingTracker(  533): 	at com.android.internal.os.ZygoteInit$MethodAndArgsCaller.run(ZygoteInit.java:779)
V/FlingTracker(  533): 	at com.android.internal.os.ZygoteInit.main(ZygoteInit.java:595)
V/FlingTracker(  533): 	at dalvik.system.NativeStart.main(Native Method)
V/PanelView(  533): animationTick called with dtms=0; nothing to do (h=587.4957 v=0.0)
V/FlingTracker(  533): computeCurrentVelocity warning: totalweight=0
V/FlingTracker(  533): java.lang.Throwable
V/FlingTracker(  533): 	at com.android.systemui.statusbar.phone.PanelView$FlingTracker.computeCurrentVelocity(PanelView.java:162)
V/FlingTracker(  533): 	at com.android.systemui.statusbar.phone.PanelView$3.onTouch(PanelView.java:462)
V/FlingTracker(  533): 	at android.view.View.dispatchTouchEvent(View.java:7701)
V/FlingTracker(  533): 	at com.android.systemui.statusbar.phone.NotificationPanelView.onTouchEvent(NotificationPanelView.java:138)
V/FlingTracker(  533): 	at android.view.View.dispatchTouchEvent(View.java:7706)
V/FlingTracker(  533): 	at android.view.ViewGroup.dispatchTransformedTouchEvent(ViewGroup.java:2210)
V/FlingTracker(  533): 	at android.view.ViewGroup.dispatchTouchEvent(ViewGroup.java:1945)
V/FlingTracker(  533): 	at android.view.ViewGroup.dispatchTransformedTouchEvent(ViewGroup.java:2216)
V/FlingTracker(  533): 	at android.view.ViewGroup.dispatchTouchEvent(ViewGroup.java:1959)
V/FlingTracker(  533): 	at android.view.ViewGroup.dispatchTransformedTouchEvent(ViewGroup.java:2216)
V/FlingTracker(  533): 	at android.view.ViewGroup.dispatchTouchEvent(ViewGroup.java:1959)
V/FlingTracker(  533): 	at android.view.View.dispatchPointerEvent(View.java:7886)
V/FlingTracker(  533): 	at android.view.ViewRootImpl$ViewPostImeInputStage.processPointerEvent(ViewRootImpl.java:3978)
V/FlingTracker(  533): 	at android.view.ViewRootImpl$ViewPostImeInputStage.onProcess(ViewRootImpl.java:3857)
V/FlingTracker(  533): 	at android.view.ViewRootImpl$InputStage.deliver(ViewRootImpl.java:3423)
V/FlingTracker(  533): 	at android.view.ViewRootImpl$InputStage.onDeliverToNext(ViewRootImpl.java:3473)
V/FlingTracker(  533): 	at android.view.ViewRootImpl$InputStage.forward(ViewRootImpl.java:3442)
V/FlingTracker(  533): 	at android.view.ViewRootImpl$AsyncInputStage.forward(ViewRootImpl.java:3549)
V/FlingTracker(  533): 	at android.view.ViewRootImpl$InputStage.apply(ViewRootImpl.java:3450)
V/FlingTracker(  533): 	at android.view.ViewRootImpl$AsyncInputStage.apply(ViewRootImpl.java:3606)
V/FlingTracker(  533): 	at android.view.ViewRootImpl$InputStage.deliver(ViewRootImpl.java:3423)
V/FlingTracker(  533): 	at android.view.ViewRootImpl$InputStage.onDeliverToNext(ViewRootImpl.java:3473)
V/FlingTracker(  533): 	at android.view.ViewRootImpl$InputStage.forward(ViewRootImpl.java:3442)
V/FlingTracker(  533): 	at android.view.ViewRootImpl$InputStage.apply(ViewRootImpl.java:3450)
V/FlingTracker(  533): 	at android.view.ViewRootImpl$InputStage.deliver(ViewRootImpl.java:3423)
V/FlingTracker(  533): 	at android.view.ViewRootImpl.deliverInputEvent(ViewRootImpl.java:5626)
V/FlingTracker(  533): 	at android.view.ViewRootImpl.doProcessInputEvents(ViewRootImpl.java:5606)
V/FlingTracker(  533): 	at android.view.ViewRootImpl.enqueueInputEvent(ViewRootImpl.java:5577)
V/FlingTracker(  533): 	at android.view.ViewRootImpl$WindowInputEventReceiver.onInputEvent(ViewRootImpl.java:5706)
V/FlingTracker(  533): 	at android.view.InputEventReceiver.dispatchInputEvent(InputEventReceiver.java:185)
V/FlingTracker(  533): 	at android.os.MessageQueue.nativePollOnce(Native Method)
V/FlingTracker(  533): 	at android.os.MessageQueue.next(MessageQueue.java:138)
V/FlingTracker(  533): 	at android.os.Looper.loop(Looper.java:123)
V/FlingTracker(  533): 	at android.app.ActivityThread.main(ActivityThread.java:5019)
V/FlingTracker(  533): 	at java.lang.reflect.Method.invokeNative(Native Method)
V/FlingTracker(  533): 	at java.lang.reflect.Method.invoke(Method.java:515)
V/FlingTracker(  533): 	at com.android.internal.os.ZygoteInit$MethodAndArgsCaller.run(ZygoteInit.java:779)
V/FlingTracker(  533): 	at com.android.internal.os.ZygoteInit.main(ZygoteInit.java:595)
V/FlingTracker(  533): 	at dalvik.system.NativeStart.main(Native Method)
V/PanelView(  533): animationTick called with dtms=0; nothing to do (h=587.4957 v=0.0)
V/FlingTracker(  533): computeCurrentVelocity warning: totalweight=0
V/FlingTracker(  533): java.lang.Throwable
V/FlingTracker(  533): 	at com.android.systemui.statusbar.phone.PanelView$FlingTracker.computeCurrentVelocity(PanelView.java:162)
V/FlingTracker(  533): 	at com.android.systemui.statusbar.phone.PanelView$3.onTouch(PanelView.java:462)
V/FlingTracker(  533): 	at android.view.View.dispatchTouchEvent(View.java:7701)
V/FlingTracker(  533): 	at com.android.systemui.statusbar.phone.NotificationPanelView.onTouchEvent(NotificationPanelView.java:138)
V/FlingTracker(  533): 	at android.view.View.dispatchTouchEvent(View.java:7706)
V/FlingTracker(  533): 	at android.view.ViewGroup.dispatchTransformedTouchEvent(ViewGroup.java:2210)
V/FlingTracker(  533): 	at android.view.ViewGroup.dispatchTouchEvent(ViewGroup.java:1945)
V/FlingTracker(  533): 	at android.view.ViewGroup.dispatchTransformedTouchEvent(ViewGroup.java:2216)
V/FlingTracker(  533): 	at android.view.ViewGroup.dispatchTouchEvent(ViewGroup.java:1959)
V/FlingTracker(  533): 	at android.view.ViewGroup.dispatchTransformedTouchEvent(ViewGroup.java:2216)
V/FlingTracker(  533): 	at android.view.ViewGroup.dispatchTouchEvent(ViewGroup.java:1959)
V/FlingTracker(  533): 	at android.view.View.dispatchPointerEvent(View.java:7886)
V/FlingTracker(  533): 	at android.view.ViewRootImpl$ViewPostImeInputStage.processPointerEvent(ViewRootImpl.java:3978)
V/FlingTracker(  533): 	at android.view.ViewRootImpl$ViewPostImeInputStage.onProcess(ViewRootImpl.java:3857)
V/FlingTracker(  533): 	at android.view.ViewRootImpl$InputStage.deliver(ViewRootImpl.java:3423)
V/FlingTracker(  533): 	at android.view.ViewRootImpl$InputStage.onDeliverToNext(ViewRootImpl.java:3473)
V/FlingTracker(  533): 	at android.view.ViewRootImpl$InputStage.forward(ViewRootImpl.java:3442)
V/FlingTracker(  533): 	at android.view.ViewRootImpl$AsyncInputStage.forward(ViewRootImpl.java:3549)
V/FlingTracker(  533): 	at android.view.ViewRootImpl$InputStage.apply(ViewRootImpl.java:3450)
V/FlingTracker(  533): 	at android.view.ViewRootImpl$AsyncInputStage.apply(ViewRootImpl.java:3606)
V/FlingTracker(  533): 	at android.view.ViewRootImpl$InputStage.deliver(ViewRootImpl.java:3423)
V/FlingTracker(  533): 	at android.view.ViewRootImpl$InputStage.onDeliverToNext(ViewRootImpl.java:3473)
V/FlingTracker(  533): 	at android.view.ViewRootImpl$InputStage.forward(ViewRootImpl.java:3442)
V/FlingTracker(  533): 	at android.view.ViewRootImpl$InputStage.apply(ViewRootImpl.java:3450)
V/FlingTracker(  533): 	at android.view.ViewRootImpl$InputStage.deliver(ViewRootImpl.java:3423)
V/FlingTracker(  533): 	at android.view.ViewRootImpl.deliverInputEvent(ViewRootImpl.java:5626)
V/FlingTracker(  533): 	at android.view.ViewRootImpl.doProcessInputEvents(ViewRootImpl.java:5606)
V/FlingTracker(  533): 	at android.view.ViewRootImpl.enqueueInputEvent(ViewRootImpl.java:5577)
V/FlingTracker(  533): 	at android.view.ViewRootImpl$WindowInputEventReceiver.onInputEvent(ViewRootImpl.java:5706)
V/FlingTracker(  533): 	at android.view.InputEventReceiver.dispatchInputEvent(InputEventReceiver.java:185)
V/FlingTracker(  533): 	at android.os.MessageQueue.nativePollOnce(Native Method)
V/FlingTracker(  533): 	at android.os.MessageQueue.next(MessageQueue.java:138)
V/FlingTracker(  533): 	at android.os.Looper.loop(Looper.java:123)
V/FlingTracker(  533): 	at android.app.ActivityThread.main(ActivityThread.java:5019)
V/FlingTracker(  533): 	at java.lang.reflect.Method.invokeNative(Native Method)
V/FlingTracker(  533): 	at java.lang.reflect.Method.invoke(Method.java:515)
V/FlingTracker(  533): 	at com.android.internal.os.ZygoteInit$MethodAndArgsCaller.run(ZygoteInit.java:779)
V/FlingTracker(  533): 	at com.android.internal.os.ZygoteInit.main(ZygoteInit.java:595)
V/FlingTracker(  533): 	at dalvik.system.NativeStart.main(Native Method)
V/PanelView(  533): animationTick called with dtms=0; nothing to do (h=587.4957 v=0.0)
V/FlingTracker(  533): computeCurrentVelocity warning: totalweight=0
V/FlingTracker(  533): java.lang.Throwable
V/FlingTracker(  533): 	at com.android.systemui.statusbar.phone.PanelView$FlingTracker.computeCurrentVelocity(PanelView.java:162)
V/FlingTracker(  533): 	at com.android.systemui.statusbar.phone.PanelView$3.onTouch(PanelView.java:462)
V/FlingTracker(  533): 	at android.view.View.dispatchTouchEvent(View.java:7701)
V/FlingTracker(  533): 	at com.android.systemui.statusbar.phone.NotificationPanelView.onTouchEvent(NotificationPanelView.java:138)
V/FlingTracker(  533): 	at android.view.View.dispatchTouchEvent(View.java:7706)
V/FlingTracker(  533): 	at android.view.ViewGroup.dispatchTransformedTouchEvent(ViewGroup.java:2210)
V/FlingTracker(  533): 	at android.view.ViewGroup.dispatchTouchEvent(ViewGroup.java:1945)
V/FlingTracker(  533): 	at android.view.ViewGroup.dispatchTransformedTouchEvent(ViewGroup.java:2216)
V/FlingTracker(  533): 	at android.view.ViewGroup.dispatchTouchEvent(ViewGroup.java:1959)
V/FlingTracker(  533): 	at android.view.ViewGroup.dispatchTransformedTouchEvent(ViewGroup.java:2216)
V/FlingTracker(  533): 	at android.view.ViewGroup.dispatchTouchEvent(ViewGroup.java:1959)
V/FlingTracker(  533): 	at android.view.View.dispatchPointerEvent(View.java:7886)
V/FlingTracker(  533): 	at android.view.ViewRootImpl$ViewPostImeInputStage.processPointerEvent(ViewRootImpl.java:3978)
V/FlingTracker(  533): 	at android.view.ViewRootImpl$ViewPostImeInputStage.onProcess(ViewRootImpl.java:3857)
V/FlingTracker(  533): 	at android.view.ViewRootImpl$InputStage.deliver(ViewRootImpl.java:3423)
V/FlingTracker(  533): 	at android.view.ViewRootImpl$InputStage.onDeliverToNext(ViewRootImpl.java:3473)
V/FlingTracker(  533): 	at android.view.ViewRootImpl$InputStage.forward(ViewRootImpl.java:3442)
V/FlingTracker(  533): 	at android.view.ViewRootImpl$AsyncInputStage.forward(ViewRootImpl.java:3549)
V/FlingTracker(  533): 	at android.view.ViewRootImpl$InputStage.apply(ViewRootImpl.java:3450)
