E/amdss   ( 7711): 	at com.meridian.metsdot.data.MiscDataManager$FetchJSON.doInBackground(MiscDataManager.java:124)
E/amdss   ( 7711): 	at android.os.AsyncTask$2.call(AsyncTask.java:288)
E/amdss   ( 7711): 	at java.util.concurrent.FutureTask.run(FutureTask.java:237)
E/amdss   ( 7711): 	at android.os.AsyncTask$SerialExecutor$1.run(AsyncTask.java:231)
E/amdss   ( 7711): 	at java.util.concurrent.ThreadPoolExecutor.runWorker(ThreadPoolExecutor.java:1112)
E/amdss   ( 7711): 	at java.util.concurrent.ThreadPoolExecutor$Worker.run(ThreadPoolExecutor.java:587)
E/amdss   ( 7711): 	at java.lang.Thread.run(Thread.java:841)
I/System.out( 7711): body:<com.meridian.metsdot.connection.Download: java.lang.String readStreamToString(java.lang.String,java.lang.String)>	sig:specialinvoke $r5.<java.net.URL: void <init>(java.lang.String)>($r0)	timediff:0
I/System.out( 7711): <com.meridian.metsdot.connection.Download: java.lang.String readStreamToString(java.lang.String,java.lang.String)>###specialinvoke $r5.<java.net.URL: void <init>(java.lang.String)>($r0)###http://files0.iteriscdn.com/safetravel/sd3/news_alerts.json
I/System.out( 7711): body:<com.meridian.metsdot.connection.Download: java.net.HttpURLConnection getURLConnection(java.net.URL,java.lang.String)>	sig:$r3 = virtualinvoke $r0.<java.net.URL: java.net.URLConnection openConnection()>()	timediff:1
I/System.out( 7711): body:<com.meridian.metsdot.connection.Download: java.net.HttpURLConnection getURLConnection(java.net.URL,java.lang.String)>	sig:virtualinvoke $r4.<java.net.HttpURLConnection: void setRequestProperty(java.lang.String,java.lang.String)>("Connection", "Keep-Alive")	timediff:0
I/System.out( 7711): body:<com.meridian.metsdot.connection.Download: java.net.HttpURLConnection getURLConnection(java.net.URL,java.lang.String)>	sig:virtualinvoke $r4.<java.net.HttpURLConnection: void setConnectTimeout(int)>(30000)	timediff:0
I/System.out( 7711): body:<com.meridian.metsdot.connection.Download: java.net.HttpURLConnection getURLConnection(java.net.URL,java.lang.String)>	sig:virtualinvoke $r4.<java.net.HttpURLConnection: void setReadTimeout(int)>(60000)	timediff:0
I/System.out( 7711): body:<com.meridian.metsdot.connection.Download: java.net.HttpURLConnection getURLConnection(java.net.URL,java.lang.String)>	sig:virtualinvoke $r4.<java.net.HttpURLConnection: void setRequestProperty(java.lang.String,java.lang.String)>("User-Agent", $r2)	timediff:0
I/System.out( 7711): body:<com.meridian.metsdot.connection.Download: java.io.InputStream getInputStream(java.net.URL,java.lang.String)>	sig:virtualinvoke $r2.<java.net.HttpURLConnection: void setDoInput(boolean)>(1)	timediff:0
I/System.out( 7711): body:<com.meridian.metsdot.connection.Download: java.io.InputStream getInputStream(java.net.URL,java.lang.String)>	sig:virtualinvoke $r2.<java.net.HttpURLConnection: void setRequestMethod(java.lang.String)>("GET")	timediff:0
I/System.out( 7711): body:<com.meridian.metsdot.connection.Download: java.io.InputStream getInputStream(java.net.HttpURLConnection,java.lang.String)>	sig:$r3 = virtualinvoke $r0.<java.net.HttpURLConnection: java.net.URL getURL()>()	timediff:0
I/System.out( 7711): body:<com.meridian.metsdot.connection.Download: java.io.InputStream getInputStream(java.net.HttpURLConnection,java.lang.String)>	sig:$r4 = virtualinvoke $r3.<java.net.URL: java.lang.String toString()>()	timediff:0
D/dalvikvm( 7711): GC_CONCURRENT freed 6646K, 40% free 11166K/18324K, paused 2ms+1ms, total 13ms
I/System.out( 7711): body:<com.meridian.metsdot.connection.Download: java.io.InputStream getInputStream(java.net.HttpURLConnection,java.lang.String)>	sig:$r5 = virtualinvoke $r0.<java.net.HttpURLConnection: java.util.Map getHeaderFields()>()	timediff:12
E/amdss   ( 7711): read stream to string...
E/amdss   ( 7711): java.io.FileNotFoundException: http://files0.iteriscdn.com/safetravel/sd3/news_alerts.json
E/amdss   ( 7711): 	at com.android.okhttp.internal.http.HttpURLConnectionImpl.getInputStream(HttpURLConnectionImpl.java:186)
E/amdss   ( 7711): 	at com.meridian.metsdot.connection.Download.getInputStream(Download.java:77)
E/amdss   ( 7711): 	at com.meridian.metsdot.connection.Download.getInputStream(Download.java:118)
E/amdss   ( 7711): 	at com.meridian.metsdot.connection.Download.readStreamToString(Download.java:182)
E/amdss   ( 7711): 	at com.meridian.metsdot.data.MiscDataManager$FetchJSON.doInBackground(MiscDataManager.java:135)
E/amdss   ( 7711): 	at com.meridian.metsdot.data.MiscDataManager$FetchJSON.doInBackground(MiscDataManager.java:124)
E/amdss   ( 7711): 	at android.os.AsyncTask$2.call(AsyncTask.java:288)
E/amdss   ( 7711): 	at java.util.concurrent.FutureTask.run(FutureTask.java:237)
E/amdss   ( 7711): 	at android.os.AsyncTask$SerialExecutor$1.run(AsyncTask.java:231)
E/amdss   ( 7711): 	at java.util.concurrent.ThreadPoolExecutor.runWorker(ThreadPoolExecutor.java:1112)
E/amdss   ( 7711): 	at java.util.concurrent.ThreadPoolExecutor$Worker.run(ThreadPoolExecutor.java:587)
E/amdss   ( 7711): 	at java.lang.Thread.run(Thread.java:841)
I/System.out( 7711): body:<com.meridian.metsdot.connection.Download: java.lang.String readStreamToString(java.lang.String,java.lang.String)>	sig:specialinvoke $r5.<java.net.URL: void <init>(java.lang.String)>($r0)	timediff:0
I/System.out( 7711): <com.meridian.metsdot.connection.Download: java.lang.String readStreamToString(java.lang.String,java.lang.String)>###specialinvoke $r5.<java.net.URL: void <init>(java.lang.String)>($r0)###http://files0.iteriscdn.com/safetravel/sd3/nws_legend.json
I/System.out( 7711): body:<com.meridian.metsdot.connection.Download: java.net.HttpURLConnection getURLConnection(java.net.URL,java.lang.String)>	sig:$r3 = virtualinvoke $r0.<java.net.URL: java.net.URLConnection openConnection()>()	timediff:0
I/System.out( 7711): body:<com.meridian.metsdot.connection.Download: java.net.HttpURLConnection getURLConnection(java.net.URL,java.lang.String)>	sig:virtualinvoke $r4.<java.net.HttpURLConnection: void setRequestProperty(java.lang.String,java.lang.String)>("Connection", "Keep-Alive")	timediff:0
I/System.out( 7711): body:<com.meridian.metsdot.connection.Download: java.net.HttpURLConnection getURLConnection(java.net.URL,java.lang.String)>	sig:virtualinvoke $r4.<java.net.HttpURLConnection: void setConnectTimeout(int)>(30000)	timediff:0
I/System.out( 7711): body:<com.meridian.metsdot.connection.Download: java.net.HttpURLConnection getURLConnection(java.net.URL,java.lang.String)>	sig:virtualinvoke $r4.<java.net.HttpURLConnection: void setReadTimeout(int)>(60000)	timediff:0
I/System.out( 7711): body:<com.meridian.metsdot.connection.Download: java.net.HttpURLConnection getURLConnection(java.net.URL,java.lang.String)>	sig:virtualinvoke $r4.<java.net.HttpURLConnection: void setRequestProperty(java.lang.String,java.lang.String)>("User-Agent", $r2)	timediff:0
I/System.out( 7711): body:<com.meridian.metsdot.connection.Download: java.io.InputStream getInputStream(java.net.URL,java.lang.String)>	sig:virtualinvoke $r2.<java.net.HttpURLConnection: void setDoInput(boolean)>(1)	timediff:0
I/System.out( 7711): body:<com.meridian.metsdot.connection.Download: java.io.InputStream getInputStream(java.net.URL,java.lang.String)>	sig:virtualinvoke $r2.<java.net.HttpURLConnection: void setRequestMethod(java.lang.String)>("GET")	timediff:0
I/System.out( 7711): body:<com.meridian.metsdot.connection.Download: java.io.InputStream getInputStream(java.net.HttpURLConnection,java.lang.String)>	sig:$r3 = virtualinvoke $r0.<java.net.HttpURLConnection: java.net.URL getURL()>()	timediff:0
I/System.out( 7711): body:<com.meridian.metsdot.connection.Download: java.io.InputStream getInputStream(java.net.HttpURLConnection,java.lang.String)>	sig:$r4 = virtualinvoke $r3.<java.net.URL: java.lang.String toString()>()	timediff:0
I/System.out( 7711): body:<com.meridian.metsdot.connection.Download: java.io.InputStream getInputStream(java.net.HttpURLConnection,java.lang.String)>	sig:$r5 = virtualinvoke $r0.<java.net.HttpURLConnection: java.util.Map getHeaderFields()>()	timediff:91
I/System.out( 7711): body:<com.meridian.metsdot.connection.Download: java.io.InputStream getInputStream(java.net.HttpURLConnection,java.lang.String)>	sig:$r6 = virtualinvoke $r0.<java.net.HttpURLConnection: java.io.InputStream getInputStream()>()	timediff:0
I/System.out( 7711): body:<empirical.HelperClass: void printURLInfo(java.lang.String,java.lang.String,java.net.URLConnection)>	sig:$r0 = virtualinvoke urlConnection.<java.net.URLConnection: java.net.URL getURL()>()	timediff:0
I/System.out( 7711): body:<empirical.HelperClass: void printURLInfo(java.lang.String,java.lang.String,java.net.URLConnection)>	sig:urlString = virtualinvoke $r0.<java.net.URL: java.lang.String toString()>()	timediff:0
I/System.out( 7711): body:<empirical.HelperClass: void printURLInfo(java.lang.String,java.lang.String,java.net.URLConnection)>	sig:isDoOutput = virtualinvoke urlConnection.<java.net.URLConnection: boolean getDoOutput()>()	timediff:0
I/System.out( 7711): body:<empirical.HelperClass: java.lang.String getHeaderField(java.net.URLConnection,java.lang.String)>	sig:data = virtualinvoke conn.<java.net.URLConnection: java.lang.String getHeaderField(java.lang.String)>(field)	timediff:0
I/System.out( 7711): body:<empirical.HelperClass: java.lang.String getHeaderField(java.net.URLConnection,java.lang.String)>	sig:data = virtualinvoke conn.<java.net.URLConnection: java.lang.String getHeaderField(java.lang.String)>(field)	timediff:0
I/System.out( 7711): body:<empirical.HelperClass: java.lang.String getHeaderField(java.net.URLConnection,java.lang.String)>	sig:data = virtualinvoke conn.<java.net.URLConnection: java.lang.String getHeaderField(java.lang.String)>(field)	timediff:0
I/System.out( 7711): body:<empirical.HelperClass: java.lang.String getHeaderField(java.net.URLConnection,java.lang.String)>	sig:data = virtualinvoke conn.<java.net.URLConnection: java.lang.String getHeaderField(java.lang.String)>(field)	timediff:0
I/System.out( 7711): body:<empirical.HelperClass: java.lang.String getHeaderField(java.net.URLConnection,java.lang.String)>	sig:data = virtualinvoke conn.<java.net.URLConnection: java.lang.String getHeaderField(java.lang.String)>(field)	timediff:0
I/System.out( 7711): URLConn;%;2;%;<com.meridian.metsdot.connection.Download: java.io.InputStream getInputStream(java.net.HttpURLConnection,java.lang.String)>;%;$r6 = virtualinvoke $r0.<java.net.HttpURLConnection: java.io.InputStream getInputStream()>();%;http://files0.iteriscdn.com/safetravel/sd3/nws_legend.json;%;false;%;Not found;%;public,max-age=180;%;Not found;%;146;%;Not found
I/System.out( 7711): body:<com.meridian.metsdot.connection.Download: java.io.InputStream getInputStream(java.net.HttpURLConnection,java.lang.String)>	sig:$r3 = virtualinvoke $r0.<java.net.HttpURLConnection: java.net.URL getURL()>()	timediff:0
I/System.out( 7711): body:<com.meridian.metsdot.connection.Download: java.io.InputStream getInputStream(java.net.HttpURLConnection,java.lang.String)>	sig:$r4 = virtualinvoke $r3.<java.net.URL: java.lang.String toString()>()	timediff:1
I/System.out( 7711): body:<com.meridian.metsdot.connection.Download: java.io.InputStream getInputStream(java.net.HttpURLConnection,java.lang.String)>	sig:$r3 = virtualinvoke $r0.<java.net.HttpURLConnection: java.net.URL getURL()>()	timediff:0
I/System.out( 7711): body:<com.meridian.metsdot.connection.Download: java.io.InputStream getInputStream(java.net.HttpURLConnection,java.lang.String)>	sig:$r4 = virtualinvoke $r3.<java.net.URL: java.lang.String toString()>()	timediff:0
I/System.out( 7711): body:<com.meridian.metsdot.connection.Download: java.lang.String readStreamToString(java.lang.String,java.lang.String)>	sig:specialinvoke $r5.<java.net.URL: void <init>(java.lang.String)>($r0)	timediff:0
I/System.out( 7711): <com.meridian.metsdot.connection.Download: java.lang.String readStreamToString(java.lang.String,java.lang.String)>###specialinvoke $r5.<java.net.URL: void <init>(java.lang.String)>($r0)###http://files0.iteriscdn.com/safetravel/sd3/mdss_message_locations.json
I/System.out( 7711): body:<com.meridian.metsdot.connection.Download: java.net.HttpURLConnection getURLConnection(java.net.URL,java.lang.String)>	sig:$r3 = virtualinvoke $r0.<java.net.URL: java.net.URLConnection openConnection()>()	timediff:0
I/System.out( 7711): body:<com.meridian.metsdot.connection.Download: java.net.HttpURLConnection getURLConnection(java.net.URL,java.lang.String)>	sig:virtualinvoke $r4.<java.net.HttpURLConnection: void setRequestProperty(java.lang.String,java.lang.String)>("Connection", "Keep-Alive")	timediff:0
I/System.out( 7711): body:<com.meridian.metsdot.connection.Download: java.net.HttpURLConnection getURLConnection(java.net.URL,java.lang.String)>	sig:virtualinvoke $r4.<java.net.HttpURLConnection: void setConnectTimeout(int)>(30000)	timediff:0
I/System.out( 7711): body:<com.meridian.metsdot.connection.Download: java.net.HttpURLConnection getURLConnection(java.net.URL,java.lang.String)>	sig:virtualinvoke $r4.<java.net.HttpURLConnection: void setReadTimeout(int)>(60000)	timediff:0
I/System.out( 7711): body:<com.meridian.metsdot.connection.Download: java.net.HttpURLConnection getURLConnection(java.net.URL,java.lang.String)>	sig:virtualinvoke $r4.<java.net.HttpURLConnection: void setRequestProperty(java.lang.String,java.lang.String)>("User-Agent", $r2)	timediff:0
I/System.out( 7711): body:<com.meridian.metsdot.connection.Download: java.io.InputStream getInputStream(java.net.URL,java.lang.String)>	sig:virtualinvoke $r2.<java.net.HttpURLConnection: void setDoInput(boolean)>(1)	timediff:0
I/System.out( 7711): body:<com.meridian.metsdot.connection.Download: java.io.InputStream getInputStream(java.net.URL,java.lang.String)>	sig:virtualinvoke $r2.<java.net.HttpURLConnection: void setRequestMethod(java.lang.String)>("GET")	timediff:0
I/System.out( 7711): body:<com.meridian.metsdot.connection.Download: java.io.InputStream getInputStream(java.net.HttpURLConnection,java.lang.String)>	sig:$r3 = virtualinvoke $r0.<java.net.HttpURLConnection: java.net.URL getURL()>()	timediff:0
I/System.out( 7711): body:<com.meridian.metsdot.connection.Download: java.io.InputStream getInputStream(java.net.HttpURLConnection,java.lang.String)>	sig:$r4 = virtualinvoke $r3.<java.net.URL: java.lang.String toString()>()	timediff:0
I/System.out( 7711): body:<com.meridian.metsdot.connection.Download: java.io.InputStream getInputStream(java.net.HttpURLConnection,java.lang.String)>	sig:$r5 = virtualinvoke $r0.<java.net.HttpURLConnection: java.util.Map getHeaderFields()>()	timediff:153
I/System.out( 7711): body:<com.meridian.metsdot.connection.Download: java.io.InputStream getInputStream(java.net.HttpURLConnection,java.lang.String)>	sig:$r6 = virtualinvoke $r0.<java.net.HttpURLConnection: java.io.InputStream getInputStream()>()	timediff:0
I/System.out( 7711): body:<empirical.HelperClass: void printURLInfo(java.lang.String,java.lang.String,java.net.URLConnection)>	sig:$r0 = virtualinvoke urlConnection.<java.net.URLConnection: java.net.URL getURL()>()	timediff:0
I/System.out( 7711): body:<empirical.HelperClass: void printURLInfo(java.lang.String,java.lang.String,java.net.URLConnection)>	sig:urlString = virtualinvoke $r0.<java.net.URL: java.lang.String toString()>()	timediff:0
I/System.out( 7711): body:<empirical.HelperClass: void printURLInfo(java.lang.String,java.lang.String,java.net.URLConnection)>	sig:isDoOutput = virtualinvoke urlConnection.<java.net.URLConnection: boolean getDoOutput()>()	timediff:0
I/System.out( 7711): body:<empirical.HelperClass: java.lang.String getHeaderField(java.net.URLConnection,java.lang.String)>	sig:data = virtualinvoke conn.<java.net.URLConnection: java.lang.String getHeaderField(java.lang.String)>(field)	timediff:0
I/System.out( 7711): body:<empirical.HelperClass: java.lang.String getHeaderField(java.net.URLConnection,java.lang.String)>	sig:data = virtualinvoke conn.<java.net.URLConnection: java.lang.String getHeaderField(java.lang.String)>(field)	timediff:0
I/System.out( 7711): body:<empirical.HelperClass: java.lang.String getHeaderField(java.net.URLConnection,java.lang.String)>	sig:data = virtualinvoke conn.<java.net.URLConnection: java.lang.String getHeaderField(java.lang.String)>(field)	timediff:0
I/System.out( 7711): body:<empirical.HelperClass: java.lang.String getHeaderField(java.net.URLConnection,java.lang.String)>	sig:data = virtualinvoke conn.<java.net.URLConnection: java.lang.String getHeaderField(java.lang.String)>(field)	timediff:0
I/System.out( 7711): body:<empirical.HelperClass: java.lang.String getHeaderField(java.net.URLConnection,java.lang.String)>	sig:data = virtualinvoke conn.<java.net.URLConnection: java.lang.String getHeaderField(java.lang.String)>(field)	timediff:0
I/System.out( 7711): URLConn;%;3;%;<com.meridian.metsdot.connection.Download: java.io.InputStream getInputStream(java.net.HttpURLConnection,java.lang.String)>;%;$r6 = virtualinvoke $r0.<java.net.HttpURLConnection: java.io.InputStream getInputStream()>();%;http://files0.iteriscdn.com/safetravel/sd3/mdss_message_locations.json;%;false;%;Not found;%;public,max-age=294;%;Not found;%;61;%;Not found
I/System.out( 7711): body:<com.meridian.metsdot.connection.Download: java.io.InputStream getInputStream(java.net.HttpURLConnection,java.lang.String)>	sig:$r3 = virtualinvoke $r0.<java.net.HttpURLConnection: java.net.URL getURL()>()	timediff:0
I/System.out( 7711): body:<com.meridian.metsdot.connection.Download: java.io.InputStream getInputStream(java.net.HttpURLConnection,java.lang.String)>	sig:$r4 = virtualinvoke $r3.<java.net.URL: java.lang.String toString()>()	timediff:0
I/System.out( 7711): body:<com.meridian.metsdot.connection.Download: java.io.InputStream getInputStream(java.net.HttpURLConnection,java.lang.String)>	sig:$r3 = virtualinvoke $r0.<java.net.HttpURLConnection: java.net.URL getURL()>()	timediff:0
I/System.out( 7711): body:<com.meridian.metsdot.connection.Download: java.io.InputStream getInputStream(java.net.HttpURLConnection,java.lang.String)>	sig:$r4 = virtualinvoke $r3.<java.net.URL: java.lang.String toString()>()	timediff:0
I/ActivityManager(  481): START u0 {act=android.intent.action.MAIN cat=[android.intent.category.LAUNCHER] flg=0x10200000 cmp=com.meridian.metsdot/.view.HomeActivity} from pid 7701
I/InputDispatcher(  481): Dropped event because of pending overdue app switch.
W/InputManager(  481): Input event injection from pid 7701 failed.
I/ActivityManager(  481): START u0 {act=android.intent.action.MAIN cat=[android.intent.category.LAUNCHER] flg=0x10200000 cmp=com.meridian.metsdot/.view.HomeActivity} from pid 7701
I/ActivityManager(  481): START u0 {act=android.intent.action.MAIN cat=[android.intent.category.LAUNCHER] flg=0x10200000 cmp=com.meridian.metsdot/.view.HomeActivity} from pid 7701
V/PanelView(  534): animationTick called with dtms=0; nothing to do (h=0.0 v=-0.0)
V/PanelView(  534): animationTick called with dtms=0; nothing to do (h=0.0 v=-0.0)
I/ActivityManager(  481): START u0 {act=android.intent.action.CALL_BUTTON flg=0x10000000} from pid 7711
W/PhoneFallbackEventHandler( 7711): No activity found for android.intent.action.CALL_BUTTON.
V/FlingTracker(  534): computeCurrentVelocity warning: totalweight=0
V/FlingTracker(  534): java.lang.Throwable
V/FlingTracker(  534): 	at com.android.systemui.statusbar.phone.PanelView$FlingTracker.computeCurrentVelocity(PanelView.java:162)
V/FlingTracker(  534): 	at com.android.systemui.statusbar.phone.PanelView$3.onTouch(PanelView.java:462)
V/FlingTracker(  534): 	at android.view.View.dispatchTouchEvent(View.java:7701)
V/FlingTracker(  534): 	at com.android.systemui.statusbar.phone.NotificationPanelView.onTouchEvent(NotificationPanelView.java:138)
V/FlingTracker(  534): 	at com.android.systemui.statusbar.phone.PanelBar.onTouchEvent(PanelBar.java:130)
V/FlingTracker(  534): 	at com.android.systemui.statusbar.phone.PhoneStatusBarView.onTouchEvent(PhoneStatusBarView.java:201)
V/FlingTracker(  534): 	at android.view.View.dispatchTouchEvent(View.java:7706)
V/FlingTracker(  534): 	at android.view.ViewGroup.dispatchTransformedTouchEvent(ViewGroup.java:2210)
V/FlingTracker(  534): 	at android.view.ViewGroup.dispatchTouchEvent(ViewGroup.java:1945)
V/FlingTracker(  534): 	at android.view.ViewGroup.dispatchTransformedTouchEvent(ViewGroup.java:2216)
V/FlingTracker(  534): 	at android.view.ViewGroup.dispatchTouchEvent(ViewGroup.java:1959)
V/FlingTracker(  534): 	at android.view.View.dispatchPointerEvent(View.java:7886)
V/FlingTracker(  534): 	at android.view.ViewRootImpl$ViewPostImeInputStage.processPointerEvent(ViewRootImpl.java:3978)
V/FlingTracker(  534): 	at android.view.ViewRootImpl$ViewPostImeInputStage.onProcess(ViewRootImpl.java:3857)
V/FlingTracker(  534): 	at android.view.ViewRootImpl$InputStage.deliver(ViewRootImpl.java:3423)
V/FlingTracker(  534): 	at android.view.ViewRootImpl$InputStage.onDeliverToNext(ViewRootImpl.java:3473)
V/FlingTracker(  534): 	at android.view.ViewRootImpl$InputStage.forward(ViewRootImpl.java:3442)
V/FlingTracker(  534): 	at android.view.ViewRootImpl$AsyncInputStage.forward(ViewRootImpl.java:3549)
V/FlingTracker(  534): 	at android.view.ViewRootImpl$InputStage.apply(ViewRootImpl.java:3450)
V/FlingTracker(  534): 	at android.view.ViewRootImpl$AsyncInputStage.apply(ViewRootImpl.java:3606)
V/FlingTracker(  534): 	at android.view.ViewRootImpl$InputStage.deliver(ViewRootImpl.java:3423)
V/FlingTracker(  534): 	at android.view.ViewRootImpl$InputStage.onDeliverToNext(ViewRootImpl.java:3473)
V/FlingTracker(  534): 	at android.view.ViewRootImpl$InputStage.forward(ViewRootImpl.java:3442)
V/FlingTracker(  534): 	at android.view.ViewRootImpl$InputStage.apply(ViewRootImpl.java:3450)
V/FlingTracker(  534): 	at android.view.ViewRootImpl$InputStage.deliver(ViewRootImpl.java:3423)
V/FlingTracker(  534): 	at android.view.ViewRootImpl.deliverInputEvent(ViewRootImpl.java:5626)
V/FlingTracker(  534): 	at android.view.ViewRootImpl.doProcessInputEvents(ViewRootImpl.java:5606)
V/FlingTracker(  534): 	at android.view.ViewRootImpl.enqueueInputEvent(ViewRootImpl.java:5577)
V/FlingTracker(  534): 	at android.view.ViewRootImpl$WindowInputEventReceiver.onInputEvent(ViewRootImpl.java:5706)
V/FlingTracker(  534): 	at android.view.InputEventReceiver.dispatchInputEvent(InputEventReceiver.java:185)
V/FlingTracker(  534): 	at android.os.MessageQueue.nativePollOnce(Native Method)
V/FlingTracker(  534): 	at android.os.MessageQueue.next(MessageQueue.java:138)
V/FlingTracker(  534): 	at android.os.Looper.loop(Looper.java:123)
V/FlingTracker(  534): 	at android.app.ActivityThread.main(ActivityThread.java:5019)
V/FlingTracker(  534): 	at java.lang.reflect.Method.invokeNative(Native Method)
V/FlingTracker(  534): 	at java.lang.reflect.Method.invoke(Method.java:515)
V/FlingTracker(  534): 	at com.android.internal.os.ZygoteInit$MethodAndArgsCaller.run(ZygoteInit.java:779)
V/FlingTracker(  534): 	at com.android.internal.os.ZygoteInit.main(ZygoteInit.java:595)
V/FlingTracker(  534): 	at dalvik.system.NativeStart.main(Native Method)
V/PanelView(  534): animationTick called with dtms=0; nothing to do (h=0.0 v=0.0)
V/PanelView(  534): animationTick called with dtms=-1; nothing to do (h=0.0 v=0.0)
I/ActivityManager(  481): START u0 {act=android.intent.action.MAIN cat=[android.intent.category.LAUNCHER] flg=0x10200000 cmp=com.meridian.metsdot/.view.HomeActivity} from pid 7701
I/ActivityManager(  481): START u0 {act=android.intent.action.MAIN cat=[android.intent.category.LAUNCHER] flg=0x10200000 cmp=com.meridian.metsdot/.view.HomeActivity} from pid 7701
I/ActivityManager(  481): START u0 {act=android.intent.action.MAIN cat=[android.intent.category.LAUNCHER] flg=0x10200000 cmp=com.meridian.metsdot/.view.HomeActivity} from pid 7701
D/BluetoothAdapter(  617): 1249721048: getState() :  mService = null. Returning STATE_OFF
W/WindowManager(  481): updateFocusedWindowLocked, focusedAppToken is null.
W/ViewRootImpl(  534): Dropping event due to no window focus: KeyEvent { action=ACTION_DOWN, keyCode=KEYCODE_F5, scanCode=0, metaState=0, flags=0x8, repeatCount=0, eventTime=363904, downTime=363904, deviceId=-1, source=0x101 }
V/PanelView(  534): animationTick called with dtms=0; nothing to do (h=0.0 v=0.0)
W/ViewRootImpl(  534): Dropping event due to no window focus: KeyEvent { action=ACTION_DOWN, keyCode=KEYCODE_DPAD_CENTER, scanCode=0, metaState=0, flags=0x8, repeatCount=0, eventTime=363910, downTime=363910, deviceId=-1, source=0x101 }
W/ViewRootImpl(  534): Dropping event due to no window focus: KeyEvent { action=ACTION_DOWN, keyCode=KEYCODE_DPAD_LEFT, scanCode=0, metaState=0, flags=0x8, repeatCount=0, eventTime=363911, downTime=363911, deviceId=-1, source=0x101 }
W/ViewRootImpl(  534): Dropping event due to no window focus: KeyEvent { action=ACTION_DOWN, keyCode=KEYCODE_DPAD_CENTER, scanCode=0, metaState=0, flags=0x8, repeatCount=0, eventTime=363912, downTime=363912, deviceId=-1, source=0x101 }
W/ViewRootImpl(  534): Dropping event due to no window focus: KeyEvent { action=ACTION_DOWN, keyCode=KEYCODE_DPAD_CENTER, scanCode=0, metaState=0, flags=0x8, repeatCount=0, eventTime=363913, downTime=363913, deviceId=-1, source=0x101 }
W/ViewRootImpl(  534): Dropping event due to no window focus: KeyEvent { action=ACTION_DOWN, keyCode=KEYCODE_PROG_BLUE, scanCode=0, metaState=0, flags=0x8, repeatCount=0, eventTime=363913, downTime=363913, deviceId=-1, source=0x101 }
W/ContextImpl(  481): Calling a method in the system process without a qualified user: android.app.ContextImpl.sendBroadcast:1123 com.android.server.InputMethodManagerService.hideCurrentInputLocked:1880 com.android.server.InputMethodManagerService.windowGainedFocus:1968 com.android.internal.view.IInputMethodManager$Stub.onTransact:221 com.android.server.InputMethodManagerService.onTransact:818 
W/InputMethodManagerService(  481): Starting input on non-focused client com.android.internal.view.IInputMethodClient$Stub$Proxy@4aa48700 (uid=10086 pid=7711)
W/InputEventReceiver(  534): Attempted to finish an input event but the input event receiver has already been disposed.
W/InputEventReceiver(  534): Attempted to finish an input event but the input event receiver has already been disposed.
W/InputEventReceiver(  534): Attempted to finish an input event but the input event receiver has already been disposed.
W/InputEventReceiver(  534): Attempted to finish an input event but the input event receiver has already been disposed.
W/ViewRootImpl(  534): Dropping event due to root view being removed: MotionEvent { action=ACTION_UP, id[0]=0, x[0]=87.92868, y[0]=408.98553, toolType[0]=TOOL_TYPE_UNKNOWN, buttonState=0, metaState=0, flags=0x0, edgeFlags=0x0, pointerCount=1, historySize=0, eventTime=363960, downTime=363959, deviceId=0, source=0x1002 }
W/ContextImpl(  481): Calling a method in the system process without a qualified user: android.app.ContextImpl.sendBroadcast:1123 com.android.server.InputMethodManagerService.hideCurrentInputLocked:1880 com.android.server.InputMethodManagerService.windowGainedFocus:1968 com.android.internal.view.IInputMethodManager$Stub.onTransact:221 com.android.server.InputMethodManagerService.onTransact:818 
W/ViewRootImpl(  534): Dropping event due to root view being removed: MotionEvent { action=ACTION_MOVE, id[0]=0, x[0]=1.0, y[0]=-4.0, toolType[0]=TOOL_TYPE_UNKNOWN, buttonState=0, metaState=0, flags=0x0, edgeFlags=0x0, pointerCount=1, historySize=2, eventTime=363961, downTime=-1, deviceId=0, source=0x10004 }
W/ViewRootImpl(  534): Dropping event due to root view being removed: KeyEvent { action=ACTION_UP, keyCode=KEYCODE_MENU, scanCode=0, metaState=0, flags=0x8, repeatCount=0, eventTime=363958, downTime=363958, deviceId=-1, source=0x101 }
I/ActivityManager(  481): START u0 {act=android.intent.action.MAIN cat=[android.intent.category.LAUNCHER] flg=0x10200000 cmp=com.meridian.metsdot/.view.HomeActivity} from pid 7701
I/Finsky  ( 1034): [78] com.google.android.finsky.da.a.a.a.b(28): Triggered update for experiment package com.google.android.finsky.stable.
I/Finsky  ( 1034): [80] com.google.android.finsky.da.a.a.a.b(28): Triggered update for experiment package com.google.android.finsky.regular.
W/ProxyAndroidLoggerBackend( 1034): Too many Flogger logs received before configuration. Dropping old logs.
W/ProxyAndroidLoggerBackend( 1034): Too many Flogger logs received before configuration. Dropping old logs.
W/ProxyAndroidLoggerBackend( 1034): Too many Flogger logs received before configuration. Dropping old logs.
W/ProxyAndroidLoggerBackend( 1034): Too many Flogger logs received before configuration. Dropping old logs.
W/ProxyAndroidLoggerBackend( 1034): Too many Flogger logs received before configuration. Dropping old logs.
W/ProxyAndroidLoggerBackend( 1034): Too many Flogger logs received before configuration. Dropping old logs.
I/Finsky  ( 1034): [80] com.google.android.finsky.da.a.a.a.b(73): Already at the latest configurations for experiment package com.google.android.finsky.regular.
W/ProxyAndroidLoggerBackend( 1034): Too many Flogger logs received before configuration. Dropping old logs.
I/Finsky  ( 1034): [78] com.google.android.finsky.da.a.l.a(77): Started writing experiment flags into file [44O8VQCEUzya29uefFMIdRuUEpA].
I/Finsky  ( 1034): [78] com.google.android.finsky.da.a.l.a(129): Finished writing experiment flags into file [44O8VQCEUzya29uefFMIdRuUEpA].
I/Finsky  ( 1034): [78] com.google.android.finsky.da.a.a.a.b(116): Successfully applied new configurations for package com.google.android.finsky.stable.
V/PanelView(  534): animationTick called with dtms=0; nothing to do (h=0.0 v=-0.0)
V/PanelView(  534): animationTick called with dtms=-7; nothing to do (h=0.0 v=-0.0)
I/ActivityManager(  481): START u0 {act=android.intent.action.CALL_BUTTON flg=0x10000000} from pid 7711
W/PhoneFallbackEventHandler( 7711): No activity found for android.intent.action.CALL_BUTTON.
I/ActivityManager(  481): START u0 {act=android.intent.action.MAIN cat=[android.intent.category.LAUNCHER] flg=0x10200000 cmp=com.meridian.metsdot/.view.HomeActivity} from pid 7701
V/FlingTracker(  534): computeCurrentVelocity warning: totalweight=0
V/FlingTracker(  534): java.lang.Throwable
V/FlingTracker(  534): 	at com.android.systemui.statusbar.phone.PanelView$FlingTracker.computeCurrentVelocity(PanelView.java:162)
V/FlingTracker(  534): 	at com.android.systemui.statusbar.phone.PanelView$3.onTouch(PanelView.java:462)
V/FlingTracker(  534): 	at android.view.View.dispatchTouchEvent(View.java:7701)
V/FlingTracker(  534): 	at com.android.systemui.statusbar.phone.NotificationPanelView.onTouchEvent(NotificationPanelView.java:138)
V/FlingTracker(  534): 	at com.android.systemui.statusbar.phone.PanelBar.onTouchEvent(PanelBar.java:130)
V/FlingTracker(  534): 	at com.android.systemui.statusbar.phone.PhoneStatusBarView.onTouchEvent(PhoneStatusBarView.java:201)
V/FlingTracker(  534): 	at android.view.View.dispatchTouchEvent(View.java:7706)
V/FlingTracker(  534): 	at android.view.ViewGroup.dispatchTransformedTouchEvent(ViewGroup.java:2210)
V/FlingTracker(  534): 	at android.view.ViewGroup.dispatchTouchEvent(ViewGroup.java:1945)
V/FlingTracker(  534): 	at android.view.ViewGroup.dispatchTransformedTouchEvent(ViewGroup.java:2216)
V/FlingTracker(  534): 	at android.view.ViewGroup.dispatchTouchEvent(ViewGroup.java:1959)
V/FlingTracker(  534): 	at android.view.View.dispatchPointerEvent(View.java:7886)
V/FlingTracker(  534): 	at android.view.ViewRootImpl$ViewPostImeInputStage.processPointerEvent(ViewRootImpl.java:3978)
V/FlingTracker(  534): 	at android.view.ViewRootImpl$ViewPostImeInputStage.onProcess(ViewRootImpl.java:3857)
V/FlingTracker(  534): 	at android.view.ViewRootImpl$InputStage.deliver(ViewRootImpl.java:3423)
V/FlingTracker(  534): 	at android.view.ViewRootImpl$InputStage.onDeliverToNext(ViewRootImpl.java:3473)
V/FlingTracker(  534): 	at android.view.ViewRootImpl$InputStage.forward(ViewRootImpl.java:3442)
V/FlingTracker(  534): 	at android.view.ViewRootImpl$AsyncInputStage.forward(ViewRootImpl.java:3549)
V/FlingTracker(  534): 	at android.view.ViewRootImpl$InputStage.apply(ViewRootImpl.java:3450)
V/FlingTracker(  534): 	at android.view.ViewRootImpl$AsyncInputStage.apply(ViewRootImpl.java:3606)
V/FlingTracker(  534): 	at android.view.ViewRootImpl$InputStage.deliver(ViewRootImpl.java:3423)
V/FlingTracker(  534): 	at android.view.ViewRootImpl$InputStage.onDeliverToNext(ViewRootImpl.java:3473)
V/FlingTracker(  534): 	at android.view.ViewRootImpl$InputStage.forward(ViewRootImpl.java:3442)
V/FlingTracker(  534): 	at android.view.ViewRootImpl$InputStage.apply(ViewRootImpl.java:3450)
V/FlingTracker(  534): 	at android.view.ViewRootImpl$InputStage.deliver(ViewRootImpl.java:3423)
V/FlingTracker(  534): 	at android.view.ViewRootImpl.deliverInputEvent(ViewRootImpl.java:5626)
V/FlingTracker(  534): 	at android.view.ViewRootImpl.doProcessInputEvents(ViewRootImpl.java:5606)
V/FlingTracker(  534): 	at android.view.ViewRootImpl.enqueueInputEvent(ViewRootImpl.java:5577)
V/FlingTracker(  534): 	at android.view.ViewRootImpl$WindowInputEventReceiver.onInputEvent(ViewRootImpl.java:5706)
V/FlingTracker(  534): 	at android.view.InputEventReceiver.dispatchInputEvent(InputEventReceiver.java:185)
V/FlingTracker(  534): 	at android.os.MessageQueue.nativePollOnce(Native Method)
V/FlingTracker(  534): 	at android.os.MessageQueue.next(MessageQueue.java:138)
V/FlingTracker(  534): 	at android.os.Looper.loop(Looper.java:123)
V/FlingTracker(  534): 	at android.app.ActivityThread.main(ActivityThread.java:5019)
V/FlingTracker(  534): 	at java.lang.reflect.Method.invokeNative(Native Method)
V/FlingTracker(  534): 	at java.lang.reflect.Method.invoke(Method.java:515)
V/FlingTracker(  534): 	at com.android.internal.os.ZygoteInit$MethodAndArgsCaller.run(ZygoteInit.java:779)
V/FlingTracker(  534): 	at com.android.internal.os.ZygoteInit.main(ZygoteInit.java:595)
V/FlingTracker(  534): 	at dalvik.system.NativeStart.main(Native Method)
V/PanelView(  534): animationTick called with dtms=0; nothing to do (h=0.0 v=0.0)
V/PanelView(  534): animationTick called with dtms=0; nothing to do (h=0.0 v=4500.0)
I/ActivityManager(  481): START u0 {act=android.intent.action.MAIN cat=[android.intent.category.LAUNCHER] flg=0x10200000 cmp=com.meridian.metsdot/.view.HomeActivity} from pid 7701
W/WindowManager(  481): updateFocusedWindowLocked, focusedAppToken is null.
W/EGL_emulation(  534): eglSurfaceAttrib not implemented 3093 12436
V/PanelView(  534): animationTick called with dtms=0; nothing to do (h=18.0 v=-3000.0)
V/PanelView(  534): animationTick called with dtms=0; nothing to do (h=18.0 v=-3000.0)
V/PanelView(  534): animationTick called with dtms=0; nothing to do (h=18.0 v=-3000.0)
V/PanelView(  534): animationTick called with dtms=0; nothing to do (h=18.0 v=-3000.0)
V/PanelView(  534): animationTick called with dtms=-10; nothing to do (h=18.0 v=-3000.0)
W/ViewRootImpl(  534): Dropping event due to no window focus: KeyEvent { action=ACTION_DOWN, keyCode=KEYCODE_NUMPAD_7, scanCode=0, metaState=0, flags=0x8, repeatCount=0, eventTime=364522, downTime=364522, deviceId=-1, source=0x101 }
W/InputMethodManagerService(  481): Window already focused, ignoring focus gain of: com.android.internal.view.IInputMethodClient$Stub$Proxy@4aa30b78 attribute=null, token = android.os.BinderProxy@4a999770
V/PanelView(  534): animationTick called with dtms=0; nothing to do (h=18.0 v=-3000.0)
V/PanelView(  534): animationTick called with dtms=0; nothing to do (h=18.0 v=-3000.0)
W/ViewRootImpl(  534): Dropping event due to no window focus: KeyEvent { action=ACTION_DOWN, keyCode=KEYCODE_MOVE_HOME, scanCode=0, metaState=0, flags=0x8, repeatCount=0, eventTime=364522, downTime=364522, deviceId=-1, source=0x101 }
V/PanelView(  534): animationTick called with dtms=0; nothing to do (h=18.0 v=-3000.0)
V/PanelView(  534): animationTick called with dtms=0; nothing to do (h=18.0 v=-3000.0)
V/PanelView(  534): animationTick called with dtms=0; nothing to do (h=18.0 v=-3000.0)
V/PanelView(  534): animationTick called with dtms=0; nothing to do (h=18.0 v=-3000.0)
V/PanelView(  534): animationTick called with dtms=0; nothing to do (h=18.0 v=-3000.0)
V/PanelView(  534): animationTick called with dtms=0; nothing to do (h=18.0 v=-3000.0)
V/PanelView(  534): animationTick called with dtms=-15; nothing to do (h=18.0 v=-3000.0)
D/BluetoothAdapter(  617): 1249721048: getState() :  mService = null. Returning STATE_OFF
W/WindowManager(  481): updateFocusedWindowLocked, focusedAppToken is null.
I/ActivityManager(  481): START u0 {act=android.intent.action.MAIN cat=[android.intent.category.LAUNCHER] flg=0x10200000 cmp=com.meridian.metsdot/.view.HomeActivity} from pid 7701
W/ContextImpl(  481): Calling a method in the system process without a qualified user: android.app.ContextImpl.sendBroadcast:1123 com.android.server.InputMethodManagerService.hideCurrentInputLocked:1880 com.android.server.InputMethodManagerService.windowGainedFocus:1968 com.android.internal.view.IInputMethodManager$Stub.onTransact:221 com.android.server.InputMethodManagerService.onTransact:818 
W/InputMethodManagerService(  481): Starting input on non-focused client com.android.internal.view.IInputMethodClient$Stub$Proxy@4aa48700 (uid=10086 pid=7711)
W/EGL_emulation(  534): eglSurfaceAttrib not implemented 3093 12436
W/ContextImpl(  481): Calling a method in the system process without a qualified user: android.app.ContextImpl.sendBroadcast:1123 com.android.server.InputMethodManagerService.hideCurrentInputLocked:1880 com.android.server.InputMethodManagerService.windowGainedFocus:1968 com.android.internal.view.IInputMethodManager$Stub.onTransact:221 com.android.server.InputMethodManagerService.onTransact:818 
W/InputEventReceiver(  534): Attempted to finish an input event but the input event receiver has already been disposed.
W/InputEventReceiver(  534): Attempted to finish an input event but the input event receiver has already been disposed.
W/InputEventReceiver(  534): Attempted to finish an input event but the input event receiver has already been disposed.
W/InputEventReceiver(  534): Attempted to finish an input event but the input event receiver has already been disposed.
W/InputEventReceiver(  534): Attempted to finish an input event but the input event receiver has already been disposed.
W/ViewRootImpl(  534): Dropping event due to root view being removed: MotionEvent { action=ACTION_POINTER_DOWN(1), id[0]=0, x[0]=676.6277, y[0]=674.7395, toolType[0]=TOOL_TYPE_UNKNOWN, id[1]=1, x[1]=356.0, y[1]=569.0, toolType[1]=TOOL_TYPE_UNKNOWN, buttonState=0, metaState=0, flags=0x0, edgeFlags=0x0, pointerCount=2, historySize=0, eventTime=364718, downTime=364718, deviceId=0, source=0x1002 }
W/ViewRootImpl(  534): Dropping event due to root view being removed: MotionEvent { action=ACTION_MOVE, id[0]=0, x[0]=720.0, y[0]=703.2643, toolType[0]=TOOL_TYPE_UNKNOWN, id[1]=1, x[1]=447.07587, y[1]=476.4867, toolType[1]=TOOL_TYPE_UNKNOWN, buttonState=0, metaState=0, flags=0x0, edgeFlags=0x0, pointerCount=2, historySize=7, eventTime=364720, downTime=364718, deviceId=0, source=0x1002 }
W/ViewRootImpl(  534): Dropping event due to root view being removed: MotionEvent { action=ACTION_POINTER_UP(1), id[0]=0, x[0]=720.0, y[0]=706.0, toolType[0]=TOOL_TYPE_UNKNOWN, id[1]=1, x[1]=447.17517, y[1]=467.93872, toolType[1]=TOOL_TYPE_UNKNOWN, buttonState=0, metaState=0, flags=0x0, edgeFlags=0x0, pointerCount=2, historySize=0, eventTime=364720, downTime=364718, deviceId=0, source=0x1002 }
W/ViewRootImpl(  534): Dropping event due to root view being removed: MotionEvent { action=ACTION_UP, id[0]=0, x[0]=720.0, y[0]=706.0, toolType[0]=TOOL_TYPE_UNKNOWN, buttonState=0, metaState=0, flags=0x0, edgeFlags=0x0, pointerCount=1, historySize=0, eventTime=364720, downTime=364718, deviceId=0, source=0x1002 }
I/ActivityManager(  481): START u0 {act=android.intent.action.MAIN cat=[android.intent.category.HOME] flg=0x10200000 cmp=com.vphone.launcher/.Launcher} from pid 481
D/dalvikvm(  481): GC_CONCURRENT freed 2663K, 41% free 15691K/26180K, paused 1ms+2ms, total 19ms
E/SurfaceFlinger(  167): glCheckFramebufferStatusOES error 36054
E/SurfaceFlinger(  167): got GL_FRAMEBUFFER_COMPLETE_OES error while taking screenshot
D/dalvikvm(  534): GC_CONCURRENT freed 2203K, 37% free 9438K/14896K, paused 0ms+1ms, total 5ms
D/SurfaceFlinger(  167): setOrientation, mFbdev=0xb9358050, mFbDev->setOrientation=0xb6967ce0, orientation=0
I/gralloc_nox(  167): setOrientation: orientation=0
I/InputReader(  481): Reconfiguring input devices.  changes=0x00000004
I/InputReader(  481): Device reconfigured: id=1, name='seamless mouse', size 1280x720, orientation 0, mode 1, display id 0
I/InputReader(  481): Device reconfigured: id=3, name='Android Input', size 1280x720, orientation 0, mode 1, display id 0
I/InputReader(  481): Reconfiguring input devices.  changes=0x00000004
I/InputReader(  481): Device reconfigured: id=8, name='VirtualBox USB Tablet', size 1280x720, orientation 0, mode 1, display id 0
I/ActivityManager(  481): Config changes=480 {1.0 310mcc16mnc en_US ldltr sw480dp w853dp h454dp 240dpi lrg long land finger qwerty/v/v dpad/v s.22}
D/Tinker.DefaultAppLike(  679): onConfigurationChanged:{1.0 310mcc16mnc en_US ldltr sw480dp w853dp h454dp 240dpi lrg long land finger qwerty/v/v dpad/v s.22}
D/Sensors (  481): Client connection accepted (82)
I/AndroidRuntime( 7701): VM exiting with result code 0.
D/PhoneStatusBar(  534): mSettingsPanelGravity = 55
W/EGL_emulation( 7711): eglSurfaceAttrib not implemented 3093 12436
W/EGL_emulation(  534): eglSurfaceAttrib not implemented 3093 12436
W/EGL_emulation( 7711): eglSurfaceAttrib not implemented 3093 12436
