I/System.out(15735): body:<com.hcom.android.c.a.a: java.util.Map get(java.net.URI,java.util.Map)>	sig:$r6 = virtualinvoke $r1.<java.net.URI: java.lang.String getScheme()>()	timediff:0
D/dalvikvm(15735): GC_CONCURRENT freed 2998K, 20% free 12414K/15468K, paused 2ms+1ms, total 16ms
I/System.out(15735): body:<com.hcom.android.c.a.a: java.util.Map get(java.net.URI,java.util.Map)>	sig:$r6 = virtualinvoke $r1.<java.net.URI: java.lang.String getHost()>()	timediff:0
I/System.out(15735): body:<com.hcom.android.common.h.d: java.lang.String a(java.net.URI,java.lang.String,java.net.CookieHandler)>	sig:$r5 = virtualinvoke $r2.<java.net.CookieHandler: java.util.Map get(java.net.URI,java.util.Map)>($r0, null)	timediff:5
I/System.out(15735): body:<com.hcom.android.a.a.b.c: void a(java.net.URLConnection)>	sig:$r8 = virtualinvoke $r0.<java.net.URLConnection: java.util.Map getRequestProperties()>()	timediff:0
I/System.out(15735): body:<com.hcom.android.c.a.a: java.util.Map get(java.net.URI,java.util.Map)>	sig:$r6 = virtualinvoke $r1.<java.net.URI: java.lang.String getScheme()>()	timediff:0
I/System.out(15735): body:<com.hcom.android.c.a.a: java.util.Map get(java.net.URI,java.util.Map)>	sig:$r6 = virtualinvoke $r1.<java.net.URI: java.lang.String getHost()>()	timediff:0
W/EGL_emulation(15735): eglSurfaceAttrib not implemented 3093 12436
W/ViewRootImpl(15735): Dropping event due to no window focus: KeyEvent { action=ACTION_DOWN, keyCode=KEYCODE_VOLUME_DOWN, scanCode=0, metaState=0, flags=0x8, repeatCount=0, eventTime=4586858, downTime=4586858, deviceId=-1, source=0x101 }
W/ViewRootImpl(15735): Dropping event due to no window focus: KeyEvent { action=ACTION_DOWN, keyCode=KEYCODE_DPAD_UP, scanCode=0, metaState=0, flags=0x8, repeatCount=0, eventTime=4587318, downTime=4587318, deviceId=-1, source=0x101 }
D//LoadedApk.java:1110(15735): 13:29:25.307 main Bound to service : HotelsSpiceService
D//SourceFile:248(15735): 13:29:25.307 SpiceManagerThread 0 Bound ok.
W/ViewRootImpl(15735): Dropping event due to no window focus: KeyEvent { action=ACTION_DOWN, keyCode=KEYCODE_DPAD_RIGHT, scanCode=0, metaState=0, flags=0x8, repeatCount=0, eventTime=4587371, downTime=4587371, deviceId=-1, source=0x101 }
W/ViewRootImpl(15735): Dropping event due to no window focus: KeyEvent { action=ACTION_DOWN, keyCode=KEYCODE_DPAD_RIGHT, scanCode=0, metaState=0, flags=0x8, repeatCount=0, eventTime=4587379, downTime=4587379, deviceId=-1, source=0x101 }
W/ViewRootImpl(15735): Dropping event due to no window focus: KeyEvent { action=ACTION_DOWN, keyCode=KEYCODE_CALL, scanCode=0, metaState=0, flags=0x8, repeatCount=0, eventTime=4587380, downTime=4587380, deviceId=-1, source=0x101 }
W/ViewRootImpl(15735): Dropping event due to no window focus: KeyEvent { action=ACTION_DOWN, keyCode=KEYCODE_DPAD_UP, scanCode=0, metaState=0, flags=0x8, repeatCount=0, eventTime=4587381, downTime=4587381, deviceId=-1, source=0x101 }
W/ViewRootImpl(15735): Dropping event due to no window focus: KeyEvent { action=ACTION_DOWN, keyCode=KEYCODE_DPAD_LEFT, scanCode=0, metaState=0, flags=0x8, repeatCount=0, eventTime=4587475, downTime=4587475, deviceId=-1, source=0x101 }
I/System.out(15735): body:<com.hcom.android.modules.common.analytics.b.h: void a(com.b.a,android.app.Application,com.hcom.android.modules.common.analytics.model.OmnitureTagCommandContext)>	sig:specialinvoke $r9.<java.net.URI: void <init>(java.lang.String)>($r7)	timediff:0
I/System.out(15735): body:<com.hcom.android.modules.common.analytics.b.h: void a(com.b.a,android.app.Application,com.hcom.android.modules.common.analytics.model.OmnitureTagCommandContext)>	sig:$r7 = virtualinvoke $r9.<java.net.URI: java.lang.String getHost()>()	timediff:0
I/System.out(15735): body:<com.hcom.android.modules.common.analytics.a.d: java.lang.String a()>	sig:specialinvoke $r5.<java.net.URI: void <init>(java.lang.String)>($r4)	timediff:0
I/System.out(15735): body:<com.hcom.android.modules.common.analytics.a.d: java.lang.String a()>	sig:$r4 = virtualinvoke $r5.<java.net.URI: java.lang.String getHost()>()	timediff:0
I/System.out(15735): body:<com.hcom.android.modules.common.analytics.a.d: java.lang.String a()>	sig:specialinvoke $r5.<java.net.URI: void <init>(java.lang.String)>($r4)	timediff:0
I/System.out(15735): body:<com.hcom.android.modules.common.analytics.a.d: java.lang.String a()>	sig:$r4 = virtualinvoke $r5.<java.net.URI: java.lang.String getHost()>()	timediff:0
I/ActivityManager(  346): Displayed com.hcom.android/.modules.chp.menu.presenter.TabletCHPActivity: +467ms
W/ViewRootImpl(15735): Dropping event due to no window focus: KeyEvent { action=ACTION_DOWN, keyCode=KEYCODE_DPAD_CENTER, scanCode=0, metaState=0, flags=0x8, repeatCount=0, eventTime=4587479, downTime=4587479, deviceId=-1, source=0x101 }
W/ContextImpl(  346): Calling a method in the system process without a qualified user: android.app.ContextImpl.sendBroadcast:1123 com.android.server.InputMethodManagerService.hideCurrentInputLocked:1880 com.android.server.InputMethodManagerService.windowGainedFocus:2000 com.android.internal.view.IInputMethodManager$Stub.onTransact:221 com.android.server.InputMethodManagerService.onTransact:818 
I/ActivityManager(  346): START u0 {flg=0x24000000 cmp=com.hcom.android/.modules.search.form.common.presenter.TabletSearchFormActivity} from pid 15735
D/yeshen  (  670): launcher onstop
D/FirebaseApp(  670): Notifying background state change listeners.
D/Tinker.DefaultAppLike(  670): onTrimMemory level:20
W/DebugConnManager(  670): getNetworkInfo() on networkType 1
W/ViewRootImpl(15735): Dropping event due to no window focus: KeyEvent { action=ACTION_DOWN, keyCode=KEYCODE_DPAD_UP, scanCode=0, metaState=0, flags=0x400, repeatCount=0, eventTime=4587825, downTime=4587825, deviceId=-1, source=0x101 }
W/ViewRootImpl(15735): Dropping event due to no window focus: KeyEvent { action=ACTION_DOWN, keyCode=KEYCODE_DPAD_UP, scanCode=0, metaState=0, flags=0x400, repeatCount=0, eventTime=4587825, downTime=4587825, deviceId=-1, source=0x101 }
W/ViewRootImpl(15735): Dropping event due to no window focus: KeyEvent { action=ACTION_DOWN, keyCode=KEYCODE_DPAD_UP, scanCode=0, metaState=0, flags=0x400, repeatCount=0, eventTime=4587825, downTime=4587825, deviceId=-1, source=0x101 }
W/ViewRootImpl(15735): Dropping event due to no window focus: KeyEvent { action=ACTION_DOWN, keyCode=KEYCODE_DPAD_UP, scanCode=0, metaState=0, flags=0x400, repeatCount=0, eventTime=4587825, downTime=4587825, deviceId=-1, source=0x101 }
I/System.out(15735): body:<com.hcom.android.modules.common.analytics.b.h: void a(com.b.a,android.app.Application,com.hcom.android.modules.common.analytics.model.OmnitureTagCommandContext)>	sig:specialinvoke $r9.<java.net.URI: void <init>(java.lang.String)>($r7)	timediff:0
I/System.out(15735): body:<com.hcom.android.modules.common.analytics.b.h: void a(com.b.a,android.app.Application,com.hcom.android.modules.common.analytics.model.OmnitureTagCommandContext)>	sig:$r7 = virtualinvoke $r9.<java.net.URI: java.lang.String getHost()>()	timediff:0
I/System.out(15735): body:<com.hcom.android.modules.common.analytics.a.d: java.lang.String a()>	sig:specialinvoke $r5.<java.net.URI: void <init>(java.lang.String)>($r4)	timediff:0
I/System.out(15735): body:<com.hcom.android.modules.common.analytics.a.d: java.lang.String a()>	sig:$r4 = virtualinvoke $r5.<java.net.URI: java.lang.String getHost()>()	timediff:0
I/System.out(15735): body:<com.hcom.android.modules.common.analytics.a.d: java.lang.String a()>	sig:specialinvoke $r5.<java.net.URI: void <init>(java.lang.String)>($r4)	timediff:0
I/System.out(15735): body:<com.hcom.android.modules.common.analytics.a.d: java.lang.String a()>	sig:$r4 = virtualinvoke $r5.<java.net.URI: java.lang.String getHost()>()	timediff:0
D//SourceFile:46(15735): 13:29:25.776 main SpiceManager started.
V//Thread.java:841(15735): 13:29:25.777 SpiceManagerThread 0 Binding to service.
V//Thread.java:841(15735): 13:29:25.777 SpiceManagerThread 0 Binding to service succeeded.
D//SourceFile:248(15735): 13:29:25.777 SpiceManagerThread 0 Waiting for service to be bound.
D//SourceFile:61(15735): 13:29:25.779 main SpiceManager stopping.
V//SourceFile:294(15735): 13:29:25.779 main Cleared listeners of all requests to launch
V//SourceFile:753(15735): 13:29:25.779 main Cleared listeners of all pending requests
V//SourceFile:296(15735): 13:29:25.780 main Unbinding from service start.
V//SourceFile:296(15735): 13:29:25.780 main Unbinding from service.
D//SourceFile:296(15735): 13:29:25.780 main Unbound from service : HotelsSpiceService
D//Thread.java:841(15735): 13:29:25.781 SpiceManagerThread 0 Interrupted while waiting for new request.
D//SourceFile:61(15735): 13:29:25.781 main SpiceManager stopped.
D//SourceFile:61(15735): 13:29:25.788 main SpiceManager stopping.
V//SourceFile:294(15735): 13:29:25.788 main Cleared listeners of all requests to launch
V//SourceFile:753(15735): 13:29:25.788 main Cleared listeners of all pending requests
V//SourceFile:296(15735): 13:29:25.788 main Unbinding from service start.
V//SourceFile:296(15735): 13:29:25.789 main Unbinding from service.
D//SourceFile:296(15735): 13:29:25.789 main Unbound from service : HotelsSpiceService
D//Thread.java:841(15735): 13:29:25.790 SpiceManagerThread 0 Interrupted while waiting for new request.
D//SourceFile:61(15735): 13:29:25.790 main SpiceManager stopped.
W/WindowManager(  346): Force-removing child win Window{4aaab80c u0 AtchDlg:com.hcom.android/com.hcom.android.modules.initial.presenter.InitialActivity} from container Window{4aa6e438 u0 com.hcom.android/com.hcom.android.modules.initial.presenter.InitialActivity}
E/WindowManager(15735): 
E/WindowManager(15735): android.view.WindowLeaked: Activity com.hcom.android.modules.initial.presenter.InitialActivity has leaked window com.android.internal.policy.impl.PhoneWindow$DecorView{4ade2d04 V.E..... ......I. 0,0-0,0} that was originally added here
E/WindowManager(15735): 	at android.view.ViewRootImpl.<init>(ViewRootImpl.java:348)
E/WindowManager(15735): 	at android.view.WindowManagerGlobal.addView(WindowManagerGlobal.java:248)
E/WindowManager(15735): 	at android.view.WindowManagerImpl.addView(WindowManagerImpl.java:69)
E/WindowManager(15735): 	at com.android.internal.policy.impl.PhoneWindow.openPanel(PhoneWindow.java:672)
E/WindowManager(15735): 	at com.android.internal.policy.impl.PhoneWindow.onKeyUpPanel(PhoneWindow.java:879)
E/WindowManager(15735): 	at com.android.internal.policy.impl.PhoneWindow.onKeyUp(PhoneWindow.java:1630)
E/WindowManager(15735): 	at com.android.internal.policy.impl.PhoneWindow$DecorView.dispatchKeyEvent(PhoneWindow.java:1969)
E/WindowManager(15735): 	at android.view.ViewRootImpl$ViewPostImeInputStage.processKeyEvent(ViewRootImpl.java:3876)
E/WindowManager(15735): 	at android.view.ViewRootImpl$ViewPostImeInputStage.onProcess(ViewRootImpl.java:3850)
E/WindowManager(15735): 	at android.view.ViewRootImpl$InputStage.deliver(ViewRootImpl.java:3423)
E/WindowManager(15735): 	at android.view.ViewRootImpl$InputStage.onDeliverToNext(ViewRootImpl.java:3473)
E/WindowManager(15735): 	at android.view.ViewRootImpl$InputStage.forward(ViewRootImpl.java:3442)
E/WindowManager(15735): 	at android.view.ViewRootImpl$AsyncInputStage.forward(ViewRootImpl.java:3549)
E/WindowManager(15735): 	at android.view.ViewRootImpl$InputStage.apply(ViewRootImpl.java:3450)
E/WindowManager(15735): 	at android.view.ViewRootImpl$AsyncInputStage.apply(ViewRootImpl.java:3606)
E/WindowManager(15735): 	at android.view.ViewRootImpl$InputStage.deliver(ViewRootImpl.java:3423)
E/WindowManager(15735): 	at android.view.ViewRootImpl$InputStage.onDeliverToNext(ViewRootImpl.java:3473)
E/WindowManager(15735): 	at android.view.ViewRootImpl$InputStage.forward(ViewRootImpl.java:3442)
E/WindowManager(15735): 	at android.view.ViewRootImpl$InputStage.apply(ViewRootImpl.java:3450)
E/WindowManager(15735): 	at android.view.ViewRootImpl$InputStage.deliver(ViewRootImpl.java:3423)
E/WindowManager(15735): 	at android.view.ViewRootImpl$InputStage.onDeliverToNext(ViewRootImpl.java:3473)
E/WindowManager(15735): 	at android.view.ViewRootImpl$InputStage.forward(ViewRootImpl.java:3442)
E/WindowManager(15735): 	at android.view.ViewRootImpl$AsyncInputStage.forward(ViewRootImpl.java:3582)
E/WindowManager(15735): 	at android.view.ViewRootImpl$ImeInputStage.onFinishedInputEvent(ViewRootImpl.java:3742)
E/WindowManager(15735): 	at android.view.inputmethod.InputMethodManager$PendingEvent.run(InputMethodManager.java:2010)
E/WindowManager(15735): 	at android.view.inputmethod.InputMethodManager.invokeFinishedInputEventCallback(InputMethodManager.java:1704)
E/WindowManager(15735): 	at android.view.inputmethod.InputMethodManager.finishedInputEvent(InputMethodManager.java:1695)
E/WindowManager(15735): 	at android.view.inputmethod.InputMethodManager$ImeInputEventSender.onInputEventFinished(InputMethodManager.java:1987)
E/WindowManager(15735): 	at android.view.InputEventSender.dispatchInputEventFinished(InputEventSender.java:141)
E/WindowManager(15735): 	at android.os.MessageQueue.nativePollOnce(Native Method)
E/WindowManager(15735): 	at android.os.MessageQueue.next(MessageQueue.java:138)
E/WindowManager(15735): 	at android.os.Looper.loop(Looper.java:123)
E/WindowManager(15735): 	at android.app.ActivityThread.main(ActivityThread.java:5019)
E/WindowManager(15735): 	at java.lang.reflect.Method.invokeNative(Native Method)
E/WindowManager(15735): 	at java.lang.reflect.Method.invoke(Method.java:515)
E/WindowManager(15735): 	at com.android.internal.os.ZygoteInit$MethodAndArgsCaller.run(ZygoteInit.java:779)
E/WindowManager(15735): 	at com.android.internal.os.ZygoteInit.main(ZygoteInit.java:595)
E/WindowManager(15735): 	at dalvik.system.NativeStart.main(Native Method)
W/EGL_emulation(15735): eglSurfaceAttrib not implemented 3093 12436
D//LoadedApk.java:1110(15735): 13:29:25.813 main Bound to service : HotelsSpiceService
D//SourceFile:248(15735): 13:29:25.814 SpiceManagerThread 0 Bound ok.
V/InputMethodService(  631): onEvaluateInputViewShown: config.hardKeyboardHidden = 1
W/ViewRootImpl(15735): Dropping event due to no window focus: KeyEvent { action=ACTION_DOWN, keyCode=KEYCODE_AT, scanCode=0, metaState=0, flags=0x8, repeatCount=0, eventTime=4587518, downTime=4587518, deviceId=-1, source=0x101 }
W/ViewRootImpl(15735): Dropping event due to no window focus: KeyEvent { action=ACTION_DOWN, keyCode=KEYCODE_MENU, scanCode=0, metaState=0, flags=0x8, repeatCount=0, eventTime=4587882, downTime=4587882, deviceId=-1, source=0x101 }
W/WindowManager(  346): Failed looking up window
W/WindowManager(  346): java.lang.IllegalArgumentException: Requested window android.os.BinderProxy@4aaecf48 does not exist
W/WindowManager(  346): 	at com.android.server.wm.WindowManagerService.windowForClientLocked(WindowManagerService.java:8096)
W/WindowManager(  346): 	at com.android.server.wm.WindowManagerService.windowForClientLocked(WindowManagerService.java:8087)
W/WindowManager(  346): 	at com.android.server.wm.WindowManagerService.removeWindow(WindowManagerService.java:2542)
W/WindowManager(  346): 	at com.android.server.wm.Session.remove(Session.java:181)
W/WindowManager(  346): 	at android.view.IWindowSession$Stub.onTransact(IWindowSession.java:197)
W/WindowManager(  346): 	at com.android.server.wm.Session.onTransact(Session.java:125)
W/WindowManager(  346): 	at android.os.Binder.execTransact(Binder.java:404)
W/WindowManager(  346): 	at dalvik.system.NativeStart.run(Native Method)
W/ViewRootImpl(15735): Dropping event due to no window focus: KeyEvent { action=ACTION_DOWN, keyCode=KEYCODE_BUTTON_SELECT, scanCode=0, metaState=0, flags=0x8, repeatCount=0, eventTime=4587883, downTime=4587883, deviceId=-1, source=0x101 }
W/ContextImpl(  346): Calling a method in the system process without a qualified user: android.app.ContextImpl.sendBroadcast:1123 com.android.server.InputMethodManagerService.showCurrentInputLocked:1791 com.android.server.InputMethodManagerService.showMySoftInput:2319 com.android.internal.view.IInputMethodManager$Stub.onTransact:299 com.android.server.InputMethodManagerService.onTransact:818 
I/System.out(15735): body:<com.hcom.android.c.a.a: void put(java.net.URI,java.util.Map)>	sig:$r11 = virtualinvoke $r1.<java.net.URI: java.lang.String getHost()>()	timediff:0
I/System.out(15735): body:<com.hcom.android.a.a.b.c: boolean a(java.net.HttpURLConnection)>	sig:$i0 = virtualinvoke $r1.<java.net.HttpURLConnection: int getResponseCode()>()	timediff:786
I/System.out(15735): body:<com.hcom.android.a.a.b.c: com.hcom.android.a.a.b.e a(java.lang.String,java.net.HttpURLConnection,com.hcom.android.a.a.b.f,java.lang.String)>	sig:$i0 = virtualinvoke $r6.<java.net.HttpURLConnection: int getResponseCode()>()	timediff:0
I/System.out(15735): body:<com.hcom.android.a.a.b.c: com.hcom.android.a.a.b.e a(java.lang.String,java.net.HttpURLConnection,com.hcom.android.a.a.b.f,java.lang.String)>	sig:$i0 = virtualinvoke $r6.<java.net.HttpURLConnection: int getResponseCode()>()	timediff:0
I/System.out(15735): body:<com.hcom.android.a.a.b.c: com.hcom.android.a.a.b.e a(java.lang.String,java.net.HttpURLConnection,com.hcom.android.a.a.b.f,java.lang.String)>	sig:$r10 = virtualinvoke $r2.<java.net.HttpURLConnection: java.net.URL getURL()>()	timediff:0
I/System.out(15735): body:<com.hcom.android.a.a.b.c: com.hcom.android.a.a.b.e a(java.lang.String,java.net.HttpURLConnection,com.hcom.android.a.a.b.f,java.lang.String)>	sig:$r11 = virtualinvoke $r2.<java.net.HttpURLConnection: java.util.Map getHeaderFields()>()	timediff:1
I/System.out(15735): body:<com.hcom.android.a.a.b.c: void a(com.hcom.android.a.a.b.e)>	sig:$r3 = virtualinvoke $r2.<java.net.HttpURLConnection: java.io.InputStream getInputStream()>()	timediff:0
I/System.out(15735): body:<empirical.HelperClass: void printURLInfo(java.lang.String,java.lang.String,java.net.URLConnection)>	sig:$r0 = virtualinvoke urlConnection.<java.net.URLConnection: java.net.URL getURL()>()	timediff:0
I/System.out(15735): body:<empirical.HelperClass: void printURLInfo(java.lang.String,java.lang.String,java.net.URLConnection)>	sig:urlString = virtualinvoke $r0.<java.net.URL: java.lang.String toString()>()	timediff:0
I/System.out(15735): body:<empirical.HelperClass: void printURLInfo(java.lang.String,java.lang.String,java.net.URLConnection)>	sig:isDoOutput = virtualinvoke urlConnection.<java.net.URLConnection: boolean getDoOutput()>()	timediff:0
I/System.out(15735): body:<empirical.HelperClass: java.lang.String getHeaderField(java.net.URLConnection,java.lang.String)>	sig:data = virtualinvoke conn.<java.net.URLConnection: java.lang.String getHeaderField(java.lang.String)>(field)	timediff:0
I/System.out(15735): body:<empirical.HelperClass: java.lang.String getHeaderField(java.net.URLConnection,java.lang.String)>	sig:data = virtualinvoke conn.<java.net.URLConnection: java.lang.String getHeaderField(java.lang.String)>(field)	timediff:0
I/System.out(15735): body:<empirical.HelperClass: java.lang.String getHeaderField(java.net.URLConnection,java.lang.String)>	sig:data = virtualinvoke conn.<java.net.URLConnection: java.lang.String getHeaderField(java.lang.String)>(field)	timediff:0
I/System.out(15735): body:<empirical.HelperClass: java.lang.String getHeaderField(java.net.URLConnection,java.lang.String)>	sig:data = virtualinvoke conn.<java.net.URLConnection: java.lang.String getHeaderField(java.lang.String)>(field)	timediff:0
I/System.out(15735): body:<empirical.HelperClass: java.lang.String getHeaderField(java.net.URLConnection,java.lang.String)>	sig:data = virtualinvoke conn.<java.net.URLConnection: java.lang.String getHeaderField(java.lang.String)>(field)	timediff:0
I/System.out(15735): URLConn;%;18;%;<com.hcom.android.a.a.b.c: void a(com.hcom.android.a.a.b.e)>;%;$r3 = virtualinvoke $r2.<java.net.HttpURLConnection: java.io.InputStream getInputStream()>();%;http://www.hotels.com/device/search.html?destinationId=1439028&ymCheckIn=2018%7C4&dayInMonthCheckIn=13&ymCheckOut=2018%7C4&dayInMonthCheckOut=14&vt=LIST&disableAdxReport=true&nr=1&r=2;%;false;%;Not found;%;max-age=0, no-cache, no-store;%;Fri, 13 Apr 2018 20:29:25 GMT;%;Not found;%;akacd_pr_5=1526070565~rv=57~id=164ee4852022a91b107a70483674bd67; path=/; Expires=Fri, 11 May 2018 20:29:25 GMT
W/ViewRootImpl(15735): Dropping event due to no window focus: KeyEvent { action=ACTION_DOWN, keyCode=KEYCODE_MENU, scanCode=0, metaState=0, flags=0x8, repeatCount=0, eventTime=4587883, downTime=4587883, deviceId=-1, source=0x101 }
D/dalvikvm(15735): GC_FOR_ALLOC freed 888K, 20% free 12481K/15596K, paused 13ms, total 13ms
D/dalvikvm(15735): GC_FOR_ALLOC freed 72K, 21% free 12517K/15708K, paused 9ms, total 9ms
D/dalvikvm(15735): GC_FOR_ALLOC freed 108K, 21% free 12565K/15788K, paused 11ms, total 11ms
W/RemoteServiceImpl(15735): Main thread was interrupted.
I/System.out(15735): body:<com.hcom.android.a.a.b.c: com.hcom.android.a.a.b.e a(java.lang.String,java.net.HttpURLConnection,com.hcom.android.a.a.b.f,java.lang.String)>	sig:$i0 = virtualinvoke $r6.<java.net.HttpURLConnection: int getResponseCode()>()	timediff:0
I/System.out(15735): body:<com.hcom.android.a.a.b.c: com.hcom.android.a.a.b.e a(java.lang.String,java.net.HttpURLConnection,com.hcom.android.a.a.b.f,java.lang.String)>	sig:virtualinvoke $r2.<java.net.HttpURLConnection: void disconnect()>()	timediff:0
I/System.out(15735): body:<com.hcom.android.a.a.b.d: void run()>	sig:virtualinvoke $r4.<java.net.HttpURLConnection: void disconnect()>()	timediff:0
I/System.out(15735): body:<com.hcom.android.a.a.b.d.c: java.lang.String a(java.lang.String,java.lang.String)>	sig:specialinvoke $r2.<java.net.URL: void <init>(java.lang.String)>($r0)	timediff:0
I/System.out(15735): <com.hcom.android.a.a.b.d.c: java.lang.String a(java.lang.String,java.lang.String)>###specialinvoke $r2.<java.net.URL: void <init>(java.lang.String)>($r0)###http://www.hotels.com/
I/System.out(15735): body:<com.hcom.android.a.a.b.d.c: java.lang.String a(java.lang.String,java.lang.String)>	sig:$r4 = virtualinvoke $r2.<java.net.URL: java.net.URI toURI()>()	timediff:0
I/System.out(15735): body:<com.hcom.android.a.a.b.d.c: java.lang.String a(java.lang.String,java.lang.String)>	sig:$r5 = staticinvoke <java.net.CookieHandler: java.net.CookieHandler getDefault()>()	timediff:0
I/System.out(15735): body:<com.hcom.android.c.a.a: java.util.Map get(java.net.URI,java.util.Map)>	sig:$r6 = virtualinvoke $r1.<java.net.URI: java.lang.String getScheme()>()	timediff:0
I/System.out(15735): body:<com.hcom.android.c.a.a: java.util.Map get(java.net.URI,java.util.Map)>	sig:$r6 = virtualinvoke $r1.<java.net.URI: java.lang.String getHost()>()	timediff:0
I/System.out(15735): body:<com.hcom.android.common.h.d: java.lang.String a(java.net.URI,java.lang.String,java.net.CookieHandler)>	sig:$r5 = virtualinvoke $r2.<java.net.CookieHandler: java.util.Map get(java.net.URI,java.util.Map)>($r0, null)	timediff:0
I/System.out(15735): body:<com.hcom.android.a.a.b.a.c: void a()>	sig:specialinvoke $r1.<java.net.URL: void <init>(java.lang.String)>($r3)	timediff:0
I/System.out(15735): <com.hcom.android.a.a.b.a.c: void a()>###specialinvoke $r1.<java.net.URL: void <init>(java.lang.String)>($r3)###http://www.hotels.com/
I/System.out(15735): body:<com.hcom.android.a.a.b.a.c: void a()>	sig:$r4 = virtualinvoke $r1.<java.net.URL: java.net.URI toURI()>()	timediff:0
I/System.out(15735): body:<com.hcom.android.a.a.b.a.c: void a()>	sig:$r6 = staticinvoke <java.net.CookieHandler: java.net.CookieHandler getDefault()>()	timediff:0
I/System.out(15735): body:<com.hcom.android.c.a.a: java.util.Map get(java.net.URI,java.util.Map)>	sig:$r6 = virtualinvoke $r1.<java.net.URI: java.lang.String getScheme()>()	timediff:0
I/System.out(15735): body:<com.hcom.android.c.a.a: java.util.Map get(java.net.URI,java.util.Map)>	sig:$r6 = virtualinvoke $r1.<java.net.URI: java.lang.String getHost()>()	timediff:0
I/System.out(15735): body:<com.hcom.android.common.h.d: java.lang.String a(java.net.URI,java.lang.String,java.net.CookieHandler)>	sig:$r5 = virtualinvoke $r2.<java.net.CookieHandler: java.util.Map get(java.net.URI,java.util.Map)>($r0, null)	timediff:0
I/System.out(15735): body:<com.hcom.android.a.c.b: void a(android.content.Context,java.lang.String)>	sig:specialinvoke $r2.<java.net.URI: void <init>(java.lang.String)>($r1)	timediff:0
I/System.out(15735): body:<com.hcom.android.a.c.b: void a(android.content.Context,java.net.URI[])>	sig:$r6 = virtualinvoke $r2.<java.net.URI: java.lang.String getHost()>()	timediff:0
I/ActivityManager(  346): Displayed com.hcom.android/.modules.search.form.common.presenter.TabletSearchFormActivity: +123ms
W/ContextImpl(  346): Calling a method in the system process without a qualified user: android.app.ContextImpl.sendBroadcast:1123 com.android.server.InputMethodManagerService.hideCurrentInputLocked:1880 com.android.server.InputMethodManagerService.windowGainedFocus:1995 com.android.internal.view.IInputMethodManager$Stub.onTransact:221 com.android.server.InputMethodManagerService.onTransact:818 
V/InputMethodService(  631): onEvaluateInputViewShown: config.hardKeyboardHidden = 1
W/ContextImpl(  346): Calling a method in the system process without a qualified user: android.app.ContextImpl.sendBroadcast:1123 com.android.server.InputMethodManagerService.showCurrentInputLocked:1791 com.android.server.InputMethodManagerService.showSoftInput:1753 com.android.internal.view.IInputMethodManager$Stub.onTransact:175 com.android.server.InputMethodManagerService.onTransact:818 
V/InputMethodService(  631): onEvaluateInputViewShown: config.hardKeyboardHidden = 1
V/InputMethodService(  631): onEvaluateInputViewShown: config.hardKeyboardHidden = 1
V/InputMethodService(  631): onEvaluateInputViewShown: config.hardKeyboardHidden = 1
V/InputMethodService(  631): onEvaluateInputViewShown: config.hardKeyboardHidden = 1
W/ContextImpl(  346): Calling a method in the system process without a qualified user: android.app.ContextImpl.sendBroadcast:1123 com.android.server.InputMethodManagerService.showCurrentInputLocked:1791 com.android.server.InputMethodManagerService.showSoftInput:1753 com.android.internal.view.IInputMethodManager$Stub.onTransact:175 com.android.server.InputMethodManagerService.onTransact:818 
W/ContextImpl(  346): Calling a method in the system process without a qualified user: android.app.ContextImpl.sendBroadcast:1123 com.android.server.InputMethodManagerService.showCurrentInputLocked:1791 com.android.server.InputMethodManagerService.attachNewInputLocked:1095 com.android.server.InputMethodManagerService.startInputUncheckedLocked:1166 com.android.server.InputMethodManagerService.startInputLocked:1128 
W/ContextImpl(  346): Calling a method in the system process without a qualified user: android.app.ContextImpl.sendBroadcast:1123 com.android.server.InputMethodManagerService.showCurrentInputLocked:1791 com.android.server.InputMethodManagerService.attachNewInputLocked:1095 com.android.server.InputMethodManagerService.startInputUncheckedLocked:1166 com.android.server.InputMethodManagerService.startInputLocked:1128 
W/ContextImpl(  346): Calling a method in the system process without a qualified user: android.app.ContextImpl.sendBroadcast:1123 com.android.server.InputMethodManagerService.showCurrentInputLocked:1791 com.android.server.InputMethodManagerService.showSoftInput:1753 com.android.internal.view.IInputMethodManager$Stub.onTransact:175 com.android.server.InputMethodManagerService.onTransact:818 
D/dalvikvm(15735): GC_CONCURRENT freed 3257K, 21% free 12571K/15888K, paused 2ms+1ms, total 16ms
D/dalvikvm(15735): WAIT_FOR_CONCURRENT_GC blocked 11ms
D/dalvikvm(15735): WAIT_FOR_CONCURRENT_GC blocked 13ms
V/InputMethodService(  631): onEvaluateInputViewShown: config.hardKeyboardHidden = 1
W/ContextImpl(  346): Calling a method in the system process without a qualified user: android.app.ContextImpl.sendBroadcast:1123 com.android.server.InputMethodManagerService.showCurrentInputLocked:1791 com.android.server.InputMethodManagerService.attachNewInputLocked:1095 com.android.server.InputMethodManagerService.startInputUncheckedLocked:1166 com.android.server.InputMethodManagerService.startInputLocked:1128 
V/InputMethodService(  631): onEvaluateInputViewShown: config.hardKeyboardHidden = 1
W/ContextImpl(  346): Calling a method in the system process without a qualified user: android.app.ContextImpl.sendBroadcast:1123 com.android.server.InputMethodManagerService.showCurrentInputLocked:1791 com.android.server.InputMethodManagerService.attachNewInputLocked:1095 com.android.server.InputMethodManagerService.startInputUncheckedLocked:1166 com.android.server.InputMethodManagerService.startInputLocked:1128 
I/ActivityManager(  346): START u0 {act=android.intent.action.MAIN cat=[android.intent.category.LAUNCHER] flg=0x10200000 cmp=com.hcom.android/.modules.initial.presenter.InitialActivity} from pid 15725
V/InputMethodService(  631): onEvaluateInputViewShown: config.hardKeyboardHidden = 1
W/ContextImpl(  346): Calling a method in the system process without a qualified user: android.app.ContextImpl.sendBroadcast:1123 com.android.server.InputMethodManagerService.showCurrentInputLocked:1791 com.android.server.InputMethodManagerService.attachNewInputLocked:1095 com.android.server.InputMethodManagerService.startInputUncheckedLocked:1166 com.android.server.InputMethodManagerService.startInputLocked:1128 
V/InputMethodService(  631): onEvaluateInputViewShown: config.hardKeyboardHidden = 1
W/ContextImpl(  346): Calling a method in the system process without a qualified user: android.app.ContextImpl.sendBroadcast:1123 com.android.server.InputMethodManagerService.showCurrentInputLocked:1791 com.android.server.InputMethodManagerService.attachNewInputLocked:1095 com.android.server.InputMethodManagerService.startInputUncheckedLocked:1166 com.android.server.InputMethodManagerService.startInputLocked:1128 
E/ActivityThread(15735): Failed to find provider info for com.hcom.android.config
I/ActivityManager(  346): START u0 {flg=0x24000000 cmp=com.hcom.android/.modules.chp.menu.presenter.TabletCHPActivity} from pid 15735
W/ActivityManager(  346): startActivityUncheckedLocked: task left null
W/ActivityManager(  346): java.lang.RuntimeException: here
W/ActivityManager(  346): 	at com.android.server.am.ActivityStackSupervisor.startActivityUncheckedLocked(ActivityStackSupervisor.java:1716)
W/ActivityManager(  346): 	at com.android.server.am.ActivityStackSupervisor.startActivityLocked(ActivityStackSupervisor.java:1249)
W/ActivityManager(  346): 	at com.android.server.am.ActivityStackSupervisor.startActivityMayWait(ActivityStackSupervisor.java:741)
W/ActivityManager(  346): 	at com.android.server.am.ActivityManagerService.startActivityAsUser(ActivityManagerService.java:3118)
W/ActivityManager(  346): 	at com.android.server.am.ActivityManagerService.startActivity(ActivityManagerService.java:3104)
W/ActivityManager(  346): 	at android.app.ActivityManagerNative.onTransact(ActivityManagerNative.java:135)
W/ActivityManager(  346): 	at com.android.server.am.ActivityManagerService.onTransact(ActivityManagerService.java:2071)
W/ActivityManager(  346): 	at android.os.Binder.execTransact(Binder.java:404)
W/ActivityManager(  346): 	at dalvik.system.NativeStart.run(Native Method)
W/ActivityManager(  346): Duplicate finish request for ActivityRecord{4a83a440 u0 com.hcom.android/.modules.search.form.common.presenter.TabletSearchFormActivity t94 f}
D/dalvikvm(15735): GC_CONCURRENT freed 3174K, 21% free 12662K/15896K, paused 0ms+1ms, total 13ms
D/dalvikvm(15735): WAIT_FOR_CONCURRENT_GC blocked 6ms
D/dalvikvm(15735): WAIT_FOR_CONCURRENT_GC blocked 10ms
I/System.out(15735): body:<com.hcom.android.d.b.a.c: int b(java.lang.String)>	sig:specialinvoke $r1.<java.net.URL: void <init>(java.lang.String)>($r0)	timediff:0
I/System.out(15735): <com.hcom.android.d.b.a.c: int b(java.lang.String)>###specialinvoke $r1.<java.net.URL: void <init>(java.lang.String)>($r0)###http://exp.cdn-hotels.com/hotels/13000000/12490000/12486100/12486098/f32fa122_b.jpg
I/System.out(15735): body:<com.hcom.android.d.b.a.c: int b(java.lang.String)>	sig:$r2 = virtualinvoke $r1.<java.net.URL: java.net.URLConnection openConnection()>()	timediff:0
I/System.out(15735): body:<com.hcom.android.d.b.a.c: int b(java.lang.String)>	sig:virtualinvoke $r3.<java.net.HttpURLConnection: void setConnectTimeout(int)>(1000)	timediff:0
I/System.out(15735): body:<com.hcom.android.d.b.a.c: int b(java.lang.String)>	sig:virtualinvoke $r3.<java.net.HttpURLConnection: void setRequestMethod(java.lang.String)>("HEAD")	timediff:0
I/System.out(15735): body:<com.hcom.android.c.a.a: java.util.Map get(java.net.URI,java.util.Map)>	sig:$r6 = virtualinvoke $r1.<java.net.URI: java.lang.String getScheme()>()	timediff:0
I/System.out(15735): body:<com.hcom.android.c.a.a: java.util.Map get(java.net.URI,java.util.Map)>	sig:$r6 = virtualinvoke $r1.<java.net.URI: java.lang.String getHost()>()	timediff:0
I/System.out(15735): body:<com.hcom.android.modules.common.analytics.b.h: void a(com.b.a,android.app.Application,com.hcom.android.modules.common.analytics.model.OmnitureTagCommandContext)>	sig:specialinvoke $r9.<java.net.URI: void <init>(java.lang.String)>($r7)	timediff:0
I/System.out(15735): body:<com.hcom.android.modules.common.analytics.b.h: void a(com.b.a,android.app.Application,com.hcom.android.modules.common.analytics.model.OmnitureTagCommandContext)>	sig:$r7 = virtualinvoke $r9.<java.net.URI: java.lang.String getHost()>()	timediff:0
I/System.out(15735): body:<com.hcom.android.modules.common.analytics.a.d: java.lang.String a()>	sig:specialinvoke $r5.<java.net.URI: void <init>(java.lang.String)>($r4)	timediff:0
I/System.out(15735): body:<com.hcom.android.modules.common.analytics.a.d: java.lang.String a()>	sig:$r4 = virtualinvoke $r5.<java.net.URI: java.lang.String getHost()>()	timediff:0
I/System.out(15735): body:<com.hcom.android.modules.common.analytics.a.d: java.lang.String a()>	sig:specialinvoke $r5.<java.net.URI: void <init>(java.lang.String)>($r4)	timediff:0
I/System.out(15735): body:<com.hcom.android.modules.common.analytics.a.d: java.lang.String a()>	sig:$r4 = virtualinvoke $r5.<java.net.URI: java.lang.String getHost()>()	timediff:0
I/System.out(15735): body:<com.hcom.android.d.b.a.c: int b(java.lang.String)>	sig:virtualinvoke $r3.<java.net.HttpURLConnection: void connect()>()	timediff:116
W/EGL_emulation(15735): eglSurfaceAttrib not implemented 3093 12436
V/InputMethodService(  631): onEvaluateInputViewShown: config.hardKeyboardHidden = 1
W/ContextImpl(  346): Calling a method in the system process without a qualified user: android.app.ContextImpl.sendBroadcast:1123 com.android.server.InputMethodManagerService.showCurrentInputLocked:1791 com.android.server.InputMethodManagerService.attachNewInputLocked:1095 com.android.server.InputMethodManagerService.startInputUncheckedLocked:1166 com.android.server.InputMethodManagerService.startInputLocked:1128 
W/ViewRootImpl(15735): Dropping event due to no window focus: KeyEvent { action=ACTION_DOWN, keyCode=KEYCODE_DPAD_RIGHT, scanCode=0, metaState=0, flags=0x8, repeatCount=0, eventTime=4588382, downTime=4588382, deviceId=-1, source=0x101 }
I/ActivityManager(  346): START u0 {act=android.intent.action.MAIN cat=[android.intent.category.LAUNCHER] flg=0x10200000 cmp=com.hcom.android/.modules.initial.presenter.InitialActivity} from pid 15725
W/ContextImpl(  346): Calling a method in the system process without a qualified user: android.app.ContextImpl.sendBroadcast:1123 com.android.server.InputMethodManagerService.hideCurrentInputLocked:1880 com.android.server.InputMethodManagerService.windowGainedFocus:2000 com.android.internal.view.IInputMethodManager$Stub.onTransact:221 com.android.server.InputMethodManagerService.onTransact:818 
V/PanelView(  531): animationTick called with dtms=0; nothing to do (h=0.0 v=0.0)
I/ActivityManager(  346): START u0 {flg=0x24000000 cmp=com.hcom.android/.modules.search.form.common.presenter.TabletSearchFormActivity} from pid 15735
I/System.out(15735): body:<com.hcom.android.modules.common.analytics.b.h: void a(com.b.a,android.app.Application,com.hcom.android.modules.common.analytics.model.OmnitureTagCommandContext)>	sig:specialinvoke $r9.<java.net.URI: void <init>(java.lang.String)>($r7)	timediff:0
I/System.out(15735): body:<com.hcom.android.modules.common.analytics.b.h: void a(com.b.a,android.app.Application,com.hcom.android.modules.common.analytics.model.OmnitureTagCommandContext)>	sig:$r7 = virtualinvoke $r9.<java.net.URI: java.lang.String getHost()>()	timediff:0
I/System.out(15735): body:<com.hcom.android.modules.common.analytics.a.d: java.lang.String a()>	sig:specialinvoke $r5.<java.net.URI: void <init>(java.lang.String)>($r4)	timediff:0
I/System.out(15735): body:<com.hcom.android.modules.common.analytics.a.d: java.lang.String a()>	sig:$r4 = virtualinvoke $r5.<java.net.URI: java.lang.String getHost()>()	timediff:0
I/System.out(15735): body:<com.hcom.android.modules.common.analytics.a.d: java.lang.String a()>	sig:specialinvoke $r5.<java.net.URI: void <init>(java.lang.String)>($r4)	timediff:0
I/System.out(15735): body:<com.hcom.android.modules.common.analytics.a.d: java.lang.String a()>	sig:$r4 = virtualinvoke $r5.<java.net.URI: java.lang.String getHost()>()	timediff:0
D//SourceFile:46(15735): 13:29:26.446 main SpiceManager started.
V//Thread.java:841(15735): 13:29:26.446 SpiceManagerThread 0 Binding to service.
V//Thread.java:841(15735): 13:29:26.447 SpiceManagerThread 0 Binding to service succeeded.
D//SourceFile:248(15735): 13:29:26.447 SpiceManagerThread 0 Waiting for service to be bound.
D//SourceFile:61(15735): 13:29:26.450 main SpiceManager stopping.
V//SourceFile:294(15735): 13:29:26.450 main Cleared listeners of all requests to launch
V//SourceFile:753(15735): 13:29:26.451 main Cleared listeners of all pending requests
V//SourceFile:296(15735): 13:29:26.452 main Unbinding from service start.
V//SourceFile:296(15735): 13:29:26.452 main Unbinding from service.
D//SourceFile:296(15735): 13:29:26.453 main Unbound from service : HotelsSpiceService
D//Thread.java:841(15735): 13:29:26.453 SpiceManagerThread 0 Interrupted while waiting for new request.
D//SourceFile:61(15735): 13:29:26.453 main SpiceManager stopped.
W/EGL_emulation(15735): eglSurfaceAttrib not implemented 3093 12436
D//LoadedApk.java:1110(15735): 13:29:26.475 main Bound to service : HotelsSpiceService
D//SourceFile:248(15735): 13:29:26.476 SpiceManagerThread 0 Bound ok.
V/InputMethodService(  631): onEvaluateInputViewShown: config.hardKeyboardHidden = 1
W/ViewRootImpl(15735): Dropping event due to no window focus: KeyEvent { action=ACTION_DOWN, keyCode=KEYCODE_NUMPAD_2, scanCode=0, metaState=0, flags=0x8, repeatCount=0, eventTime=4588479, downTime=4588479, deviceId=-1, source=0x101 }
W/ViewRootImpl(15735): Dropping event due to no window focus: KeyEvent { action=ACTION_DOWN, keyCode=KEYCODE_DPAD_DOWN, scanCode=0, metaState=0, flags=0x8, repeatCount=0, eventTime=4588479, downTime=4588479, deviceId=-1, source=0x101 }
W/ContextImpl(  346): Calling a method in the system process without a qualified user: android.app.ContextImpl.sendBroadcast:1123 com.android.server.InputMethodManagerService.showCurrentInputLocked:1791 com.android.server.InputMethodManagerService.showMySoftInput:2319 com.android.internal.view.IInputMethodManager$Stub.onTransact:299 com.android.server.InputMethodManagerService.onTransact:818 
W/ViewRootImpl(15735): Dropping event due to no window focus: KeyEvent { action=ACTION_DOWN, keyCode=KEYCODE_RIGHT_BRACKET, scanCode=0, metaState=0, flags=0x8, repeatCount=0, eventTime=4588544, downTime=4588544, deviceId=-1, source=0x101 }
I/ActivityManager(  346): Displayed com.hcom.android/.modules.search.form.common.presenter.TabletSearchFormActivity: +81ms
W/ContextImpl(  346): Calling a method in the system process without a qualified user: android.app.ContextImpl.sendBroadcast:1123 com.android.server.InputMethodManagerService.hideCurrentInputLocked:1880 com.android.server.InputMethodManagerService.windowGainedFocus:1995 com.android.internal.view.IInputMethodManager$Stub.onTransact:221 com.android.server.InputMethodManagerService.onTransact:818 
W/SurfaceFlinger(  172): couldn't log to binary event log: overflow.
V/InputMethodService(  631): onEvaluateInputViewShown: config.hardKeyboardHidden = 1
V/InputMethodService(  631): onEvaluateInputViewShown: config.hardKeyboardHidden = 1
W/ContextImpl(  346): Calling a method in the system process without a qualified user: android.app.ContextImpl.sendBroadcast:1123 com.android.server.InputMethodManagerService.showCurrentInputLocked:1791 com.android.server.InputMethodManagerService.showSoftInput:1753 com.android.internal.view.IInputMethodManager$Stub.onTransact:175 com.android.server.InputMethodManagerService.onTransact:818 
W/ContextImpl(  346): Calling a method in the system process without a qualified user: android.app.ContextImpl.sendBroadcast:1123 com.android.server.InputMethodManagerService.showCurrentInputLocked:1791 com.android.server.InputMethodManagerService.attachNewInputLocked:1095 com.android.server.InputMethodManagerService.startInputUncheckedLocked:1166 com.android.server.InputMethodManagerService.startInputLocked:1128 
V/InputMethodService(  631): onEvaluateInputViewShown: config.hardKeyboardHidden = 1
V/InputMethodService(  631): onEvaluateInputViewShown: config.hardKeyboardHidden = 1
W/ContextImpl(  346): Calling a method in the system process without a qualified user: android.app.ContextImpl.sendBroadcast:1123 com.android.server.InputMethodManagerService.showCurrentInputLocked:1791 com.android.server.InputMethodManagerService.attachNewInputLocked:1095 com.android.server.InputMethodManagerService.startInputUncheckedLocked:1166 com.android.server.InputMethodManagerService.startInputLocked:1128 
W/ContextImpl(  346): Calling a method in the system process without a qualified user: android.app.ContextImpl.sendBroadcast:1123 com.android.server.InputMethodManagerService.showCurrentInputLocked:1791 com.android.server.InputMethodManagerService.showSoftInput:1753 com.android.internal.view.IInputMethodManager$Stub.onTransact:175 com.android.server.InputMethodManagerService.onTransact:818 
V/InputMethodService(  631): onEvaluateInputViewShown: config.hardKeyboardHidden = 1
W/ContextImpl(  346): Calling a method in the system process without a qualified user: android.app.ContextImpl.sendBroadcast:1123 com.android.server.InputMethodManagerService.showCurrentInputLocked:1791 com.android.server.InputMethodManagerService.attachNewInputLocked:1095 com.android.server.InputMethodManagerService.startInputUncheckedLocked:1166 com.android.server.InputMethodManagerService.startInputLocked:1128 
I/ActivityManager(  346): START u0 {flg=0x24000000 cmp=com.hcom.android/.modules.chp.menu.presenter.TabletCHPActivity} from pid 15735
W/ActivityManager(  346): startActivityUncheckedLocked: task left null
W/ActivityManager(  346): java.lang.RuntimeException: here
W/ActivityManager(  346): 	at com.android.server.am.ActivityStackSupervisor.startActivityUncheckedLocked(ActivityStackSupervisor.java:1716)
W/ActivityManager(  346): 	at com.android.server.am.ActivityStackSupervisor.startActivityLocked(ActivityStackSupervisor.java:1249)
W/ActivityManager(  346): 	at com.android.server.am.ActivityStackSupervisor.startActivityMayWait(ActivityStackSupervisor.java:741)
W/ActivityManager(  346): 	at com.android.server.am.ActivityManagerService.startActivityAsUser(ActivityManagerService.java:3118)
W/ActivityManager(  346): 	at com.android.server.am.ActivityManagerService.startActivity(ActivityManagerService.java:3104)
W/ActivityManager(  346): 	at android.app.ActivityManagerNative.onTransact(ActivityManagerNative.java:135)
W/ActivityManager(  346): 	at com.android.server.am.ActivityManagerService.onTransact(ActivityManagerService.java:2071)
W/ActivityManager(  346): 	at android.os.Binder.execTransact(Binder.java:404)
W/ActivityManager(  346): 	at dalvik.system.NativeStart.run(Native Method)
W/ActivityManager(  346): Duplicate finish request for ActivityRecord{4aa5b760 u0 com.hcom.android/.modules.search.form.common.presenter.TabletSearchFormActivity t94 f}
W/InputMethodManagerService(  346): Starting input on non-focused client com.android.internal.view.IInputMethodClient$Stub$Proxy@4b13a16c (uid=10057 pid=15735)
I/System.out(15735): body:<com.hcom.android.modules.common.analytics.b.h: void a(com.b.a,android.app.Application,com.hcom.android.modules.common.analytics.model.OmnitureTagCommandContext)>	sig:specialinvoke $r9.<java.net.URI: void <init>(java.lang.String)>($r7)	timediff:0
I/System.out(15735): body:<com.hcom.android.modules.common.analytics.b.h: void a(com.b.a,android.app.Application,com.hcom.android.modules.common.analytics.model.OmnitureTagCommandContext)>	sig:$r7 = virtualinvoke $r9.<java.net.URI: java.lang.String getHost()>()	timediff:0
I/System.out(15735): body:<com.hcom.android.modules.common.analytics.a.d: java.lang.String a()>	sig:specialinvoke $r5.<java.net.URI: void <init>(java.lang.String)>($r4)	timediff:1
I/System.out(15735): body:<com.hcom.android.modules.common.analytics.a.d: java.lang.String a()>	sig:$r4 = virtualinvoke $r5.<java.net.URI: java.lang.String getHost()>()	timediff:0
I/System.out(15735): body:<com.hcom.android.modules.common.analytics.a.d: java.lang.String a()>	sig:specialinvoke $r5.<java.net.URI: void <init>(java.lang.String)>($r4)	timediff:0
I/System.out(15735): body:<com.hcom.android.modules.common.analytics.a.d: java.lang.String a()>	sig:$r4 = virtualinvoke $r5.<java.net.URI: java.lang.String getHost()>()	timediff:0
W/EGL_emulation(15735): eglSurfaceAttrib not implemented 3093 12436
W/ViewRootImpl(15735): Dropping event due to no window focus: KeyEvent { action=ACTION_DOWN, keyCode=KEYCODE_DPAD_LEFT, scanCode=0, metaState=0, flags=0x8, repeatCount=0, eventTime=4588829, downTime=4588829, deviceId=-1, source=0x101 }
W/ViewRootImpl(15735): Dropping event due to no window focus: KeyEvent { action=ACTION_DOWN, keyCode=KEYCODE_F2, scanCode=0, metaState=0, flags=0x8, repeatCount=0, eventTime=4589101, downTime=4589101, deviceId=-1, source=0x101 }
W/ContextImpl(  346): Calling a method in the system process without a qualified user: android.app.ContextImpl.sendBroadcast:1123 com.android.server.InputMethodManagerService.hideCurrentInputLocked:1880 com.android.server.InputMethodManagerService.windowGainedFocus:2000 com.android.internal.view.IInputMethodManager$Stub.onTransact:221 com.android.server.InputMethodManagerService.onTransact:818 
W/SurfaceFlinger(  172): couldn't log to binary event log: overflow.
D/dalvikvm(15735): GC_FOR_ALLOC freed 2805K, 19% free 12886K/15896K, paused 14ms, total 15ms
W/ViewRootImpl(15735): Dropping event due to no window focus: KeyEvent { action=ACTION_DOWN, keyCode=KEYCODE_PERIOD, scanCode=0, metaState=0, flags=0x8, repeatCount=0, eventTime=4589559, downTime=4589559, deviceId=-1, source=0x101 }
W/EGL_emulation(15735): eglSurfaceAttrib not implemented 3093 12436
W/InputEventReceiver(15735): Attempted to finish an input event but the input event receiver has already been disposed.
W/InputEventReceiver(15735): Attempted to finish an input event but the input event receiver has already been disposed.
D//SourceFile:101(15735): 13:29:27.650 main SpiceManager started.
V//Thread.java:841(15735): 13:29:27.650 SpiceManagerThread 0 Binding to service.
W/ViewRootImpl(15735): Dropping event due to root view being removed: MotionEvent { action=ACTION_UP, id[0]=0, x[0]=-347.77072, y[0]=347.6228, toolType[0]=TOOL_TYPE_UNKNOWN, buttonState=0, metaState=0, flags=0x0, edgeFlags=0x0, pointerCount=1, historySize=0, eventTime=4589703, downTime=4589703, deviceId=0, source=0x1002 }
E/ActivityThread(15735): Failed to find provider info for com.hcom.android.config
V//Thread.java:841(15735): 13:29:27.651 SpiceManagerThread 0 Binding to service succeeded.
D//SourceFile:248(15735): 13:29:27.651 SpiceManagerThread 0 Waiting for service to be bound.
W/ViewRootImpl(15735): Dropping event due to no window focus: KeyEvent { action=ACTION_DOWN, keyCode=KEYCODE_DPAD_CENTER, scanCode=0, metaState=0, flags=0x8, repeatCount=0, eventTime=4589717, downTime=4589717, deviceId=-1, source=0x101 }
W/EGL_emulation(15735): eglSurfaceAttrib not implemented 3093 12436
D//LoadedApk.java:1110(15735): 13:29:27.692 main Bound to service : HotelsSpiceService
W/InputEventReceiver(15735): Attempted to finish an input event but the input event receiver has already been disposed.
W/InputEventReceiver(15735): Attempted to finish an input event but the input event receiver has already been disposed.
W/InputEventReceiver(15735): Attempted to finish an input event but the input event receiver has already been disposed.
W/InputEventReceiver(15735): Attempted to finish an input event but the input event receiver has already been disposed.
W/InputEventReceiver(15735): Attempted to finish an input event but the input event receiver has already been disposed.
D//SourceFile:248(15735): 13:29:27.698 SpiceManagerThread 0 Bound ok.
D//Thread.java:841(15735): 13:29:27.699 SpiceManagerThread 0 Sending request to service : a
D//SourceFile:254(15735): 13:29:27.700 SpiceManagerThread 0 Adding request to queue 1251427644: CachedSpiceRequest [requestCacheKey=null, cacheDuration=0, spiceRequest=com.hcom.android.modules.search.result.c.a@4ad95a5c] size is 0
D//SourceFile:254(15735): 13:29:27.700 SpiceManagerThread 0 Adding entry for type class com.hcom.android.common.model.search.HotelSearchResponse and cacheKey null.
D//SourceFile:254(15735): 13:29:27.701 SpiceManagerThread 0 Request was added to queue.
