I/System.out( 9061): body:<com.mobileapptracker.m: void a(java.lang.StringBuilder,java.lang.String,java.lang.String)>	sig:$r4 = staticinvoke <java.net.URLEncoder: java.lang.String encode(java.lang.String,java.lang.String)>($r2, "UTF-8")	timediff:0
I/System.out( 9061): body:<com.mobileapptracker.m: void a(java.lang.StringBuilder,java.lang.String,java.lang.String)>	sig:$r4 = staticinvoke <java.net.URLEncoder: java.lang.String encode(java.lang.String,java.lang.String)>($r2, "UTF-8")	timediff:0
I/System.out( 9061): body:<com.mobileapptracker.m: void a(java.lang.StringBuilder,java.lang.String,java.lang.String)>	sig:$r4 = staticinvoke <java.net.URLEncoder: java.lang.String encode(java.lang.String,java.lang.String)>($r2, "UTF-8")	timediff:0
I/System.out( 9061): body:<com.mobileapptracker.m: void a(java.lang.StringBuilder,java.lang.String,java.lang.String)>	sig:$r4 = staticinvoke <java.net.URLEncoder: java.lang.String encode(java.lang.String,java.lang.String)>($r2, "UTF-8")	timediff:0
I/System.out( 9061): body:<com.mobileapptracker.m: void a(java.lang.StringBuilder,java.lang.String,java.lang.String)>	sig:$r4 = staticinvoke <java.net.URLEncoder: java.lang.String encode(java.lang.String,java.lang.String)>($r2, "UTF-8")	timediff:0
D/dalvikvm( 9061): GC_CONCURRENT freed 1169K, 23% free 4247K/5476K, paused 0ms+2ms, total 8ms
D/dalvikvm( 9061): WAIT_FOR_CONCURRENT_GC blocked 1ms
D/dalvikvm( 9061): WAIT_FOR_CONCURRENT_GC blocked 1ms
D/dalvikvm( 9061): WAIT_FOR_CONCURRENT_GC blocked 2ms
D/dalvikvm( 9061): WAIT_FOR_CONCURRENT_GC blocked 2ms
D/Logshed ( 9061): Sending {"number_of_listed_items":0,"display_screen":"Other","trigger":"APP_ICON","schema_definition":"AppActivated","event_name":"APP_ACTIVATED","launch_type":"FTUE","log_context":{"current_lon":-118.25411166666666,"visitor_id":"00000000-49f6-1677-9376-2c75177d1ecd","log_version":"v2","gps_state":"ENABLED","app_version":"3.17.6","utc_timestamp":1524085701857,"usage_type":"CLOUD","device_make":"samsung","build":"110","connection_type":"WIFI","os_version":"4.4.2","time_zone":"-0700","device_model":"SM-G955N","device_orientation":"PORTRAIT","os_name":"Android","ad_id":"3ae8f2f4-1b58-4ed6-816b-3ee6c7e3745e","carrier":"T-Mobile","app_id":"hs7zaBzPHiB9QJuMbRrz3DKukwt5","map_source":"OSM","reg_vid":"","log_id":"222cfeb6-1497-49ff-82b6-601d48bbbf0b","current_lat":33.985805,"app_status":"FOREGROUND"}}
E/Fabric  ( 9061): Crashlytics must be initialized by calling Fabric.with(Context) prior to calling Crashlytics.getInstance()
D/Logshed ( 9061): Sending {"action":"DISPLAY","display_screen":"WELCOME","schema_definition":"FTUE","event_name":"FTUE","log_context":{"current_lon":-118.25411166666666,"visitor_id":"00000000-49f6-1677-9376-2c75177d1ecd","log_version":"v2","gps_state":"ENABLED","app_version":"3.17.6","utc_timestamp":1524085701873,"usage_type":"CLOUD","device_make":"samsung","build":"110","connection_type":"WIFI","os_version":"4.4.2","time_zone":"-0700","device_model":"SM-G955N","device_orientation":"PORTRAIT","os_name":"Android","ad_id":"3ae8f2f4-1b58-4ed6-816b-3ee6c7e3745e","carrier":"T-Mobile","app_id":"hs7zaBzPHiB9QJuMbRrz3DKukwt5","map_source":"OSM","reg_vid":"","log_id":"525d5937-4082-4378-9c96-c97c93b55214","current_lat":33.985805,"app_status":"FOREGROUND"}}
I/System.out( 9061): body:<com.mobileapptracker.m: void a(java.lang.StringBuilder,java.lang.String,java.lang.String)>	sig:$r4 = staticinvoke <java.net.URLEncoder: java.lang.String encode(java.lang.String,java.lang.String)>($r2, "UTF-8")	timediff:0
I/System.out( 9061): body:<com.mobileapptracker.m: void a(java.lang.StringBuilder,java.lang.String,java.lang.String)>	sig:$r4 = staticinvoke <java.net.URLEncoder: java.lang.String encode(java.lang.String,java.lang.String)>($r2, "UTF-8")	timediff:0
I/System.out( 9061): body:<com.mobileapptracker.m: void a(java.lang.StringBuilder,java.lang.String,java.lang.String)>	sig:$r4 = staticinvoke <java.net.URLEncoder: java.lang.String encode(java.lang.String,java.lang.String)>($r2, "UTF-8")	timediff:0
I/System.out( 9061): body:<com.mobileapptracker.m: void a(java.lang.StringBuilder,java.lang.String,java.lang.String)>	sig:$r4 = staticinvoke <java.net.URLEncoder: java.lang.String encode(java.lang.String,java.lang.String)>($r2, "UTF-8")	timediff:0
I/System.out( 9061): body:<com.mobileapptracker.m: void a(java.lang.StringBuilder,java.lang.String,java.lang.String)>	sig:$r4 = staticinvoke <java.net.URLEncoder: java.lang.String encode(java.lang.String,java.lang.String)>($r2, "UTF-8")	timediff:0
I/System.out( 9061): body:<com.mobileapptracker.m: void a(java.lang.StringBuilder,java.lang.String,java.lang.String)>	sig:$r4 = staticinvoke <java.net.URLEncoder: java.lang.String encode(java.lang.String,java.lang.String)>($r2, "UTF-8")	timediff:0
I/System.out( 9061): body:<com.mobileapptracker.m: void a(java.lang.StringBuilder,java.lang.String,java.lang.String)>	sig:$r4 = staticinvoke <java.net.URLEncoder: java.lang.String encode(java.lang.String,java.lang.String)>($r2, "UTF-8")	timediff:0
I/System.out( 9061): body:<com.mobileapptracker.m: void a(java.lang.StringBuilder,java.lang.String,java.lang.String)>	sig:$r4 = staticinvoke <java.net.URLEncoder: java.lang.String encode(java.lang.String,java.lang.String)>($r2, "UTF-8")	timediff:0
I/System.out( 9061): body:<com.mobileapptracker.m: void a(java.lang.StringBuilder,java.lang.String,java.lang.String)>	sig:$r4 = staticinvoke <java.net.URLEncoder: java.lang.String encode(java.lang.String,java.lang.String)>($r2, "UTF-8")	timediff:0
I/System.out( 9061): body:<com.mobileapptracker.m: void a(java.lang.StringBuilder,java.lang.String,java.lang.String)>	sig:$r4 = staticinvoke <java.net.URLEncoder: java.lang.String encode(java.lang.String,java.lang.String)>($r2, "UTF-8")	timediff:0
I/System.out( 9061): body:<com.mobileapptracker.m: void a(java.lang.StringBuilder,java.lang.String,java.lang.String)>	sig:$r4 = staticinvoke <java.net.URLEncoder: java.lang.String encode(java.lang.String,java.lang.String)>($r2, "UTF-8")	timediff:0
I/System.out( 9061): body:<com.mobileapptracker.m: void a(java.lang.StringBuilder,java.lang.String,java.lang.String)>	sig:$r4 = staticinvoke <java.net.URLEncoder: java.lang.String encode(java.lang.String,java.lang.String)>($r2, "UTF-8")	timediff:0
I/System.out( 9061): body:<com.mobileapptracker.m: void a(java.lang.StringBuilder,java.lang.String,java.lang.String)>	sig:$r4 = staticinvoke <java.net.URLEncoder: java.lang.String encode(java.lang.String,java.lang.String)>($r2, "UTF-8")	timediff:0
I/System.out( 9061): body:<com.mobileapptracker.m: void a(java.lang.StringBuilder,java.lang.String,java.lang.String)>	sig:$r4 = staticinvoke <java.net.URLEncoder: java.lang.String encode(java.lang.String,java.lang.String)>($r2, "UTF-8")	timediff:0
I/System.out( 9061): body:<com.mobileapptracker.m: void a(java.lang.StringBuilder,java.lang.String,java.lang.String)>	sig:$r4 = staticinvoke <java.net.URLEncoder: java.lang.String encode(java.lang.String,java.lang.String)>($r2, "UTF-8")	timediff:0
I/System.out( 9061): body:<com.mobileapptracker.m: void a(java.lang.StringBuilder,java.lang.String,java.lang.String)>	sig:$r4 = staticinvoke <java.net.URLEncoder: java.lang.String encode(java.lang.String,java.lang.String)>($r2, "UTF-8")	timediff:0
I/System.out( 9061): body:<com.mobileapptracker.m: void a(java.lang.StringBuilder,java.lang.String,java.lang.String)>	sig:$r4 = staticinvoke <java.net.URLEncoder: java.lang.String encode(java.lang.String,java.lang.String)>($r2, "UTF-8")	timediff:0
I/System.out( 9061): body:<com.mobileapptracker.m: void a(java.lang.StringBuilder,java.lang.String,java.lang.String)>	sig:$r4 = staticinvoke <java.net.URLEncoder: java.lang.String encode(java.lang.String,java.lang.String)>($r2, "UTF-8")	timediff:0
I/System.out( 9061): body:<com.mobileapptracker.m: void a(java.lang.StringBuilder,java.lang.String,java.lang.String)>	sig:$r4 = staticinvoke <java.net.URLEncoder: java.lang.String encode(java.lang.String,java.lang.String)>($r2, "UTF-8")	timediff:0
I/System.out( 9061): body:<com.mobileapptracker.m: void a(java.lang.StringBuilder,java.lang.String,java.lang.String)>	sig:$r4 = staticinvoke <java.net.URLEncoder: java.lang.String encode(java.lang.String,java.lang.String)>($r2, "UTF-8")	timediff:0
I/System.out( 9061): body:<com.mobileapptracker.m: void a(java.lang.StringBuilder,java.lang.String,java.lang.String)>	sig:$r4 = staticinvoke <java.net.URLEncoder: java.lang.String encode(java.lang.String,java.lang.String)>($r2, "UTF-8")	timediff:0
I/System.out( 9061): body:<com.mobileapptracker.m: void a(java.lang.StringBuilder,java.lang.String,java.lang.String)>	sig:$r4 = staticinvoke <java.net.URLEncoder: java.lang.String encode(java.lang.String,java.lang.String)>($r2, "UTF-8")	timediff:0
I/System.out( 9061): body:<com.mobileapptracker.m: void a(java.lang.StringBuilder,java.lang.String,java.lang.String)>	sig:$r4 = staticinvoke <java.net.URLEncoder: java.lang.String encode(java.lang.String,java.lang.String)>($r2, "UTF-8")	timediff:0
I/System.out( 9061): body:<com.mobileapptracker.m: void a(java.lang.StringBuilder,java.lang.String,java.lang.String)>	sig:$r4 = staticinvoke <java.net.URLEncoder: java.lang.String encode(java.lang.String,java.lang.String)>($r2, "UTF-8")	timediff:0
I/System.out( 9061): body:<com.mobileapptracker.m: void a(java.lang.StringBuilder,java.lang.String,java.lang.String)>	sig:$r4 = staticinvoke <java.net.URLEncoder: java.lang.String encode(java.lang.String,java.lang.String)>($r2, "UTF-8")	timediff:0
D/dalvikvm( 9061): GC_CONCURRENT freed 465K, 22% free 4293K/5476K, paused 3ms+1ms, total 14ms
D/dalvikvm( 9061): WAIT_FOR_CONCURRENT_GC blocked 2ms
D/dalvikvm( 9061): WAIT_FOR_CONCURRENT_GC blocked 5ms
D/dalvikvm( 9061): WAIT_FOR_CONCURRENT_GC blocked 5ms
D/dalvikvm( 9061): WAIT_FOR_CONCURRENT_GC blocked 4ms
D/dalvikvm( 9061): WAIT_FOR_CONCURRENT_GC blocked 8ms
D/dalvikvm( 9061): WAIT_FOR_CONCURRENT_GC blocked 9ms
D/dalvikvm( 9061): GC_CONCURRENT freed 365K, 20% free 4396K/5476K, paused 1ms+3ms, total 13ms
W/Settings( 9061): Setting airplane_mode_on has moved from android.provider.Settings.System to android.provider.Settings.Global, returning read-only value.
E/NativeCrashLog( 9061): Set Crash Path --- Dump path: /data/data/com.telenav.app.android.scout_us/cache/mapmatching_crash_log/
D/JNI     ( 9061): C++ JNI: TxNavEngineJNI, Initialize(navlog=0,interval=1000)!!
D/JNI     ( 9061): C++ JNI: TxNavEngineUserJNI, setPredictTime(time=2.000000)!!
D/JNI     ( 9061): C++ JNI: TxNavEngineJNI, Start!! nPriority =0
D/JNI     ( 9061): C++ JNI: TxNavEngineUserJNI, setPredictTime(time=2.000000)!!
D/JNI     ( 9061): C++ JNI: TxNavEngineJNI, setUser!!=-1192191504,navMode =2
I/Fabric  ( 9061): Initializing Crashlytics 2.2.0.25
D/dalvikvm( 9061): GC_CONCURRENT freed 345K, 19% free 4461K/5476K, paused 3ms+1ms, total 7ms
D/Logshed ( 9061): APP_ACTIVATED: 200
E/SQLiteLog( 9061): (1) no such table: mandatory_node
W/System.err( 9061): android.database.sqlite.SQLiteException: no such table: mandatory_node (code 1): , while compiling: SELECT data FROM mandatory_node WHERE id = ?
W/System.err( 9061): 	at android.database.sqlite.SQLiteConnection.nativePrepareStatement(Native Method)
W/System.err( 9061): 	at android.database.sqlite.SQLiteConnection.acquirePreparedStatement(SQLiteConnection.java:889)
W/System.err( 9061): 	at android.database.sqlite.SQLiteConnection.prepare(SQLiteConnection.java:500)
W/System.err( 9061): 	at android.database.sqlite.SQLiteSession.prepare(SQLiteSession.java:588)
W/System.err( 9061): 	at android.database.sqlite.SQLiteProgram.<init>(SQLiteProgram.java:58)
W/System.err( 9061): 	at android.database.sqlite.SQLiteQuery.<init>(SQLiteQuery.java:37)
W/System.err( 9061): 	at android.database.sqlite.SQLiteDirectCursorDriver.query(SQLiteDirectCursorDriver.java:44)
W/System.err( 9061): 	at android.database.sqlite.SQLiteDatabase.rawQueryWithFactory(SQLiteDatabase.java:1314)
W/System.err( 9061): 	at android.database.sqlite.SQLiteDatabase.queryWithFactory(SQLiteDatabase.java:1161)
W/System.err( 9061): 	at android.database.sqlite.SQLiteDatabase.query(SQLiteDatabase.java:1032)
W/System.err( 9061): 	at android.database.sqlite.SQLiteDatabase.query(SQLiteDatabase.java:1200)
W/System.err( 9061): 	at com.telenav.scout.module.g.a.c.a(LegacySqlDataHelper.java:20)
W/System.err( 9061): 	at com.telenav.scout.module.g.b.e(UpgradeTask.java:345)
W/System.err( 9061): 	at com.telenav.scout.data.b.cx.a(UpgradeStatusDao.java:104)
W/System.err( 9061): 	at com.telenav.scout.module.splash.h.a(SplashTask.java:64)
W/System.err( 9061): 	at com.telenav.scout.module.splash.h.doInBackground(SplashTask.java:27)
W/System.err( 9061): 	at android.os.AsyncTask$2.call(AsyncTask.java:288)
W/System.err( 9061): 	at java.util.concurrent.FutureTask.run(FutureTask.java:237)
W/System.err( 9061): 	at android.os.AsyncTask$SerialExecutor$1.run(AsyncTask.java:231)
W/System.err( 9061): 	at java.util.concurrent.ThreadPoolExecutor.runWorker(ThreadPoolExecutor.java:1112)
W/System.err( 9061): 	at java.util.concurrent.ThreadPoolExecutor$Worker.run(ThreadPoolExecutor.java:587)
W/System.err( 9061): 	at java.lang.Thread.run(Thread.java:841)
W/EGL_emulation( 9061): eglSurfaceAttrib not implemented 3093 12436
D/OpenGLRenderer( 9061): Enabling debug mode 0
D/Logshed ( 9061): FTUE: 200
W/ViewRootImpl( 9061): Dropping event due to no window focus: KeyEvent { action=ACTION_DOWN, keyCode=KEYCODE_MENU, scanCode=0, metaState=0, flags=0x8, repeatCount=0, eventTime=449330, downTime=449330, deviceId=-1, source=0x101 }
W/ViewRootImpl( 9061): Dropping event due to no window focus: KeyEvent { action=ACTION_DOWN, keyCode=KEYCODE_DPAD_LEFT, scanCode=0, metaState=0, flags=0x8, repeatCount=0, eventTime=450392, downTime=450392, deviceId=-1, source=0x101 }
E/ActivityThread( 9061): Failed to find provider info for com.facebook.katana.provider.AttributionIdProvider
D/Facebook-publish( 9061): FacebookException: No attribution id available to send to server.
W/IInputConnectionWrapper( 2892): showStatusIcon on inactive InputConnection
I/System.out( 9061): body:<com.parse.og: java.lang.String c(java.lang.String)>	sig:specialinvoke $r2.<java.net.URL: void <init>(java.net.URL,java.lang.String)>($r1, $r0)	timediff:0
I/System.out( 9061): body:<com.parse.og: java.lang.String c(java.lang.String)>	sig:$r0 = virtualinvoke $r2.<java.net.URL: java.lang.String toString()>()	timediff:0
I/System.out( 9061): body:<com.parse.qr: java.net.HttpURLConnection b(com.parse.a.b)>	sig:specialinvoke $r2.<java.net.URL: void <init>(java.lang.String)>($r3)	timediff:0
I/System.out( 9061): <com.parse.qr: java.net.HttpURLConnection b(com.parse.a.b)>###specialinvoke $r2.<java.net.URL: void <init>(java.lang.String)>($r3)###https://scoutparse.telenav.com/parse/classes/_Installation/PIiWfKqaj4
I/System.out( 9061): body:<com.parse.qr: java.net.HttpURLConnection b(com.parse.a.b)>	sig:$r4 = virtualinvoke $r2.<java.net.URL: java.net.URLConnection openConnection()>()	timediff:0
I/System.out( 9061): body:<com.parse.qr: java.net.HttpURLConnection b(com.parse.a.b)>	sig:virtualinvoke $r5.<java.net.HttpURLConnection: void setRequestMethod(java.lang.String)>($r3)	timediff:0
I/System.out( 9061): body:<com.parse.qr: java.net.HttpURLConnection b(com.parse.a.b)>	sig:virtualinvoke $r5.<java.net.HttpURLConnection: void setConnectTimeout(int)>($i0)	timediff:0
I/System.out( 9061): body:<com.parse.qr: java.net.HttpURLConnection b(com.parse.a.b)>	sig:virtualinvoke $r5.<java.net.HttpURLConnection: void setReadTimeout(int)>($i0)	timediff:0
I/System.out( 9061): body:<com.parse.qr: java.net.HttpURLConnection b(com.parse.a.b)>	sig:virtualinvoke $r5.<java.net.HttpURLConnection: void setDoInput(boolean)>(1)	timediff:0
I/System.out( 9061): body:<com.parse.qr: java.net.HttpURLConnection b(com.parse.a.b)>	sig:virtualinvoke $r5.<java.net.HttpURLConnection: void setInstanceFollowRedirects(boolean)>(0)	timediff:0
I/System.out( 9061): body:<com.parse.qr: java.net.HttpURLConnection b(com.parse.a.b)>	sig:virtualinvoke $r5.<java.net.HttpURLConnection: void setRequestProperty(java.lang.String,java.lang.String)>($r3, $r12)	timediff:0
I/System.out( 9061): body:<com.parse.qr: java.net.HttpURLConnection b(com.parse.a.b)>	sig:virtualinvoke $r5.<java.net.HttpURLConnection: void setRequestProperty(java.lang.String,java.lang.String)>($r3, $r12)	timediff:0
I/System.out( 9061): body:<com.parse.qr: java.net.HttpURLConnection b(com.parse.a.b)>	sig:virtualinvoke $r5.<java.net.HttpURLConnection: void setRequestProperty(java.lang.String,java.lang.String)>($r3, $r12)	timediff:0
I/System.out( 9061): body:<com.parse.qr: java.net.HttpURLConnection b(com.parse.a.b)>	sig:virtualinvoke $r5.<java.net.HttpURLConnection: void setRequestProperty(java.lang.String,java.lang.String)>($r3, $r12)	timediff:0
E/ActivityThread( 9061): Failed to find provider info for com.facebook.katana.provider.AttributionIdProvider
W/ContextImpl(  481): Calling a method in the system process without a qualified user: android.app.ContextImpl.sendBroadcast:1123 com.android.server.InputMethodManagerService.hideCurrentInputLocked:1880 com.android.server.InputMethodManagerService.windowGainedFocus:1968 com.android.internal.view.IInputMethodManager$Stub.onTransact:221 com.android.server.InputMethodManagerService.onTransact:818 
I/ActivityManager(  481): START u0 {cmp=com.telenav.app.android.scout_us/com.telenav.scout.module.login.signup.OnboardingActivity (has extras)} from pid 9061
I/System.out( 9061): body:<com.parse.qr: java.net.HttpURLConnection b(com.parse.a.b)>	sig:virtualinvoke $r5.<java.net.HttpURLConnection: void setRequestProperty(java.lang.String,java.lang.String)>($r3, $r12)	timediff:0
W/System  ( 9061): Ignoring header X-Parse-Client-Key because its value was null.
I/System.out( 9061): body:<com.parse.qr: java.net.HttpURLConnection b(com.parse.a.b)>	sig:virtualinvoke $r5.<java.net.HttpURLConnection: void setRequestProperty(java.lang.String,java.lang.String)>($r3, $r12)	timediff:0
I/System.out( 9061): body:<com.parse.qr: java.net.HttpURLConnection b(com.parse.a.b)>	sig:virtualinvoke $r5.<java.net.HttpURLConnection: void setRequestProperty(java.lang.String,java.lang.String)>($r3, $r12)	timediff:0
I/System.out( 9061): body:<com.parse.qr: java.net.HttpURLConnection b(com.parse.a.b)>	sig:virtualinvoke $r5.<java.net.HttpURLConnection: void setRequestProperty(java.lang.String,java.lang.String)>($r3, $r12)	timediff:0
I/System.out( 9061): body:<com.parse.qr: java.net.HttpURLConnection b(com.parse.a.b)>	sig:virtualinvoke $r5.<java.net.HttpURLConnection: void setRequestProperty(java.lang.String,java.lang.String)>("Content-Length", $r12)	timediff:0
I/System.out( 9061): body:<com.parse.qr: java.net.HttpURLConnection b(com.parse.a.b)>	sig:virtualinvoke $r5.<java.net.HttpURLConnection: void setRequestProperty(java.lang.String,java.lang.String)>("Content-Type", $r12)	timediff:0
I/System.out( 9061): body:<com.parse.qr: java.net.HttpURLConnection b(com.parse.a.b)>	sig:virtualinvoke $r5.<java.net.HttpURLConnection: void setFixedLengthStreamingMode(long)>($l1)	timediff:0
I/System.out( 9061): body:<com.parse.qr: java.net.HttpURLConnection b(com.parse.a.b)>	sig:virtualinvoke $r5.<java.net.HttpURLConnection: void setDoOutput(boolean)>(1)	timediff:0
I/System.out( 9061): body:<com.parse.qr: com.parse.a.f a(com.parse.a.b)>	sig:$r4 = virtualinvoke $r2.<java.net.HttpURLConnection: java.io.OutputStream getOutputStream()>()	timediff:11
I/g       ( 9061): Connected to GoogleApiClient
D/dalvikvm( 9061): GC_CONCURRENT freed 405K, 18% free 4504K/5476K, paused 1ms+1ms, total 6ms
W/ViewRootImpl( 9061): Dropping event due to no window focus: MotionEvent { action=ACTION_MOVE, id[0]=0, x[0]=-2.0, y[0]=-4.0, toolType[0]=TOOL_TYPE_UNKNOWN, buttonState=0, metaState=0, flags=0x0, edgeFlags=0x0, pointerCount=1, historySize=4, eventTime=450398, downTime=-1, deviceId=0, source=0x10004 }
I/AmazonInsightsSDK( 9061): Event: '_http...' recorded to local filestore
D/dalvikvm( 9061): GC_FOR_ALLOC freed 187K, 18% free 4491K/5476K, paused 3ms, total 3ms
I/dalvikvm-heap( 9061): Grow heap (frag case) to 4.904MB for 468012-byte allocation
D/dalvikvm( 9061): GC_FOR_ALLOC freed 1K, 17% free 4947K/5936K, paused 8ms, total 8ms
W/AmazonInsightsSDK( 9061): Unable to successfully retrieve variations from server. Response code (404) Application not found.
W/AmazonInsightsSDK( 9061): Resolved default variation: 'DEFAULT' for project: 'Location_SDK'
W/AmazonInsightsSDK( 9061): Variable 'enable_location_SDK' does not exist in the variation. Returning default value
I/AmazonInsightsSDK( 9061): Event: '_http...' recorded to local filestore
D/dalvikvm( 9061): GC_CONCURRENT freed 79K, 17% free 4974K/5936K, paused 1ms+1ms, total 5ms
D/dalvikvm( 9061): WAIT_FOR_CONCURRENT_GC blocked 3ms
I/dalvikvm-heap( 9061): Grow heap (frag case) to 5.009MB for 56388-byte allocation
D/dalvikvm( 9061): GC_FOR_ALLOC freed 35K, 17% free 5021K/5992K, paused 5ms, total 5ms
D/dalvikvm( 9061): GC_FOR_ALLOC freed 12K, 17% free 5021K/5992K, paused 7ms, total 7ms
I/dalvikvm-heap( 9061): Grow heap (frag case) to 5.582MB for 635808-byte allocation
D/dalvikvm( 9061): GC_FOR_ALLOC freed <1K, 15% free 5641K/6616K, paused 3ms, total 3ms
D/dalvikvm( 9061): GC_CONCURRENT freed 7K, 15% free 5650K/6616K, paused 1ms+2ms, total 7ms
D/dalvikvm( 9061): WAIT_FOR_CONCURRENT_GC blocked 5ms
I/System.out( 9061): body:<b.a.a.a.a.e.e: java.lang.String a(java.lang.CharSequence)>	sig:specialinvoke r11.<java.net.URL: void <init>(java.lang.String)>($r1)	timediff:0
I/System.out( 9061): <b.a.a.a.a.e.e: java.lang.String a(java.lang.CharSequence)>###specialinvoke r11.<java.net.URL: void <init>(java.lang.String)>($r1)###https://settings.crashlytics.com/spi/v2/platforms/android/apps/com.telenav.app.android.scout_us/settings?instance=92bef18a1920b30e69772e3bfa16ec8bd829d0f4&source=1&build_version=39000027&icon_hash=6716c440a330732e89ebc482a6271d0e172fe5a8&display_version=3.17.6.110
I/System.out( 9061): body:<b.a.a.a.a.e.e: java.lang.String a(java.lang.CharSequence)>	sig:$r3 = virtualinvoke $r2.<java.net.URL: java.lang.String getHost()>()	timediff:0
I/System.out( 9061): body:<b.a.a.a.a.e.e: java.lang.String a(java.lang.CharSequence)>	sig:$i0 = virtualinvoke $r2.<java.net.URL: int getPort()>()	timediff:0
I/System.out( 9061): body:<b.a.a.a.a.e.e: java.lang.String a(java.lang.CharSequence)>	sig:$r3 = virtualinvoke $r2.<java.net.URL: java.lang.String getProtocol()>()	timediff:0
I/System.out( 9061): body:<b.a.a.a.a.e.e: java.lang.String a(java.lang.CharSequence)>	sig:$r6 = virtualinvoke $r2.<java.net.URL: java.lang.String getPath()>()	timediff:0
I/System.out( 9061): body:<b.a.a.a.a.e.e: java.lang.String a(java.lang.CharSequence)>	sig:$r7 = virtualinvoke $r2.<java.net.URL: java.lang.String getQuery()>()	timediff:0
I/System.out( 9061): body:<b.a.a.a.a.e.e: java.lang.String a(java.lang.CharSequence)>	sig:specialinvoke r13.<java.net.URI: void <init>(java.lang.String,java.lang.String,java.lang.String,java.lang.String,java.lang.String)>($r3, $r1, $r6, $r7, null)	timediff:1
I/System.out( 9061): body:<b.a.a.a.a.e.e: java.lang.String a(java.lang.CharSequence)>	sig:$r7 = virtualinvoke $r5.<java.net.URI: java.lang.String toASCIIString()>()	timediff:0
I/System.out( 9061): body:<b.a.a.a.a.e.e: void <init>(java.lang.CharSequence,java.lang.String)>	sig:specialinvoke r7.<java.net.URL: void <init>(java.lang.String)>($r3)	timediff:0
I/System.out( 9061): <b.a.a.a.a.e.e: void <init>(java.lang.CharSequence,java.lang.String)>###specialinvoke r7.<java.net.URL: void <init>(java.lang.String)>($r3)###https://settings.crashlytics.com/spi/v2/platforms/android/apps/com.telenav.app.android.scout_us/settings?instance=92bef18a1920b30e69772e3bfa16ec8bd829d0f4&source=1&build_version=39000027&icon_hash=6716c440a330732e89ebc482a6271d0e172fe5a8&display_version=3.17.6.110
I/System.out( 9061): body:<b.a.a.a.a.e.e: java.net.HttpURLConnection r()>	sig:virtualinvoke $r5.<java.net.HttpURLConnection: void setRequestMethod(java.lang.String)>($r1)	timediff:0
I/System.out( 9061): body:<b.a.a.a.a.e.e: b.a.a.a.a.e.e a(boolean)>	sig:virtualinvoke $r1.<java.net.HttpURLConnection: void setUseCaches(boolean)>($z0)	timediff:0
I/System.out( 9061): body:<b.a.a.a.a.e.e: b.a.a.a.a.e.e a(int)>	sig:virtualinvoke $r1.<java.net.HttpURLConnection: void setConnectTimeout(int)>($i0)	timediff:0
I/System.out( 9061): body:<b.a.a.a.a.e.e: b.a.a.a.a.e.e a(java.lang.String,java.lang.String)>	sig:virtualinvoke $r3.<java.net.HttpURLConnection: void setRequestProperty(java.lang.String,java.lang.String)>($r1, $r2)	timediff:1
I/System.out( 9061): body:<b.a.a.a.a.e.e: b.a.a.a.a.e.e a(java.lang.String,java.lang.String)>	sig:virtualinvoke $r3.<java.net.HttpURLConnection: void setRequestProperty(java.lang.String,java.lang.String)>($r1, $r2)	timediff:0
I/System.out( 9061): body:<b.a.a.a.a.e.e: b.a.a.a.a.e.e a(java.lang.String,java.lang.String)>	sig:virtualinvoke $r3.<java.net.HttpURLConnection: void setRequestProperty(java.lang.String,java.lang.String)>($r1, $r2)	timediff:0
I/System.out( 9061): body:<b.a.a.a.a.e.e: b.a.a.a.a.e.e a(java.lang.String,java.lang.String)>	sig:virtualinvoke $r3.<java.net.HttpURLConnection: void setRequestProperty(java.lang.String,java.lang.String)>($r1, $r2)	timediff:0
I/System.out( 9061): body:<b.a.a.a.a.e.e: b.a.a.a.a.e.e a(java.lang.String,java.lang.String)>	sig:virtualinvoke $r3.<java.net.HttpURLConnection: void setRequestProperty(java.lang.String,java.lang.String)>($r1, $r2)	timediff:0
I/System.out( 9061): body:<b.a.a.a.a.e.e: b.a.a.a.a.e.e a(java.lang.String,java.lang.String)>	sig:virtualinvoke $r3.<java.net.HttpURLConnection: void setRequestProperty(java.lang.String,java.lang.String)>($r1, $r2)	timediff:0
I/System.out( 9061): body:<b.a.a.a.a.e.e: b.a.a.a.a.e.e a(java.lang.String,java.lang.String)>	sig:virtualinvoke $r3.<java.net.HttpURLConnection: void setRequestProperty(java.lang.String,java.lang.String)>($r1, $r2)	timediff:0
I/System.out( 9061): body:<com.parse.qr: com.parse.a.f a(java.net.HttpURLConnection)>	sig:$i0 = virtualinvoke $r1.<java.net.HttpURLConnection: int getResponseCode()>()	timediff:88
I/System.out( 9061): body:<com.parse.qr: com.parse.a.f a(java.net.HttpURLConnection)>	sig:$r2 = virtualinvoke $r1.<java.net.HttpURLConnection: java.io.InputStream getInputStream()>()	timediff:0
I/System.out( 9061): body:<empirical.HelperClass: void printURLInfo(java.lang.String,java.lang.String,java.net.URLConnection)>	sig:$r0 = virtualinvoke urlConnection.<java.net.URLConnection: java.net.URL getURL()>()	timediff:0
I/System.out( 9061): body:<empirical.HelperClass: void printURLInfo(java.lang.String,java.lang.String,java.net.URLConnection)>	sig:urlString = virtualinvoke $r0.<java.net.URL: java.lang.String toString()>()	timediff:0
I/System.out( 9061): body:<empirical.HelperClass: void printURLInfo(java.lang.String,java.lang.String,java.net.URLConnection)>	sig:isDoOutput = virtualinvoke urlConnection.<java.net.URLConnection: boolean getDoOutput()>()	timediff:0
I/System.out( 9061): body:<empirical.HelperClass: java.lang.String getHeaderField(java.net.URLConnection,java.lang.String)>	sig:data = virtualinvoke conn.<java.net.URLConnection: java.lang.String getHeaderField(java.lang.String)>(field)	timediff:0
I/System.out( 9061): body:<empirical.HelperClass: java.lang.String getHeaderField(java.net.URLConnection,java.lang.String)>	sig:data = virtualinvoke conn.<java.net.URLConnection: java.lang.String getHeaderField(java.lang.String)>(field)	timediff:0
I/System.out( 9061): body:<empirical.HelperClass: java.lang.String getHeaderField(java.net.URLConnection,java.lang.String)>	sig:data = virtualinvoke conn.<java.net.URLConnection: java.lang.String getHeaderField(java.lang.String)>(field)	timediff:0
I/System.out( 9061): body:<empirical.HelperClass: java.lang.String getHeaderField(java.net.URLConnection,java.lang.String)>	sig:data = virtualinvoke conn.<java.net.URLConnection: java.lang.String getHeaderField(java.lang.String)>(field)	timediff:0
I/System.out( 9061): body:<empirical.HelperClass: java.lang.String getHeaderField(java.net.URLConnection,java.lang.String)>	sig:data = virtualinvoke conn.<java.net.URLConnection: java.lang.String getHeaderField(java.lang.String)>(field)	timediff:0
I/System.out( 9061): URLConn;%;4;%;<com.parse.qr: com.parse.a.f a(java.net.HttpURLConnection)>;%;$r2 = virtualinvoke $r1.<java.net.HttpURLConnection: java.io.InputStream getInputStream()>();%;https://scoutparse.telenav.com/parse/classes/_Installation/PIiWfKqaj4;%;true;%;Not found;%;Not found;%;Not found;%;Not found;%;Not found
I/System.out( 9061): body:<com.parse.qr: com.parse.a.f a(java.net.HttpURLConnection)>	sig:$i1 = virtualinvoke $r1.<java.net.HttpURLConnection: int getContentLength()>()	timediff:0
I/System.out( 9061): body:<com.parse.qr: com.parse.a.f a(java.net.HttpURLConnection)>	sig:$r4 = virtualinvoke $r1.<java.net.HttpURLConnection: java.lang.String getResponseMessage()>()	timediff:0
I/System.out( 9061): body:<com.parse.qr: com.parse.a.f a(java.net.HttpURLConnection)>	sig:$r5 = virtualinvoke $r1.<java.net.HttpURLConnection: java.util.Map getHeaderFields()>()	timediff:0
I/System.out( 9061): body:<com.parse.qr: com.parse.a.f a(java.net.HttpURLConnection)>	sig:$r12 = virtualinvoke $r1.<java.net.HttpURLConnection: java.lang.String getContentType()>()	timediff:0
F/libc    ( 9183): Fatal signal 13 (SIGPIPE) at 0x000023df (code=0), thread 9183 (busybox)
D/dalvikvm( 9061): GC_FOR_ALLOC freed 171K, 14% free 5763K/6680K, paused 5ms, total 5ms
I/dalvikvm-heap( 9061): Grow heap (frag case) to 6.469MB for 806416-byte allocation
D/dalvikvm( 9061): GC_FOR_ALLOC freed 2K, 13% free 6548K/7468K, paused 3ms, total 3ms
D/dalvikvm( 9061): GC_FOR_ALLOC freed 17K, 11% free 6862K/7668K, paused 5ms, total 5ms
I/dalvikvm-heap( 9061): Grow heap (frag case) to 7.542MB for 806416-byte allocation
D/dalvikvm( 9061): GC_FOR_ALLOC freed <1K, 10% free 7650K/8456K, paused 4ms, total 4ms
D/dalvikvm( 9061): GC_FOR_ALLOC freed 17K, 9% free 8287K/9092K, paused 5ms, total 5ms
D/dalvikvm( 9061): GC_FOR_ALLOC freed 46K, 8% free 9329K/10064K, paused 3ms, total 3ms
I/DEBUG   ( 4980): *** *** *** *** *** *** *** *** *** *** *** *** *** *** *** ***
I/DEBUG   ( 4980): Build fingerprint: 'samsung/SM-G955N/dream2lteks:4.4.2/NRD90M/381180401:user/release-keys'
I/DEBUG   ( 4980): Revision: '0'
I/DEBUG   ( 4980): pid: 9183, tid: 9183, name: busybox  >>> busybox <<<
I/DEBUG   ( 4980): signal 13 (SIGPIPE), code -6 (SI_TKILL), fault addr --------
I/DEBUG   ( 4980):     eax ffffffe0  ebx 00000001  ecx b8a2dfd0  edx 00000002
I/DEBUG   ( 4980): AM write failure (32 / Broken pipe)
I/DEBUG   ( 4980):     esi b7617214  edi b8a2dfd0
I/DEBUG   ( 4980):     xcs 00000073  xds 0000007b  xes 0000007b  xfs 00000000  xss 0000007b
I/DEBUG   ( 4980):     eip b75b2456  ebp b7617214  esp bfb21e30  flags 00000202
I/DEBUG   ( 4980): 
I/DEBUG   ( 4980): backtrace:
I/DEBUG   ( 4980):     #00  pc 0003c456  /system/lib/libc.so (write+22)
I/DEBUG   ( 4980):     #01  pc 0000bab7  <unknown>
I/DEBUG   ( 4980): 
I/DEBUG   ( 4980): stack:
I/DEBUG   ( 4980):          bfb21df0  b7594fd7  /system/lib/libc.so (__swsetup+7)
I/DEBUG   ( 4980):          bfb21df4  b7617214  /system/lib/libc.so
I/DEBUG   ( 4980):          bfb21df8  00000888  
I/DEBUG   ( 4980):          bfb21dfc  b75bd6e7  /system/lib/libc.so
I/DEBUG   ( 4980):          bfb21e00  b8a2dfd1  [heap]
I/DEBUG   ( 4980):          bfb21e04  b8a2c920  [heap]
I/DEBUG   ( 4980):          bfb21e08  00000001  
I/DEBUG   ( 4980):          bfb21e0c  b7588d4f  /system/lib/libc.so (dlmalloc+351)
I/DEBUG   ( 4980):          bfb21e10  00000000  
I/DEBUG   ( 4980):          bfb21e14  00000000  
I/DEBUG   ( 4980):          bfb21e18  b776ab90  /system/bin/busybox
I/DEBUG   ( 4980):          bfb21e1c  b7693cc7  /system/bin/busybox (next_token+359)
I/DEBUG   ( 4980):          bfb21e20  b8a2c921  [heap]
I/DEBUG   ( 4980):          bfb21e24  00000001  
I/DEBUG   ( 4980):          bfb21e28  bfb21e84  [stack]
I/DEBUG   ( 4980):          bfb21e2c  b7616fcc  /system/lib/libc.so
I/DEBUG   ( 4980):     #00  bfb21e30  b7625ab8  
I/DEBUG   ( 4980):          bfb21e34  00001000  
I/DEBUG   ( 4980):          bfb21e38  b7616fcc  /system/lib/libc.so
I/DEBUG   ( 4980):          bfb21e3c  b75bdf17  /system/lib/libc.so (__swrite+103)
I/DEBUG   ( 4980):          bfb21e40  00000001  
I/DEBUG   ( 4980):          bfb21e44  b8a2dfd0  [heap]
I/DEBUG   ( 4980):          bfb21e48  00000002  
I/DEBUG   ( 4980):          bfb21e4c  b7593b33  /system/lib/libc.so (fputs+99)
I/DEBUG   ( 4980):          bfb21e50  b7617214  /system/lib/libc.so
I/DEBUG   ( 4980):          bfb21e54  b7616fcc  /system/lib/libc.so
I/DEBUG   ( 4980):          bfb21e58  00000002  
I/DEBUG   ( 4980):          bfb21e5c  b75bc0e9  /system/lib/libc.so (fflush+185)
I/DEBUG   ( 4980):          bfb21e60  b7617214  /system/lib/libc.so
I/DEBUG   ( 4980):          bfb21e64  b8a2dfd0  [heap]
I/DEBUG   ( 4980):          bfb21e68  00000002  
I/DEBUG   ( 4980):          bfb21e6c  b8a2d980  [heap]
W/NativeCrashListener(  481): Couldn't find ProcessRecord for pid 9183
I/BootReceiver(  481): Copying /data/tombstones/tombstone_04 to DropBox (SYSTEM_TOMBSTONE)
W/EGL_emulation( 9061): eglSurfaceAttrib not implemented 3093 12436
D/Facebook-publish( 9061): FacebookException: No attribution id available to send to server.
W/ViewRootImpl( 9061): Dropping event due to no window focus: KeyEvent { action=ACTION_DOWN, keyCode=KEYCODE_FORWARD_DEL, scanCode=0, metaState=0, flags=0x8, repeatCount=0, eventTime=450399, downTime=450399, deviceId=-1, source=0x101 }
E/ActivityThread( 9061): Failed to find provider info for com.facebook.katana.provider.AttributionIdProvider
I/ActivityManager(  481): Displayed com.telenav.app.android.scout_us/com.telenav.scout.module.login.signup.OnboardingActivity: +259ms (total +1s396ms)
W/ViewRootImpl( 9061): Dropping event due to no window focus: KeyEvent { action=ACTION_DOWN, keyCode=KEYCODE_MENU, scanCode=0, metaState=0, flags=0x8, repeatCount=0, eventTime=450682, downTime=450682, deviceId=-1, source=0x101 }
W/ContextImpl(  481): Calling a method in the system process without a qualified user: android.app.ContextImpl.sendBroadcast:1123 com.android.server.InputMethodManagerService.hideCurrentInputLocked:1880 com.android.server.InputMethodManagerService.windowGainedFocus:1968 com.android.internal.view.IInputMethodManager$Stub.onTransact:221 com.android.server.InputMethodManagerService.onTransact:818 
V/PanelView(  534): animationTick called with dtms=0; nothing to do (h=0.0 v=0.0)
I/System.out( 9061): body:<b.a.a.a.a.e.e: int b()>	sig:$i0 = virtualinvoke $r2.<java.net.HttpURLConnection: int getResponseCode()>()	timediff:356
I/System.out( 9061): body:<b.a.a.a.a.e.e: java.lang.String b(java.lang.String)>	sig:$r1 = virtualinvoke $r2.<java.net.HttpURLConnection: java.lang.String getHeaderField(java.lang.String)>($r1)	timediff:0
I/System.out( 9061): body:<b.a.a.a.a.e.e: int a(java.lang.String,int)>	sig:$i0 = virtualinvoke $r2.<java.net.HttpURLConnection: int getHeaderFieldInt(java.lang.String,int)>($r1, $i0)	timediff:0
I/System.out( 9061): body:<b.a.a.a.a.e.e: int b()>	sig:$i0 = virtualinvoke $r2.<java.net.HttpURLConnection: int getResponseCode()>()	timediff:0
I/System.out( 9061): body:<b.a.a.a.a.e.e: java.io.InputStream g()>	sig:$r2 = virtualinvoke $r1.<java.net.HttpURLConnection: java.io.InputStream getInputStream()>()	timediff:0
I/System.out( 9061): body:<empirical.HelperClass: void printURLInfo(java.lang.String,java.lang.String,java.net.URLConnection)>	sig:$r0 = virtualinvoke urlConnection.<java.net.URLConnection: java.net.URL getURL()>()	timediff:0
I/System.out( 9061): body:<empirical.HelperClass: void printURLInfo(java.lang.String,java.lang.String,java.net.URLConnection)>	sig:urlString = virtualinvoke $r0.<java.net.URL: java.lang.String toString()>()	timediff:0
I/System.out( 9061): body:<empirical.HelperClass: void printURLInfo(java.lang.String,java.lang.String,java.net.URLConnection)>	sig:isDoOutput = virtualinvoke urlConnection.<java.net.URLConnection: boolean getDoOutput()>()	timediff:0
I/System.out( 9061): body:<empirical.HelperClass: java.lang.String getHeaderField(java.net.URLConnection,java.lang.String)>	sig:data = virtualinvoke conn.<java.net.URLConnection: java.lang.String getHeaderField(java.lang.String)>(field)	timediff:0
I/System.out( 9061): body:<empirical.HelperClass: java.lang.String getHeaderField(java.net.URLConnection,java.lang.String)>	sig:data = virtualinvoke conn.<java.net.URLConnection: java.lang.String getHeaderField(java.lang.String)>(field)	timediff:0
I/System.out( 9061): body:<empirical.HelperClass: java.lang.String getHeaderField(java.net.URLConnection,java.lang.String)>	sig:data = virtualinvoke conn.<java.net.URLConnection: java.lang.String getHeaderField(java.lang.String)>(field)	timediff:0
I/System.out( 9061): body:<empirical.HelperClass: java.lang.String getHeaderField(java.net.URLConnection,java.lang.String)>	sig:data = virtualinvoke conn.<java.net.URLConnection: java.lang.String getHeaderField(java.lang.String)>(field)	timediff:0
I/System.out( 9061): body:<empirical.HelperClass: java.lang.String getHeaderField(java.net.URLConnection,java.lang.String)>	sig:data = virtualinvoke conn.<java.net.URLConnection: java.lang.String getHeaderField(java.lang.String)>(field)	timediff:0
I/System.out( 9061): URLConn;%;5;%;<b.a.a.a.a.e.e: java.io.InputStream g()>;%;$r2 = virtualinvoke $r1.<java.net.HttpURLConnection: java.io.InputStream getInputStream()>();%;https://settings.crashlytics.com/spi/v2/platforms/android/apps/com.telenav.app.android.scout_us/settings?instance=92bef18a1920b30e69772e3bfa16ec8bd829d0f4&source=1&build_version=39000027&icon_hash=6716c440a330732e89ebc482a6271d0e172fe5a8&display_version=3.17.6.110;%;false;%;Not found;%;Not found;%;Not found;%;Not found;%;Not found
I/System.out( 9061): body:<b.a.a.a.a.e.e: java.lang.String b(java.lang.String)>	sig:$r1 = virtualinvoke $r2.<java.net.HttpURLConnection: java.lang.String getHeaderField(java.lang.String)>($r1)	timediff:0
W/ViewRootImpl( 9061): Dropping event due to no window focus: KeyEvent { action=ACTION_DOWN, keyCode=KEYCODE_BUTTON_R1, scanCode=0, metaState=0, flags=0x8, repeatCount=0, eventTime=450862, downTime=450862, deviceId=-1, source=0x101 }
W/ViewRootImpl( 9061): Dropping event due to no window focus: KeyEvent { action=ACTION_DOWN, keyCode=KEYCODE_N, scanCode=0, metaState=0, flags=0x8, repeatCount=0, eventTime=450866, downTime=450866, deviceId=-1, source=0x101 }
W/EGL_emulation( 9061): eglSurfaceAttrib not implemented 3093 12436
I/System.out( 9061): body:<b.a.a.a.a.e.e: java.lang.String a(java.lang.CharSequence)>	sig:specialinvoke r11.<java.net.URL: void <init>(java.lang.String)>($r1)	timediff:0
I/System.out( 9061): <b.a.a.a.a.e.e: java.lang.String a(java.lang.CharSequence)>###specialinvoke r11.<java.net.URL: void <init>(java.lang.String)>($r1)###https://e.crashlytics.com/spi/v2/events
I/System.out( 9061): body:<b.a.a.a.a.e.e: java.lang.String a(java.lang.CharSequence)>	sig:$r3 = virtualinvoke $r2.<java.net.URL: java.lang.String getHost()>()	timediff:0
I/System.out( 9061): body:<b.a.a.a.a.e.e: java.lang.String a(java.lang.CharSequence)>	sig:$i0 = virtualinvoke $r2.<java.net.URL: int getPort()>()	timediff:0
I/System.out( 9061): body:<b.a.a.a.a.e.e: java.lang.String a(java.lang.CharSequence)>	sig:$r3 = virtualinvoke $r2.<java.net.URL: java.lang.String getProtocol()>()	timediff:0
I/System.out( 9061): body:<b.a.a.a.a.e.e: java.lang.String a(java.lang.CharSequence)>	sig:$r6 = virtualinvoke $r2.<java.net.URL: java.lang.String getPath()>()	timediff:0
I/System.out( 9061): body:<b.a.a.a.a.e.e: java.lang.String a(java.lang.CharSequence)>	sig:$r7 = virtualinvoke $r2.<java.net.URL: java.lang.String getQuery()>()	timediff:0
I/System.out( 9061): body:<b.a.a.a.a.e.e: java.lang.String a(java.lang.CharSequence)>	sig:specialinvoke r13.<java.net.URI: void <init>(java.lang.String,java.lang.String,java.lang.String,java.lang.String,java.lang.String)>($r3, $r1, $r6, $r7, null)	timediff:1
I/System.out( 9061): body:<b.a.a.a.a.e.e: java.lang.String a(java.lang.CharSequence)>	sig:$r7 = virtualinvoke $r5.<java.net.URI: java.lang.String toASCIIString()>()	timediff:0
I/System.out( 9061): body:<b.a.a.a.a.e.e: void <init>(java.lang.CharSequence,java.lang.String)>	sig:specialinvoke r7.<java.net.URL: void <init>(java.lang.String)>($r3)	timediff:0
I/System.out( 9061): <b.a.a.a.a.e.e: void <init>(java.lang.CharSequence,java.lang.String)>###specialinvoke r7.<java.net.URL: void <init>(java.lang.String)>($r3)###https://e.crashlytics.com/spi/v2/events
I/System.out( 9061): body:<b.a.a.a.a.e.e: java.net.HttpURLConnection r()>	sig:virtualinvoke $r5.<java.net.HttpURLConnection: void setRequestMethod(java.lang.String)>($r1)	timediff:0
I/System.out( 9061): body:<b.a.a.a.a.e.e: b.a.a.a.a.e.e a(boolean)>	sig:virtualinvoke $r1.<java.net.HttpURLConnection: void setUseCaches(boolean)>($z0)	timediff:0
I/System.out( 9061): body:<b.a.a.a.a.e.e: b.a.a.a.a.e.e a(int)>	sig:virtualinvoke $r1.<java.net.HttpURLConnection: void setConnectTimeout(int)>($i0)	timediff:0
I/System.out( 9061): body:<b.a.a.a.a.e.e: b.a.a.a.a.e.e a(java.lang.String,java.lang.String)>	sig:virtualinvoke $r3.<java.net.HttpURLConnection: void setRequestProperty(java.lang.String,java.lang.String)>($r1, $r2)	timediff:0
I/System.out( 9061): body:<b.a.a.a.a.e.e: b.a.a.a.a.e.e a(java.lang.String,java.lang.String)>	sig:virtualinvoke $r3.<java.net.HttpURLConnection: void setRequestProperty(java.lang.String,java.lang.String)>($r1, $r2)	timediff:0
I/System.out( 9061): body:<b.a.a.a.a.e.e: b.a.a.a.a.e.e a(java.lang.String,java.lang.String)>	sig:virtualinvoke $r3.<java.net.HttpURLConnection: void setRequestProperty(java.lang.String,java.lang.String)>($r1, $r2)	timediff:0
I/System.out( 9061): body:<b.a.a.a.a.e.e: b.a.a.a.a.e.e a(java.lang.String,java.lang.String)>	sig:virtualinvoke $r3.<java.net.HttpURLConnection: void setRequestProperty(java.lang.String,java.lang.String)>($r1, $r2)	timediff:0
I/System.out( 9061): body:<b.a.a.a.a.e.e: b.a.a.a.a.e.e a(java.lang.String,java.lang.String)>	sig:virtualinvoke $r3.<java.net.HttpURLConnection: void setRequestProperty(java.lang.String,java.lang.String)>($r1, $r2)	timediff:0
I/System.out( 9061): body:<b.a.a.a.a.e.e: b.a.a.a.a.e.e a(java.lang.String,java.lang.String)>	sig:virtualinvoke $r3.<java.net.HttpURLConnection: void setRequestProperty(java.lang.String,java.lang.String)>($r1, $r2)	timediff:0
I/System.out( 9061): body:<b.a.a.a.a.e.e: b.a.a.a.a.e.e m()>	sig:virtualinvoke $r2.<java.net.HttpURLConnection: void setDoOutput(boolean)>(1)	timediff:0
I/System.out( 9061): body:<b.a.a.a.a.e.e: b.a.a.a.a.e.e m()>	sig:$r3 = virtualinvoke $r2.<java.net.HttpURLConnection: java.lang.String getRequestProperty(java.lang.String)>("Content-Type")	timediff:0
I/ActivityManager(  481): START u0 {act=android.intent.action.MAIN cat=[android.intent.category.LAUNCHER] flg=0x10000000 sel={act=android.intent.action.MAIN cat=[android.intent.category.APP_EMAIL]}} from pid 481
W/ViewRootImpl( 9061): Dropping event due to no window focus: KeyEvent { action=ACTION_DOWN, keyCode=KEYCODE_DPAD_LEFT, scanCode=0, metaState=0, flags=0x8, repeatCount=0, eventTime=450936, downTime=450936, deviceId=-1, source=0x101 }
W/InputMethodManagerService(  481): Window already focused, ignoring focus gain of: com.android.internal.view.IInputMethodClient$Stub$Proxy@4ae88cb4 attribute=android.view.inputmethod.EditorInfo@4ad74164, token = android.os.BinderProxy@4af23064
D/dalvikvm( 9061): GC_CONCURRENT freed 1473K, 14% free 10032K/11568K, paused 2ms+3ms, total 18ms
W/ViewRootImpl( 9061): Dropping event due to no window focus: KeyEvent { action=ACTION_DOWN, keyCode=KEYCODE_DPAD_LEFT, scanCode=0, metaState=0, flags=0x8, repeatCount=0, eventTime=450978, downTime=450978, deviceId=-1, source=0x101 }
W/ViewRootImpl( 9061): Dropping event due to no window focus: KeyEvent { action=ACTION_DOWN, keyCode=KEYCODE_NUM_LOCK, scanCode=0, metaState=0, flags=0x8, repeatCount=0, eventTime=450981, downTime=450981, deviceId=-1, source=0x101 }
W/ViewRootImpl( 9061): Dropping event due to no window focus: KeyEvent { action=ACTION_DOWN, keyCode=KEYCODE_DPAD_DOWN, scanCode=0, metaState=0, flags=0x8, repeatCount=0, eventTime=450982, downTime=450982, deviceId=-1, source=0x101 }
W/EGL_emulation( 9061): eglSurfaceAttrib not implemented 3093 12436
W/ViewRootImpl( 9061): Dropping event due to no window focus: KeyEvent { action=ACTION_DOWN, keyCode=KEYCODE_DPAD_RIGHT, scanCode=0, metaState=0, flags=0x8, repeatCount=0, eventTime=450985, downTime=450985, deviceId=-1, source=0x101 }
I/ActivityManager(  481): START u0 {act=android.intent.action.MAIN cat=[android.intent.category.LAUNCHER] flg=0x10200000 cmp=com.telenav.app.android.scout_us/.TeleNav} from pid 9051
W/ViewRootImpl( 9061): Dropping event due to no window focus: KeyEvent { action=ACTION_DOWN, keyCode=KEYCODE_F11, scanCode=0, metaState=0, flags=0x8, repeatCount=0, eventTime=451014, downTime=451014, deviceId=-1, source=0x101 }
W/InputMethodManagerService(  481): Window already focused, ignoring focus gain of: com.android.internal.view.IInputMethodClient$Stub$Proxy@4ac72c48 attribute=android.view.inputmethod.EditorInfo@4ad71cc8, token = android.os.BinderProxy@4af23064
D/dalvikvm( 9061): GC_CONCURRENT freed 1761K, 15% free 10688K/12524K, paused 1ms+0ms, total 15ms
D/dalvikvm( 9061): WAIT_FOR_CONCURRENT_GC blocked 5ms
W/ViewRootImpl( 9061): Dropping event due to no window focus: KeyEvent { action=ACTION_DOWN, keyCode=KEYCODE_DPAD_CENTER, scanCode=0, metaState=0, flags=0x8, repeatCount=0, eventTime=451064, downTime=451064, deviceId=-1, source=0x101 }
I/ActivityManager(  481): START u0 {act=android.intent.action.MAIN cat=[android.intent.category.LAUNCHER] flg=0x10200000 cmp=com.telenav.app.android.scout_us/.TeleNav} from pid 9051
W/ViewRootImpl( 9061): Dropping event due to no window focus: KeyEvent { action=ACTION_DOWN, keyCode=KEYCODE_MEDIA_REWIND, scanCode=0, metaState=0, flags=0x8, repeatCount=0, eventTime=451065, downTime=451065, deviceId=-1, source=0x101 }
W/EGL_emulation( 9061): eglSurfaceAttrib not implemented 3093 12436
W/ViewRootImpl( 9061): Dropping event due to no window focus: KeyEvent { action=ACTION_DOWN, keyCode=KEYCODE_DPAD_UP, scanCode=0, metaState=0, flags=0x8, repeatCount=0, eventTime=451069, downTime=451069, deviceId=-1, source=0x101 }
I/ActivityManager(  481): START u0 {act=android.intent.action.MAIN cat=[android.intent.category.LAUNCHER] flg=0x10000000 sel={act=android.intent.action.MAIN cat=[android.intent.category.APP_EMAIL]}} from pid 481
W/InputMethodManagerService(  481): Window already focused, ignoring focus gain of: com.android.internal.view.IInputMethodClient$Stub$Proxy@4ad3c5b8 attribute=null, token = android.os.BinderProxy@4af23064
I/ActivityManager(  481): START u0 {act=android.intent.action.MAIN cat=[android.intent.category.LAUNCHER] flg=0x10000000 sel={act=android.intent.action.MAIN cat=[android.intent.category.APP_CALCULATOR]}} from pid 481
W/EGL_emulation( 9061): eglSurfaceAttrib not implemented 3093 12436
I/System.out( 9061): body:<b.a.a.a.a.e.e: b.a.a.a.a.e.e m()>	sig:$r4 = virtualinvoke $r2.<java.net.HttpURLConnection: java.io.OutputStream getOutputStream()>()	timediff:251
I/ActivityManager(  481): START u0 {act=android.intent.action.MAIN cat=[android.intent.category.HOME] flg=0x10200000 cmp=com.vphone.launcher/.Launcher} from pid 481
D/dalvikvm(  534): GC_FOR_ALLOC freed 135K, 70% free 4547K/14896K, paused 3ms, total 3ms
W/ViewRootImpl( 9061): Dropping event due to no window focus: KeyEvent { action=ACTION_DOWN, keyCode=KEYCODE_DPAD_DOWN, scanCode=0, metaState=0, flags=0x8, repeatCount=0, eventTime=451189, downTime=451189, deviceId=-1, source=0x101 }
W/InputMethodManagerService(  481): Window already focused, ignoring focus gain of: com.android.internal.view.IInputMethodClient$Stub$Proxy@4aea7338 attribute=null, token = android.os.BinderProxy@4af23064
D/dalvikvm(  534): GC_CONCURRENT freed 472K, 70% free 4540K/14896K, paused 2ms+1ms, total 6ms
I/System.out( 9061): body:<b.a.a.a.a.e.e: int b()>	sig:$i0 = virtualinvoke $r2.<java.net.HttpURLConnection: int getResponseCode()>()	timediff:78
W/ViewRootImpl( 9061): Dropping event due to no window focus: KeyEvent { action=ACTION_DOWN, keyCode=KEYCODE_BUTTON_L2, scanCode=0, metaState=0, flags=0x8, repeatCount=0, eventTime=451258, downTime=451258, deviceId=-1, source=0x101 }
I/ActivityManager(  481): START u0 {act=android.intent.action.MAIN cat=[android.intent.category.LAUNCHER] flg=0x10000000 sel={act=android.intent.action.MAIN cat=[android.intent.category.APP_MUSIC]}} from pid 481
W/ViewRootImpl( 9061): Dropping event due to no window focus: KeyEvent { action=ACTION_DOWN, keyCode=KEYCODE_DPAD_DOWN, scanCode=0, metaState=0, flags=0x8, repeatCount=0, eventTime=451262, downTime=451262, deviceId=-1, source=0x101 }
W/ViewRootImpl( 9061): Dropping event due to no window focus: KeyEvent { action=ACTION_DOWN, keyCode=KEYCODE_DPAD_CENTER, scanCode=0, metaState=0, flags=0x8, repeatCount=0, eventTime=451263, downTime=451263, deviceId=-1, source=0x101 }
W/EGL_emulation( 9061): eglSurfaceAttrib not implemented 3093 12436
W/ViewRootImpl( 9061): Dropping event due to no window focus: KeyEvent { action=ACTION_DOWN, keyCode=KEYCODE_DPAD_DOWN, scanCode=0, metaState=0, flags=0x8, repeatCount=0, eventTime=451311, downTime=451311, deviceId=-1, source=0x101 }
W/ViewRootImpl( 9061): Dropping event due to no window focus: KeyEvent { action=ACTION_DOWN, keyCode=KEYCODE_DPAD_LEFT, scanCode=0, metaState=0, flags=0x8, repeatCount=0, eventTime=451313, downTime=451313, deviceId=-1, source=0x101 }
