I/System.out(15735): body:<com.hcom.android.common.h.d: java.lang.String a(java.net.URI,java.lang.String,java.net.CookieHandler)>	sig:$r5 = virtualinvoke $r2.<java.net.CookieHandler: java.util.Map get(java.net.URI,java.util.Map)>($r0, null)	timediff:0
I/System.out(15735): body:<com.hcom.android.a.c.c: java.lang.String a(com.hcom.android.common.h.e)>	sig:$r3 = staticinvoke <java.net.CookieHandler: java.net.CookieHandler getDefault()>()	timediff:0
I/System.out(15735): body:<com.hcom.android.a.c.c: java.lang.String a(com.hcom.android.common.h.e)>	sig:specialinvoke $r2.<java.net.URL: void <init>(java.lang.String)>($r4)	timediff:0
I/System.out(15735): <com.hcom.android.a.c.c: java.lang.String a(com.hcom.android.common.h.e)>###specialinvoke $r2.<java.net.URL: void <init>(java.lang.String)>($r4)###http://www.hotels.com/
I/System.out(15735): body:<com.hcom.android.a.c.c: java.lang.String a(com.hcom.android.common.h.e)>	sig:$r5 = virtualinvoke $r2.<java.net.URL: java.net.URI toURI()>()	timediff:0
I/System.out(15735): body:<com.hcom.android.c.a.a: java.util.Map get(java.net.URI,java.util.Map)>	sig:$r6 = virtualinvoke $r1.<java.net.URI: java.lang.String getScheme()>()	timediff:0
I/System.out(15735): body:<com.hcom.android.c.a.a: java.util.Map get(java.net.URI,java.util.Map)>	sig:$r6 = virtualinvoke $r1.<java.net.URI: java.lang.String getHost()>()	timediff:0
I/System.out(15735): body:<com.hcom.android.common.h.d: java.lang.String a(java.net.URI,java.lang.String,java.net.CookieHandler)>	sig:$r5 = virtualinvoke $r2.<java.net.CookieHandler: java.util.Map get(java.net.URI,java.util.Map)>($r0, null)	timediff:0
I/System.out(15735): body:<com.hcom.android.a.a.b.c: void a(java.net.URLConnection)>	sig:$r8 = virtualinvoke $r0.<java.net.URLConnection: java.util.Map getRequestProperties()>()	timediff:0
I/System.out(15735): body:<com.hcom.android.c.a.a: java.util.Map get(java.net.URI,java.util.Map)>	sig:$r6 = virtualinvoke $r1.<java.net.URI: java.lang.String getScheme()>()	timediff:0
I/System.out(15735): body:<com.hcom.android.c.a.a: java.util.Map get(java.net.URI,java.util.Map)>	sig:$r6 = virtualinvoke $r1.<java.net.URI: java.lang.String getHost()>()	timediff:0
I/System.out(15735): body:<com.hcom.android.a.a.b.c: com.hcom.android.a.a.b.e a(java.lang.String,java.lang.String,com.hcom.android.a.a.b.f,boolean,int)>	sig:$r28 = virtualinvoke $r10.<java.net.URLConnection: java.io.OutputStream getOutputStream()>()	timediff:12
I/System.out(15735): body:<com.hcom.android.c.a.a: void put(java.net.URI,java.util.Map)>	sig:$r11 = virtualinvoke $r1.<java.net.URI: java.lang.String getHost()>()	timediff:0
I/System.out(15735): body:<com.hcom.android.a.a.b.c: boolean a(java.net.HttpURLConnection)>	sig:$i0 = virtualinvoke $r1.<java.net.HttpURLConnection: int getResponseCode()>()	timediff:145
I/System.out(15735): body:<com.hcom.android.a.a.b.c: com.hcom.android.a.a.b.e a(java.lang.String,java.net.HttpURLConnection,com.hcom.android.a.a.b.f,java.lang.String)>	sig:$i0 = virtualinvoke $r6.<java.net.HttpURLConnection: int getResponseCode()>()	timediff:0
I/System.out(15735): body:<com.hcom.android.a.a.b.c: com.hcom.android.a.a.b.e a(java.lang.String,java.net.HttpURLConnection,com.hcom.android.a.a.b.f,java.lang.String)>	sig:$i0 = virtualinvoke $r6.<java.net.HttpURLConnection: int getResponseCode()>()	timediff:0
I/System.out(15735): body:<com.hcom.android.a.a.b.c: com.hcom.android.a.a.b.e a(java.lang.String,java.net.HttpURLConnection,com.hcom.android.a.a.b.f,java.lang.String)>	sig:$r10 = virtualinvoke $r2.<java.net.HttpURLConnection: java.net.URL getURL()>()	timediff:0
I/System.out(15735): body:<com.hcom.android.a.a.b.c: com.hcom.android.a.a.b.e a(java.lang.String,java.net.HttpURLConnection,com.hcom.android.a.a.b.f,java.lang.String)>	sig:$r11 = virtualinvoke $r2.<java.net.HttpURLConnection: java.util.Map getHeaderFields()>()	timediff:0
I/System.out(15735): body:<com.hcom.android.a.a.b.c: void a(com.hcom.android.a.a.b.e)>	sig:$r3 = virtualinvoke $r2.<java.net.HttpURLConnection: java.io.InputStream getInputStream()>()	timediff:0
I/System.out(15735): body:<empirical.HelperClass: void printURLInfo(java.lang.String,java.lang.String,java.net.URLConnection)>	sig:$r0 = virtualinvoke urlConnection.<java.net.URLConnection: java.net.URL getURL()>()	timediff:0
I/System.out(15735): body:<empirical.HelperClass: void printURLInfo(java.lang.String,java.lang.String,java.net.URLConnection)>	sig:urlString = virtualinvoke $r0.<java.net.URL: java.lang.String toString()>()	timediff:0
I/System.out(15735): body:<empirical.HelperClass: void printURLInfo(java.lang.String,java.lang.String,java.net.URLConnection)>	sig:isDoOutput = virtualinvoke urlConnection.<java.net.URLConnection: boolean getDoOutput()>()	timediff:0
I/System.out(15735): body:<empirical.HelperClass: java.lang.String getHeaderField(java.net.URLConnection,java.lang.String)>	sig:data = virtualinvoke conn.<java.net.URLConnection: java.lang.String getHeaderField(java.lang.String)>(field)	timediff:0
I/System.out(15735): body:<empirical.HelperClass: java.lang.String getHeaderField(java.net.URLConnection,java.lang.String)>	sig:data = virtualinvoke conn.<java.net.URLConnection: java.lang.String getHeaderField(java.lang.String)>(field)	timediff:0
I/System.out(15735): body:<empirical.HelperClass: java.lang.String getHeaderField(java.net.URLConnection,java.lang.String)>	sig:data = virtualinvoke conn.<java.net.URLConnection: java.lang.String getHeaderField(java.lang.String)>(field)	timediff:0
I/System.out(15735): body:<empirical.HelperClass: java.lang.String getHeaderField(java.net.URLConnection,java.lang.String)>	sig:data = virtualinvoke conn.<java.net.URLConnection: java.lang.String getHeaderField(java.lang.String)>(field)	timediff:0
I/System.out(15735): body:<empirical.HelperClass: java.lang.String getHeaderField(java.net.URLConnection,java.lang.String)>	sig:data = virtualinvoke conn.<java.net.URLConnection: java.lang.String getHeaderField(java.lang.String)>(field)	timediff:0
I/System.out(15735): URLConn;%;12;%;<com.hcom.android.a.a.b.c: void a(com.hcom.android.a.a.b.e)>;%;$r3 = virtualinvoke $r2.<java.net.HttpURLConnection: java.io.InputStream getInputStream()>();%;https://ssl.hotels.com/mobile_service/v1/configuration/sessionstorage;%;true;%;Not found;%;max-age=0, no-cache, no-store;%;Fri, 13 Apr 2018 20:29:23 GMT;%;Not found;%;akacd_pr_5=1526070563~rv=83~id=2052aa7d0238ccda5b2d219a49ec4c1e; path=/; Expires=Fri, 11 May 2018 20:29:23 GMT
I/System.out(15735): body:<com.hcom.android.a.a.b.c: com.hcom.android.a.a.b.e a(java.lang.String,java.net.HttpURLConnection,com.hcom.android.a.a.b.f,java.lang.String)>	sig:$i0 = virtualinvoke $r6.<java.net.HttpURLConnection: int getResponseCode()>()	timediff:0
I/System.out(15735): body:<com.hcom.android.a.a.b.c: com.hcom.android.a.a.b.e a(java.lang.String,java.net.HttpURLConnection,com.hcom.android.a.a.b.f,java.lang.String)>	sig:virtualinvoke $r2.<java.net.HttpURLConnection: void disconnect()>()	timediff:0
I/System.out(15735): body:<com.hcom.android.a.a.b.d.c: java.lang.String a(java.lang.String,java.lang.String)>	sig:specialinvoke $r2.<java.net.URL: void <init>(java.lang.String)>($r0)	timediff:0
E/ActivityThread(15735): Failed to find provider info for com.hcom.android.config
I/System.out(15735): <com.hcom.android.a.a.b.d.c: java.lang.String a(java.lang.String,java.lang.String)>###specialinvoke $r2.<java.net.URL: void <init>(java.lang.String)>($r0)###http://www.hotels.com/
I/System.out(15735): body:<com.hcom.android.a.a.b.d.c: java.lang.String a(java.lang.String,java.lang.String)>	sig:$r4 = virtualinvoke $r2.<java.net.URL: java.net.URI toURI()>()	timediff:0
I/System.out(15735): body:<com.hcom.android.a.a.b.d.c: java.lang.String a(java.lang.String,java.lang.String)>	sig:$r5 = staticinvoke <java.net.CookieHandler: java.net.CookieHandler getDefault()>()	timediff:0
I/System.out(15735): body:<com.hcom.android.c.a.a: java.util.Map get(java.net.URI,java.util.Map)>	sig:$r6 = virtualinvoke $r1.<java.net.URI: java.lang.String getScheme()>()	timediff:0
I/System.out(15735): body:<com.hcom.android.c.a.a: java.util.Map get(java.net.URI,java.util.Map)>	sig:$r6 = virtualinvoke $r1.<java.net.URI: java.lang.String getHost()>()	timediff:0
I/System.out(15735): body:<com.hcom.android.common.h.d: java.lang.String a(java.net.URI,java.lang.String,java.net.CookieHandler)>	sig:$r5 = virtualinvoke $r2.<java.net.CookieHandler: java.util.Map get(java.net.URI,java.util.Map)>($r0, null)	timediff:0
I/System.out(15735): body:<com.hcom.android.a.a.b.a.c: void a()>	sig:specialinvoke $r1.<java.net.URL: void <init>(java.lang.String)>($r3)	timediff:0
I/System.out(15735): <com.hcom.android.a.a.b.a.c: void a()>###specialinvoke $r1.<java.net.URL: void <init>(java.lang.String)>($r3)###http://www.hotels.com/
I/System.out(15735): body:<com.hcom.android.a.a.b.a.c: void a()>	sig:$r4 = virtualinvoke $r1.<java.net.URL: java.net.URI toURI()>()	timediff:0
I/System.out(15735): body:<com.hcom.android.a.a.b.a.c: void a()>	sig:$r6 = staticinvoke <java.net.CookieHandler: java.net.CookieHandler getDefault()>()	timediff:0
I/System.out(15735): body:<com.hcom.android.c.a.a: java.util.Map get(java.net.URI,java.util.Map)>	sig:$r6 = virtualinvoke $r1.<java.net.URI: java.lang.String getScheme()>()	timediff:0
I/System.out(15735): body:<com.hcom.android.c.a.a: java.util.Map get(java.net.URI,java.util.Map)>	sig:$r6 = virtualinvoke $r1.<java.net.URI: java.lang.String getHost()>()	timediff:0
I/System.out(15735): body:<com.hcom.android.common.h.d: java.lang.String a(java.net.URI,java.lang.String,java.net.CookieHandler)>	sig:$r5 = virtualinvoke $r2.<java.net.CookieHandler: java.util.Map get(java.net.URI,java.util.Map)>($r0, null)	timediff:1
I/System.out(15735): body:<com.hcom.android.a.c.b: void a(android.content.Context,java.lang.String)>	sig:specialinvoke $r2.<java.net.URI: void <init>(java.lang.String)>($r1)	timediff:0
I/System.out(15735): body:<com.hcom.android.a.c.b: void a(android.content.Context,java.net.URI[])>	sig:$r6 = virtualinvoke $r2.<java.net.URI: java.lang.String getHost()>()	timediff:0
I/System.out(15735): body:<com.b.f: java.net.HttpURLConnection d(java.lang.String)>	sig:specialinvoke $r2.<java.net.URL: void <init>(java.lang.String)>($r1)	timediff:1
I/System.out(15735): <com.b.f: java.net.HttpURLConnection d(java.lang.String)>###specialinvoke $r2.<java.net.URL: void <init>(java.lang.String)>($r1)###http://om.hotels.com/b/ss/hotelsusprod,hotelsallprod,hotelsmobapadprod/0/JAVA-1.1.3-AN/s29680355?AQB=1&ndh=1&t=13%2F3%2F2018%2013%3A29%3A23%205%20420&vid=4fd9555845c343e68d07f1f233cafa99&ce=UTF-8&ns=hotelscom&pageName=Mob%20%3A%3A%20aPad%20%3A%3A%20home%20screen&cc=USD&ch=Mob%20%3A%3A%20aPad%20%3A%3A%20home%20screen&server=www.hotels.com&v4=Not%20Signed%20In%7CReturning%20Visitor&c5=389373&v13=389373&c27=4fd9555845c343e68d07f1f233cafa99&c32=en_US%7CHCOM_US%7Cwww.hotels.com&c33=Mob%20%3A%3A%20aPad%20%3A%3A%20home%20screen&v33=Mob%20%3A%3A%20aPad%20%3A%3A%20home%20screen&c36=Not%20Signed%20In%7CReturning%20Visitor&v41=USD&v43=en_US%7CHCOM_US%7Cwww.hotels.com&c46=Mob%20%3A%3A%20aPad&c51=4fd9555845c343e68d07f1f233cafa99&c52=Device%20online&c53=48&v61=Mob%20%3A%3A%20aPad&c64=Mob%20%3A%3A%20aPad%20%3A%3A%20home%20screen%20%3A%3A%20PleaseWait&c68=Android%204.4.2&s=1280x720&AQE=1
I/System.out(15735): body:<com.b.f: java.net.HttpURLConnection d(java.lang.String)>	sig:$r3 = virtualinvoke $r2.<java.net.URL: java.net.URLConnection openConnection()>()	timediff:0
I/System.out(15735): body:<com.b.h: boolean c(java.lang.String)>	sig:virtualinvoke $r4.<java.net.URLConnection: void setRequestProperty(java.lang.String,java.lang.String)>($r1, $r8)	timediff:0
I/System.out(15735): body:<com.b.h: boolean c(java.lang.String)>	sig:virtualinvoke $r4.<java.net.URLConnection: void setRequestProperty(java.lang.String,java.lang.String)>($r1, $r8)	timediff:0
I/System.out(15735): body:<com.hcom.android.c.a.a: java.util.Map get(java.net.URI,java.util.Map)>	sig:$r6 = virtualinvoke $r1.<java.net.URI: java.lang.String getScheme()>()	timediff:0
I/System.out(15735): body:<com.hcom.android.c.a.a: java.util.Map get(java.net.URI,java.util.Map)>	sig:$r6 = virtualinvoke $r1.<java.net.URI: java.lang.String getHost()>()	timediff:0
I/System.out(15735): body:<com.hcom.android.a.a.b.d: void run()>	sig:virtualinvoke $r4.<java.net.HttpURLConnection: void disconnect()>()	timediff:0
E/ActivityThread(15735): Failed to find provider info for com.facebook.katana.provider.AttributionIdProvider
I/System.out(15735): body:<com.hcom.android.a.b.d.b.b: java.lang.String a(java.lang.String)>	sig:$r0 = staticinvoke <java.net.URLEncoder: java.lang.String encode(java.lang.String,java.lang.String)>($r0, "UTF-8")	timediff:0
I/System.out(15735): body:<com.hcom.android.a.b.d.b.b: java.lang.String a(java.lang.String)>	sig:$r0 = staticinvoke <java.net.URLEncoder: java.lang.String encode(java.lang.String,java.lang.String)>($r0, "UTF-8")	timediff:0
I/System.out(15735): body:<com.hcom.android.a.b.d.b.b: java.lang.String a(java.lang.String)>	sig:$r0 = staticinvoke <java.net.URLEncoder: java.lang.String encode(java.lang.String,java.lang.String)>($r0, "UTF-8")	timediff:0
I/System.out(15735): body:<com.hcom.android.a.b.d.b.b: java.lang.String a(java.lang.String)>	sig:$r0 = staticinvoke <java.net.URLEncoder: java.lang.String encode(java.lang.String,java.lang.String)>($r0, "UTF-8")	timediff:0
I/System.out(15735): body:<com.hcom.android.a.b.d.b.b: java.lang.String a(java.lang.String)>	sig:$r0 = staticinvoke <java.net.URLEncoder: java.lang.String encode(java.lang.String,java.lang.String)>($r0, "UTF-8")	timediff:0
I/System.out(15735): body:<com.hcom.android.a.a.b.a.d: void a(java.lang.String,boolean)>	sig:specialinvoke $r12.<java.net.URL: void <init>(java.lang.String)>($r1)	timediff:0
I/System.out(15735): <com.hcom.android.a.a.b.a.d: void a(java.lang.String,boolean)>###specialinvoke $r12.<java.net.URL: void <init>(java.lang.String)>($r1)###https://ssl.hotels.com/mobile_service/v1/configuration/sessionstorage
I/System.out(15735): body:<com.hcom.android.a.a.b.a.d: void a(java.lang.String,boolean)>	sig:$r13 = virtualinvoke $r12.<java.net.URL: java.net.URI toURI()>()	timediff:0
I/System.out(15735): body:<com.hcom.android.a.a.b.a.d: void a(java.lang.String,boolean)>	sig:$r17 = virtualinvoke $r13.<java.net.URI: java.lang.String getHost()>()	timediff:0
I/System.out(15735): body:<com.hcom.android.a.a.b.a.d: void a(java.lang.String,boolean)>	sig:$r20 = staticinvoke <java.net.CookieHandler: java.net.CookieHandler getDefault()>()	timediff:0
I/System.out(15735): body:<com.hcom.android.a.a.b.a.d: void a(java.lang.String,boolean)>	sig:virtualinvoke $r20.<java.net.CookieHandler: void put(java.net.URI,java.util.Map)>($r13, $r16)	timediff:0
I/System.out(15735): body:<com.hcom.android.a.a.b.a.b: void a(java.lang.String,boolean)>	sig:specialinvoke $r2.<java.net.URL: void <init>(java.lang.String)>($r1)	timediff:0
I/System.out(15735): <com.hcom.android.a.a.b.a.b: void a(java.lang.String,boolean)>###specialinvoke $r2.<java.net.URL: void <init>(java.lang.String)>($r1)###https://ssl.hotels.com/mobile_service/v1/configuration/sessionstorage
I/System.out(15735): body:<com.hcom.android.a.c.d: void a(java.net.URL)>	sig:$r2 = virtualinvoke $r0.<java.net.URL: java.lang.String toString()>()	timediff:0
I/System.out(15735): body:<com.hcom.android.a.a.b.c: com.hcom.android.a.a.b.e a(java.lang.String,java.lang.String,com.hcom.android.a.a.b.f,boolean,int)>	sig:specialinvoke $r9.<java.net.URL: void <init>(java.lang.String)>($r1)	timediff:0
I/System.out(15735): <com.hcom.android.a.a.b.c: com.hcom.android.a.a.b.e a(java.lang.String,java.lang.String,com.hcom.android.a.a.b.f,boolean,int)>###specialinvoke $r9.<java.net.URL: void <init>(java.lang.String)>($r1)###https://ssl.hotels.com/mobile_service/v1/configuration/sessionstorage
I/System.out(15735): body:<com.hcom.android.a.a.b.c: java.net.URLConnection a(java.net.URL,com.hcom.android.a.a.b.f,int)>	sig:$r5 = virtualinvoke $r1.<java.net.URL: java.net.URLConnection openConnection()>()	timediff:0
I/System.out(15735): body:<com.hcom.android.a.a.b.c: java.net.URLConnection a(java.net.URL,com.hcom.android.a.a.b.f,int)>	sig:virtualinvoke $r6.<java.net.HttpURLConnection: void setReadTimeout(int)>($i0)	timediff:0
I/System.out(15735): body:<com.hcom.android.a.a.b.c: java.net.URLConnection a(java.net.URL,com.hcom.android.a.a.b.f,int)>	sig:virtualinvoke $r6.<java.net.HttpURLConnection: void setConnectTimeout(int)>($i0)	timediff:0
I/System.out(15735): body:<com.hcom.android.a.a.b.c: java.net.URLConnection a(java.net.URL,com.hcom.android.a.a.b.f,int)>	sig:virtualinvoke $r6.<java.net.HttpURLConnection: void setRequestMethod(java.lang.String)>($r7)	timediff:0
I/System.out(15735): body:<com.hcom.android.a.a.b.c: java.net.URLConnection a(java.net.URL,com.hcom.android.a.a.b.f,int)>	sig:virtualinvoke $r6.<java.net.HttpURLConnection: void setUseCaches(boolean)>(0)	timediff:0
I/System.out(15735): body:<com.hcom.android.a.a.b.c: java.net.URLConnection a(java.net.URL,com.hcom.android.a.a.b.f,int)>	sig:virtualinvoke $r6.<java.net.HttpURLConnection: void setInstanceFollowRedirects(boolean)>(0)	timediff:0
I/System.out(15735): body:<com.hcom.android.a.a.b.f: void a(java.net.HttpURLConnection)>	sig:virtualinvoke $r1.<java.net.HttpURLConnection: void setDoOutput(boolean)>(1)	timediff:0
I/System.out(15735): body:<com.hcom.android.a.a.b.c: java.net.URLConnection a(java.net.URLConnection,java.lang.String,boolean,com.hcom.android.a.a.b.f)>	sig:virtualinvoke $r1.<java.net.URLConnection: void setRequestProperty(java.lang.String,java.lang.String)>("Accept", "application/json")	timediff:0
I/System.out(15735): body:<com.hcom.android.a.a.b.h: void a(java.net.URLConnection)>	sig:virtualinvoke $r1.<java.net.URLConnection: void setRequestProperty(java.lang.String,java.lang.String)>("Content-Type", "application/x-www-form-urlencoded")	timediff:0
I/System.out(15735): body:<com.hcom.android.a.a.b.c: java.net.URLConnection a(java.net.URLConnection,java.lang.String,boolean,com.hcom.android.a.a.b.f)>	sig:virtualinvoke $r1.<java.net.URLConnection: void setRequestProperty(java.lang.String,java.lang.String)>("Content-Length", $r2)	timediff:0
I/System.out(15735): body:<com.hcom.android.a.a.b.c: java.net.URLConnection a(java.net.URLConnection,java.lang.String,boolean,com.hcom.android.a.a.b.f)>	sig:virtualinvoke $r1.<java.net.URLConnection: void setRequestProperty(java.lang.String,java.lang.String)>("Content-Language", $r2)	timediff:0
I/System.out(15735): body:<com.hcom.android.a.a.b.c: com.hcom.android.a.a.b.e a(java.lang.String,java.lang.String,com.hcom.android.a.a.b.f,boolean,int)>	sig:$r9 = virtualinvoke $r10.<java.net.URLConnection: java.net.URL getURL()>()	timediff:0
I/System.out(15735): body:<com.hcom.android.a.c.e: void a(java.net.URL)>	sig:$r4 = virtualinvoke $r0.<java.net.URL: java.lang.String toString()>()	timediff:0
I/System.out(15735): body:<com.hcom.android.a.c.c: java.lang.String a(com.hcom.android.common.h.e)>	sig:$r3 = staticinvoke <java.net.CookieHandler: java.net.CookieHandler getDefault()>()	timediff:0
I/System.out(15735): body:<com.hcom.android.a.c.c: java.lang.String a(com.hcom.android.common.h.e)>	sig:specialinvoke $r2.<java.net.URL: void <init>(java.lang.String)>($r4)	timediff:0
I/System.out(15735): <com.hcom.android.a.c.c: java.lang.String a(com.hcom.android.common.h.e)>###specialinvoke $r2.<java.net.URL: void <init>(java.lang.String)>($r4)###http://www.hotels.com/
I/System.out(15735): body:<com.hcom.android.a.c.c: java.lang.String a(com.hcom.android.common.h.e)>	sig:$r5 = virtualinvoke $r2.<java.net.URL: java.net.URI toURI()>()	timediff:0
I/System.out(15735): body:<com.hcom.android.c.a.a: java.util.Map get(java.net.URI,java.util.Map)>	sig:$r6 = virtualinvoke $r1.<java.net.URI: java.lang.String getScheme()>()	timediff:0
I/System.out(15735): body:<com.hcom.android.c.a.a: java.util.Map get(java.net.URI,java.util.Map)>	sig:$r6 = virtualinvoke $r1.<java.net.URI: java.lang.String getHost()>()	timediff:0
I/System.out(15735): body:<com.hcom.android.common.h.d: java.lang.String a(java.net.URI,java.lang.String,java.net.CookieHandler)>	sig:$r5 = virtualinvoke $r2.<java.net.CookieHandler: java.util.Map get(java.net.URI,java.util.Map)>($r0, null)	timediff:1
I/System.out(15735): body:<com.hcom.android.a.c.c: java.lang.String a(com.hcom.android.common.h.e)>	sig:$r3 = staticinvoke <java.net.CookieHandler: java.net.CookieHandler getDefault()>()	timediff:0
I/System.out(15735): body:<com.hcom.android.a.c.c: java.lang.String a(com.hcom.android.common.h.e)>	sig:specialinvoke $r2.<java.net.URL: void <init>(java.lang.String)>($r4)	timediff:0
I/System.out(15735): <com.hcom.android.a.c.c: java.lang.String a(com.hcom.android.common.h.e)>###specialinvoke $r2.<java.net.URL: void <init>(java.lang.String)>($r4)###http://www.hotels.com/
I/System.out(15735): body:<com.hcom.android.a.c.c: java.lang.String a(com.hcom.android.common.h.e)>	sig:$r5 = virtualinvoke $r2.<java.net.URL: java.net.URI toURI()>()	timediff:0
I/System.out(15735): body:<com.hcom.android.c.a.a: java.util.Map get(java.net.URI,java.util.Map)>	sig:$r6 = virtualinvoke $r1.<java.net.URI: java.lang.String getScheme()>()	timediff:0
I/System.out(15735): body:<com.hcom.android.c.a.a: java.util.Map get(java.net.URI,java.util.Map)>	sig:$r6 = virtualinvoke $r1.<java.net.URI: java.lang.String getHost()>()	timediff:0
I/System.out(15735): body:<com.hcom.android.common.h.d: java.lang.String a(java.net.URI,java.lang.String,java.net.CookieHandler)>	sig:$r5 = virtualinvoke $r2.<java.net.CookieHandler: java.util.Map get(java.net.URI,java.util.Map)>($r0, null)	timediff:1
I/System.out(15735): body:<com.hcom.android.a.c.c: java.lang.String a(com.hcom.android.common.h.e)>	sig:$r3 = staticinvoke <java.net.CookieHandler: java.net.CookieHandler getDefault()>()	timediff:0
I/System.out(15735): body:<com.hcom.android.a.c.c: java.lang.String a(com.hcom.android.common.h.e)>	sig:specialinvoke $r2.<java.net.URL: void <init>(java.lang.String)>($r4)	timediff:0
I/System.out(15735): <com.hcom.android.a.c.c: java.lang.String a(com.hcom.android.common.h.e)>###specialinvoke $r2.<java.net.URL: void <init>(java.lang.String)>($r4)###http://www.hotels.com/
I/System.out(15735): body:<com.hcom.android.a.c.c: java.lang.String a(com.hcom.android.common.h.e)>	sig:$r5 = virtualinvoke $r2.<java.net.URL: java.net.URI toURI()>()	timediff:0
I/System.out(15735): body:<com.hcom.android.c.a.a: java.util.Map get(java.net.URI,java.util.Map)>	sig:$r6 = virtualinvoke $r1.<java.net.URI: java.lang.String getScheme()>()	timediff:0
I/System.out(15735): body:<com.hcom.android.c.a.a: java.util.Map get(java.net.URI,java.util.Map)>	sig:$r6 = virtualinvoke $r1.<java.net.URI: java.lang.String getHost()>()	timediff:0
I/System.out(15735): body:<com.hcom.android.common.h.d: java.lang.String a(java.net.URI,java.lang.String,java.net.CookieHandler)>	sig:$r5 = virtualinvoke $r2.<java.net.CookieHandler: java.util.Map get(java.net.URI,java.util.Map)>($r0, null)	timediff:3
I/System.out(15735): body:<com.hcom.android.a.c.c: java.lang.String a(com.hcom.android.common.h.e)>	sig:$r3 = staticinvoke <java.net.CookieHandler: java.net.CookieHandler getDefault()>()	timediff:0
I/System.out(15735): body:<com.hcom.android.a.c.c: java.lang.String a(com.hcom.android.common.h.e)>	sig:specialinvoke $r2.<java.net.URL: void <init>(java.lang.String)>($r4)	timediff:0
I/System.out(15735): <com.hcom.android.a.c.c: java.lang.String a(com.hcom.android.common.h.e)>###specialinvoke $r2.<java.net.URL: void <init>(java.lang.String)>($r4)###http://www.hotels.com/
I/System.out(15735): body:<com.hcom.android.a.c.c: java.lang.String a(com.hcom.android.common.h.e)>	sig:$r5 = virtualinvoke $r2.<java.net.URL: java.net.URI toURI()>()	timediff:0
I/System.out(15735): body:<com.hcom.android.c.a.a: java.util.Map get(java.net.URI,java.util.Map)>	sig:$r6 = virtualinvoke $r1.<java.net.URI: java.lang.String getScheme()>()	timediff:0
I/System.out(15735): body:<com.hcom.android.c.a.a: java.util.Map get(java.net.URI,java.util.Map)>	sig:$r6 = virtualinvoke $r1.<java.net.URI: java.lang.String getHost()>()	timediff:0
I/System.out(15735): body:<com.hcom.android.common.h.d: java.lang.String a(java.net.URI,java.lang.String,java.net.CookieHandler)>	sig:$r5 = virtualinvoke $r2.<java.net.CookieHandler: java.util.Map get(java.net.URI,java.util.Map)>($r0, null)	timediff:0
I/System.out(15735): body:<com.hcom.android.a.a.b.c: void a(java.net.URLConnection)>	sig:$r8 = virtualinvoke $r0.<java.net.URLConnection: java.util.Map getRequestProperties()>()	timediff:0
I/System.out(15735): body:<com.hcom.android.c.a.a: java.util.Map get(java.net.URI,java.util.Map)>	sig:$r6 = virtualinvoke $r1.<java.net.URI: java.lang.String getScheme()>()	timediff:0
I/System.out(15735): body:<com.hcom.android.c.a.a: java.util.Map get(java.net.URI,java.util.Map)>	sig:$r6 = virtualinvoke $r1.<java.net.URI: java.lang.String getHost()>()	timediff:0
D/dalvikvm(15735): GC_CONCURRENT freed 2995K, 20% free 12334K/15392K, paused 2ms+8ms, total 22ms
I/System.out(15735): body:<com.hcom.android.a.a.b.c: com.hcom.android.a.a.b.e a(java.lang.String,java.lang.String,com.hcom.android.a.a.b.f,boolean,int)>	sig:$r28 = virtualinvoke $r10.<java.net.URLConnection: java.io.OutputStream getOutputStream()>()	timediff:11
D/FirebaseApp(  670): Notifying background state change listeners.
W/RemoteServiceImpl(15735): Main thread was interrupted.
I/System.out(15735): body:<com.hcom.android.a.a.b.d: void run()>	sig:virtualinvoke $r4.<java.net.HttpURLConnection: void disconnect()>()	timediff:1
I/System.out(15735): body:<com.b.f: java.net.HttpURLConnection d(java.lang.String)>	sig:specialinvoke $r2.<java.net.URL: void <init>(java.lang.String)>($r1)	timediff:0
I/System.out(15735): <com.b.f: java.net.HttpURLConnection d(java.lang.String)>###specialinvoke $r2.<java.net.URL: void <init>(java.lang.String)>($r1)###http://om.hotels.com/b/ss/hotelsusprod,hotelsallprod,hotelsmobapadprod/0/JAVA-1.1.3-AN/s92953385?AQB=1&ndh=1&t=13%2F3%2F2018%2013%3A29%3A24%205%20420&vid=4fd9555845c343e68d07f1f233cafa99&ce=UTF-8&ns=hotelscom&pageName=Mob%20%3A%3A%20aPad%20%3A%3A%20home%20screen&cc=USD&ch=Mob%20%3A%3A%20aPad%20%3A%3A%20home%20screen&server=www.hotels.com&v4=Not%20Signed%20In%7CReturning%20Visitor&c5=389373&v13=389373&c27=4fd9555845c343e68d07f1f233cafa99&c32=en_US%7CHCOM_US%7Cwww.hotels.com&c33=Mob%20%3A%3A%20aPad%20%3A%3A%20home%20screen&v33=Mob%20%3A%3A%20aPad%20%3A%3A%20home%20screen&c36=Not%20Signed%20In%7CReturning%20Visitor&v41=USD&v43=en_US%7CHCOM_US%7Cwww.hotels.com&c46=Mob%20%3A%3A%20aPad&c51=4fd9555845c343e68d07f1f233cafa99&c52=Device%20online&c53=48&v61=Mob%20%3A%3A%20aPad&c64=Mob%20%3A%3A%20aPad%20%3A%3A%20home%20screen%20%3A%3A%20Default&c68=Android%204.4.2&s=1280x720&AQE=1
I/System.out(15735): body:<com.b.f: java.net.HttpURLConnection d(java.lang.String)>	sig:$r3 = virtualinvoke $r2.<java.net.URL: java.net.URLConnection openConnection()>()	timediff:0
I/System.out(15735): body:<com.b.h: boolean c(java.lang.String)>	sig:virtualinvoke $r4.<java.net.URLConnection: void setRequestProperty(java.lang.String,java.lang.String)>($r1, $r8)	timediff:0
I/System.out(15735): body:<com.b.h: boolean c(java.lang.String)>	sig:virtualinvoke $r4.<java.net.URLConnection: void setRequestProperty(java.lang.String,java.lang.String)>($r1, $r8)	timediff:0
I/System.out(15735): body:<com.hcom.android.c.a.a: java.util.Map get(java.net.URI,java.util.Map)>	sig:$r6 = virtualinvoke $r1.<java.net.URI: java.lang.String getScheme()>()	timediff:0
I/System.out(15735): body:<com.hcom.android.c.a.a: java.util.Map get(java.net.URI,java.util.Map)>	sig:$r6 = virtualinvoke $r1.<java.net.URI: java.lang.String getHost()>()	timediff:0
W/EGL_emulation(  670): eglSurfaceAttrib not implemented 3093 12436
I/System.out(15735): body:<com.b.h: boolean c(java.lang.String)>	sig:virtualinvoke $r4.<java.net.HttpURLConnection: int getResponseCode()>()	timediff:239
I/System.out(15735): body:<com.b.h: boolean c(java.lang.String)>	sig:$r9 = virtualinvoke $r5.<java.net.URLConnection: java.io.InputStream getInputStream()>()	timediff:0
I/System.out(15735): body:<empirical.HelperClass: void printURLInfo(java.lang.String,java.lang.String,java.net.URLConnection)>	sig:$r0 = virtualinvoke urlConnection.<java.net.URLConnection: java.net.URL getURL()>()	timediff:0
I/System.out(15735): body:<empirical.HelperClass: void printURLInfo(java.lang.String,java.lang.String,java.net.URLConnection)>	sig:urlString = virtualinvoke $r0.<java.net.URL: java.lang.String toString()>()	timediff:0
I/System.out(15735): body:<empirical.HelperClass: void printURLInfo(java.lang.String,java.lang.String,java.net.URLConnection)>	sig:isDoOutput = virtualinvoke urlConnection.<java.net.URLConnection: boolean getDoOutput()>()	timediff:0
I/System.out(15735): body:<empirical.HelperClass: java.lang.String getHeaderField(java.net.URLConnection,java.lang.String)>	sig:data = virtualinvoke conn.<java.net.URLConnection: java.lang.String getHeaderField(java.lang.String)>(field)	timediff:0
I/System.out(15735): body:<empirical.HelperClass: java.lang.String getHeaderField(java.net.URLConnection,java.lang.String)>	sig:data = virtualinvoke conn.<java.net.URLConnection: java.lang.String getHeaderField(java.lang.String)>(field)	timediff:0
I/System.out(15735): body:<empirical.HelperClass: java.lang.String getHeaderField(java.net.URLConnection,java.lang.String)>	sig:data = virtualinvoke conn.<java.net.URLConnection: java.lang.String getHeaderField(java.lang.String)>(field)	timediff:0
I/System.out(15735): body:<empirical.HelperClass: java.lang.String getHeaderField(java.net.URLConnection,java.lang.String)>	sig:data = virtualinvoke conn.<java.net.URLConnection: java.lang.String getHeaderField(java.lang.String)>(field)	timediff:0
I/System.out(15735): body:<empirical.HelperClass: java.lang.String getHeaderField(java.net.URLConnection,java.lang.String)>	sig:data = virtualinvoke conn.<java.net.URLConnection: java.lang.String getHeaderField(java.lang.String)>(field)	timediff:0
I/System.out(15735): URLConn;%;13;%;<com.b.h: boolean c(java.lang.String)>;%;$r9 = virtualinvoke $r5.<java.net.URLConnection: java.io.InputStream getInputStream()>();%;http://om.hotels.com/b/ss/hotelsusprod,hotelsallprod,hotelsmobapadprod/0/JAVA-1.1.3-AN/s29680355?AQB=1&ndh=1&t=13%2F3%2F2018%2013%3A29%3A23%205%20420&vid=4fd9555845c343e68d07f1f233cafa99&ce=UTF-8&ns=hotelscom&pageName=Mob%20%3A%3A%20aPad%20%3A%3A%20home%20screen&cc=USD&ch=Mob%20%3A%3A%20aPad%20%3A%3A%20home%20screen&server=www.hotels.com&v4=Not%20Signed%20In%7CReturning%20Visitor&c5=389373&v13=389373&c27=4fd9555845c343e68d07f1f233cafa99&c32=en_US%7CHCOM_US%7Cwww.hotels.com&c33=Mob%20%3A%3A%20aPad%20%3A%3A%20home%20screen&v33=Mob%20%3A%3A%20aPad%20%3A%3A%20home%20screen&c36=Not%20Signed%20In%7CReturning%20Visitor&v41=USD&v43=en_US%7CHCOM_US%7Cwww.hotels.com&c46=Mob%20%3A%3A%20aPad&c51=4fd9555845c343e68d07f1f233cafa99&c52=Device%20online&c53=48&v61=Mob%20%3A%3A%20aPad&c64=Mob%20%3A%3A%20aPad%20%3A%3A%20home%20screen%20%3A%3A%20PleaseWait&c68=Android%204.4.2&s=1280x720&AQE=1;%;false;%;1;%;no-cache, no-store, max-age=0, no-transform, private;%;Thu, 12 Apr 2018 20:29:24 GMT;%;Not found;%;Not found
W/ViewRootImpl(  670): Dropping event due to no window focus: KeyEvent { action=ACTION_DOWN, keyCode=KEYCODE_A, scanCode=0, metaState=0, flags=0x8, repeatCount=0, eventTime=4586184, downTime=4586184, deviceId=-1, source=0x101 }
I/System.out(15735): body:<com.hcom.android.c.a.a: void put(java.net.URI,java.util.Map)>	sig:$r11 = virtualinvoke $r1.<java.net.URI: java.lang.String getHost()>()	timediff:0
I/System.out(15735): body:<com.hcom.android.a.a.b.c: boolean a(java.net.HttpURLConnection)>	sig:$i0 = virtualinvoke $r1.<java.net.HttpURLConnection: int getResponseCode()>()	timediff:127
I/System.out(15735): body:<com.hcom.android.a.a.b.c: com.hcom.android.a.a.b.e a(java.lang.String,java.net.HttpURLConnection,com.hcom.android.a.a.b.f,java.lang.String)>	sig:$i0 = virtualinvoke $r6.<java.net.HttpURLConnection: int getResponseCode()>()	timediff:0
I/System.out(15735): body:<com.hcom.android.a.a.b.c: com.hcom.android.a.a.b.e a(java.lang.String,java.net.HttpURLConnection,com.hcom.android.a.a.b.f,java.lang.String)>	sig:$i0 = virtualinvoke $r6.<java.net.HttpURLConnection: int getResponseCode()>()	timediff:0
I/System.out(15735): body:<com.hcom.android.a.a.b.c: com.hcom.android.a.a.b.e a(java.lang.String,java.net.HttpURLConnection,com.hcom.android.a.a.b.f,java.lang.String)>	sig:$r10 = virtualinvoke $r2.<java.net.HttpURLConnection: java.net.URL getURL()>()	timediff:0
I/System.out(15735): body:<com.hcom.android.a.a.b.c: com.hcom.android.a.a.b.e a(java.lang.String,java.net.HttpURLConnection,com.hcom.android.a.a.b.f,java.lang.String)>	sig:$r11 = virtualinvoke $r2.<java.net.HttpURLConnection: java.util.Map getHeaderFields()>()	timediff:0
I/System.out(15735): body:<com.hcom.android.a.a.b.c: void a(com.hcom.android.a.a.b.e)>	sig:$r3 = virtualinvoke $r2.<java.net.HttpURLConnection: java.io.InputStream getInputStream()>()	timediff:0
I/System.out(15735): body:<empirical.HelperClass: void printURLInfo(java.lang.String,java.lang.String,java.net.URLConnection)>	sig:$r0 = virtualinvoke urlConnection.<java.net.URLConnection: java.net.URL getURL()>()	timediff:0
I/System.out(15735): body:<empirical.HelperClass: void printURLInfo(java.lang.String,java.lang.String,java.net.URLConnection)>	sig:urlString = virtualinvoke $r0.<java.net.URL: java.lang.String toString()>()	timediff:0
I/System.out(15735): body:<empirical.HelperClass: void printURLInfo(java.lang.String,java.lang.String,java.net.URLConnection)>	sig:isDoOutput = virtualinvoke urlConnection.<java.net.URLConnection: boolean getDoOutput()>()	timediff:0
I/System.out(15735): body:<empirical.HelperClass: java.lang.String getHeaderField(java.net.URLConnection,java.lang.String)>	sig:data = virtualinvoke conn.<java.net.URLConnection: java.lang.String getHeaderField(java.lang.String)>(field)	timediff:0
I/System.out(15735): body:<empirical.HelperClass: java.lang.String getHeaderField(java.net.URLConnection,java.lang.String)>	sig:data = virtualinvoke conn.<java.net.URLConnection: java.lang.String getHeaderField(java.lang.String)>(field)	timediff:0
I/System.out(15735): body:<empirical.HelperClass: java.lang.String getHeaderField(java.net.URLConnection,java.lang.String)>	sig:data = virtualinvoke conn.<java.net.URLConnection: java.lang.String getHeaderField(java.lang.String)>(field)	timediff:0
I/System.out(15735): body:<empirical.HelperClass: java.lang.String getHeaderField(java.net.URLConnection,java.lang.String)>	sig:data = virtualinvoke conn.<java.net.URLConnection: java.lang.String getHeaderField(java.lang.String)>(field)	timediff:0
I/System.out(15735): body:<empirical.HelperClass: java.lang.String getHeaderField(java.net.URLConnection,java.lang.String)>	sig:data = virtualinvoke conn.<java.net.URLConnection: java.lang.String getHeaderField(java.lang.String)>(field)	timediff:0
I/System.out(15735): URLConn;%;14;%;<com.hcom.android.a.a.b.c: void a(com.hcom.android.a.a.b.e)>;%;$r3 = virtualinvoke $r2.<java.net.HttpURLConnection: java.io.InputStream getInputStream()>();%;https://ssl.hotels.com/mobile_service/v1/configuration/sessionstorage;%;true;%;Not found;%;max-age=0, no-cache, no-store;%;Fri, 13 Apr 2018 20:29:24 GMT;%;Not found;%;akacd_pr_5=1526070564~rv=89~id=3a4173a94828386040a1c1b389f888b0; path=/; Expires=Fri, 11 May 2018 20:29:24 GMT
I/System.out(15735): body:<com.hcom.android.a.a.b.c: com.hcom.android.a.a.b.e a(java.lang.String,java.net.HttpURLConnection,com.hcom.android.a.a.b.f,java.lang.String)>	sig:$i0 = virtualinvoke $r6.<java.net.HttpURLConnection: int getResponseCode()>()	timediff:0
I/System.out(15735): body:<com.hcom.android.a.a.b.c: com.hcom.android.a.a.b.e a(java.lang.String,java.net.HttpURLConnection,com.hcom.android.a.a.b.f,java.lang.String)>	sig:virtualinvoke $r2.<java.net.HttpURLConnection: void disconnect()>()	timediff:0
I/System.out(15735): body:<com.hcom.android.a.a.b.d.c: java.lang.String a(java.lang.String,java.lang.String)>	sig:specialinvoke $r2.<java.net.URL: void <init>(java.lang.String)>($r0)	timediff:0
I/System.out(15735): <com.hcom.android.a.a.b.d.c: java.lang.String a(java.lang.String,java.lang.String)>###specialinvoke $r2.<java.net.URL: void <init>(java.lang.String)>($r0)###http://www.hotels.com/
I/System.out(15735): body:<com.hcom.android.a.a.b.d.c: java.lang.String a(java.lang.String,java.lang.String)>	sig:$r4 = virtualinvoke $r2.<java.net.URL: java.net.URI toURI()>()	timediff:0
I/System.out(15735): body:<com.hcom.android.a.a.b.d.c: java.lang.String a(java.lang.String,java.lang.String)>	sig:$r5 = staticinvoke <java.net.CookieHandler: java.net.CookieHandler getDefault()>()	timediff:0
I/System.out(15735): body:<com.hcom.android.c.a.a: java.util.Map get(java.net.URI,java.util.Map)>	sig:$r6 = virtualinvoke $r1.<java.net.URI: java.lang.String getScheme()>()	timediff:0
I/System.out(15735): body:<com.hcom.android.c.a.a: java.util.Map get(java.net.URI,java.util.Map)>	sig:$r6 = virtualinvoke $r1.<java.net.URI: java.lang.String getHost()>()	timediff:0
I/System.out(15735): body:<com.hcom.android.common.h.d: java.lang.String a(java.net.URI,java.lang.String,java.net.CookieHandler)>	sig:$r5 = virtualinvoke $r2.<java.net.CookieHandler: java.util.Map get(java.net.URI,java.util.Map)>($r0, null)	timediff:0
I/System.out(15735): body:<com.hcom.android.a.a.b.a.c: void a()>	sig:specialinvoke $r1.<java.net.URL: void <init>(java.lang.String)>($r3)	timediff:0
I/System.out(15735): <com.hcom.android.a.a.b.a.c: void a()>###specialinvoke $r1.<java.net.URL: void <init>(java.lang.String)>($r3)###http://www.hotels.com/
I/System.out(15735): body:<com.hcom.android.a.a.b.a.c: void a()>	sig:$r4 = virtualinvoke $r1.<java.net.URL: java.net.URI toURI()>()	timediff:0
I/System.out(15735): body:<com.hcom.android.a.a.b.a.c: void a()>	sig:$r6 = staticinvoke <java.net.CookieHandler: java.net.CookieHandler getDefault()>()	timediff:0
I/System.out(15735): body:<com.hcom.android.c.a.a: java.util.Map get(java.net.URI,java.util.Map)>	sig:$r6 = virtualinvoke $r1.<java.net.URI: java.lang.String getScheme()>()	timediff:0
I/System.out(15735): body:<com.hcom.android.c.a.a: java.util.Map get(java.net.URI,java.util.Map)>	sig:$r6 = virtualinvoke $r1.<java.net.URI: java.lang.String getHost()>()	timediff:0
I/System.out(15735): body:<com.hcom.android.common.h.d: java.lang.String a(java.net.URI,java.lang.String,java.net.CookieHandler)>	sig:$r5 = virtualinvoke $r2.<java.net.CookieHandler: java.util.Map get(java.net.URI,java.util.Map)>($r0, null)	timediff:0
I/System.out(15735): body:<com.hcom.android.a.c.b: void a(android.content.Context,java.lang.String)>	sig:specialinvoke $r2.<java.net.URI: void <init>(java.lang.String)>($r1)	timediff:0
I/System.out(15735): body:<com.hcom.android.a.c.b: void a(android.content.Context,java.net.URI[])>	sig:$r6 = virtualinvoke $r2.<java.net.URI: java.lang.String getHost()>()	timediff:0
W/ContextImpl(  346): Calling a method in the system process without a qualified user: android.app.ContextImpl.sendBroadcast:1123 com.android.server.InputMethodManagerService.hideCurrentInputLocked:1880 com.android.server.InputMethodManagerService.windowGainedFocus:1968 com.android.internal.view.IInputMethodManager$Stub.onTransact:221 com.android.server.InputMethodManagerService.onTransact:818 
I/System.out(15735): body:<com.b.h: boolean c(java.lang.String)>	sig:virtualinvoke $r4.<java.net.HttpURLConnection: int getResponseCode()>()	timediff:70
I/System.out(15735): body:<com.b.h: boolean c(java.lang.String)>	sig:$r9 = virtualinvoke $r5.<java.net.URLConnection: java.io.InputStream getInputStream()>()	timediff:0
I/System.out(15735): body:<empirical.HelperClass: void printURLInfo(java.lang.String,java.lang.String,java.net.URLConnection)>	sig:$r0 = virtualinvoke urlConnection.<java.net.URLConnection: java.net.URL getURL()>()	timediff:0
I/System.out(15735): body:<empirical.HelperClass: void printURLInfo(java.lang.String,java.lang.String,java.net.URLConnection)>	sig:urlString = virtualinvoke $r0.<java.net.URL: java.lang.String toString()>()	timediff:0
I/System.out(15735): body:<empirical.HelperClass: void printURLInfo(java.lang.String,java.lang.String,java.net.URLConnection)>	sig:isDoOutput = virtualinvoke urlConnection.<java.net.URLConnection: boolean getDoOutput()>()	timediff:0
I/System.out(15735): body:<empirical.HelperClass: java.lang.String getHeaderField(java.net.URLConnection,java.lang.String)>	sig:data = virtualinvoke conn.<java.net.URLConnection: java.lang.String getHeaderField(java.lang.String)>(field)	timediff:0
I/System.out(15735): body:<empirical.HelperClass: java.lang.String getHeaderField(java.net.URLConnection,java.lang.String)>	sig:data = virtualinvoke conn.<java.net.URLConnection: java.lang.String getHeaderField(java.lang.String)>(field)	timediff:0
I/System.out(15735): body:<empirical.HelperClass: java.lang.String getHeaderField(java.net.URLConnection,java.lang.String)>	sig:data = virtualinvoke conn.<java.net.URLConnection: java.lang.String getHeaderField(java.lang.String)>(field)	timediff:0
I/System.out(15735): body:<empirical.HelperClass: java.lang.String getHeaderField(java.net.URLConnection,java.lang.String)>	sig:data = virtualinvoke conn.<java.net.URLConnection: java.lang.String getHeaderField(java.lang.String)>(field)	timediff:0
I/System.out(15735): body:<empirical.HelperClass: java.lang.String getHeaderField(java.net.URLConnection,java.lang.String)>	sig:data = virtualinvoke conn.<java.net.URLConnection: java.lang.String getHeaderField(java.lang.String)>(field)	timediff:0
I/System.out(15735): URLConn;%;15;%;<com.b.h: boolean c(java.lang.String)>;%;$r9 = virtualinvoke $r5.<java.net.URLConnection: java.io.InputStream getInputStream()>();%;http://om.hotels.com/b/ss/hotelsusprod,hotelsallprod,hotelsmobapadprod/0/JAVA-1.1.3-AN/s92953385?AQB=1&ndh=1&t=13%2F3%2F2018%2013%3A29%3A24%205%20420&vid=4fd9555845c343e68d07f1f233cafa99&ce=UTF-8&ns=hotelscom&pageName=Mob%20%3A%3A%20aPad%20%3A%3A%20home%20screen&cc=USD&ch=Mob%20%3A%3A%20aPad%20%3A%3A%20home%20screen&server=www.hotels.com&v4=Not%20Signed%20In%7CReturning%20Visitor&c5=389373&v13=389373&c27=4fd9555845c343e68d07f1f233cafa99&c32=en_US%7CHCOM_US%7Cwww.hotels.com&c33=Mob%20%3A%3A%20aPad%20%3A%3A%20home%20screen&v33=Mob%20%3A%3A%20aPad%20%3A%3A%20home%20screen&c36=Not%20Signed%20In%7CReturning%20Visitor&v41=USD&v43=en_US%7CHCOM_US%7Cwww.hotels.com&c46=Mob%20%3A%3A%20aPad&c51=4fd9555845c343e68d07f1f233cafa99&c52=Device%20online&c53=48&v61=Mob%20%3A%3A%20aPad&c64=Mob%20%3A%3A%20aPad%20%3A%3A%20home%20screen%20%3A%3A%20Default&c68=Android%204.4.2&s=1280x720&AQE=1;%;false;%;1;%;no-cache, no-store, max-age=0, no-transform, private;%;Thu, 12 Apr 2018 20:29:24 GMT;%;Not found;%;Not found
I/System.out(15735): body:<com.hcom.android.a.a.b.d: void run()>	sig:virtualinvoke $r4.<java.net.HttpURLConnection: void disconnect()>()	timediff:0
I/ActivityManager(  346): START u0 {act=android.intent.action.MAIN cat=[android.intent.category.LAUNCHER] flg=0x10200000 cmp=com.hcom.android/.modules.initial.presenter.InitialActivity} from pid 15725
D/dalvikvm(  346): GC_FOR_ALLOC freed 6798K, 43% free 13687K/23876K, paused 23ms, total 25ms
D/yeshen  (  670): launcher onpause
W/InputMethodManagerService(  346): Starting input on non-focused client com.android.internal.view.IInputMethodClient$Stub$Proxy@4a9a0bbc (uid=1000 pid=670)
I/System.out(15735): body:<android.net.a: boolean a(java.lang.String)>	sig:specialinvoke $r1.<java.net.DatagramSocket: void <init>()>()	timediff:0
I/System.out(15735): body:<android.net.a: boolean a(java.lang.String)>	sig:virtualinvoke $r1.<java.net.DatagramSocket: void setSoTimeout(int)>(2900)	timediff:0
I/System.out(15735): body:<android.net.a: boolean a(java.lang.String)>	sig:$r3 = staticinvoke <java.net.InetAddress: java.net.InetAddress getByName(java.lang.String)>($r0)	timediff:1
I/System.out(15735): body:<android.net.a: boolean a(java.lang.String)>	sig:specialinvoke $r2.<java.net.DatagramPacket: void <init>(byte[],int,java.net.InetAddress,int)>($r4, $i0, $r3, 123)	timediff:0
I/System.out(15735): body:<android.net.a: boolean a(java.lang.String)>	sig:virtualinvoke $r1.<java.net.DatagramSocket: void send(java.net.DatagramPacket)>($r2)	timediff:0
I/System.out(15735): body:<android.net.a: boolean a(java.lang.String)>	sig:specialinvoke $r2.<java.net.DatagramPacket: void <init>(byte[],int)>($r4, $i0)	timediff:0
I/System.out(15735): body:<android.net.a: boolean a(java.lang.String)>	sig:virtualinvoke $r1.<java.net.DatagramSocket: void receive(java.net.DatagramPacket)>($r2)	timediff:14
I/System.out(15735): body:<android.net.a: boolean a(java.lang.String)>	sig:virtualinvoke $r1.<java.net.DatagramSocket: void close()>()	timediff:0
D//SourceFile:46(15735): 13:29:24.590 main SpiceManager started.
V//Thread.java:841(15735): 13:29:24.592 SpiceManagerThread 0 Binding to service.
V//Thread.java:841(15735): 13:29:24.595 SpiceManagerThread 0 Binding to service succeeded.
D//SourceFile:248(15735): 13:29:24.595 SpiceManagerThread 0 Waiting for service to be bound.
W/EGL_emulation(15735): eglSurfaceAttrib not implemented 3093 12436
D//LoadedApk.java:1110(15735): 13:29:24.613 main Bound to service : HotelsSpiceService
D//SourceFile:248(15735): 13:29:24.614 SpiceManagerThread 0 Bound ok.
W/ViewRootImpl(15735): Dropping event due to no window focus: KeyEvent { action=ACTION_DOWN, keyCode=KEYCODE_NUMPAD_ADD, scanCode=0, metaState=0, flags=0x8, repeatCount=0, eventTime=4586587, downTime=4586587, deviceId=-1, source=0x101 }
W/ContextImpl(  346): Calling a method in the system process without a qualified user: android.app.ContextImpl.sendBroadcast:1123 com.android.server.InputMethodManagerService.hideCurrentInputLocked:1880 com.android.server.InputMethodManagerService.windowGainedFocus:1968 com.android.internal.view.IInputMethodManager$Stub.onTransact:221 com.android.server.InputMethodManagerService.onTransact:818 
E/ActivityThread(15735): Failed to find provider info for com.facebook.katana.provider.AttributionIdProvider
I/System.out(15735): body:<com.hcom.android.a.b.d.b.b: java.lang.String a(java.lang.String)>	sig:$r0 = staticinvoke <java.net.URLEncoder: java.lang.String encode(java.lang.String,java.lang.String)>($r0, "UTF-8")	timediff:0
I/System.out(15735): body:<com.hcom.android.a.b.d.b.b: java.lang.String a(java.lang.String)>	sig:$r0 = staticinvoke <java.net.URLEncoder: java.lang.String encode(java.lang.String,java.lang.String)>($r0, "UTF-8")	timediff:0
I/System.out(15735): body:<com.hcom.android.a.b.d.b.b: java.lang.String a(java.lang.String)>	sig:$r0 = staticinvoke <java.net.URLEncoder: java.lang.String encode(java.lang.String,java.lang.String)>($r0, "UTF-8")	timediff:0
I/System.out(15735): body:<com.hcom.android.a.b.d.b.b: java.lang.String a(java.lang.String)>	sig:$r0 = staticinvoke <java.net.URLEncoder: java.lang.String encode(java.lang.String,java.lang.String)>($r0, "UTF-8")	timediff:0
I/System.out(15735): body:<com.hcom.android.a.a.b.a.d: void a(java.lang.String,boolean)>	sig:specialinvoke $r12.<java.net.URL: void <init>(java.lang.String)>($r1)	timediff:0
I/System.out(15735): <com.hcom.android.a.a.b.a.d: void a(java.lang.String,boolean)>###specialinvoke $r12.<java.net.URL: void <init>(java.lang.String)>($r1)###https://ssl.hotels.com/mobile_service/v1/configuration/sessionstorage
I/System.out(15735): body:<com.hcom.android.a.a.b.a.d: void a(java.lang.String,boolean)>	sig:$r13 = virtualinvoke $r12.<java.net.URL: java.net.URI toURI()>()	timediff:0
I/System.out(15735): body:<com.hcom.android.a.a.b.a.d: void a(java.lang.String,boolean)>	sig:$r17 = virtualinvoke $r13.<java.net.URI: java.lang.String getHost()>()	timediff:0
I/System.out(15735): body:<com.hcom.android.a.a.b.a.d: void a(java.lang.String,boolean)>	sig:$r20 = staticinvoke <java.net.CookieHandler: java.net.CookieHandler getDefault()>()	timediff:0
I/System.out(15735): body:<com.hcom.android.a.a.b.a.d: void a(java.lang.String,boolean)>	sig:virtualinvoke $r20.<java.net.CookieHandler: void put(java.net.URI,java.util.Map)>($r13, $r16)	timediff:2
I/System.out(15735): body:<com.hcom.android.a.a.b.a.b: void a(java.lang.String,boolean)>	sig:specialinvoke $r2.<java.net.URL: void <init>(java.lang.String)>($r1)	timediff:0
I/System.out(15735): <com.hcom.android.a.a.b.a.b: void a(java.lang.String,boolean)>###specialinvoke $r2.<java.net.URL: void <init>(java.lang.String)>($r1)###https://ssl.hotels.com/mobile_service/v1/configuration/sessionstorage
I/System.out(15735): body:<com.hcom.android.a.c.d: void a(java.net.URL)>	sig:$r2 = virtualinvoke $r0.<java.net.URL: java.lang.String toString()>()	timediff:0
I/System.out(15735): body:<com.hcom.android.a.a.b.c: com.hcom.android.a.a.b.e a(java.lang.String,java.lang.String,com.hcom.android.a.a.b.f,boolean,int)>	sig:specialinvoke $r9.<java.net.URL: void <init>(java.lang.String)>($r1)	timediff:0
I/System.out(15735): <com.hcom.android.a.a.b.c: com.hcom.android.a.a.b.e a(java.lang.String,java.lang.String,com.hcom.android.a.a.b.f,boolean,int)>###specialinvoke $r9.<java.net.URL: void <init>(java.lang.String)>($r1)###https://ssl.hotels.com/mobile_service/v1/configuration/sessionstorage
I/System.out(15735): body:<com.hcom.android.a.a.b.c: java.net.URLConnection a(java.net.URL,com.hcom.android.a.a.b.f,int)>	sig:$r5 = virtualinvoke $r1.<java.net.URL: java.net.URLConnection openConnection()>()	timediff:1
I/System.out(15735): body:<com.hcom.android.a.a.b.c: java.net.URLConnection a(java.net.URL,com.hcom.android.a.a.b.f,int)>	sig:virtualinvoke $r6.<java.net.HttpURLConnection: void setReadTimeout(int)>($i0)	timediff:0
I/System.out(15735): body:<com.hcom.android.a.a.b.c: java.net.URLConnection a(java.net.URL,com.hcom.android.a.a.b.f,int)>	sig:virtualinvoke $r6.<java.net.HttpURLConnection: void setConnectTimeout(int)>($i0)	timediff:0
