I/System.out( 7996): body:<empirical.HelperClass: java.lang.String getHeaderField(java.net.URLConnection,java.lang.String)>	sig:data = virtualinvoke conn.<java.net.URLConnection: java.lang.String getHeaderField(java.lang.String)>(field)	timediff:0
I/System.out( 7996): body:<empirical.HelperClass: java.lang.String getHeaderField(java.net.URLConnection,java.lang.String)>	sig:data = virtualinvoke conn.<java.net.URLConnection: java.lang.String getHeaderField(java.lang.String)>(field)	timediff:0
I/System.out( 7996): body:<empirical.HelperClass: java.lang.String getHeaderField(java.net.URLConnection,java.lang.String)>	sig:data = virtualinvoke conn.<java.net.URLConnection: java.lang.String getHeaderField(java.lang.String)>(field)	timediff:0
I/System.out( 7996): body:<empirical.HelperClass: java.lang.String getHeaderField(java.net.URLConnection,java.lang.String)>	sig:data = virtualinvoke conn.<java.net.URLConnection: java.lang.String getHeaderField(java.lang.String)>(field)	timediff:0
I/System.out( 7996): body:<empirical.HelperClass: java.lang.String getHeaderField(java.net.URLConnection,java.lang.String)>	sig:data = virtualinvoke conn.<java.net.URLConnection: java.lang.String getHeaderField(java.lang.String)>(field)	timediff:0
I/System.out( 7996): URLConn;%;10;%;<com.adjust.sdk.Util: com.adjust.sdk.ResponseData readHttpResponse(javax.net.ssl.HttpsURLConnection,com.adjust.sdk.ActivityPackage)>;%;$r6 = virtualinvoke $r0.<javax.net.ssl.HttpsURLConnection: java.io.InputStream getInputStream()>();%;https://app.adjust.com/attribution?created_at=2018-04-13T17%3A32%3A57.351Z-0700&app_token=t92p5rcexaa9&needs_response_details=1&environment=production&tracking_enabled=1&gps_adid=3ae8f2f4-1b58-4ed6-816b-3ee6c7e3745e;%;false;%;156;%;Not found;%;Not found;%;Not found;%;Not found
I/System.out( 7996): body:<com.adjust.sdk.Util: com.adjust.sdk.ResponseData readHttpResponse(javax.net.ssl.HttpsURLConnection,com.adjust.sdk.ActivityPackage)>	sig:virtualinvoke $r0.<javax.net.ssl.HttpsURLConnection: void disconnect()>()	timediff:0
V/FlingTracker(  532): computeCurrentVelocity warning: totalweight=0
V/FlingTracker(  532): java.lang.Throwable
V/FlingTracker(  532): 	at com.android.systemui.statusbar.phone.PanelView$FlingTracker.computeCurrentVelocity(PanelView.java:162)
V/FlingTracker(  532): 	at com.android.systemui.statusbar.phone.PanelView$3.onTouch(PanelView.java:462)
V/FlingTracker(  532): 	at android.view.View.dispatchTouchEvent(View.java:7701)
V/FlingTracker(  532): 	at com.android.systemui.statusbar.phone.NotificationPanelView.onTouchEvent(NotificationPanelView.java:138)
V/FlingTracker(  532): 	at com.android.systemui.statusbar.phone.PanelBar.onTouchEvent(PanelBar.java:130)
V/FlingTracker(  532): 	at com.android.systemui.statusbar.phone.PhoneStatusBarView.onTouchEvent(PhoneStatusBarView.java:201)
V/FlingTracker(  532): 	at android.view.View.dispatchTouchEvent(View.java:7706)
V/FlingTracker(  532): 	at android.view.ViewGroup.dispatchTransformedTouchEvent(ViewGroup.java:2210)
V/FlingTracker(  532): 	at android.view.ViewGroup.dispatchTouchEvent(ViewGroup.java:1945)
V/FlingTracker(  532): 	at android.view.ViewGroup.dispatchTransformedTouchEvent(ViewGroup.java:2216)
V/FlingTracker(  532): 	at android.view.ViewGroup.dispatchTouchEvent(ViewGroup.java:1959)
V/FlingTracker(  532): 	at android.view.View.dispatchPointerEvent(View.java:7886)
V/FlingTracker(  532): 	at android.view.ViewRootImpl$ViewPostImeInputStage.processPointerEvent(ViewRootImpl.java:3978)
V/FlingTracker(  532): 	at android.view.ViewRootImpl$ViewPostImeInputStage.onProcess(ViewRootImpl.java:3857)
V/FlingTracker(  532): 	at android.view.ViewRootImpl$InputStage.deliver(ViewRootImpl.java:3423)
V/FlingTracker(  532): 	at android.view.ViewRootImpl$InputStage.onDeliverToNext(ViewRootImpl.java:3473)
V/FlingTracker(  532): 	at android.view.ViewRootImpl$InputStage.forward(ViewRootImpl.java:3442)
V/FlingTracker(  532): 	at android.view.ViewRootImpl$AsyncInputStage.forward(ViewRootImpl.java:3549)
V/FlingTracker(  532): 	at android.view.ViewRootImpl$InputStage.apply(ViewRootImpl.java:3450)
V/FlingTracker(  532): 	at android.view.ViewRootImpl$AsyncInputStage.apply(ViewRootImpl.java:3606)
V/FlingTracker(  532): 	at android.view.ViewRootImpl$InputStage.deliver(ViewRootImpl.java:3423)
V/FlingTracker(  532): 	at android.view.ViewRootImpl$InputStage.onDeliverToNext(ViewRootImpl.java:3473)
V/FlingTracker(  532): 	at android.view.ViewRootImpl$InputStage.forward(ViewRootImpl.java:3442)
V/FlingTracker(  532): 	at android.view.ViewRootImpl$InputStage.apply(ViewRootImpl.java:3450)
V/FlingTracker(  532): 	at android.view.ViewRootImpl$InputStage.deliver(ViewRootImpl.java:3423)
V/FlingTracker(  532): 	at android.view.ViewRootImpl.deliverInputEvent(ViewRootImpl.java:5626)
V/FlingTracker(  532): 	at android.view.ViewRootImpl.doProcessInputEvents(ViewRootImpl.java:5606)
V/FlingTracker(  532): 	at android.view.ViewRootImpl.enqueueInputEvent(ViewRootImpl.java:5577)
V/FlingTracker(  532): 	at android.view.ViewRootImpl$WindowInputEventReceiver.onInputEvent(ViewRootImpl.java:5706)
V/FlingTracker(  532): 	at android.view.InputEventReceiver.dispatchInputEvent(InputEventReceiver.java:185)
V/FlingTracker(  532): 	at android.os.MessageQueue.nativePollOnce(Native Method)
V/FlingTracker(  532): 	at android.os.MessageQueue.next(MessageQueue.java:138)
V/FlingTracker(  532): 	at android.os.Looper.loop(Looper.java:123)
V/FlingTracker(  532): 	at android.app.ActivityThread.main(ActivityThread.java:5019)
V/FlingTracker(  532): 	at java.lang.reflect.Method.invokeNative(Native Method)
V/FlingTracker(  532): 	at java.lang.reflect.Method.invoke(Method.java:515)
V/FlingTracker(  532): 	at com.android.internal.os.ZygoteInit$MethodAndArgsCaller.run(ZygoteInit.java:779)
V/FlingTracker(  532): 	at com.android.internal.os.ZygoteInit.main(ZygoteInit.java:595)
V/FlingTracker(  532): 	at dalvik.system.NativeStart.main(Native Method)
V/PanelView(  532): animationTick called with dtms=0; nothing to do (h=0.0 v=0.0)
V/PanelView(  532): animationTick called with dtms=-1; nothing to do (h=0.0 v=0.0)
I/ActivityManager(  314): START u0 {act=android.intent.action.MAIN cat=[android.intent.category.HOME] flg=0x10200000 cmp=com.vphone.launcher/.Launcher} from pid 314
D/dalvikvm(  314): GC_FOR_ALLOC freed 5219K, 36% free 15444K/23920K, paused 13ms, total 13ms
I/ActivityManager(  314): START u0 {cmp=com.cf.flightsearch/.activities.SettingsActivity (has extras)} from pid 7996
W/ViewRootImpl( 7996): Dropping event due to no window focus: MotionEvent { action=ACTION_MOVE, id[0]=0, x[0]=4.0, y[0]=0.0, toolType[0]=TOOL_TYPE_UNKNOWN, buttonState=0, metaState=0, flags=0x0, edgeFlags=0x0, pointerCount=1, historySize=27, eventTime=359276, downTime=-1, deviceId=0, source=0x10004 }
I/Appboy v1.13.3 .bo.app.by( 7996): Completed the openSession call. Starting or continuing session 485659f2-af35-496c-836b-29dfb6e5b750
D/GTM     ( 7996): Got TopCountries: ["AU","CA","HK","ID","MY","NZ","PH","SG","ZA","GB","US"]
D/GTM     ( 7996): Got AllCountries: [{"Code":"AF","Name":"Afghanistan"},{"Code":"AX","Name":"land Islands"},{"Code":"AL","Name":"Albania"},{"Code":"DZ","Name":"Algeria"},{"Code":"AS","Name":"American Samoa"},{"Code":"AD","Name":"Andorra"},{"Code":"AO","Name":"Angola"},{"Code":"AI","Name":"Anguilla"},{"Code":"AQ","Name":"Antarctica"},{"Code":"AG","Name":"Antigua and Barbuda"},{"Code":"AR","Name":"Argentina"},{"Code":"AM","Name":"Armenia"},{"Code":"AW","Name":"Aruba"},{"Code":"AU","Name":"Australia"},{"Code":"AT","Name":"Austria"},{"Code":"AZ","Name":"Azerbaijan"},{"Code":"BS","Name":"Bahamas"},{"Code":"BH","Name":"Bahrain"},{"Code":"BD","Name":"Bangladesh"},{"Code":"BB","Name":"Barbados"},{"Code":"BY","Name":"Belarus"},{"Code":"BE","Name":"Belgium"},{"Code":"BZ","Name":"Belize"},{"Code":"BJ","Name":"Benin"},{"Code":"BM","Name":"Bermuda"},{"Code":"BT","Name":"Bhutan"},{"Code":"BO","Name":"Bolivia"},{"Code":"BQ","Name":"Bonaire, Sint Eustatius and Saba"},{"Code":"BA","Name":"Bosnia and Herzegovina"},{"Code":"BW","Name":"Botswana"},{"Code":"BR","Name":"Brazil"},{"Code":"IO","Name":"British Indian Ocean Territory"},{"Code":"BN","Name":"Brunei Darussalam"},{"Code":"BG","Name":"Bulgaria"},{"Code":"BF","Name":"Burkina Faso"},{"Code":"BI","Name":"Burundi"},{"Code":"KH","Name":"Cambodia"},{"Code":"CM","Name":"Cameroon"},{"Code":"CA","Name":"Canada"},{"Code":"CV","Name":"Cape Verde"},{"Code":"KY","Name":"Cayman Islands"},{"Code":"CF","Name":"Central African Republic"},{"Code":"TD","Name":"Chad"},{"Code":"CL","Name":"Chile"},{"Code":"CN","Name":"China"},{"Code":"CX","Name":"Christmas Island"},{"Code":"CC","Name":"Cocos (Keeling) Islands"},{"Code":"CO","Name":"Colombia"},{"Code":"KM","Name":"Comoros"},{"Code":"CG","Name":"Congo"},{"Code":"CD","Name":"Congo, The Democratic Republic of the"},{"Code":"CK","Name":"Cook Islands"},{"Code":"CR","Name":"Costa Rica"},{"Code":"CI","Name":"Cte d'Ivoire"},{"Code":"HR","Name":"Croatia"},{"Code":"CU","Name":"Cuba"},{"Code":"CW","Name":"Curaao"},{"Code":"CY","Name":"Cyprus"},{"Code":"CZ","Name":"Czech Republic"},{"Code":"DK","Name":"Denmark"},{"Code":"DJ","Name":"Djibouti"},{"Code":"DM","Name":"Dominica"},{"Code":"DO","Name":"Dominican Republic"},{"Code":"EC","Name":"Ecuador"},{"Code":"EG","Name":"Egypt"},{"Code":"SV","Name":"El Salvador"},{"Code":"GQ","Name":"Equatorial Guinea"},{"Code":"ER","Name":"Eritrea"},{"Code":"EE","Name":"Estonia"},{"Code":"ET","Name":"Ethiopia"},{"Code":"FK","Name":"Falkland Islands (Malvinas)"},{"Code":"FO","Name":"Faroe Islands"},{"Code":"FJ","Name":"Fiji"},{"Code":"FI","Name":"Finland"},{"Code":"FR","Name":"France"},{"Code":"GF","Name":"French Guiana"},{"Code":"PF","Name":"French Polynesia"},{"Code":"TF","Name":"French Southern Territories"},{"Code":"GA","Name":"Gabon"},{"Code":"GM","Name":"Gambia"},{"Code":"GE","Name":"Georgia"},{"Code":"DE","Name":"Germany"},{"Code":"GH","Name":"Ghana"},{"Code":"GI","Name":"Gibraltar"},{"Code":"GR","Name":"Greece"},{"Code":"GL","Name":"Greenland"},{"Code":"GD","Name":"Grenada"},{"Code":"GP","Name":"Guadeloupe"},{"Code":"GU","Name":"Guam"},{"Code":"GT","Name":"Guatemala"},{"Code":"GG","Name":"Guernsey"},{"Code":"GN","Name":"Guinea"},{"Code":"GW","Name":"Guinea-Bissau"},{"Code":"GY","Name":"Guyana"},{"Code":"HT","Name":"Haiti"},{"Code":"HM","Name":"Heard Island and McDonald Islands"},{"Code":"VA","Name":"Holy See (Vatican City State)"},{"Code":"HN","Name":"Honduras"},{"Code":"HK","Name":"Hong Kong"},{"Code":"HU","Name":"Hungary"},{"Code":"IS","Name":"Iceland"},{"Code":"IN","Name":"India"},{"Code":"ID","Name":"Indonesia"},{"Code":"IR","Name":"Iran, Islamic Republic of"},{"Code":"IQ","Name":"Iraq"},{"Code":"IE","Name":"Ireland"},{"Code":"IM","Name":"Isle of Man"},{"Code":"IL","Name":"Israel"},{"Code":"IT","Name":"Italy"},{"Code":"JM","Name":"Jamaica"},{"Code":"JP","Name":"Japan"},{"Code":"JE","Name":"Jersey"},{"Code":"JO","Name":"Jordan"},{"Code":"KZ","Name":"Kazakhstan"},{"Code":"KE","Name":"Kenya"},{"Code":"KI","Name":"Kiribati"},{"Code":"KP","Name":"Korea, Democratic People's Republic of"},{"Code":"KR","Name":"Korea, Rep
I/System.out( 7996): body:<com.cf.flightsearch.utilites.ae: com.squareup.okhttp.OkHttpClient a(java.lang.String)>	sig:$r4 = staticinvoke <java.net.ProxySelector: java.net.ProxySelector getDefault()>()	timediff:0
I/System.out( 7996): body:<com.cf.flightsearch.utilites.ae: com.squareup.okhttp.OkHttpClient a(java.lang.String)>	sig:specialinvoke $r3.<java.net.URI: void <init>(java.lang.String)>($r0)	timediff:0
I/System.out( 7996): body:<com.cf.flightsearch.utilites.ae: com.squareup.okhttp.OkHttpClient a(java.lang.String)>	sig:$r5 = virtualinvoke $r4.<java.net.ProxySelector: java.util.List select(java.net.URI)>($r3)	timediff:0
I/System.out( 7996): body:<com.squareup.okhttp.HttpUrl$Builder: java.lang.String domainToAscii(java.lang.String)>	sig:$r0 = staticinvoke <java.net.IDN: java.lang.String toASCII(java.lang.String)>($r0)	timediff:0
D/GTM     ( 7996): Got CurrencyMap: [{"CountryCode":"AE","CurrencyCode":"AED"},{"CountryCode":"AF","CurrencyCode":"AFN"},{"CountryCode":"AL","CurrencyCode":"ALL"},{"CountryCode":"AR","CurrencyCode":"ARS"},{"CountryCode":"AU","CurrencyCode":"AUD"},{"CountryCode":"CC","CurrencyCode":"AUD"},{"CountryCode":"CX","CurrencyCode":"AUD"},{"CountryCode":"HM","CurrencyCode":"AUD"},{"CountryCode":"KI","CurrencyCode":"AUD"},{"CountryCode":"NF","CurrencyCode":"AUD"},{"CountryCode":"NR","CurrencyCode":"AUD"},{"CountryCode":"BB","CurrencyCode":"BBD"},{"CountryCode":"BD","CurrencyCode":"BDT"},{"CountryCode":"BG","CurrencyCode":"BGN"},{"CountryCode":"BH","CurrencyCode":"BHD"},{"CountryCode":"BM","CurrencyCode":"BMD"},{"CountryCode":"BR","CurrencyCode":"BRL"},{"CountryCode":"BS","CurrencyCode":"BSD"},{"CountryCode":"CA","CurrencyCode":"CAD"},{"CountryCode":"CH","CurrencyCode":"CHF"},{"CountryCode":"LI","CurrencyCode":"CHF"},{"CountryCode":"CL","CurrencyCode":"CLP"},{"CountryCode":"CN","CurrencyCode":"CNY"},{"CountryCode":"CO","CurrencyCode":"COP"},{"CountryCode":"CR","CurrencyCode":"CRC"},{"CountryCode":"CZ","CurrencyCode":"CZK"},{"CountryCode":"DK","CurrencyCode":"DKK"},{"CountryCode":"FO","CurrencyCode":"DKK"},{"CountryCode":"GL","CurrencyCode":"DKK"},{"CountryCode":"DO","CurrencyCode":"DOP"},{"CountryCode":"DZ","CurrencyCode":"DZD"},{"CountryCode":"EG","CurrencyCode":"EGP"},{"CountryCode":"AD","CurrencyCode":"EUR"},{"CountryCode":"AT","CurrencyCode":"EUR"},{"CountryCode":"BE","CurrencyCode":"EUR"},{"CountryCode":"CY","CurrencyCode":"EUR"},{"CountryCode":"DE","CurrencyCode":"EUR"},{"CountryCode":"EE","CurrencyCode":"EUR"},{"CountryCode":"ES","CurrencyCode":"EUR"},{"CountryCode":"FI","CurrencyCode":"EUR"},{"CountryCode":"FR","CurrencyCode":"EUR"},{"CountryCode":"GF","CurrencyCode":"EUR"},{"CountryCode":"GP","CurrencyCode":"EUR"},{"CountryCode":"GR","CurrencyCode":"EUR"},{"CountryCode":"IE","CurrencyCode":"EUR"},{"CountryCode":"IT","CurrencyCode":"EUR"},{"CountryCode":"LU","CurrencyCode":"EUR"},{"CountryCode":"MC","CurrencyCode":"EUR"},{"CountryCode":"ME","CurrencyCode":"EUR"},{"CountryCode":"MF","CurrencyCode":"EUR"},{"CountryCode":"MQ","CurrencyCode":"EUR"},{"CountryCode":"MT","CurrencyCode":"EUR"},{"CountryCode":"NL","CurrencyCode":"EUR"},{"CountryCode":"PM","CurrencyCode":"EUR"},{"CountryCode":"PT","CurrencyCode":"EUR"},{"CountryCode":"RE","CurrencyCode":"EUR"},{"CountryCode":"SI","CurrencyCode":"EUR"},{"CountryCode":"SK","CurrencyCode":"EUR"},{"CountryCode":"SM","CurrencyCode":"EUR"},{"CountryCode":"TF","CurrencyCode":"EUR"},{"CountryCode":"VA","CurrencyCode":"EUR"},{"CountryCode":"YT","CurrencyCode":"EUR"},{"CountryCode":"GB","CurrencyCode":"GBP"},{"CountryCode":"HK","CurrencyCode":"HKD"},{"CountryCode":"HR","CurrencyCode":"HRK"},{"CountryCode":"HU","CurrencyCode":"HUF"},{"CountryCode":"ID","CurrencyCode":"IDR"},{"CountryCode":"TL","CurrencyCode":"IDR"},{"CountryCode":"IL","CurrencyCode":"ILS"},{"CountryCode":"IN","CurrencyCode":"INR"},{"CountryCode":"IQ","CurrencyCode":"IQD"},{"CountryCode":"IR","CurrencyCode":"IRR"},{"CountryCode":"IS","CurrencyCode":"ISK"},{"CountryCode":"JM","CurrencyCode":"JMD"},{"CountryCode":"JO","CurrencyCode":"JOD"},{"CountryCode":"JP","CurrencyCode":"JPY"},{"CountryCode":"KE","CurrencyCode":"KES"},{"CountryCode":"KR","CurrencyCode":"KRW"},{"CountryCode":"KW","CurrencyCode":"KWD"},{"CountryCode":"LB","CurrencyCode":"LBP"},{"CountryCode":"LK","CurrencyCode":"LKR"},{"CountryCode":"EH","CurrencyCode":"MAD"},{"CountryCode":"MA","CurrencyCode":"MAD"},{"CountryCode":"MU","CurrencyCode":"MUR"},{"CountryCode":"MX","CurrencyCode":"MXN"},{"CountryCode":"MY","CurrencyCode":"MYR"},{"CountryCode":"NG","CurrencyCode":"NGN"},{"CountryCode":"BV","CurrencyCode":"NOK"},{"CountryCode":"NO","CurrencyCode":"NOK"},{"CountryCode":"SJ","CurrencyCode":"NOK"},{"CountryCode":"CK","CurrencyCode":"NZD"},{"CountryCode":"NZ","CurrencyCode":"NZD"},{"CountryCode":"PN","CurrencyCode":"NZD"},{"CountryCode":"TK","CurrencyCode":"NZD"},{"CountryCode":"OM","CurrencyCode":"OMR"},{"CountryCode":"PE","CurrencyCode":"PEN"},{"CountryCode":"PH",
D/GTM     ( 7996): Got TopCurrencies: ["AUD","CAD","GBP","EUR","HKD","IDR","MYR","NGN","NZD","PHP","SGD","USD","ZAR"]
I/System.out( 7996): body:<com.squareup.okhttp.OkHttpClient: com.squareup.okhttp.OkHttpClient copyWithDefaults()>	sig:$r2 = staticinvoke <java.net.ProxySelector: java.net.ProxySelector getDefault()>()	timediff:0
I/System.out( 7996): body:<com.squareup.okhttp.OkHttpClient: com.squareup.okhttp.OkHttpClient copyWithDefaults()>	sig:$r3 = staticinvoke <java.net.CookieHandler: java.net.CookieHandler getDefault()>()	timediff:0
I/System.out( 7996): body:<com.squareup.okhttp.HttpUrl$Builder: java.lang.String domainToAscii(java.lang.String)>	sig:$r0 = staticinvoke <java.net.IDN: java.lang.String toASCII(java.lang.String)>($r0)	timediff:0
I/System.out( 7996): body:<com.squareup.okhttp.internal.http.RouteSelector: void resetNextInetSocketAddress(java.net.Proxy)>	sig:$r6 = virtualinvoke $r1.<java.net.Proxy: java.net.Proxy$Type type()>()	timediff:0
I/System.out( 7996): body:<com.squareup.okhttp.internal.http.RouteSelector: void resetNextInetSocketAddress(java.net.Proxy)>	sig:$r6 = virtualinvoke $r1.<java.net.Proxy: java.net.Proxy$Type type()>()	timediff:0
W/EGL_emulation( 7996): eglSurfaceAttrib not implemented 3093 12436
I/System.out( 7996): body:<com.squareup.okhttp.Dns$1: java.util.List lookup(java.lang.String)>	sig:$r3 = staticinvoke <java.net.InetAddress: java.net.InetAddress[] getAllByName(java.lang.String)>($r1)	timediff:9
I/System.out( 7996): body:<com.squareup.okhttp.internal.http.RouteSelector: void resetNextInetSocketAddress(java.net.Proxy)>	sig:specialinvoke $r5.<java.net.InetSocketAddress: void <init>(java.net.InetAddress,int)>($r17, $i0)	timediff:0
I/System.out( 7996): body:<com.squareup.okhttp.Address: int hashCode()>	sig:$i1 = virtualinvoke $r6.<java.net.Proxy: int hashCode()>()	timediff:0
I/System.out( 7996): body:<com.squareup.okhttp.Route: int hashCode()>	sig:$i1 = virtualinvoke $r2.<java.net.Proxy: int hashCode()>()	timediff:0
I/System.out( 7996): body:<com.squareup.okhttp.Route: int hashCode()>	sig:$i0 = virtualinvoke $r3.<java.net.InetSocketAddress: int hashCode()>()	timediff:0
I/System.out( 7996): body:<com.squareup.okhttp.internal.io.RealConnection: void connect(int,int,int,java.util.List,boolean)>	sig:$r17 = virtualinvoke $r6.<java.net.Proxy: java.net.Proxy$Type type()>()	timediff:0
I/System.out( 7996): body:<com.squareup.okhttp.internal.io.RealConnection: void connectSocket(int,int,int,com.squareup.okhttp.internal.ConnectionSpecSelector)>	sig:virtualinvoke $r2.<java.net.Socket: void setSoTimeout(int)>($i1)	timediff:0
I/System.out( 7996): body:<com.squareup.okhttp.internal.Platform$Android: void connectSocket(java.net.Socket,java.net.InetSocketAddress,int)>	sig:virtualinvoke $r1.<java.net.Socket: void connect(java.net.SocketAddress,int)>($r2, $i0)	timediff:12
I/System.out( 7996): body:<e.r: e.ac b(java.net.Socket)>	sig:$r3 = virtualinvoke $r0.<java.net.Socket: java.io.InputStream getInputStream()>()	timediff:0
I/System.out( 7996): body:<e.r: e.ab a(java.net.Socket)>	sig:$r3 = virtualinvoke $r0.<java.net.Socket: java.io.OutputStream getOutputStream()>()	timediff:0
I/System.out( 7996): body:<com.squareup.okhttp.Address: int hashCode()>	sig:$i1 = virtualinvoke $r6.<java.net.Proxy: int hashCode()>()	timediff:0
I/System.out( 7996): body:<com.squareup.okhttp.Route: int hashCode()>	sig:$i1 = virtualinvoke $r2.<java.net.Proxy: int hashCode()>()	timediff:0
I/System.out( 7996): body:<com.squareup.okhttp.Route: int hashCode()>	sig:$i0 = virtualinvoke $r3.<java.net.InetSocketAddress: int hashCode()>()	timediff:0
I/System.out( 7996): body:<com.squareup.okhttp.internal.io.RealConnection: boolean isHealthy(boolean)>	sig:$z1 = virtualinvoke $r1.<java.net.Socket: boolean isClosed()>()	timediff:0
I/System.out( 7996): body:<com.squareup.okhttp.internal.io.RealConnection: boolean isHealthy(boolean)>	sig:$z1 = virtualinvoke $r1.<java.net.Socket: boolean isInputShutdown()>()	timediff:0
I/System.out( 7996): body:<com.squareup.okhttp.internal.io.RealConnection: boolean isHealthy(boolean)>	sig:$z1 = virtualinvoke $r1.<java.net.Socket: boolean isOutputShutdown()>()	timediff:0
I/System.out( 7996): body:<com.squareup.okhttp.internal.http.StreamAllocation: com.squareup.okhttp.internal.http.HttpStream newStream(int,int,int,boolean,boolean)>	sig:virtualinvoke $r6.<java.net.Socket: void setSoTimeout(int)>($i1)	timediff:0
I/System.out( 7996): body:<com.squareup.okhttp.internal.http.Http1xStream: void writeRequestHeaders(com.squareup.okhttp.Request)>	sig:$r6 = virtualinvoke $r5.<java.net.Proxy: java.net.Proxy$Type type()>()	timediff:0
D/dalvikvm( 7996): GC_CONCURRENT freed 2389K, 18% free 12076K/14616K, paused 2ms+2ms, total 17ms
D/dalvikvm( 7996): WAIT_FOR_CONCURRENT_GC blocked 9ms
W/ViewRootImpl( 7996): Dropping event due to no window focus: MotionEvent { action=ACTION_MOVE, id[0]=0, x[0]=-5.0, y[0]=-2.0, toolType[0]=TOOL_TYPE_UNKNOWN, buttonState=0, metaState=0, flags=0x0, edgeFlags=0x0, pointerCount=1, historySize=11, eventTime=359387, downTime=-1, deviceId=0, source=0x10004 }
W/ViewRootImpl( 7996): Dropping event due to no window focus: KeyEvent { action=ACTION_DOWN, keyCode=KEYCODE_DPAD_RIGHT, scanCode=0, metaState=0, flags=0x8, repeatCount=0, eventTime=359387, downTime=359387, deviceId=-1, source=0x101 }
W/ResourceType(  314): Skipping entry 0x7f050015 in package table 0 because it is not complex!
W/ResourceType(  314): Skipping entry 0x7f050016 in package table 0 because it is not complex!
I/ActivityManager(  314): Displayed com.cf.flightsearch/.activities.SettingsActivity: +168ms
W/ContextImpl(  314): Calling a method in the system process without a qualified user: android.app.ContextImpl.sendBroadcast:1123 com.android.server.InputMethodManagerService.hideCurrentInputLocked:1880 com.android.server.InputMethodManagerService.windowGainedFocus:1968 com.android.internal.view.IInputMethodManager$Stub.onTransact:221 com.android.server.InputMethodManagerService.onTransact:818 
I/ActivityManager(  314): START u0 {act=android.intent.action.MAIN cat=[android.intent.category.LAUNCHER] flg=0x10000000 sel={act=android.intent.action.MAIN cat=[android.intent.category.APP_MUSIC]}} from pid 314
I/ActivityManager(  314): START u0 {cmp=com.cf.flightsearch/.activities.RegionSettingActivity} from pid 7996
I/System.out( 7996): body:<com.squareup.okhttp.internal.Util: void closeQuietly(java.net.Socket)>	sig:virtualinvoke $r0.<java.net.Socket: void close()>()	timediff:0
I/System.out( 7996): body:<com.squareup.okhttp.internal.Util: void closeQuietly(java.net.Socket)>	sig:virtualinvoke $r0.<java.net.Socket: void close()>()	timediff:0
W/ViewRootImpl( 7996): Dropping event due to no window focus: KeyEvent { action=ACTION_DOWN, keyCode=KEYCODE_DPAD_LEFT, scanCode=0, metaState=0, flags=0x400, repeatCount=0, eventTime=359528, downTime=359528, deviceId=-1, source=0x101 }
W/ViewRootImpl( 7996): Dropping event due to no window focus: KeyEvent { action=ACTION_DOWN, keyCode=KEYCODE_DPAD_LEFT, scanCode=0, metaState=0, flags=0x400, repeatCount=0, eventTime=359528, downTime=359528, deviceId=-1, source=0x101 }
W/ViewRootImpl( 7996): Dropping event due to no window focus: KeyEvent { action=ACTION_DOWN, keyCode=KEYCODE_DPAD_LEFT, scanCode=0, metaState=0, flags=0x400, repeatCount=0, eventTime=359528, downTime=359528, deviceId=-1, source=0x101 }
W/ViewRootImpl( 7996): Dropping event due to no window focus: KeyEvent { action=ACTION_DOWN, keyCode=KEYCODE_DPAD_LEFT, scanCode=0, metaState=0, flags=0x400, repeatCount=0, eventTime=359528, downTime=359528, deviceId=-1, source=0x101 }
I/Appboy v1.13.3 .bo.app.by( 7996): Completed the openSession call. Starting or continuing session 485659f2-af35-496c-836b-29dfb6e5b750
W/EGL_emulation( 7996): eglSurfaceAttrib not implemented 3093 12436
W/ViewRootImpl( 7996): Dropping event due to no window focus: MotionEvent { action=ACTION_MOVE, id[0]=0, x[0]=4.0, y[0]=-3.0, toolType[0]=TOOL_TYPE_UNKNOWN, buttonState=0, metaState=0, flags=0x0, edgeFlags=0x0, pointerCount=1, historySize=7, eventTime=359568, downTime=-1, deviceId=0, source=0x10004 }
W/ViewRootImpl( 7996): Dropping event due to no window focus: MotionEvent { action=ACTION_DOWN, id[0]=0, x[0]=0.0, y[0]=0.0, toolType[0]=TOOL_TYPE_UNKNOWN, buttonState=0, metaState=0, flags=0x0, edgeFlags=0x0, pointerCount=1, historySize=0, eventTime=359569, downTime=359509, deviceId=0, source=0x10004 }
W/ViewRootImpl( 7996): Dropping event due to no window focus: KeyEvent { action=ACTION_DOWN, keyCode=KEYCODE_VOLUME_UP, scanCode=0, metaState=0, flags=0x8, repeatCount=0, eventTime=359569, downTime=359569, deviceId=-1, source=0x101 }
I/ActivityManager(  314): Displayed com.cf.flightsearch/.activities.RegionSettingActivity: +88ms
W/ContextImpl(  314): Calling a method in the system process without a qualified user: android.app.ContextImpl.sendBroadcast:1123 com.android.server.InputMethodManagerService.hideCurrentInputLocked:1880 com.android.server.InputMethodManagerService.windowGainedFocus:1968 com.android.internal.view.IInputMethodManager$Stub.onTransact:221 com.android.server.InputMethodManagerService.onTransact:818 
I/InputDispatcher(  314): Dropped event because of pending overdue app switch.
W/InputManager(  314): Input event injection from pid 7986 failed.
D/dalvikvm( 7996): GC_CONCURRENT freed 2162K, 15% free 12987K/15240K, paused 2ms+1ms, total 18ms
D/dalvikvm( 7996): WAIT_FOR_CONCURRENT_GC blocked 9ms
W/Icing   (  644): isOptedInForAppHistory: empty Account Name encountered
D/dalvikvm( 7996): GC_CONCURRENT freed 2020K, 13% free 14264K/16348K, paused 2ms+2ms, total 22ms
W/InputManager(  314): Input event injection from pid 7986 failed.
W/InputManager(  314): Input event injection from pid 7986 failed.
W/InputManager(  314): Input event injection from pid 7986 failed.
W/InputManager(  314): Input event injection from pid 7986 failed.
W/InputManager(  314): Input event injection from pid 7986 failed.
W/InputManager(  314): Input event injection from pid 7986 failed.
W/InputManager(  314): Input event injection from pid 7986 failed.
W/InputManager(  314): Input event injection from pid 7986 failed.
W/InputManager(  314): Input event injection from pid 7986 failed.
I/Appboy v1.13.3 .bo.app.by( 7996): Completed the openSession call. Starting or continuing session 485659f2-af35-496c-836b-29dfb6e5b750
I/System.out( 7996): body:<com.squareup.okhttp.OkHttpClient: com.squareup.okhttp.OkHttpClient copyWithDefaults()>	sig:$r2 = staticinvoke <java.net.ProxySelector: java.net.ProxySelector getDefault()>()	timediff:0
I/System.out( 7996): body:<com.squareup.okhttp.OkHttpClient: com.squareup.okhttp.OkHttpClient copyWithDefaults()>	sig:$r3 = staticinvoke <java.net.CookieHandler: java.net.CookieHandler getDefault()>()	timediff:0
I/System.out( 7996): body:<com.squareup.okhttp.HttpUrl$Builder: java.lang.String domainToAscii(java.lang.String)>	sig:$r0 = staticinvoke <java.net.IDN: java.lang.String toASCII(java.lang.String)>($r0)	timediff:0
I/System.out( 7996): body:<com.squareup.okhttp.internal.http.RouteSelector: void resetNextInetSocketAddress(java.net.Proxy)>	sig:$r6 = virtualinvoke $r1.<java.net.Proxy: java.net.Proxy$Type type()>()	timediff:0
I/System.out( 7996): body:<com.squareup.okhttp.internal.http.RouteSelector: void resetNextInetSocketAddress(java.net.Proxy)>	sig:$r6 = virtualinvoke $r1.<java.net.Proxy: java.net.Proxy$Type type()>()	timediff:0
I/System.out( 7996): body:<com.squareup.okhttp.Dns$1: java.util.List lookup(java.lang.String)>	sig:$r3 = staticinvoke <java.net.InetAddress: java.net.InetAddress[] getAllByName(java.lang.String)>($r1)	timediff:0
I/System.out( 7996): body:<com.squareup.okhttp.internal.http.RouteSelector: void resetNextInetSocketAddress(java.net.Proxy)>	sig:specialinvoke $r5.<java.net.InetSocketAddress: void <init>(java.net.InetAddress,int)>($r17, $i0)	timediff:0
I/System.out( 7996): body:<com.squareup.okhttp.Address: int hashCode()>	sig:$i1 = virtualinvoke $r6.<java.net.Proxy: int hashCode()>()	timediff:0
I/System.out( 7996): body:<com.squareup.okhttp.Route: int hashCode()>	sig:$i1 = virtualinvoke $r2.<java.net.Proxy: int hashCode()>()	timediff:0
I/System.out( 7996): body:<com.squareup.okhttp.Route: int hashCode()>	sig:$i0 = virtualinvoke $r3.<java.net.InetSocketAddress: int hashCode()>()	timediff:0
I/System.out( 7996): body:<com.squareup.okhttp.internal.io.RealConnection: void connect(int,int,int,java.util.List,boolean)>	sig:$r17 = virtualinvoke $r6.<java.net.Proxy: java.net.Proxy$Type type()>()	timediff:0
I/System.out( 7996): body:<com.squareup.okhttp.internal.io.RealConnection: void connectSocket(int,int,int,com.squareup.okhttp.internal.ConnectionSpecSelector)>	sig:virtualinvoke $r2.<java.net.Socket: void setSoTimeout(int)>($i1)	timediff:0
I/System.out( 7996): body:<com.squareup.okhttp.internal.Platform$Android: void connectSocket(java.net.Socket,java.net.InetSocketAddress,int)>	sig:virtualinvoke $r1.<java.net.Socket: void connect(java.net.SocketAddress,int)>($r2, $i0)	timediff:11
I/System.out( 7996): body:<e.r: e.ac b(java.net.Socket)>	sig:$r3 = virtualinvoke $r0.<java.net.Socket: java.io.InputStream getInputStream()>()	timediff:0
I/System.out( 7996): body:<e.r: e.ab a(java.net.Socket)>	sig:$r3 = virtualinvoke $r0.<java.net.Socket: java.io.OutputStream getOutputStream()>()	timediff:0
I/System.out( 7996): body:<com.squareup.okhttp.Address: int hashCode()>	sig:$i1 = virtualinvoke $r6.<java.net.Proxy: int hashCode()>()	timediff:0
I/System.out( 7996): body:<com.squareup.okhttp.Route: int hashCode()>	sig:$i1 = virtualinvoke $r2.<java.net.Proxy: int hashCode()>()	timediff:0
I/System.out( 7996): body:<com.squareup.okhttp.Route: int hashCode()>	sig:$i0 = virtualinvoke $r3.<java.net.InetSocketAddress: int hashCode()>()	timediff:0
I/System.out( 7996): body:<com.squareup.okhttp.internal.io.RealConnection: boolean isHealthy(boolean)>	sig:$z1 = virtualinvoke $r1.<java.net.Socket: boolean isClosed()>()	timediff:0
I/System.out( 7996): body:<com.squareup.okhttp.internal.io.RealConnection: boolean isHealthy(boolean)>	sig:$z1 = virtualinvoke $r1.<java.net.Socket: boolean isInputShutdown()>()	timediff:0
I/System.out( 7996): body:<com.squareup.okhttp.internal.io.RealConnection: boolean isHealthy(boolean)>	sig:$z1 = virtualinvoke $r1.<java.net.Socket: boolean isOutputShutdown()>()	timediff:0
I/System.out( 7996): body:<com.squareup.okhttp.internal.http.StreamAllocation: com.squareup.okhttp.internal.http.HttpStream newStream(int,int,int,boolean,boolean)>	sig:virtualinvoke $r6.<java.net.Socket: void setSoTimeout(int)>($i1)	timediff:0
I/System.out( 7996): body:<com.squareup.okhttp.internal.http.Http1xStream: void writeRequestHeaders(com.squareup.okhttp.Request)>	sig:$r6 = virtualinvoke $r5.<java.net.Proxy: java.net.Proxy$Type type()>()	timediff:0
W/EGL_emulation( 7996): eglSurfaceAttrib not implemented 3093 12436
W/ViewRootImpl( 7996): Dropping event due to no window focus: KeyEvent { action=ACTION_DOWN, keyCode=KEYCODE_DPAD_RIGHT, scanCode=0, metaState=0, flags=0x8, repeatCount=0, eventTime=360046, downTime=360046, deviceId=-1, source=0x101 }
W/ViewRootImpl( 7996): Dropping event due to no window focus: KeyEvent { action=ACTION_DOWN, keyCode=KEYCODE_DPAD_UP, scanCode=0, metaState=0, flags=0x8, repeatCount=0, eventTime=360080, downTime=360080, deviceId=-1, source=0x101 }
W/ContextImpl(  314): Calling a method in the system process without a qualified user: android.app.ContextImpl.sendBroadcast:1123 com.android.server.InputMethodManagerService.hideCurrentInputLocked:1880 com.android.server.InputMethodManagerService.windowGainedFocus:1968 com.android.internal.view.IInputMethodManager$Stub.onTransact:221 com.android.server.InputMethodManagerService.onTransact:818 
I/System.out( 7996): body:<com.squareup.okhttp.internal.Util: void closeQuietly(java.net.Socket)>	sig:virtualinvoke $r0.<java.net.Socket: void close()>()	timediff:1
I/System.out( 7996): body:<com.squareup.okhttp.internal.Util: void closeQuietly(java.net.Socket)>	sig:virtualinvoke $r0.<java.net.Socket: void close()>()	timediff:2
I/Appboy v1.13.3 .bo.app.by( 7996): Completed the openSession call. Starting or continuing session 485659f2-af35-496c-836b-29dfb6e5b750
W/InputManager(  314): Input event injection from pid 7986 failed.
W/InputManager(  314): Input event injection from pid 7986 failed.
W/InputManager(  314): Input event injection from pid 7986 failed.
W/InputManager(  314): Input event injection from pid 7986 failed.
W/InputManager(  314): Input event injection from pid 7986 failed.
W/InputManager(  314): Input event injection from pid 7986 failed.
W/InputManager(  314): Input event injection from pid 7986 failed.
I/ActivityManager(  314): START u0 {act=android.intent.action.VIEW dat=market://details?id=com.cf.flightsearch cmp=com.android.vending/com.google.android.finsky.activities.LaunchUrlHandlerActivity} from pid 7996
W/InputManager(  314): Input event injection from pid 7986 failed.
W/InputManager(  314): Input event injection from pid 7986 failed.
W/InputManager(  314): Input event injection from pid 7986 failed.
W/EGL_emulation( 7996): eglSurfaceAttrib not implemented 3093 12436
W/ViewRootImpl( 7996): Dropping event due to no window focus: KeyEvent { action=ACTION_DOWN, keyCode=KEYCODE_DPAD_UP, scanCode=0, metaState=0, flags=0x8, repeatCount=0, eventTime=360141, downTime=360141, deviceId=-1, source=0x101 }
W/ViewRootImpl( 7996): Dropping event due to no window focus: KeyEvent { action=ACTION_DOWN, keyCode=KEYCODE_DPAD_DOWN, scanCode=0, metaState=0, flags=0x8, repeatCount=0, eventTime=360165, downTime=360165, deviceId=-1, source=0x101 }
I/ActivityManager(  314): START u0 {act=android.intent.action.VIEW dat=market://details?id=com.cf.flightsearch cmp=com.android.vending/com.google.android.finsky.activities.LaunchUrlHandlerActivity} from pid 7996
W/ViewRootImpl( 7996): Dropping event due to no window focus: KeyEvent { action=ACTION_DOWN, keyCode=KEYCODE_MENU, scanCode=0, metaState=0, flags=0x8, repeatCount=0, eventTime=360167, downTime=360167, deviceId=-1, source=0x101 }
W/ContextImpl(  314): Calling a method in the system process without a qualified user: android.app.ContextImpl.sendBroadcast:1123 com.android.server.InputMethodManagerService.hideCurrentInputLocked:1880 com.android.server.InputMethodManagerService.windowGainedFocus:1968 com.android.internal.view.IInputMethodManager$Stub.onTransact:221 com.android.server.InputMethodManagerService.onTransact:818 
W/Icing   (  644): isOptedInForAppHistory: empty Account Name encountered
V/PanelView(  532): animationTick called with dtms=0; nothing to do (h=0.0 v=-0.0)
D/FirebaseApp(  674): Notifying background state change listeners.
W/Launcher(  674): setApplicationContext called twice! old=com.vphone.launcher.LauncherApplicationEx@4a7e9d48 new=com.vphone.launcher.LauncherApplicationEx@4a7e9d48
W/ResourceType(  674): Attempt to retrieve bag 0x7f0b0001 which is invalid or in a cycle.
D/Launcher(  674): 11683562 - bindAddScreens()
D/Launcher(  674): 11683562 -   orderedScreenIds: 1
D/Launcher.Workspace(  674): 11683562 - insertNewWorkspaceScreen(): 1 at index: 0
D/dalvikvm(  674): GC_FOR_ALLOC freed 1969K, 2% free 216237K/220372K, paused 38ms, total 38ms
W/PhoneWindow(  674): Previously focused view reported id 2131689766 during save, but can't be found during restore.
W/ContextImpl(  674): Calling a method in the system process without a qualified user: android.app.ContextImpl.startService:1492 android.content.ContextWrapper.startService:494 com.vphone.launcher.Launcher.i:690 com.vphone.launcher.Launcher.b:182 com.vphone.launcher.Launcher$11.run:650 
D/Sensors (  314): Client connection accepted (198)
W/EGL_emulation(  674): eglSurfaceAttrib not implemented 3093 12436
W/ViewRootImpl(  674): Dropping event due to no window focus: KeyEvent { action=ACTION_DOWN, keyCode=KEYCODE_DPAD_CENTER, scanCode=0, metaState=0, flags=0x8, repeatCount=0, eventTime=360382, downTime=360382, deviceId=-1, source=0x101 }
I/ActivityManager(  314): START u0 {act=android.intent.action.MAIN cat=[android.intent.category.LAUNCHER] flg=0x10200000 cmp=com.cf.flightsearch/.activities.MainActivity} from pid 7986
W/ViewRootImpl(  674): Dropping event due to no window focus: MotionEvent { action=ACTION_MOVE, id[0]=0, x[0]=2.0, y[0]=-5.0, toolType[0]=TOOL_TYPE_UNKNOWN, buttonState=0, metaState=0, flags=0x0, edgeFlags=0x0, pointerCount=1, historySize=9, eventTime=360555, downTime=-1, deviceId=0, source=0x10004 }
W/ContextImpl(  674): Calling a method in the system process without a qualified user: android.app.ContextImpl.bindService:1556 android.content.ContextWrapper.bindService:517 com.google.android.gms.common.stats.zzb.zza:-1 com.google.android.gms.common.stats.zzb.zza:-1 com.google.android.gms.ads.identifier.AdvertisingIdClient.zzh:-1 
W/ContextImpl(  314): Calling a method in the system process without a qualified user: android.app.ContextImpl.sendBroadcast:1123 com.android.server.InputMethodManagerService.hideCurrentInputLocked:1880 com.android.server.InputMethodManagerService.windowGainedFocus:1968 com.android.internal.view.IInputMethodManager$Stub.onTransact:221 com.android.server.InputMethodManagerService.onTransact:818 
D/yeshen  (  674): launcher onpause
I/Appboy v1.13.3 .bo.app.by( 7996): Completed the openSession call. Starting or continuing session 485659f2-af35-496c-836b-29dfb6e5b750
I/Launcher(  674): Deferring update until onResume
D/yeshen  (  674): launcher onstop
W/DebugConnManager(  674): getNetworkInfo() on networkType 1
W/EGL_emulation( 7996): eglSurfaceAttrib not implemented 3093 12436
I/Appboy v1.13.3 .com.appboy.Appboy( 7996): Closed session with ID: 485659f2-af35-496c-836b-29dfb6e5b750
W/Icing   (  644): isOptedInForAppHistory: empty Account Name encountered
W/ViewRootImpl( 7996): Dropping event due to no window focus: MotionEvent { action=ACTION_MOVE, id[0]=0, x[0]=0.0, y[0]=-4.0, toolType[0]=TOOL_TYPE_UNKNOWN, buttonState=0, metaState=0, flags=0x0, edgeFlags=0x0, pointerCount=1, historySize=9, eventTime=360736, downTime=-1, deviceId=0, source=0x10004 }
W/ViewRootImpl( 7996): Dropping event due to no window focus: KeyEvent { action=ACTION_DOWN, keyCode=KEYCODE_DPAD_UP, scanCode=0, metaState=0, flags=0x8, repeatCount=0, eventTime=360737, downTime=360737, deviceId=-1, source=0x101 }
W/ContextImpl(  314): Calling a method in the system process without a qualified user: android.app.ContextImpl.sendBroadcast:1123 com.android.server.InputMethodManagerService.hideCurrentInputLocked:1880 com.android.server.InputMethodManagerService.windowGainedFocus:1968 com.android.internal.view.IInputMethodManager$Stub.onTransact:221 com.android.server.InputMethodManagerService.onTransact:818 
I/ActivityManager(  314): Displayed com.cf.flightsearch/.activities.MainActivity: +154ms
W/Icing   (  644): isOptedInForAppHistory: empty Account Name encountered
D/BluetoothAdapter(  831): 1249820540: getState() :  mService = null. Returning STATE_OFF
W/WindowManager(  314): updateFocusedWindowLocked, focusedAppToken is null.
W/ViewRootImpl(  532): Dropping event due to no window focus: KeyEvent { action=ACTION_DOWN, keyCode=KEYCODE_DPAD_CENTER, scanCode=0, metaState=0, flags=0x8, repeatCount=0, eventTime=360852, downTime=360852, deviceId=-1, source=0x101 }
W/ViewRootImpl(  532): Dropping event due to no window focus: KeyEvent { action=ACTION_DOWN, keyCode=KEYCODE_MENU, scanCode=0, metaState=0, flags=0x8, repeatCount=0, eventTime=360853, downTime=360853, deviceId=-1, source=0x101 }
W/ViewRootImpl(  532): Dropping event due to no window focus: KeyEvent { action=ACTION_DOWN, keyCode=KEYCODE_DPAD_RIGHT, scanCode=0, metaState=0, flags=0x8, repeatCount=0, eventTime=360854, downTime=360854, deviceId=-1, source=0x101 }
W/ViewRootImpl(  532): Dropping event due to no window focus: KeyEvent { action=ACTION_DOWN, keyCode=KEYCODE_BACK, scanCode=0, metaState=0, flags=0x8, repeatCount=0, eventTime=360856, downTime=360856, deviceId=-1, source=0x101 }
W/ViewRootImpl(  532): Dropping event due to no window focus: KeyEvent { action=ACTION_DOWN, keyCode=KEYCODE_VOLUME_UP, scanCode=0, metaState=0, flags=0x8, repeatCount=0, eventTime=360857, downTime=360857, deviceId=-1, source=0x101 }
W/InputMethodManagerService(  314): Starting input on non-focused client com.android.internal.view.IInputMethodClient$Stub$Proxy@4aafed38 (uid=10110 pid=7996)
W/ViewRootImpl(  532): Dropping event due to no window focus: KeyEvent { action=ACTION_DOWN, keyCode=KEYCODE_DPAD_CENTER, scanCode=0, metaState=0, flags=0x8, repeatCount=0, eventTime=360859, downTime=360859, deviceId=-1, source=0x101 }
W/ViewRootImpl(  532): Dropping event due to no window focus: KeyEvent { action=ACTION_DOWN, keyCode=KEYCODE_P, scanCode=0, metaState=0, flags=0x8, repeatCount=0, eventTime=360861, downTime=360861, deviceId=-1, source=0x101 }
I/ActivityManager(  314): START u0 {cmp=com.cf.flightsearch/.activities.SelectAirportActivity (has extras)} from pid 7996
W/ContextImpl(  314): Calling a method in the system process without a qualified user: android.app.ContextImpl.sendBroadcast:1123 com.android.server.InputMethodManagerService.hideCurrentInputLocked:1880 com.android.server.InputMethodManagerService.windowGainedFocus:1968 com.android.internal.view.IInputMethodManager$Stub.onTransact:221 com.android.server.InputMethodManagerService.onTransact:818 
W/InputMethodManagerService(  314): Starting input on non-focused client com.android.internal.view.IInputMethodClient$Stub$Proxy@4aafed38 (uid=10110 pid=7996)
I/dalvikvm( 7996): Could not find method android.content.res.Resources.getDrawable, referenced from method android.support.v7.widget.fv.getDrawable
W/dalvikvm( 7996): VFY: unable to resolve virtual method 580: Landroid/content/res/Resources;.getDrawable (ILandroid/content/res/Resources$Theme;)Landroid/graphics/drawable/Drawable;
D/dalvikvm( 7996): VFY: replacing opcode 0x6e at 0x0002
I/dalvikvm( 7996): Could not find method android.content.res.Resources.getDrawableForDensity, referenced from method android.support.v7.widget.fv.getDrawableForDensity
W/dalvikvm( 7996): VFY: unable to resolve virtual method 582: Landroid/content/res/Resources;.getDrawableForDensity (IILandroid/content/res/Resources$Theme;)Landroid/graphics/drawable/Drawable;
D/dalvikvm( 7996): VFY: replacing opcode 0x6e at 0x0002
W/BackupManagerService(  314): dataChanged but no participant pkg='com.android.providers.settings' uid=10010
D/BluetoothAdapter(  831): 1249820540: getState() :  mService = null. Returning STATE_OFF
D/BluetoothAdapter(  831): 1249820540: getState() :  mService = null. Returning STATE_OFF
I/Appboy v1.13.3 .bo.app.by( 7996): Completed the openSession call. Starting or continuing session 485659f2-af35-496c-836b-29dfb6e5b750
W/BackupManagerService(  314): dataChanged but no participant pkg='com.android.providers.settings' uid=10010
W/BackupManagerService(  314): dataChanged but no participant pkg='com.android.providers.settings' uid=10010
D/BluetoothAdapter(  831): 1249820540: getState() :  mService = null. Returning STATE_OFF
W/EGL_emulation( 7996): eglSurfaceAttrib not implemented 3093 12436
W/InputEventReceiver(  532): Attempted to finish an input event but the input event receiver has already been disposed.
W/InputEventReceiver(  532): Attempted to finish an input event but the input event receiver has already been disposed.
W/InputEventReceiver(  532): Attempted to finish an input event but the input event receiver has already been disposed.
W/InputEventReceiver(  532): Attempted to finish an input event but the input event receiver has already been disposed.
W/InputEventReceiver(  532): Attempted to finish an input event but the input event receiver has already been disposed.
W/InputEventReceiver(  532): Attempted to finish an input event but the input event receiver has already been disposed.
W/InputEventReceiver(  532): Attempted to finish an input event but the input event receiver has already been disposed.
W/InputEventReceiver(  532): Attempted to finish an input event but the input event receiver has already been disposed.
W/InputEventReceiver(  532): Attempted to finish an input event but the input event receiver has already been disposed.
W/InputEventReceiver(  532): Attempted to finish an input event but the input event receiver has already been disposed.
W/InputEventReceiver(  532): Attempted to finish an input event but the input event receiver has already been disposed.
W/InputEventReceiver(  532): Attempted to finish an input event but the input event receiver has already been disposed.
W/ViewRootImpl(  532): Dropping event due to root view being removed: MotionEvent { action=ACTION_MOVE, id[0]=0, x[0]=317.8226, y[0]=559.45337, toolType[0]=TOOL_TYPE_UNKNOWN, buttonState=0, metaState=0, flags=0x0, edgeFlags=0x0, pointerCount=1, historySize=7, eventTime=360938, downTime=360936, deviceId=0, source=0x1002 }
W/ViewRootImpl(  532): Dropping event due to root view being removed: MotionEvent { action=ACTION_UP, id[0]=0, x[0]=312.2355, y[0]=580.16846, toolType[0]=TOOL_TYPE_UNKNOWN, buttonState=0, metaState=0, flags=0x0, edgeFlags=0x0, pointerCount=1, historySize=0, eventTime=360938, downTime=360936, deviceId=0, source=0x1002 }
W/ViewRootImpl(  532): Dropping event due to root view being removed: MotionEvent { action=ACTION_DOWN, id[0]=0, x[0]=534.0, y[0]=-316.0, toolType[0]=TOOL_TYPE_UNKNOWN, buttonState=0, metaState=0, flags=0x0, edgeFlags=0x0, pointerCount=1, historySize=0, eventTime=360939, downTime=360938, deviceId=0, source=0x1002 }
W/ViewRootImpl(  532): Dropping event due to root view being removed: MotionEvent { action=ACTION_POINTER_DOWN(1), id[0]=0, x[0]=534.0804, y[0]=-317.25266, toolType[0]=TOOL_TYPE_UNKNOWN, id[1]=1, x[1]=133.0, y[1]=-245.0, toolType[1]=TOOL_TYPE_UNKNOWN, buttonState=0, metaState=0, flags=0x0, edgeFlags=0x0, pointerCount=2, historySize=0, eventTime=360939, downTime=360938, deviceId=0, source=0x1002 }
W/ViewRootImpl(  532): Dropping event due to root view being removed: MotionEvent { action=ACTION_MOVE, id[0]=0, x[0]=534.3362, y[0]=-319.11743, toolType[0]=TOOL_TYPE_UNKNOWN, id[1]=1, x[1]=115.30048, y[1]=-243.31314, toolType[1]=TOOL_TYPE_UNKNOWN, buttonState=0, metaState=0, flags=0x0, edgeFlags=0x0, pointerCount=2, historySize=1, eventTime=360939, downTime=360938, deviceId=0, source=0x1002 }
W/ViewRootImpl(  532): Dropping event due to root view being removed: MotionEvent { action=ACTION_POINTER_UP(1), id[0]=0, x[0]=534.50696, y[0]=-322.59323, toolType[0]=TOOL_TYPE_UNKNOWN, id[1]=1, x[1]=103.25584, y[1]=-242.6059, toolType[1]=TOOL_TYPE_UNKNOWN, buttonState=0, metaState=0, flags=0x0, edgeFlags=0x0, pointerCount=2, historySize=0, eventTime=360939, downTime=360938, deviceId=0, source=0x1002 }
W/ViewRootImpl(  532): Dropping event due to root view being removed: MotionEvent { action=ACTION_UP, id[0]=0, x[0]=534.7453, y[0]=-323.16003, toolType[0]=TOOL_TYPE_UNKNOWN, buttonState=0, metaState=0, flags=0x0, edgeFlags=0x0, pointerCount=1, historySize=0, eventTime=360939, downTime=360938, deviceId=0, source=0x1002 }
W/ViewRootImpl(  532): Dropping event due to root view being removed: MotionEvent { action=ACTION_DOWN, id[0]=0, x[0]=232.0, y[0]=234.0, toolType[0]=TOOL_TYPE_UNKNOWN, buttonState=0, metaState=0, flags=0x0, edgeFlags=0x0, pointerCount=1, historySize=0, eventTime=360940, downTime=360940, deviceId=0, source=0x1002 }
W/ViewRootImpl(  532): Dropping event due to root view being removed: MotionEvent { action=ACTION_MOVE, id[0]=0, x[0]=244.13509, y[0]=253.64075, toolType[0]=TOOL_TYPE_UNKNOWN, buttonState=0, metaState=0, flags=0x0, edgeFlags=0x0, pointerCount=1, historySize=4, eventTime=360941, downTime=360940, deviceId=0, source=0x1002 }
W/ViewRootImpl(  532): Dropping event due to root view being removed: MotionEvent { action=ACTION_UP, id[0]=0, x[0]=246.30939, y[0]=258.1585, toolType[0]=TOOL_TYPE_UNKNOWN, buttonState=0, metaState=0, flags=0x0, edgeFlags=0x0, pointerCount=1, historySize=0, eventTime=360941, downTime=360940, deviceId=0, source=0x1002 }
W/ViewRootImpl(  532): Dropping event due to root view being removed: KeyEvent { action=ACTION_UP, keyCode=KEYCODE_A, scanCode=0, metaState=0, flags=0x8, repeatCount=0, eventTime=360912, downTime=360912, deviceId=-1, source=0x101 }
W/ResourceType(  314): Skipping entry 0x7f050011 in package table 0 because it is not complex!
I/ActivityManager(  314): Displayed com.cf.flightsearch/.activities.SelectAirportActivity: +104ms
W/ViewRootImpl( 7996): Dropping event due to no window focus: MotionEvent { action=ACTION_MOVE, id[0]=0, x[0]=0.0, y[0]=4.0, toolType[0]=TOOL_TYPE_UNKNOWN, buttonState=0, metaState=0, flags=0x0, edgeFlags=0x0, pointerCount=1, historySize=6, eventTime=360975, downTime=-1, deviceId=0, source=0x10004 }
W/ViewRootImpl( 7996): Dropping event due to no window focus: KeyEvent { action=ACTION_DOWN, keyCode=KEYCODE_DPAD_LEFT, scanCode=0, metaState=0, flags=0x8, repeatCount=0, eventTime=360975, downTime=360975, deviceId=-1, source=0x101 }
V/InputMethodService(  630): onEvaluateInputViewShown: config.hardKeyboardHidden = 2
V/InputMethodService(  630): onEvaluateInputViewShown: config.hardKeyboardHidden = 2
W/ContextImpl(  314): Calling a method in the system process without a qualified user: android.app.ContextImpl.sendBroadcast:1123 com.android.server.InputMethodManagerService.showCurrentInputLocked:1791 com.android.server.InputMethodManagerService.windowGainedFocus:2011 com.android.internal.view.IInputMethodManager$Stub.onTransact:221 com.android.server.InputMethodManagerService.onTransact:818 
D/dalvikvm(  630): GC_CONCURRENT freed 232K, 10% free 3021K/3328K, paused 2ms+0ms, total 3ms
V/InputMethodService(  630): onEvaluateInputViewShown: config.hardKeyboardHidden = 2
V/InputMethodService(  630): onEvaluateInputViewShown: config.hardKeyboardHidden = 2
