--------- beginning of /dev/log/main
I/Icing   (  740): Indexing F4FAA6262FE39DDD50BAE6B7AF5CDB8D73BA0DB0 from com.google.android.gms
I/Icing   (  740): Indexing done F4FAA6262FE39DDD50BAE6B7AF5CDB8D73BA0DB0
D/AndroidRuntime( 9051): 
D/AndroidRuntime( 9051): >>>>>> AndroidRuntime START com.android.internal.os.RuntimeInit <<<<<<
D/AndroidRuntime( 9051): CheckJNI is OFF
D/dalvikvm( 9051): Using executionMode 2
D/dalvikvm( 9051): Trying to load lib libjavacore.so 0x0
D/dalvikvm( 9051): Added shared lib libjavacore.so 0x0
D/dalvikvm( 9051): Trying to load lib libnativehelper.so 0x0
D/dalvikvm( 9051): Added shared lib libnativehelper.so 0x0
D/dalvikvm( 9051): No JNI_OnLoad found in libnativehelper.so 0x0, skipping init
D/dalvikvm( 9051): Note: class Landroid/app/ActivityManagerNative; has 179 unimplemented (abstract) methods
E/memtrack( 9051): Couldn't load memtrack module (No such file or directory)
E/android.os.Debug( 9051): failed to load memtrack module: -2
D/AndroidRuntime( 9051): Calling main entry com.android.commands.monkey.Monkey
--------- beginning of /dev/log/system
W/BroadcastQueue(  481): Skipping deliver [background] BroadcastRecord{4ac4c184 u-1 android.net.conn.CONNECTIVITY_CHANGE} to ReceiverList{4ae751f8 9051 (unknown name)/0/u-1 remote:4ae7966c}: process crashing
I/ActivityManager(  481): START u0 {act=android.intent.action.MAIN cat=[android.intent.category.LAUNCHER] flg=0x10200000 cmp=com.telenav.app.android.scout_us/.TeleNav} from pid 9051
I/ActivityManager(  481): Start proc com.telenav.app.android.scout_us for activity com.telenav.app.android.scout_us/.TeleNav: pid=9061 uid=10092 gids={50092, 3003, 1028, 1015, 1023, 3002, 3001}
I/ActivityManager(  481): START u0 {act=android.intent.action.MAIN cat=[android.intent.category.LAUNCHER] flg=0x10200000 cmp=com.telenav.app.android.scout_us/.TeleNav} from pid 9051
E/SurfaceFlinger(  167): glCheckFramebufferStatusOES error 36054
E/SurfaceFlinger(  167): got GL_FRAMEBUFFER_COMPLETE_OES error while taking screenshot
D/SurfaceFlinger(  167): setOrientation, mFbdev=0xb9358050, mFbDev->setOrientation=0xb6967ce0, orientation=3
I/gralloc_nox(  167): setOrientation: orientation=3
D/Tinker.DefaultAppLike(  679): onConfigurationChanged:{1.0 310mcc16mnc en_US ldltr sw480dp w480dp h828dp 240dpi lrg long port finger qwerty/v/v dpad/v s.27}
I/ActivityManager(  481): Config changes=480 {1.0 310mcc16mnc en_US ldltr sw480dp w480dp h828dp 240dpi lrg long port finger qwerty/v/v dpad/v s.27}
D/Sensors (  481): Client connection accepted (181)
D/PhoneStatusBar(  534): mSettingsPanelGravity = 55
D/dalvikvm(  534): GC_CONCURRENT freed 403K, 72% free 4299K/14896K, paused 1ms+0ms, total 7ms
I/InputReader(  481): Reconfiguring input devices.  changes=0x00000004
I/InputReader(  481): Device reconfigured: id=1, name='seamless mouse', size 1280x720, orientation 3, mode 1, display id 0
I/InputReader(  481): Device reconfigured: id=3, name='Android Input', size 1280x720, orientation 3, mode 1, display id 0
I/InputReader(  481): Device reconfigured: id=8, name='VirtualBox USB Tablet', size 1280x720, orientation 3, mode 1, display id 0
W/NetworkManagementSocketTagger(  481): setKernelCountSet(10092, 1) failed with errno -13
I/dalvikvm( 9061): ignoring registerObject request in thread=1
I/dalvikvm( 9061): ignoring registerObject request in thread=1
I/Finsky  ( 1034): [1] com.google.android.finsky.ch.a.onTrimMemory(5): Memory trim requested to level 20
I/Finsky  ( 1034): [1] com.google.android.finsky.ch.a.onTrimMemory(11): Flushing in-memory image cache
I/MultiDex( 9061): VM with version 1.6.0 does not have multidex support
I/MultiDex( 9061): install
I/MultiDex( 9061): MultiDexExtractor.load(/data/app/com.telenav.app.android.scout_us-1.apk, false)
W/EGL_emulation(  534): eglSurfaceAttrib not implemented 3093 12436
W/NetworkManagementSocketTagger(  481): setKernelCountSet(10012, 0) failed with errno -13
I/MultiDex( 9061): Detected that extraction must be performed.
D/dalvikvm( 9061): JIT code cache reset in 0 ms (0 bytes 1/0)
D/dalvikvm( 9061): GC_CONCURRENT freed 281K, 11% free 2977K/3336K, paused 2ms+1ms, total 6ms
D/dalvikvm( 9061): GC_CONCURRENT freed 146K, 7% free 3335K/3564K, paused 1ms+0ms, total 4ms
D/dalvikvm( 9061): GC_CONCURRENT freed 138K, 6% free 3692K/3924K, paused 0ms+0ms, total 3ms
D/dalvikvm( 9061): WAIT_FOR_CONCURRENT_GC blocked 1ms
I/MultiDex( 9061): Extraction is needed for file /data/data/com.telenav.app.android.scout_us/code_cache/secondary-dexes/com.telenav.app.android.scout_us-1.apk.classes2.zip
I/MultiDex( 9061): Extracting /data/data/com.telenav.app.android.scout_us/code_cache/secondary-dexes/com.telenav.app.android.scout_us-1.apk.classes-1065423821.zip
I/MultiDex( 9061): Renaming to /data/data/com.telenav.app.android.scout_us/code_cache/secondary-dexes/com.telenav.app.android.scout_us-1.apk.classes2.zip
I/MultiDex( 9061): Extraction success - length /data/data/com.telenav.app.android.scout_us/code_cache/secondary-dexes/com.telenav.app.android.scout_us-1.apk.classes2.zip: 715312
I/MultiDex( 9061): load found 1 secondary dex files
D/dalvikvm( 9061): DexOpt: --- BEGIN 'com.telenav.app.android.scout_us-1.apk.classes2.zip' (bootstrap=0) ---
D/dalvikvm( 9075): DexOpt: couldn't find field Landroid/os/Message;.sendingUid
D/dalvikvm( 9075): DexOpt: load 11ms, verify+opt 69ms, 1559516 bytes
D/dalvikvm( 9061): DexOpt: --- END 'com.telenav.app.android.scout_us-1.apk.classes2.zip' (success) ---
D/dalvikvm( 9061): DEX prep '/data/data/com.telenav.app.android.scout_us/code_cache/secondary-dexes/com.telenav.app.android.scout_us-1.apk.classes2.zip': unzip in 12ms, rewrite 209ms
I/MultiDex( 9061): install done
W/DebugConnManager( 9061): getNetworkInfo() on networkType 1
D/dalvikvm( 9061): GC_CONCURRENT freed 246K, 8% free 3875K/4212K, paused 1ms+0ms, total 4ms
I/dalvikvm( 9061): Could not find method android.app.Notification$Builder.setLocalOnly, referenced from method com.google.android.gms.common.GooglePlayServicesUtil.zza
W/dalvikvm( 9061): VFY: unable to resolve virtual method 481: Landroid/app/Notification$Builder;.setLocalOnly (Z)Landroid/app/Notification$Builder;
D/dalvikvm( 9061): VFY: replacing opcode 0x6e at 0x00f0
W/dalvikvm( 9061): VFY: unable to find class referenced in signature (Lokhttp3/Request;)
W/dalvikvm( 9061): VFY: unable to find class referenced in signature (Lokhttp3/Response;)
I/dalvikvm( 9061): Could not find method okhttp3.Response.headers, referenced from method empirical.HelperClass.printOkHttpInfo
W/dalvikvm( 9061): VFY: unable to resolve virtual method 64281: Lokhttp3/Response;.headers ()Lokhttp3/Headers;
D/dalvikvm( 9061): VFY: replacing opcode 0x6e at 0x0006
I/dalvikvm( 9061): Could not find method android.content.pm.PackageManager.getPackageInstaller, referenced from method com.google.android.gms.common.GooglePlayServicesUtil.zzh
W/dalvikvm( 9061): VFY: unable to resolve virtual method 761: Landroid/content/pm/PackageManager;.getPackageInstaller ()Landroid/content/pm/PackageInstaller;
D/dalvikvm( 9061): VFY: replacing opcode 0x6e at 0x000a
W/dalvikvm( 9061): VFY: unable to find class referenced in signature (Lokhttp3/Call;)
W/dalvikvm( 9061): VFY: unable to find class referenced in signature (Lokhttp3/Response;)
I/dalvikvm( 9061): Could not find method okhttp3.Call.request, referenced from method empirical.HelperClass.printOkHttpInfoFromCall
W/dalvikvm( 9061): VFY: unable to resolve interface method 64250: Lokhttp3/Call;.request ()Lokhttp3/Request;
D/dalvikvm( 9061): VFY: replacing opcode 0x72 at 0x0006
I/System.out( 9061): body:<com.parse.gn: void a(com.parse.gr)>	sig:specialinvoke $r5.<java.net.URL: void <init>(java.lang.String)>($r2)	timediff:0
D/dalvikvm( 9061): GC_CONCURRENT freed 1072K, 27% free 3208K/4348K, paused 2ms+11ms, total 18ms
I/System.out( 9061): <com.parse.gn: void a(com.parse.gr)>###specialinvoke $r5.<java.net.URL: void <init>(java.lang.String)>($r2)###https://scoutparse.telenav.com/parse/
I/qtaguid (  654): Untagging socket 118 failed errno=-13
W/NetworkManagementSocketTagger(  654): untagSocket(118) failed with errno -13
I/System.out( 9061): body:<com.parse.og: java.lang.String c(java.lang.String)>	sig:specialinvoke $r2.<java.net.URL: void <init>(java.net.URL,java.lang.String)>($r1, $r0)	timediff:0
I/System.out( 9061): body:<com.parse.og: java.lang.String c(java.lang.String)>	sig:$r0 = virtualinvoke $r2.<java.net.URL: java.lang.String toString()>()	timediff:0
I/System.out( 9061): body:<com.parse.qr: java.net.HttpURLConnection b(com.parse.a.b)>	sig:specialinvoke $r2.<java.net.URL: void <init>(java.lang.String)>($r3)	timediff:0
I/System.out( 9061): <com.parse.qr: java.net.HttpURLConnection b(com.parse.a.b)>###specialinvoke $r2.<java.net.URL: void <init>(java.lang.String)>($r3)###https://scoutparse.telenav.com/parse/classes/_Installation
I/System.out( 9061): body:<com.parse.qr: java.net.HttpURLConnection b(com.parse.a.b)>	sig:$r4 = virtualinvoke $r2.<java.net.URL: java.net.URLConnection openConnection()>()	timediff:2
I/System.out( 9061): body:<com.parse.qr: java.net.HttpURLConnection b(com.parse.a.b)>	sig:virtualinvoke $r5.<java.net.HttpURLConnection: void setRequestMethod(java.lang.String)>($r3)	timediff:0
I/System.out( 9061): body:<com.parse.qr: java.net.HttpURLConnection b(com.parse.a.b)>	sig:virtualinvoke $r5.<java.net.HttpURLConnection: void setConnectTimeout(int)>($i0)	timediff:0
I/System.out( 9061): body:<com.parse.qr: java.net.HttpURLConnection b(com.parse.a.b)>	sig:virtualinvoke $r5.<java.net.HttpURLConnection: void setReadTimeout(int)>($i0)	timediff:0
I/System.out( 9061): body:<com.parse.qr: java.net.HttpURLConnection b(com.parse.a.b)>	sig:virtualinvoke $r5.<java.net.HttpURLConnection: void setDoInput(boolean)>(1)	timediff:0
I/System.out( 9061): body:<com.parse.qr: java.net.HttpURLConnection b(com.parse.a.b)>	sig:virtualinvoke $r5.<java.net.HttpURLConnection: void setInstanceFollowRedirects(boolean)>(0)	timediff:1
I/System.out( 9061): body:<com.parse.qr: java.net.HttpURLConnection b(com.parse.a.b)>	sig:virtualinvoke $r5.<java.net.HttpURLConnection: void setRequestProperty(java.lang.String,java.lang.String)>($r3, $r12)	timediff:0
I/System.out( 9061): body:<com.parse.qr: java.net.HttpURLConnection b(com.parse.a.b)>	sig:virtualinvoke $r5.<java.net.HttpURLConnection: void setRequestProperty(java.lang.String,java.lang.String)>($r3, $r12)	timediff:0
I/System.out( 9061): body:<com.parse.qr: java.net.HttpURLConnection b(com.parse.a.b)>	sig:virtualinvoke $r5.<java.net.HttpURLConnection: void setRequestProperty(java.lang.String,java.lang.String)>($r3, $r12)	timediff:0
I/System.out( 9061): body:<com.parse.qr: java.net.HttpURLConnection b(com.parse.a.b)>	sig:virtualinvoke $r5.<java.net.HttpURLConnection: void setRequestProperty(java.lang.String,java.lang.String)>($r3, $r12)	timediff:0
I/System.out( 9061): body:<com.parse.qr: java.net.HttpURLConnection b(com.parse.a.b)>	sig:virtualinvoke $r5.<java.net.HttpURLConnection: void setRequestProperty(java.lang.String,java.lang.String)>($r3, $r12)	timediff:0
W/System  ( 9061): Ignoring header X-Parse-Client-Key because its value was null.
I/System.out( 9061): body:<com.parse.qr: java.net.HttpURLConnection b(com.parse.a.b)>	sig:virtualinvoke $r5.<java.net.HttpURLConnection: void setRequestProperty(java.lang.String,java.lang.String)>($r3, $r12)	timediff:0
I/System.out( 9061): body:<com.parse.qr: java.net.HttpURLConnection b(com.parse.a.b)>	sig:virtualinvoke $r5.<java.net.HttpURLConnection: void setRequestProperty(java.lang.String,java.lang.String)>($r3, $r12)	timediff:0
I/System.out( 9061): body:<com.parse.qr: java.net.HttpURLConnection b(com.parse.a.b)>	sig:virtualinvoke $r5.<java.net.HttpURLConnection: void setRequestProperty(java.lang.String,java.lang.String)>($r3, $r12)	timediff:0
I/System.out( 9061): body:<com.parse.qr: java.net.HttpURLConnection b(com.parse.a.b)>	sig:virtualinvoke $r5.<java.net.HttpURLConnection: void setRequestProperty(java.lang.String,java.lang.String)>("Content-Length", $r12)	timediff:0
I/System.out( 9061): body:<com.parse.qr: java.net.HttpURLConnection b(com.parse.a.b)>	sig:virtualinvoke $r5.<java.net.HttpURLConnection: void setRequestProperty(java.lang.String,java.lang.String)>("Content-Type", $r12)	timediff:0
I/System.out( 9061): body:<com.parse.qr: java.net.HttpURLConnection b(com.parse.a.b)>	sig:virtualinvoke $r5.<java.net.HttpURLConnection: void setFixedLengthStreamingMode(long)>($l1)	timediff:0
I/System.out( 9061): body:<com.parse.qr: java.net.HttpURLConnection b(com.parse.a.b)>	sig:virtualinvoke $r5.<java.net.HttpURLConnection: void setDoOutput(boolean)>(1)	timediff:0
D/dalvikvm( 9061): GC_CONCURRENT freed 337K, 25% free 3286K/4348K, paused 0ms+0ms, total 4ms
D/dalvikvm( 9061): GC_CONCURRENT freed 67K, 18% free 3602K/4348K, paused 2ms+0ms, total 4ms
D/MixpanelAPI.AL( 9061): To enable App Links tracking android.support.v4 must be installed: getInstance [class android.content.Context]
D/MixpanelAPI.AL( 9061): Context is not an instance of Activity. To detect inbound App Links, pass an instance of an Activity to getInstance.
D/MixPanel( 9061): Identify daddeacd-506f-34bd-8298-9ad39ccf21b7
I/System.out( 9061): body:<com.mixpanel.android.b.d: void run()>	sig:$r1 = staticinvoke <java.net.InetAddress: java.net.InetAddress getByName(java.lang.String)>("api.mixpanel.com")	timediff:6
I/System.out( 9061): body:<com.mixpanel.android.b.d: void run()>	sig:$r2 = staticinvoke <java.net.InetAddress: java.net.InetAddress getByName(java.lang.String)>("decide.mixpanel.com")	timediff:4
I/System.out( 9061): body:<com.mixpanel.android.b.d: void run()>	sig:$z0 = virtualinvoke $r1.<java.net.InetAddress: boolean isLoopbackAddress()>()	timediff:0
I/System.out( 9061): body:<com.mixpanel.android.b.d: void run()>	sig:$z0 = virtualinvoke $r1.<java.net.InetAddress: boolean isAnyLocalAddress()>()	timediff:0
I/System.out( 9061): body:<com.mixpanel.android.b.d: void run()>	sig:$z0 = virtualinvoke $r2.<java.net.InetAddress: boolean isLoopbackAddress()>()	timediff:0
I/System.out( 9061): body:<com.mixpanel.android.b.d: void run()>	sig:$z0 = virtualinvoke $r2.<java.net.InetAddress: boolean isAnyLocalAddress()>()	timediff:0
E/SQLiteLog( 9061): (1) no such table: mandatory_node
W/System.err( 9061): android.database.sqlite.SQLiteException: no such table: mandatory_node (code 1): , while compiling: SELECT data FROM mandatory_node WHERE id = ?
W/System.err( 9061): 	at android.database.sqlite.SQLiteConnection.nativePrepareStatement(Native Method)
W/System.err( 9061): 	at android.database.sqlite.SQLiteConnection.acquirePreparedStatement(SQLiteConnection.java:889)
W/System.err( 9061): 	at android.database.sqlite.SQLiteConnection.prepare(SQLiteConnection.java:500)
W/System.err( 9061): 	at android.database.sqlite.SQLiteSession.prepare(SQLiteSession.java:588)
W/System.err( 9061): 	at android.database.sqlite.SQLiteProgram.<init>(SQLiteProgram.java:58)
W/System.err( 9061): 	at android.database.sqlite.SQLiteQuery.<init>(SQLiteQuery.java:37)
W/System.err( 9061): 	at android.database.sqlite.SQLiteDirectCursorDriver.query(SQLiteDirectCursorDriver.java:44)
W/System.err( 9061): 	at android.database.sqlite.SQLiteDatabase.rawQueryWithFactory(SQLiteDatabase.java:1314)
W/System.err( 9061): 	at android.database.sqlite.SQLiteDatabase.queryWithFactory(SQLiteDatabase.java:1161)
W/System.err( 9061): 	at android.database.sqlite.SQLiteDatabase.query(SQLiteDatabase.java:1032)
W/System.err( 9061): 	at android.database.sqlite.SQLiteDatabase.query(SQLiteDatabase.java:1200)
W/System.err( 9061): 	at com.telenav.scout.module.g.a.c.a(LegacySqlDataHelper.java:20)
W/System.err( 9061): 	at com.telenav.scout.module.g.b.e(UpgradeTask.java:345)
W/System.err( 9061): 	at com.telenav.scout.data.b.cx.a(UpgradeStatusDao.java:104)
W/System.err( 9061): 	at com.telenav.scout.app.ScoutApplication.a(ScoutApplication.java:276)
W/System.err( 9061): 	at com.telenav.core.a.b.onCreate(TnApplication.java:32)
W/System.err( 9061): 	at android.app.Instrumentation.callApplicationOnCreate(Instrumentation.java:1024)
W/System.err( 9061): 	at android.app.ActivityThread.handleBindApplication(ActivityThread.java:4346)
W/System.err( 9061): 	at android.app.ActivityThread.access$1500(ActivityThread.java:135)
W/System.err( 9061): 	at android.app.ActivityThread$H.handleMessage(ActivityThread.java:1256)
W/System.err( 9061): 	at android.os.Handler.dispatchMessage(Handler.java:102)
W/System.err( 9061): 	at android.os.Looper.loop(Looper.java:136)
W/System.err( 9061): 	at android.app.ActivityThread.main(ActivityThread.java:5019)
W/System.err( 9061): 	at java.lang.reflect.Method.invokeNative(Native Method)
W/System.err( 9061): 	at java.lang.reflect.Method.invoke(Method.java:515)
W/System.err( 9061): 	at com.android.internal.os.ZygoteInit$MethodAndArgsCaller.run(ZygoteInit.java:779)
W/System.err( 9061): 	at com.android.internal.os.ZygoteInit.main(ZygoteInit.java:595)
W/System.err( 9061): 	at dalvik.system.NativeStart.main(Native Method)
D/dalvikvm( 9061): Trying to load lib /data/app-lib/com.telenav.app.android.scout_us-1/libMapMatchingJNI.so 0x94fa3128
D/dalvikvm(  718): GC_CONCURRENT freed 542K, 27% free 4597K/6272K, paused 1ms+1ms, total 5ms
I/System.out( 9061): body:<com.mixpanel.android.mpmetrics.l: java.lang.String b(java.lang.String,java.lang.String,com.mixpanel.android.b.j)>	sig:$r1 = staticinvoke <java.net.URLEncoder: java.lang.String encode(java.lang.String,java.lang.String)>($r1, "utf-8")	timediff:0
I/System.out( 9061): body:<com.mixpanel.android.mpmetrics.l: java.lang.String b(java.lang.String,java.lang.String,com.mixpanel.android.b.j)>	sig:$r2 = staticinvoke <java.net.URLEncoder: java.lang.String encode(java.lang.String,java.lang.String)>($r2, "utf-8")	timediff:0
I/System.out( 9061): body:<com.mixpanel.android.mpmetrics.l: java.lang.String b(java.lang.String,java.lang.String,com.mixpanel.android.b.j)>	sig:$r2 = staticinvoke <java.net.URLEncoder: java.lang.String encode(java.lang.String,java.lang.String)>($r2, "utf-8")	timediff:1
I/System.out( 9061): body:<com.mixpanel.android.b.c: byte[] a(java.lang.String,java.util.Map,javax.net.ssl.SSLSocketFactory)>	sig:specialinvoke $r12.<java.net.URL: void <init>(java.lang.String)>($r1)	timediff:0
I/System.out( 9061): <com.mixpanel.android.b.c: byte[] a(java.lang.String,java.util.Map,javax.net.ssl.SSLSocketFactory)>###specialinvoke $r12.<java.net.URL: void <init>(java.lang.String)>($r1)###https://decide.mixpanel.com/decide?version=1&lib=android&token=7d39596393075abaf98aac59015bff4c&distinct_id=daddeacd-506f-34bd-8298-9ad39ccf21b7&properties=%7B%22%24android_device_model%22%3A%22SM-G955N%22%2C%22%24android_version%22%3A%224.4.2%22%2C%22%24android_app_release%22%3A39000027%2C%22%24android_lib_version%22%3A%224.9.2%22%2C%22%24android_app_version%22%3A%223.17.6.110%22%7D
I/System.out( 9061): body:<com.mixpanel.android.b.c: byte[] a(java.lang.String,java.util.Map,javax.net.ssl.SSLSocketFactory)>	sig:$r13 = virtualinvoke $r12.<java.net.URL: java.net.URLConnection openConnection()>()	timediff:0
I/System.out( 9061): body:<com.mixpanel.android.b.c: byte[] a(java.lang.String,java.util.Map,javax.net.ssl.SSLSocketFactory)>	sig:virtualinvoke $r14.<java.net.HttpURLConnection: void setConnectTimeout(int)>(2000)	timediff:0
I/System.out( 9061): body:<com.mixpanel.android.b.c: byte[] a(java.lang.String,java.util.Map,javax.net.ssl.SSLSocketFactory)>	sig:virtualinvoke $r14.<java.net.HttpURLConnection: void setReadTimeout(int)>(10000)	timediff:0
D/dalvikvm( 9061): GC_FOR_ALLOC freed 321K, 17% free 3623K/4348K, paused 6ms, total 6ms
D/dalvikvm( 9061): Added shared lib /data/app-lib/com.telenav.app.android.scout_us-1/libMapMatchingJNI.so 0x94fa3128
D/dalvikvm( 9061): No JNI_OnLoad found in /data/app-lib/com.telenav.app.android.scout_us-1/libMapMatchingJNI.so 0x94fa3128, skipping init
D/dalvikvm( 9061): GC_CONCURRENT freed 350K, 16% free 3670K/4348K, paused 1ms+1ms, total 3ms
D/dalvikvm( 9061): GC_FOR_ALLOC freed 74K, 15% free 3730K/4348K, paused 2ms, total 2ms
D/dalvikvm( 9061): GC_FOR_ALLOC freed 118K, 14% free 3770K/4348K, paused 4ms, total 4ms
D/dalvikvm( 9061): GC_FOR_ALLOC freed 297K, 12% free 3840K/4360K, paused 3ms, total 3ms
E/SQLiteLog( 9061): (1) no such table: Profile
I/System.out( 9061): body:<com.mixpanel.android.b.c: byte[] a(java.lang.String,java.util.Map,javax.net.ssl.SSLSocketFactory)>	sig:$r26 = virtualinvoke $r14.<java.net.HttpURLConnection: java.io.InputStream getInputStream()>()	timediff:106
I/System.out( 9061): body:<empirical.HelperClass: void printURLInfo(java.lang.String,java.lang.String,java.net.URLConnection)>	sig:$r0 = virtualinvoke urlConnection.<java.net.URLConnection: java.net.URL getURL()>()	timediff:0
I/System.out( 9061): body:<empirical.HelperClass: void printURLInfo(java.lang.String,java.lang.String,java.net.URLConnection)>	sig:urlString = virtualinvoke $r0.<java.net.URL: java.lang.String toString()>()	timediff:0
I/System.out( 9061): body:<empirical.HelperClass: void printURLInfo(java.lang.String,java.lang.String,java.net.URLConnection)>	sig:isDoOutput = virtualinvoke urlConnection.<java.net.URLConnection: boolean getDoOutput()>()	timediff:0
I/System.out( 9061): body:<empirical.HelperClass: java.lang.String getHeaderField(java.net.URLConnection,java.lang.String)>	sig:data = virtualinvoke conn.<java.net.URLConnection: java.lang.String getHeaderField(java.lang.String)>(field)	timediff:0
I/System.out( 9061): body:<empirical.HelperClass: java.lang.String getHeaderField(java.net.URLConnection,java.lang.String)>	sig:data = virtualinvoke conn.<java.net.URLConnection: java.lang.String getHeaderField(java.lang.String)>(field)	timediff:0
I/System.out( 9061): body:<empirical.HelperClass: java.lang.String getHeaderField(java.net.URLConnection,java.lang.String)>	sig:data = virtualinvoke conn.<java.net.URLConnection: java.lang.String getHeaderField(java.lang.String)>(field)	timediff:0
I/System.out( 9061): body:<empirical.HelperClass: java.lang.String getHeaderField(java.net.URLConnection,java.lang.String)>	sig:data = virtualinvoke conn.<java.net.URLConnection: java.lang.String getHeaderField(java.lang.String)>(field)	timediff:0
I/System.out( 9061): body:<empirical.HelperClass: java.lang.String getHeaderField(java.net.URLConnection,java.lang.String)>	sig:data = virtualinvoke conn.<java.net.URLConnection: java.lang.String getHeaderField(java.lang.String)>(field)	timediff:0
I/System.out( 9061): URLConn;%;0;%;<com.mixpanel.android.b.c: byte[] a(java.lang.String,java.util.Map,javax.net.ssl.SSLSocketFactory)>;%;$r26 = virtualinvoke $r14.<java.net.HttpURLConnection: java.io.InputStream getInputStream()>();%;https://decide.mixpanel.com/decide?version=1&lib=android&token=7d39596393075abaf98aac59015bff4c&distinct_id=daddeacd-506f-34bd-8298-9ad39ccf21b7&properties=%7B%22%24android_device_model%22%3A%22SM-G955N%22%2C%22%24android_version%22%3A%224.4.2%22%2C%22%24android_app_release%22%3A39000027%2C%22%24android_lib_version%22%3A%224.9.2%22%2C%22%24android_app_version%22%3A%223.17.6.110%22%7D;%;false;%;Not found;%;no-cache, no-store;%;Not found;%;Not found;%;Not found
I/System.out( 9061): body:<com.mixpanel.android.b.c: byte[] a(java.lang.String,java.util.Map,javax.net.ssl.SSLSocketFactory)>	sig:virtualinvoke $r14.<java.net.HttpURLConnection: void disconnect()>()	timediff:0
D/dalvikvm( 9061): GC_CONCURRENT freed 424K, 12% free 3926K/4428K, paused 5ms+0ms, total 8ms
D/dalvikvm( 9061): WAIT_FOR_CONCURRENT_GC blocked 2ms
D/dalvikvm( 9061): WAIT_FOR_CONCURRENT_GC blocked 3ms
D/dalvikvm( 9061): WAIT_FOR_CONCURRENT_GC blocked 3ms
D/BluetoothManagerService(  481): Message: 20
D/BluetoothManagerService(  481): Added callback: android.bluetooth.IBluetoothManagerCallback$Stub$Proxy@4aa1d194:true
I/System.out( 9061): body:<com.mixpanel.android.b.c: byte[] a(java.lang.String,java.util.Map,javax.net.ssl.SSLSocketFactory)>	sig:specialinvoke $r12.<java.net.URL: void <init>(java.lang.String)>($r1)	timediff:0
I/System.out( 9061): <com.mixpanel.android.b.c: byte[] a(java.lang.String,java.util.Map,javax.net.ssl.SSLSocketFactory)>###specialinvoke $r12.<java.net.URL: void <init>(java.lang.String)>($r1)###https://api.mixpanel.com/track?ip=1
E/SQLiteLog( 9061): (1) no such table: Profile
E/SQLiteLog( 9061): (1) no such table: mandatory_node
D/dalvikvm( 9061): GC_CONCURRENT freed 393K, 12% free 3940K/4428K, paused 0ms+1ms, total 3ms
I/System.out( 9061): body:<com.mixpanel.android.b.c: byte[] a(java.lang.String,java.util.Map,javax.net.ssl.SSLSocketFactory)>	sig:$r13 = virtualinvoke $r12.<java.net.URL: java.net.URLConnection openConnection()>()	timediff:4
I/System.out( 9061): body:<com.mixpanel.android.b.c: byte[] a(java.lang.String,java.util.Map,javax.net.ssl.SSLSocketFactory)>	sig:virtualinvoke $r14.<java.net.HttpURLConnection: void setConnectTimeout(int)>(2000)	timediff:0
I/System.out( 9061): body:<com.mixpanel.android.b.c: byte[] a(java.lang.String,java.util.Map,javax.net.ssl.SSLSocketFactory)>	sig:virtualinvoke $r14.<java.net.HttpURLConnection: void setReadTimeout(int)>(10000)	timediff:0
I/System.out( 9061): body:<com.mixpanel.android.b.c: byte[] a(java.lang.String,java.util.Map,javax.net.ssl.SSLSocketFactory)>	sig:virtualinvoke $r14.<java.net.HttpURLConnection: void setFixedLengthStreamingMode(int)>($i1)	timediff:0
I/System.out( 9061): body:<com.mixpanel.android.b.c: byte[] a(java.lang.String,java.util.Map,javax.net.ssl.SSLSocketFactory)>	sig:virtualinvoke $r14.<java.net.HttpURLConnection: void setDoOutput(boolean)>(1)	timediff:0
I/System.out( 9061): body:<com.mixpanel.android.b.c: byte[] a(java.lang.String,java.util.Map,javax.net.ssl.SSLSocketFactory)>	sig:virtualinvoke $r14.<java.net.HttpURLConnection: void setRequestMethod(java.lang.String)>("POST")	timediff:0
W/System.err( 9061): android.database.sqlite.SQLiteException: no such table: mandatory_node (code 1): , while compiling: SELECT data FROM mandatory_node WHERE id = ?
W/System.err( 9061): 	at android.database.sqlite.SQLiteConnection.nativePrepareStatement(Native Method)
W/System.err( 9061): 	at android.database.sqlite.SQLiteConnection.acquirePreparedStatement(SQLiteConnection.java:889)
W/System.err( 9061): 	at android.database.sqlite.SQLiteConnection.prepare(SQLiteConnection.java:500)
W/System.err( 9061): 	at android.database.sqlite.SQLiteSession.prepare(SQLiteSession.java:588)
W/System.err( 9061): 	at android.database.sqlite.SQLiteProgram.<init>(SQLiteProgram.java:58)
W/System.err( 9061): 	at android.database.sqlite.SQLiteQuery.<init>(SQLiteQuery.java:37)
W/System.err( 9061): 	at android.database.sqlite.SQLiteDirectCursorDriver.query(SQLiteDirectCursorDriver.java:44)
W/System.err( 9061): 	at android.database.sqlite.SQLiteDatabase.rawQueryWithFactory(SQLiteDatabase.java:1314)
W/System.err( 9061): 	at android.database.sqlite.SQLiteDatabase.queryWithFactory(SQLiteDatabase.java:1161)
W/System.err( 9061): 	at android.database.sqlite.SQLiteDatabase.query(SQLiteDatabase.java:1032)
W/System.err( 9061): 	at android.database.sqlite.SQLiteDatabase.query(SQLiteDatabase.java:1200)
W/System.err( 9061): 	at com.telenav.scout.module.g.a.c.a(LegacySqlDataHelper.java:20)
W/System.err( 9061): 	at com.telenav.scout.module.g.b.e(UpgradeTask.java:345)
W/System.err( 9061): 	at com.telenav.scout.data.b.cx.a(UpgradeStatusDao.java:104)
W/System.err( 9061): 	at com.telenav.scout.app.ScoutApplication.b(ScoutApplication.java:722)
W/System.err( 9061): 	at com.telenav.scout.app.ScoutApplication.a(ScoutApplication.java:686)
W/System.err( 9061): 	at com.telenav.scout.app.ScoutApplication.a(ScoutApplication.java:342)
W/System.err( 9061): 	at com.telenav.core.a.b.onCreate(TnApplication.java:32)
W/System.err( 9061): 	at android.app.Instrumentation.callApplicationOnCreate(Instrumentation.java:1024)
W/System.err( 9061): 	at android.app.ActivityThread.handleBindApplication(ActivityThread.java:4346)
W/System.err( 9061): 	at android.app.ActivityThread.access$1500(ActivityThread.java:135)
W/System.err( 9061): 	at android.app.ActivityThread$H.handleMessage(ActivityThread.java:1256)
W/System.err( 9061): 	at android.os.Handler.dispatchMessage(Handler.java:102)
W/System.err( 9061): 	at android.os.Looper.loop(Looper.java:136)
W/System.err( 9061): 	at android.app.ActivityThread.main(ActivityThread.java:5019)
W/System.err( 9061): 	at java.lang.reflect.Method.invokeNative(Native Method)
W/System.err( 9061): 	at java.lang.reflect.Method.invoke(Method.java:515)
W/System.err( 9061): 	at com.android.internal.os.ZygoteInit$MethodAndArgsCaller.run(ZygoteInit.java:779)
W/System.err( 9061): 	at com.android.internal.os.ZygoteInit.main(ZygoteInit.java:595)
W/System.err( 9061): 	at dalvik.system.NativeStart.main(Native Method)
D/Logshed ( 9061): Sending {"schema_definition":"SoftwareUpdate","event_name":"SOFTWARE_UPDATE","additional_info":"{\"new_version\":\"3.17.6.110\",\"old_version\":\"\",\"app_id\":\"hs7zaBzPHiB9QJuMbRrz3DKukwt5\"}","log_context":{"current_lon":-118.25411166666666,"visitor_id":"00000000-49f6-1677-9376-2c75177d1ecd","log_version":"v2","gps_state":"ENABLED","app_version":"3.17.6","utc_timestamp":1524085701678,"usage_type":"CLOUD","device_make":"samsung","build":"110","connection_type":"WIFI","os_version":"4.4.2","time_zone":"-0700","device_model":"SM-G955N","device_orientation":"LANDSCAPE","os_name":"Android","ad_id":"","carrier":"T-Mobile","app_id":"hs7zaBzPHiB9QJuMbRrz3DKukwt5","map_source":"OSM","reg_vid":"","log_id":"d3bc4d57-f7e7-467c-b01a-216335c1008b","current_lat":33.985805,"app_status":"BACKGROUND"}}
W/Settings( 9061): Setting airplane_mode_on has moved from android.provider.Settings.System to android.provider.Settings.Global, returning read-only value.
D/dalvikvm( 9061): GC_CONCURRENT freed 319K, 10% free 4063K/4508K, paused 2ms+2ms, total 8ms
V/AmazonInsightsSDK( 9061): Firing Session Event: _session.start
I/AmazonInsightsSDK( 9061): Amazon Insights SDK(2.1.26.0) initialization successfully completed
I/AmazonInsightsSDK( 9061): Event: '_sess...' recorded to local filestore
I/AmazonInsightsSDK( 9061): Attempting to retrieve variation(s) for project(s):'Location_SDK'
W/Settings( 9061): Setting airplane_mode_on has moved from android.provider.Settings.System to android.provider.Settings.Global, returning read-only value.
E/SQLiteLog( 9061): (1) no such table: Profile
I/System.out( 9061): body:<com.mixpanel.android.b.c: byte[] a(java.lang.String,java.util.Map,javax.net.ssl.SSLSocketFactory)>	sig:$r24 = virtualinvoke $r14.<java.net.HttpURLConnection: java.io.OutputStream getOutputStream()>()	timediff:50
D/dalvikvm( 9061): GC_CONCURRENT freed 486K, 13% free 4090K/4652K, paused 1ms+0ms, total 4ms
D/dalvikvm( 9061): WAIT_FOR_CONCURRENT_GC blocked 2ms
D/dalvikvm( 9061): WAIT_FOR_CONCURRENT_GC blocked 2ms
E/Fabric  ( 9061): Crashlytics must be initialized by calling Fabric.with(Context) prior to calling Crashlytics.getInstance()
V/WebViewChromium( 9061): Binding Chromium to the background looper Looper (main, tid 1) {4a7cdc18}
I/chromium( 9061): [INFO:library_loader_hooks.cc(112)] Chromium logging enabled: level = 0, default verbosity = 0
I/BrowserProcessMain( 9061): Initializing chromium process, renderers=0
I/ActivityManager(  481): START u0 {flg=0x24000000 cmp=com.telenav.app.android.scout_us/com.telenav.scout.module.splash.SplashActivity (has extras)} from pid 9061
W/chromium( 9061): [WARNING:proxy_service.cc(888)] PAC support disabled because there is no system implementation
I/System.out( 9061): body:<com.mixpanel.android.b.c: byte[] a(java.lang.String,java.util.Map,javax.net.ssl.SSLSocketFactory)>	sig:$r26 = virtualinvoke $r14.<java.net.HttpURLConnection: java.io.InputStream getInputStream()>()	timediff:19
I/System.out( 9061): body:<empirical.HelperClass: void printURLInfo(java.lang.String,java.lang.String,java.net.URLConnection)>	sig:$r0 = virtualinvoke urlConnection.<java.net.URLConnection: java.net.URL getURL()>()	timediff:0
I/System.out( 9061): body:<empirical.HelperClass: void printURLInfo(java.lang.String,java.lang.String,java.net.URLConnection)>	sig:urlString = virtualinvoke $r0.<java.net.URL: java.lang.String toString()>()	timediff:0
I/System.out( 9061): body:<empirical.HelperClass: void printURLInfo(java.lang.String,java.lang.String,java.net.URLConnection)>	sig:isDoOutput = virtualinvoke urlConnection.<java.net.URLConnection: boolean getDoOutput()>()	timediff:0
I/System.out( 9061): body:<empirical.HelperClass: java.lang.String getHeaderField(java.net.URLConnection,java.lang.String)>	sig:data = virtualinvoke conn.<java.net.URLConnection: java.lang.String getHeaderField(java.lang.String)>(field)	timediff:0
I/System.out( 9061): body:<empirical.HelperClass: java.lang.String getHeaderField(java.net.URLConnection,java.lang.String)>	sig:data = virtualinvoke conn.<java.net.URLConnection: java.lang.String getHeaderField(java.lang.String)>(field)	timediff:0
I/System.out( 9061): body:<empirical.HelperClass: java.lang.String getHeaderField(java.net.URLConnection,java.lang.String)>	sig:data = virtualinvoke conn.<java.net.URLConnection: java.lang.String getHeaderField(java.lang.String)>(field)	timediff:0
I/System.out( 9061): body:<empirical.HelperClass: java.lang.String getHeaderField(java.net.URLConnection,java.lang.String)>	sig:data = virtualinvoke conn.<java.net.URLConnection: java.lang.String getHeaderField(java.lang.String)>(field)	timediff:0
I/System.out( 9061): body:<empirical.HelperClass: java.lang.String getHeaderField(java.net.URLConnection,java.lang.String)>	sig:data = virtualinvoke conn.<java.net.URLConnection: java.lang.String getHeaderField(java.lang.String)>(field)	timediff:0
I/System.out( 9061): URLConn;%;1;%;<com.mixpanel.android.b.c: byte[] a(java.lang.String,java.util.Map,javax.net.ssl.SSLSocketFactory)>;%;$r26 = virtualinvoke $r14.<java.net.HttpURLConnection: java.io.InputStream getInputStream()>();%;https://api.mixpanel.com/track?ip=1;%;true;%;1;%;no-cache, no-store;%;Not found;%;Not found;%;Not found
I/System.out( 9061): body:<com.mixpanel.android.b.c: byte[] a(java.lang.String,java.util.Map,javax.net.ssl.SSLSocketFactory)>	sig:virtualinvoke $r14.<java.net.HttpURLConnection: void disconnect()>()	timediff:0
I/System.out( 9061): body:<com.parse.qr: com.parse.a.f a(com.parse.a.b)>	sig:$r4 = virtualinvoke $r2.<java.net.HttpURLConnection: java.io.OutputStream getOutputStream()>()	timediff:274
I/System.out( 9061): body:<com.mixpanel.android.mpmetrics.l: java.lang.String b(java.lang.String,java.lang.String,com.mixpanel.android.b.j)>	sig:$r1 = staticinvoke <java.net.URLEncoder: java.lang.String encode(java.lang.String,java.lang.String)>($r1, "utf-8")	timediff:0
I/System.out( 9061): body:<com.mixpanel.android.mpmetrics.l: java.lang.String b(java.lang.String,java.lang.String,com.mixpanel.android.b.j)>	sig:$r2 = staticinvoke <java.net.URLEncoder: java.lang.String encode(java.lang.String,java.lang.String)>($r2, "utf-8")	timediff:0
I/System.out( 9061): body:<com.mixpanel.android.mpmetrics.l: java.lang.String b(java.lang.String,java.lang.String,com.mixpanel.android.b.j)>	sig:$r2 = staticinvoke <java.net.URLEncoder: java.lang.String encode(java.lang.String,java.lang.String)>($r2, "utf-8")	timediff:1
I/System.out( 9061): body:<com.mixpanel.android.b.c: byte[] a(java.lang.String,java.util.Map,javax.net.ssl.SSLSocketFactory)>	sig:specialinvoke $r12.<java.net.URL: void <init>(java.lang.String)>($r1)	timediff:0
I/System.out( 9061): <com.mixpanel.android.b.c: byte[] a(java.lang.String,java.util.Map,javax.net.ssl.SSLSocketFactory)>###specialinvoke $r12.<java.net.URL: void <init>(java.lang.String)>($r1)###https://decide.mixpanel.com/decide?version=1&lib=android&token=7d39596393075abaf98aac59015bff4c&distinct_id=daddeacd-506f-34bd-8298-9ad39ccf21b7&properties=%7B%22%24android_device_model%22%3A%22SM-G955N%22%2C%22%24android_version%22%3A%224.4.2%22%2C%22%24android_app_release%22%3A39000027%2C%22%24android_lib_version%22%3A%224.9.2%22%2C%22%24android_app_version%22%3A%223.17.6.110%22%7D
I/System.out( 9061): body:<com.mixpanel.android.b.c: byte[] a(java.lang.String,java.util.Map,javax.net.ssl.SSLSocketFactory)>	sig:$r13 = virtualinvoke $r12.<java.net.URL: java.net.URLConnection openConnection()>()	timediff:0
I/System.out( 9061): body:<com.mixpanel.android.b.c: byte[] a(java.lang.String,java.util.Map,javax.net.ssl.SSLSocketFactory)>	sig:virtualinvoke $r14.<java.net.HttpURLConnection: void setConnectTimeout(int)>(2000)	timediff:0
I/System.out( 9061): body:<com.mixpanel.android.b.c: byte[] a(java.lang.String,java.util.Map,javax.net.ssl.SSLSocketFactory)>	sig:virtualinvoke $r14.<java.net.HttpURLConnection: void setReadTimeout(int)>(10000)	timediff:0
D/Logshed ( 9061): SOFTWARE_UPDATE: 200
D/libEGL  ( 9061): loaded /system/lib/egl/libEGL_adreno.so
D/        ( 9061): HostConnection::get() New Host Connection established 0xb8e7eb90, tid 9061
D/libEGL  ( 9061): loaded /system/lib/egl/libGLESv1_CM_adreno.so
D/libEGL  ( 9061): loaded /system/lib/egl/libGLESv2_adreno.so
I/System.out( 9061): body:<com.mixpanel.android.b.c: byte[] a(java.lang.String,java.util.Map,javax.net.ssl.SSLSocketFactory)>	sig:$r26 = virtualinvoke $r14.<java.net.HttpURLConnection: java.io.InputStream getInputStream()>()	timediff:36
I/System.out( 9061): body:<empirical.HelperClass: void printURLInfo(java.lang.String,java.lang.String,java.net.URLConnection)>	sig:$r0 = virtualinvoke urlConnection.<java.net.URLConnection: java.net.URL getURL()>()	timediff:0
I/System.out( 9061): body:<empirical.HelperClass: void printURLInfo(java.lang.String,java.lang.String,java.net.URLConnection)>	sig:urlString = virtualinvoke $r0.<java.net.URL: java.lang.String toString()>()	timediff:0
I/System.out( 9061): body:<empirical.HelperClass: void printURLInfo(java.lang.String,java.lang.String,java.net.URLConnection)>	sig:isDoOutput = virtualinvoke urlConnection.<java.net.URLConnection: boolean getDoOutput()>()	timediff:0
I/System.out( 9061): body:<empirical.HelperClass: java.lang.String getHeaderField(java.net.URLConnection,java.lang.String)>	sig:data = virtualinvoke conn.<java.net.URLConnection: java.lang.String getHeaderField(java.lang.String)>(field)	timediff:0
I/System.out( 9061): body:<empirical.HelperClass: java.lang.String getHeaderField(java.net.URLConnection,java.lang.String)>	sig:data = virtualinvoke conn.<java.net.URLConnection: java.lang.String getHeaderField(java.lang.String)>(field)	timediff:0
I/System.out( 9061): body:<empirical.HelperClass: java.lang.String getHeaderField(java.net.URLConnection,java.lang.String)>	sig:data = virtualinvoke conn.<java.net.URLConnection: java.lang.String getHeaderField(java.lang.String)>(field)	timediff:0
I/System.out( 9061): body:<empirical.HelperClass: java.lang.String getHeaderField(java.net.URLConnection,java.lang.String)>	sig:data = virtualinvoke conn.<java.net.URLConnection: java.lang.String getHeaderField(java.lang.String)>(field)	timediff:0
I/System.out( 9061): body:<empirical.HelperClass: java.lang.String getHeaderField(java.net.URLConnection,java.lang.String)>	sig:data = virtualinvoke conn.<java.net.URLConnection: java.lang.String getHeaderField(java.lang.String)>(field)	timediff:0
I/System.out( 9061): URLConn;%;2;%;<com.mixpanel.android.b.c: byte[] a(java.lang.String,java.util.Map,javax.net.ssl.SSLSocketFactory)>;%;$r26 = virtualinvoke $r14.<java.net.HttpURLConnection: java.io.InputStream getInputStream()>();%;https://decide.mixpanel.com/decide?version=1&lib=android&token=7d39596393075abaf98aac59015bff4c&distinct_id=daddeacd-506f-34bd-8298-9ad39ccf21b7&properties=%7B%22%24android_device_model%22%3A%22SM-G955N%22%2C%22%24android_version%22%3A%224.4.2%22%2C%22%24android_app_release%22%3A39000027%2C%22%24android_lib_version%22%3A%224.9.2%22%2C%22%24android_app_version%22%3A%223.17.6.110%22%7D;%;false;%;Not found;%;no-cache, no-store;%;Not found;%;Not found;%;Not found
I/System.out( 9061): body:<com.mixpanel.android.b.c: byte[] a(java.lang.String,java.util.Map,javax.net.ssl.SSLSocketFactory)>	sig:virtualinvoke $r14.<java.net.HttpURLConnection: void disconnect()>()	timediff:0
D/dalvikvm( 9061): GC_FOR_ALLOC freed 350K, 13% free 4080K/4652K, paused 2ms, total 3ms
I/dalvikvm-heap( 9061): Grow heap (frag case) to 4.111MB for 56388-byte allocation
D/dalvikvm( 9061): GC_FOR_ALLOC freed 1K, 13% free 4134K/4708K, paused 2ms, total 2ms
D/dalvikvm( 9061): GC_FOR_ALLOC freed 12K, 13% free 4122K/4708K, paused 2ms, total 2ms
I/dalvikvm-heap( 9061): Grow heap (frag case) to 4.705MB for 635808-byte allocation
D/dalvikvm( 9061): GC_FOR_ALLOC freed <1K, 12% free 4743K/5332K, paused 5ms, total 5ms
D/dalvikvm( 9061): GC_CONCURRENT freed <1K, 12% free 4743K/5332K, paused 0ms+0ms, total 3ms
E/Fabric  ( 9061): Crashlytics must be initialized by calling Fabric.with(Context) prior to calling Crashlytics.getInstance()
W/Settings( 9061): Setting airplane_mode_on has moved from android.provider.Settings.System to android.provider.Settings.Global, returning read-only value.
I/WindowManager(  481): Screen frozen for +905ms due to Window{4af20530 u0 Starting com.telenav.app.android.scout_us}
W/ResourceType( 9061): No package identifier when getting name for resource number 0x00000000
I/System.out( 9061): body:<com.mobileapptracker.m: void a(java.lang.StringBuilder,java.lang.String,java.lang.String)>	sig:$r4 = staticinvoke <java.net.URLEncoder: java.lang.String encode(java.lang.String,java.lang.String)>($r2, "UTF-8")	timediff:0
I/System.out( 9061): body:<com.mobileapptracker.m: void a(java.lang.StringBuilder,java.lang.String,java.lang.String)>	sig:$r4 = staticinvoke <java.net.URLEncoder: java.lang.String encode(java.lang.String,java.lang.String)>($r2, "UTF-8")	timediff:0
I/System.out( 9061): body:<com.mobileapptracker.m: void a(java.lang.StringBuilder,java.lang.String,java.lang.String)>	sig:$r4 = staticinvoke <java.net.URLEncoder: java.lang.String encode(java.lang.String,java.lang.String)>($r2, "UTF-8")	timediff:0
I/System.out( 9061): body:<com.mobileapptracker.m: void a(java.lang.StringBuilder,java.lang.String,java.lang.String)>	sig:$r4 = staticinvoke <java.net.URLEncoder: java.lang.String encode(java.lang.String,java.lang.String)>($r2, "UTF-8")	timediff:0
I/System.out( 9061): body:<com.mobileapptracker.m: void a(java.lang.StringBuilder,java.lang.String,java.lang.String)>	sig:$r4 = staticinvoke <java.net.URLEncoder: java.lang.String encode(java.lang.String,java.lang.String)>($r2, "UTF-8")	timediff:0
I/System.out( 9061): body:<com.mobileapptracker.m: void a(java.lang.StringBuilder,java.lang.String,java.lang.String)>	sig:$r4 = staticinvoke <java.net.URLEncoder: java.lang.String encode(java.lang.String,java.lang.String)>($r2, "UTF-8")	timediff:0
I/System.out( 9061): body:<com.mobileapptracker.m: void a(java.lang.StringBuilder,java.lang.String,java.lang.String)>	sig:$r4 = staticinvoke <java.net.URLEncoder: java.lang.String encode(java.lang.String,java.lang.String)>($r2, "UTF-8")	timediff:0
I/System.out( 9061): body:<com.mobileapptracker.m: void a(java.lang.StringBuilder,java.lang.String,java.lang.String)>	sig:$r4 = staticinvoke <java.net.URLEncoder: java.lang.String encode(java.lang.String,java.lang.String)>($r2, "UTF-8")	timediff:0
I/System.out( 9061): body:<com.mobileapptracker.m: void a(java.lang.StringBuilder,java.lang.String,java.lang.String)>	sig:$r4 = staticinvoke <java.net.URLEncoder: java.lang.String encode(java.lang.String,java.lang.String)>($r2, "UTF-8")	timediff:0
I/System.out( 9061): body:<com.mobileapptracker.m: void a(java.lang.StringBuilder,java.lang.String,java.lang.String)>	sig:$r4 = staticinvoke <java.net.URLEncoder: java.lang.String encode(java.lang.String,java.lang.String)>($r2, "UTF-8")	timediff:0
I/System.out( 9061): body:<com.mobileapptracker.m: void a(java.lang.StringBuilder,java.lang.String,java.lang.String)>	sig:$r4 = staticinvoke <java.net.URLEncoder: java.lang.String encode(java.lang.String,java.lang.String)>($r2, "UTF-8")	timediff:0
I/System.out( 9061): body:<com.mobileapptracker.m: void a(java.lang.StringBuilder,java.lang.String,java.lang.String)>	sig:$r4 = staticinvoke <java.net.URLEncoder: java.lang.String encode(java.lang.String,java.lang.String)>($r2, "UTF-8")	timediff:0
I/System.out( 9061): body:<com.mobileapptracker.m: void a(java.lang.StringBuilder,java.lang.String,java.lang.String)>	sig:$r4 = staticinvoke <java.net.URLEncoder: java.lang.String encode(java.lang.String,java.lang.String)>($r2, "UTF-8")	timediff:0
I/System.out( 9061): body:<com.mobileapptracker.m: void a(java.lang.StringBuilder,java.lang.String,java.lang.String)>	sig:$r4 = staticinvoke <java.net.URLEncoder: java.lang.String encode(java.lang.String,java.lang.String)>($r2, "UTF-8")	timediff:0
I/System.out( 9061): body:<com.mobileapptracker.m: void a(java.lang.StringBuilder,java.lang.String,java.lang.String)>	sig:$r4 = staticinvoke <java.net.URLEncoder: java.lang.String encode(java.lang.String,java.lang.String)>($r2, "UTF-8")	timediff:0
I/System.out( 9061): body:<com.mobileapptracker.m: void a(java.lang.StringBuilder,java.lang.String,java.lang.String)>	sig:$r4 = staticinvoke <java.net.URLEncoder: java.lang.String encode(java.lang.String,java.lang.String)>($r2, "UTF-8")	timediff:0
I/g       ( 9061): Building GoogleApiClient
I/System.out( 9061): body:<com.parse.qr: com.parse.a.f a(java.net.HttpURLConnection)>	sig:$i0 = virtualinvoke $r1.<java.net.HttpURLConnection: int getResponseCode()>()	timediff:90
I/System.out( 9061): body:<com.parse.qr: com.parse.a.f a(java.net.HttpURLConnection)>	sig:$r2 = virtualinvoke $r1.<java.net.HttpURLConnection: java.io.InputStream getInputStream()>()	timediff:1
I/System.out( 9061): body:<empirical.HelperClass: void printURLInfo(java.lang.String,java.lang.String,java.net.URLConnection)>	sig:$r0 = virtualinvoke urlConnection.<java.net.URLConnection: java.net.URL getURL()>()	timediff:0
I/System.out( 9061): body:<empirical.HelperClass: void printURLInfo(java.lang.String,java.lang.String,java.net.URLConnection)>	sig:urlString = virtualinvoke $r0.<java.net.URL: java.lang.String toString()>()	timediff:0
I/System.out( 9061): body:<empirical.HelperClass: void printURLInfo(java.lang.String,java.lang.String,java.net.URLConnection)>	sig:isDoOutput = virtualinvoke urlConnection.<java.net.URLConnection: boolean getDoOutput()>()	timediff:0
I/System.out( 9061): body:<empirical.HelperClass: java.lang.String getHeaderField(java.net.URLConnection,java.lang.String)>	sig:data = virtualinvoke conn.<java.net.URLConnection: java.lang.String getHeaderField(java.lang.String)>(field)	timediff:0
I/System.out( 9061): body:<empirical.HelperClass: java.lang.String getHeaderField(java.net.URLConnection,java.lang.String)>	sig:data = virtualinvoke conn.<java.net.URLConnection: java.lang.String getHeaderField(java.lang.String)>(field)	timediff:0
I/System.out( 9061): body:<empirical.HelperClass: java.lang.String getHeaderField(java.net.URLConnection,java.lang.String)>	sig:data = virtualinvoke conn.<java.net.URLConnection: java.lang.String getHeaderField(java.lang.String)>(field)	timediff:0
I/System.out( 9061): body:<empirical.HelperClass: java.lang.String getHeaderField(java.net.URLConnection,java.lang.String)>	sig:data = virtualinvoke conn.<java.net.URLConnection: java.lang.String getHeaderField(java.lang.String)>(field)	timediff:0
I/System.out( 9061): body:<empirical.HelperClass: java.lang.String getHeaderField(java.net.URLConnection,java.lang.String)>	sig:data = virtualinvoke conn.<java.net.URLConnection: java.lang.String getHeaderField(java.lang.String)>(field)	timediff:0
I/System.out( 9061): URLConn;%;3;%;<com.parse.qr: com.parse.a.f a(java.net.HttpURLConnection)>;%;$r2 = virtualinvoke $r1.<java.net.HttpURLConnection: java.io.InputStream getInputStream()>();%;https://scoutparse.telenav.com/parse/classes/_Installation;%;true;%;64;%;Not found;%;Not found;%;Not found;%;Not found
I/System.out( 9061): body:<com.parse.qr: com.parse.a.f a(java.net.HttpURLConnection)>	sig:$i1 = virtualinvoke $r1.<java.net.HttpURLConnection: int getContentLength()>()	timediff:0
I/System.out( 9061): body:<com.parse.qr: com.parse.a.f a(java.net.HttpURLConnection)>	sig:$r4 = virtualinvoke $r1.<java.net.HttpURLConnection: java.lang.String getResponseMessage()>()	timediff:0
I/System.out( 9061): body:<com.parse.qr: com.parse.a.f a(java.net.HttpURLConnection)>	sig:$r5 = virtualinvoke $r1.<java.net.HttpURLConnection: java.util.Map getHeaderFields()>()	timediff:0
I/System.out( 9061): body:<com.parse.qr: com.parse.a.f a(java.net.HttpURLConnection)>	sig:$r12 = virtualinvoke $r1.<java.net.HttpURLConnection: java.lang.String getContentType()>()	timediff:0
I/System.out( 9061): body:<com.mobileapptracker.m: void a(java.lang.StringBuilder,java.lang.String,java.lang.String)>	sig:$r4 = staticinvoke <java.net.URLEncoder: java.lang.String encode(java.lang.String,java.lang.String)>($r2, "UTF-8")	timediff:0
I/System.out( 9061): body:<com.mobileapptracker.m: void a(java.lang.StringBuilder,java.lang.String,java.lang.String)>	sig:$r4 = staticinvoke <java.net.URLEncoder: java.lang.String encode(java.lang.String,java.lang.String)>($r2, "UTF-8")	timediff:0
I/System.out( 9061): body:<com.mobileapptracker.m: void a(java.lang.StringBuilder,java.lang.String,java.lang.String)>	sig:$r4 = staticinvoke <java.net.URLEncoder: java.lang.String encode(java.lang.String,java.lang.String)>($r2, "UTF-8")	timediff:0
I/System.out( 9061): body:<com.mobileapptracker.m: void a(java.lang.StringBuilder,java.lang.String,java.lang.String)>	sig:$r4 = staticinvoke <java.net.URLEncoder: java.lang.String encode(java.lang.String,java.lang.String)>($r2, "UTF-8")	timediff:0
I/System.out( 9061): body:<com.mobileapptracker.m: void a(java.lang.StringBuilder,java.lang.String,java.lang.String)>	sig:$r4 = staticinvoke <java.net.URLEncoder: java.lang.String encode(java.lang.String,java.lang.String)>($r2, "UTF-8")	timediff:0
