I/InputDispatcher(  481): Dropping event because there is no focused window or focused application.
I/InputDispatcher(  481): Dropping event because there is no focused window or focused application.
I/InputDispatcher(  481): Dropping event because there is no focused window or focused application.
I/InputDispatcher(  481): Dropping event because there is no focused window or focused application.
I/InputDispatcher(  481): Dropping event because there is no focused window or focused application.
I/InputDispatcher(  481): Dropping event because there is no focused window or focused application.
I/InputDispatcher(  481): Dropping event because there is no focused window or focused application.
I/InputDispatcher(  481): Dropping event because there is no focused window or focused application.
I/InputDispatcher(  481): Dropping event because there is no focused window or focused application.
I/InputDispatcher(  481): Dropping event because there is no focused window or focused application.
I/InputDispatcher(  481): Dropping event because there is no focused window or focused application.
I/InputDispatcher(  481): Dropping event because there is no focused window or focused application.
I/InputDispatcher(  481): Dropping event because there is no focused window or focused application.
I/InputDispatcher(  481): Dropping event because there is no focused window or focused application.
I/InputDispatcher(  481): Dropping event because there is no focused window or focused application.
I/InputDispatcher(  481): Dropping event because there is no focused window or focused application.
I/InputDispatcher(  481): Dropping event because there is no focused window or focused application.
I/InputDispatcher(  481): Dropping event because there is no focused window or focused application.
I/InputDispatcher(  481): Dropping event because there is no focused window or focused application.
I/InputDispatcher(  481): Dropping event because there is no focused window or focused application.
I/BootReceiver(  481): Copying /data/tombstones/tombstone_06 to DropBox (SYSTEM_TOMBSTONE)
I/ActivityManager(  481): Process com.disney.cruise.sept_goo (pid 3880) has died.
W/ActivityManager(  481): Force removing ActivityRecord{4a9919e8 u0 com.disney.cruise.sept_goo/com.disney.wdpro.mdx.dcl.activities.InitializationActivity t15}: app died, no saved state
W/InputManager(  481): Input event injection from pid 3706 failed.
W/InputManager(  481): Input event injection from pid 3706 failed.
W/InputManager(  481): Input event injection from pid 3706 failed.
W/InputManager(  481): Input event injection from pid 3706 failed.
W/InputManager(  481): Input event injection from pid 3706 failed.
W/InputManager(  481): Input event injection from pid 3706 failed.
W/InputManager(  481): Input event injection from pid 3706 failed.
W/InputManager(  481): Input event injection from pid 3706 failed.
W/InputManager(  481): Input event injection from pid 3706 failed.
W/InputManager(  481): Input event injection from pid 3706 failed.
W/InputManager(  481): Input event injection from pid 3706 failed.
W/InputManager(  481): Input event injection from pid 3706 failed.
W/InputManager(  481): Input event injection from pid 3706 failed.
W/InputManager(  481): Input event injection from pid 3706 failed.
W/InputManager(  481): Input event injection from pid 3706 failed.
W/InputManager(  481): Input event injection from pid 3706 failed.
W/InputManager(  481): Input event injection from pid 3706 failed.
W/InputManager(  481): Input event injection from pid 3706 failed.
W/InputManager(  481): Input event injection from pid 3706 failed.
W/InputManager(  481): Input event injection from pid 3706 failed.
I/InputDispatcher(  481): Dropping event because there is no focused window or focused application.
I/InputDispatcher(  481): Dropping event because there is no focused window or focused application.
I/InputDispatcher(  481): Dropping event because there is no focused window or focused application.
I/InputDispatcher(  481): Dropping event because there is no focused window or focused application.
I/InputDispatcher(  481): Dropping event because there is no focused window or focused application.
I/InputDispatcher(  481): Dropping event because there is no focused window or focused application.
W/NetworkManagementSocketTagger(  481): setKernelCountSet(10012, 1) failed with errno -13
I/InputDispatcher(  481): Dropping event because there is no focused window or focused application.
W/InputManager(  481): Input event injection from pid 3706 failed.
W/InputManager(  481): Input event injection from pid 3706 failed.
W/InputManager(  481): Input event injection from pid 3706 failed.
W/InputManager(  481): Input event injection from pid 3706 failed.
W/InputManager(  481): Input event injection from pid 3706 failed.
W/InputManager(  481): Input event injection from pid 3706 failed.
W/InputManager(  481): Input event injection from pid 3706 failed.
W/ActivityManager(  481): Force-killing crashed app com.disney.cruise.sept_goo at watcher's request
W/ContextImpl(  481): Calling a method in the system process without a qualified user: android.app.ContextImpl.sendBroadcast:1123 com.android.server.am.ActivityManagerService.handleApplicationCrashInner:9670 com.android.server.am.NativeCrashListener$NativeCrashReporter.run:86 <bottom of call stack> <bottom of call stack> 
W/EGL_emulation( 2892): eglSurfaceAttrib not implemented 3093 12436
W/EGL_emulation( 1034): eglSurfaceAttrib not implemented 3093 12436
W/InputMethodManagerService(  481): Window already focused, ignoring focus gain of: com.android.internal.view.IInputMethodClient$Stub$Proxy@4aa3659c attribute=null, token = android.os.BinderProxy@4aa037b8
D/emuglGLESv2_enc( 1034): #00  pc 0000f45a  /system/lib/egl/libGLESv2_adreno.so (glStartTilingQCOM+90)
D/emuglGLESv2_enc( 1034): #01  pc 000199c7  /system/lib/libhwui.so (android::uirenderer::Caches::startTiling(unsigned int, unsigned int, unsigned int, unsigned int, bool)+87)
D/emuglGLESv2_enc( 1034): #02  pc 00037572  /system/lib/libhwui.so
D/emuglGLESv2_enc( 1034): #03  pc 00038d8f  /system/lib/libhwui.so
D/emuglGLESv2_enc( 1034): #04  pc 000c14a3  /system/lib/libandroid_runtime.so
D/emuglGLESv2_enc( 1034): #05  pc 00034b9b  /system/lib/libdvm.so (dvmPlatformInvoke+79)
E/emuglGLESv2_enc( 1034): Function is unsupported
D/emuglGLESv2_enc( 1034): #00  pc 0000f3e0  /system/lib/egl/libGLESv2_adreno.so (glEndTilingQCOM+64)
D/emuglGLESv2_enc( 1034): #01  pc 00019a01  /system/lib/libhwui.so (android::uirenderer::Caches::endTiling()+49)
D/emuglGLESv2_enc( 1034): #02  pc 000389a9  /system/lib/libhwui.so
D/emuglGLESv2_enc( 1034): #03  pc 000be13f  /system/lib/libandroid_runtime.so
D/emuglGLESv2_enc( 1034): #04  pc 00034b9b  /system/lib/libdvm.so (dvmPlatformInvoke+79)
E/emuglGLESv2_enc( 1034): Function is unsupported
D/Zygote  (  168): Process 3880 terminated by signal (6)
I/ActivityManager(  481): START u0 {act=android.intent.action.MAIN cat=[android.intent.category.HOME] flg=0x10200000 cmp=com.vphone.launcher/.Launcher} from pid 481
W/Herrevad(  740): [60] sjl.a: On wifi, but couldn't get security type
W/ViewRootImpl( 2892): Dropping event due to no window focus: KeyEvent { action=ACTION_DOWN, keyCode=KEYCODE_MENU, scanCode=0, metaState=0, flags=0x8, repeatCount=0, eventTime=187154, downTime=187154, deviceId=-1, source=0x101 }
W/ViewRootImpl( 2892): Dropping event due to no window focus: KeyEvent { action=ACTION_DOWN, keyCode=KEYCODE_NUMPAD_7, scanCode=0, metaState=0, flags=0x8, repeatCount=0, eventTime=187156, downTime=187156, deviceId=-1, source=0x101 }
W/ViewRootImpl( 2892): Dropping event due to no window focus: KeyEvent { action=ACTION_DOWN, keyCode=KEYCODE_MOVE_HOME, scanCode=0, metaState=0, flags=0x8, repeatCount=0, eventTime=187156, downTime=187156, deviceId=-1, source=0x101 }
W/DebugConnManager(  740): getNetworkInfo() on networkType 0
W/ViewRootImpl( 2892): Dropping event due to no window focus: KeyEvent { action=ACTION_DOWN, keyCode=KEYCODE_DPAD_LEFT, scanCode=0, metaState=0, flags=0x8, repeatCount=0, eventTime=187159, downTime=187159, deviceId=-1, source=0x101 }
W/ViewRootImpl( 2892): Dropping event due to no window focus: KeyEvent { action=ACTION_DOWN, keyCode=KEYCODE_DPAD_UP, scanCode=0, metaState=0, flags=0x8, repeatCount=0, eventTime=187160, downTime=187160, deviceId=-1, source=0x101 }
W/ViewRootImpl( 2892): Dropping event due to no window focus: KeyEvent { action=ACTION_DOWN, keyCode=KEYCODE_DPAD_UP, scanCode=0, metaState=0, flags=0x8, repeatCount=0, eventTime=187162, downTime=187162, deviceId=-1, source=0x101 }
W/ViewRootImpl( 2892): Dropping event due to no window focus: KeyEvent { action=ACTION_DOWN, keyCode=KEYCODE_DEL, scanCode=0, metaState=0, flags=0x8, repeatCount=0, eventTime=187163, downTime=187163, deviceId=-1, source=0x101 }
W/EGL_emulation( 2892): eglSurfaceAttrib not implemented 3093 12436
W/InputMethodManagerService(  481): Window already focused, ignoring focus gain of: com.android.internal.view.IInputMethodClient$Stub$Proxy@4aa4da44 attribute=null, token = android.os.BinderProxy@4aa037b8
W/ViewRootImpl( 2892): Dropping event due to no window focus: KeyEvent { action=ACTION_DOWN, keyCode=KEYCODE_SYM, scanCode=0, metaState=0, flags=0x8, repeatCount=0, eventTime=187556, downTime=187556, deviceId=-1, source=0x101 }
W/ViewRootImpl( 2892): Dropping event due to no window focus: KeyEvent { action=ACTION_DOWN, keyCode=KEYCODE_MENU, scanCode=0, metaState=0, flags=0x8, repeatCount=0, eventTime=187560, downTime=187560, deviceId=-1, source=0x101 }
W/EGL_emulation( 2892): eglSurfaceAttrib not implemented 3093 12436
W/ViewRootImpl( 2892): Dropping event due to no window focus: KeyEvent { action=ACTION_DOWN, keyCode=KEYCODE_NOTIFICATION, scanCode=0, metaState=0, flags=0x8, repeatCount=0, eventTime=187571, downTime=187571, deviceId=-1, source=0x101 }
W/ViewRootImpl( 2892): Dropping event due to no window focus: KeyEvent { action=ACTION_DOWN, keyCode=KEYCODE_MENU, scanCode=0, metaState=0, flags=0x8, repeatCount=0, eventTime=187577, downTime=187577, deviceId=-1, source=0x101 }
V/FlingTracker(  534): computeCurrentVelocity warning: totalweight=0
V/FlingTracker(  534): java.lang.Throwable
V/FlingTracker(  534): 	at com.android.systemui.statusbar.phone.PanelView$FlingTracker.computeCurrentVelocity(PanelView.java:162)
V/FlingTracker(  534): 	at com.android.systemui.statusbar.phone.PanelView$3.onTouch(PanelView.java:462)
V/FlingTracker(  534): 	at android.view.View.dispatchTouchEvent(View.java:7701)
V/FlingTracker(  534): 	at com.android.systemui.statusbar.phone.NotificationPanelView.onTouchEvent(NotificationPanelView.java:138)
V/FlingTracker(  534): 	at com.android.systemui.statusbar.phone.PanelBar.onTouchEvent(PanelBar.java:130)
V/FlingTracker(  534): 	at com.android.systemui.statusbar.phone.PhoneStatusBarView.onTouchEvent(PhoneStatusBarView.java:201)
V/FlingTracker(  534): 	at android.view.View.dispatchTouchEvent(View.java:7706)
V/FlingTracker(  534): 	at android.view.ViewGroup.dispatchTransformedTouchEvent(ViewGroup.java:2210)
V/FlingTracker(  534): 	at android.view.ViewGroup.dispatchTouchEvent(ViewGroup.java:1945)
V/FlingTracker(  534): 	at android.view.ViewGroup.dispatchTransformedTouchEvent(ViewGroup.java:2216)
V/FlingTracker(  534): 	at android.view.ViewGroup.dispatchTouchEvent(ViewGroup.java:1959)
V/FlingTracker(  534): 	at android.view.View.dispatchPointerEvent(View.java:7886)
V/FlingTracker(  534): 	at android.view.ViewRootImpl$ViewPostImeInputStage.processPointerEvent(ViewRootImpl.java:3978)
V/FlingTracker(  534): 	at android.view.ViewRootImpl$ViewPostImeInputStage.onProcess(ViewRootImpl.java:3857)
V/FlingTracker(  534): 	at android.view.ViewRootImpl$InputStage.deliver(ViewRootImpl.java:3423)
V/FlingTracker(  534): 	at android.view.ViewRootImpl$InputStage.onDeliverToNext(ViewRootImpl.java:3473)
V/FlingTracker(  534): 	at android.view.ViewRootImpl$InputStage.forward(ViewRootImpl.java:3442)
V/FlingTracker(  534): 	at android.view.ViewRootImpl$AsyncInputStage.forward(ViewRootImpl.java:3549)
V/FlingTracker(  534): 	at android.view.ViewRootImpl$InputStage.apply(ViewRootImpl.java:3450)
V/FlingTracker(  534): 	at android.view.ViewRootImpl$AsyncInputStage.apply(ViewRootImpl.java:3606)
V/FlingTracker(  534): 	at android.view.ViewRootImpl$InputStage.deliver(ViewRootImpl.java:3423)
V/FlingTracker(  534): 	at android.view.ViewRootImpl$InputStage.onDeliverToNext(ViewRootImpl.java:3473)
V/FlingTracker(  534): 	at android.view.ViewRootImpl$InputStage.forward(ViewRootImpl.java:3442)
V/FlingTracker(  534): 	at android.view.ViewRootImpl$InputStage.apply(ViewRootImpl.java:3450)
V/FlingTracker(  534): 	at android.view.ViewRootImpl$InputStage.deliver(ViewRootImpl.java:3423)
V/FlingTracker(  534): 	at android.view.ViewRootImpl.deliverInputEvent(ViewRootImpl.java:5626)
V/FlingTracker(  534): 	at android.view.ViewRootImpl.doProcessInputEvents(ViewRootImpl.java:5606)
V/FlingTracker(  534): 	at android.view.ViewRootImpl.enqueueInputEvent(ViewRootImpl.java:5577)
V/FlingTracker(  534): 	at android.view.ViewRootImpl$WindowInputEventReceiver.onInputEvent(ViewRootImpl.java:5706)
V/FlingTracker(  534): 	at android.view.InputEventReceiver.dispatchInputEvent(InputEventReceiver.java:185)
V/FlingTracker(  534): 	at android.os.MessageQueue.nativePollOnce(Native Method)
V/FlingTracker(  534): 	at android.os.MessageQueue.next(MessageQueue.java:138)
V/FlingTracker(  534): 	at android.os.Looper.loop(Looper.java:123)
V/FlingTracker(  534): 	at android.app.ActivityThread.main(ActivityThread.java:5019)
V/FlingTracker(  534): 	at java.lang.reflect.Method.invokeNative(Native Method)
V/FlingTracker(  534): 	at java.lang.reflect.Method.invoke(Method.java:515)
V/FlingTracker(  534): 	at com.android.internal.os.ZygoteInit$MethodAndArgsCaller.run(ZygoteInit.java:779)
V/FlingTracker(  534): 	at com.android.internal.os.ZygoteInit.main(ZygoteInit.java:595)
V/FlingTracker(  534): 	at dalvik.system.NativeStart.main(Native Method)
V/PanelView(  534): animationTick called with dtms=0; nothing to do (h=0.0 v=0.0)
W/InputMethodManagerService(  481): Window already focused, ignoring focus gain of: com.android.internal.view.IInputMethodClient$Stub$Proxy@4aa3ee44 attribute=null, token = android.os.BinderProxy@4aa037b8
I/ActivityManager(  481): START u0 {act=android.intent.action.MAIN cat=[android.intent.category.LAUNCHER] flg=0x10200000 cmp=com.disney.cruise.sept_goo/com.disney.wdpro.mdx.dcl.activities.InitializationActivity} from pid 3706
I/ActivityManager(  481): Start proc com.disney.cruise.sept_goo for activity com.disney.cruise.sept_goo/com.disney.wdpro.mdx.dcl.activities.InitializationActivity: pid=3900 uid=10078 gids={50078, 3003, 1028, 1015, 1023}
W/NetworkManagementSocketTagger(  481): setKernelCountSet(10078, 1) failed with errno -13
W/NetworkManagementSocketTagger(  481): setKernelCountSet(10012, 0) failed with errno -13
I/InputDispatcher(  481): Dropped event because of pending overdue app switch.
W/ViewRootImpl( 2892): Dropping event due to no window focus: MotionEvent { action=ACTION_MOVE, id[0]=0, x[0]=0.0, y[0]=0.0, toolType[0]=TOOL_TYPE_UNKNOWN, buttonState=0, metaState=0, flags=0x0, edgeFlags=0x0, pointerCount=1, historySize=19, eventTime=187607, downTime=-1, deviceId=0, source=0x10004 }
W/InputManager(  481): Input event injection from pid 3706 failed.
I/dalvikvm( 3900): ignoring registerObject request in thread=1
I/dalvikvm( 3900): ignoring registerObject request in thread=1
I/Finsky  ( 1034): [1] com.google.android.finsky.ch.a.onTrimMemory(5): Memory trim requested to level 20
I/Finsky  ( 1034): [1] com.google.android.finsky.ch.a.onTrimMemory(11): Flushing in-memory image cache
E/dalvikvm( 3900): Bogus static initialization: value type 23 in field type Ljava/lang/Object; for Lcom/google/inject/internal/util/$SourceProvider; at index 1
E/dalvikvm( 3900): VM aborting
F/libc    ( 3900): Fatal signal 6 (SIGABRT) at 0x00000f3c (code=-6), thread 3900 (cruise.sept_goo)
I/DEBUG   (  164): *** *** *** *** *** *** *** *** *** *** *** *** *** *** *** ***
I/DEBUG   (  164): Build fingerprint: 'samsung/SM-G955N/dream2lteks:4.4.2/NRD90M/381180401:user/release-keys'
I/DEBUG   (  164): Revision: '0'
I/DEBUG   (  164): pid: 3900, tid: 3900, name: cruise.sept_goo  >>> com.disney.cruise.sept_goo <<<
I/DEBUG   (  164): signal 6 (SIGABRT), code -6 (SI_TKILL), fault addr --------
I/DEBUG   (  164):     eax 00000000  ebx 00000f3c  ecx 00000f3c  edx 00000006
I/DEBUG   (  164):     esi 00000f3c  edi 00000002
I/DEBUG   (  164):     xcs 00000073  xds 0000007b  xes 0000007b  xfs 00000000  xss 0000007b
I/DEBUG   (  164):     eip b77000d6  ebp b7769ce0  esp bf8fe4f0  flags 00200203
I/DEBUG   (  164): 
I/DEBUG   (  164): backtrace:
I/DEBUG   (  164):     #00  pc 0003c0d6  /system/lib/libc.so (tgkill+22)
I/DEBUG   (  164):     #01  pc 00000005  <unknown>
I/DEBUG   (  164): 
I/DEBUG   (  164): stack:
I/DEBUG   (  164):          bf8fe4b0  00000000  
I/DEBUG   (  164):          bf8fe4b4  b7765268  /system/lib/libc.so
I/DEBUG   (  164):          bf8fe4b8  00000000  
I/DEBUG   (  164):          bf8fe4bc  b76d1f39  /system/lib/libc.so (pthread_mutex_unlock+25)
I/DEBUG   (  164):          bf8fe4c0  b776518c  /system/lib/libc.so
I/DEBUG   (  164):          bf8fe4c4  b8cd60a0  [heap]
I/DEBUG   (  164):          bf8fe4c8  00000015  
I/DEBUG   (  164):          bf8fe4cc  b4eddc40  /system/lib/libdvm.so
I/DEBUG   (  164):          bf8fe4d0  00000000  
I/DEBUG   (  164):          bf8fe4d4  b771e926  /system/lib/libc.so (funlockfile+6)
I/DEBUG   (  164):          bf8fe4d8  b7764fcc  /system/lib/libc.so
I/DEBUG   (  164):          bf8fe4dc  b770a006  /system/lib/libc.so (__sflush_locked+150)
I/DEBUG   (  164):          bf8fe4e0  00000000  
I/DEBUG   (  164):          bf8fe4e4  00000000  
I/DEBUG   (  164):          bf8fe4e8  b76d1d69  /system/lib/libc.so (pthread_mutex_lock+9)
I/DEBUG   (  164):          bf8fe4ec  b7764fcc  /system/lib/libc.so
I/DEBUG   (  164):     #00  bf8fe4f0  00000006  
I/DEBUG   (  164):          bf8fe4f4  00000f3c  
I/DEBUG   (  164):          bf8fe4f8  b7764fcc  /system/lib/libc.so
I/DEBUG   (  164):          bf8fe4fc  b76dc4a6  /system/lib/libc.so (pthread_kill+102)
I/DEBUG   (  164):          bf8fe500  00000f3c  
I/DEBUG   (  164):          bf8fe504  00000f3c  
I/DEBUG   (  164):          bf8fe508  00000006  
I/DEBUG   (  164):          bf8fe50c  00000000  
I/DEBUG   (  164):          bf8fe510  b7765268  /system/lib/libc.so
I/DEBUG   (  164):          bf8fe514  94fa5d58  /dev/ashmem/dalvik-heap (deleted)
I/DEBUG   (  164):          bf8fe518  b76dc449  /system/lib/libc.so (pthread_kill+9)
I/DEBUG   (  164):          bf8fe51c  b7764fcc  /system/lib/libc.so
I/DEBUG   (  164):          bf8fe520  bf8fe56c  [stack]
I/DEBUG   (  164):          bf8fe524  bf8fe7a0  [stack]
I/DEBUG   (  164):          bf8fe528  00000001  
I/DEBUG   (  164):          bf8fe52c  b76dc82c  /system/lib/libc.so (raise+44)
I/BootReceiver(  481): Copying /data/tombstones/tombstone_07 to DropBox (SYSTEM_TOMBSTONE)
W/NetworkManagementSocketTagger(  481): setKernelCountSet(10078, 0) failed with errno -13
I/ActivityManager(  481): Process com.disney.cruise.sept_goo (pid 3900) has died.
D/Zygote  (  168): Process 3900 terminated by signal (6)
D/dalvikvm(  168): GC_EXPLICIT freed 41K, 5% free 2788K/2908K, paused 1ms+1ms, total 4ms
D/dalvikvm(  168): GC_EXPLICIT freed <1K, 5% free 2788K/2908K, paused 0ms+0ms, total 4ms
D/dalvikvm(  168): GC_EXPLICIT freed <1K, 5% free 2788K/2908K, paused 1ms+0ms, total 4ms
I/ActivityManager(  481): Start proc com.disney.cruise.sept_goo for activity com.disney.cruise.sept_goo/com.disney.wdpro.mdx.dcl.activities.InitializationActivity: pid=3912 uid=10078 gids={50078, 3003, 1028, 1015, 1023}
D/dalvikvm(  481): GC_CONCURRENT freed 2399K, 35% free 13129K/20108K, paused 2ms+2ms, total 17ms
W/ActivityManager(  481): Force-killing crashed app com.disney.cruise.sept_goo at watcher's request
W/NetworkManagementSocketTagger(  481): setKernelCountSet(10078, 1) failed with errno -13
I/dalvikvm( 3912): ignoring registerObject request in thread=1
I/dalvikvm( 3912): ignoring registerObject request in thread=1
W/ContextImpl(  481): Calling a method in the system process without a qualified user: android.app.ContextImpl.sendBroadcast:1123 com.android.server.am.ActivityManagerService.handleApplicationCrashInner:9670 com.android.server.am.NativeCrashListener$NativeCrashReporter.run:86 <bottom of call stack> <bottom of call stack> 
E/dalvikvm( 3912): Bogus static initialization: value type 23 in field type Ljava/lang/Object; for Lcom/google/inject/internal/util/$SourceProvider; at index 1
E/dalvikvm( 3912): VM aborting
F/libc    ( 3912): Fatal signal 6 (SIGABRT) at 0x00000f48 (code=-6), thread 3912 (cruise.sept_goo)
I/DEBUG   (  164): *** *** *** *** *** *** *** *** *** *** *** *** *** *** *** ***
I/DEBUG   (  164): Build fingerprint: 'samsung/SM-G955N/dream2lteks:4.4.2/NRD90M/381180401:user/release-keys'
I/DEBUG   (  164): Revision: '0'
I/DEBUG   (  164): pid: 3912, tid: 3912, name: cruise.sept_goo  >>> com.disney.cruise.sept_goo <<<
I/DEBUG   (  164): signal 6 (SIGABRT), code -6 (SI_TKILL), fault addr --------
I/DEBUG   (  164):     eax 00000000  ebx 00000f48  ecx 00000f48  edx 00000006
I/DEBUG   (  164):     esi 00000f48  edi 00000002
I/DEBUG   (  164):     xcs 00000073  xds 0000007b  xes 0000007b  xfs 00000000  xss 0000007b
I/DEBUG   (  164):     eip b77000d6  ebp b7769ce0  esp bf8fe4f0  flags 00200207
I/DEBUG   (  164): 
I/DEBUG   (  164): backtrace:
I/DEBUG   (  164):     #00  pc 0003c0d6  /system/lib/libc.so (tgkill+22)
I/DEBUG   (  164):     #01  pc 00000005  <unknown>
I/DEBUG   (  164): 
I/DEBUG   (  164): stack:
I/DEBUG   (  164):          bf8fe4b0  00000000  
I/DEBUG   (  164):          bf8fe4b4  b7765268  /system/lib/libc.so
I/DEBUG   (  164):          bf8fe4b8  00000000  
I/DEBUG   (  164):          bf8fe4bc  b76d1f39  /system/lib/libc.so (pthread_mutex_unlock+25)
I/DEBUG   (  164):          bf8fe4c0  b776518c  /system/lib/libc.so
I/DEBUG   (  164):          bf8fe4c4  b8cd60a0  [heap]
I/DEBUG   (  164):          bf8fe4c8  00000015  
I/DEBUG   (  164):          bf8fe4cc  b4eddc40  /system/lib/libdvm.so
I/DEBUG   (  164):          bf8fe4d0  00000000  
I/DEBUG   (  164):          bf8fe4d4  b771e926  /system/lib/libc.so (funlockfile+6)
I/DEBUG   (  164):          bf8fe4d8  b7764fcc  /system/lib/libc.so
I/DEBUG   (  164):          bf8fe4dc  b770a006  /system/lib/libc.so (__sflush_locked+150)
I/DEBUG   (  164):          bf8fe4e0  00000000  
I/DEBUG   (  164):          bf8fe4e4  00000000  
I/DEBUG   (  164):          bf8fe4e8  b76d1d69  /system/lib/libc.so (pthread_mutex_lock+9)
I/DEBUG   (  164):          bf8fe4ec  b7764fcc  /system/lib/libc.so
I/DEBUG   (  164):     #00  bf8fe4f0  00000006  
I/DEBUG   (  164):          bf8fe4f4  00000f48  
I/DEBUG   (  164):          bf8fe4f8  b7764fcc  /system/lib/libc.so
I/DEBUG   (  164):          bf8fe4fc  b76dc4a6  /system/lib/libc.so (pthread_kill+102)
I/DEBUG   (  164):          bf8fe500  00000f48  
I/DEBUG   (  164):          bf8fe504  00000f48  
I/DEBUG   (  164):          bf8fe508  00000006  
I/DEBUG   (  164):          bf8fe50c  00000000  
I/DEBUG   (  164):          bf8fe510  b7765268  /system/lib/libc.so
I/DEBUG   (  164):          bf8fe514  94fa6c20  /dev/ashmem/dalvik-heap (deleted)
I/DEBUG   (  164):          bf8fe518  b76dc449  /system/lib/libc.so (pthread_kill+9)
I/DEBUG   (  164):          bf8fe51c  b7764fcc  /system/lib/libc.so
I/DEBUG   (  164):          bf8fe520  bf8fe56c  [stack]
I/DEBUG   (  164):          bf8fe524  bf8fe7a0  [stack]
I/DEBUG   (  164):          bf8fe528  00000001  
I/DEBUG   (  164):          bf8fe52c  b76dc82c  /system/lib/libc.so (raise+44)
I/BootReceiver(  481): Copying /data/tombstones/tombstone_08 to DropBox (SYSTEM_TOMBSTONE)
I/Process (  481): Sending signal. PID: 3912 SIG: 9
W/ActivityManager(  481): Force-killing crashed app com.disney.cruise.sept_goo at watcher's request
W/ContextImpl(  481): Calling a method in the system process without a qualified user: android.app.ContextImpl.sendBroadcast:1123 com.android.server.am.ActivityManagerService.handleApplicationCrashInner:9670 com.android.server.am.NativeCrashListener$NativeCrashReporter.run:86 <bottom of call stack> <bottom of call stack> 
W/NetworkManagementSocketTagger(  481): setKernelCountSet(10078, 0) failed with errno -13
I/ActivityManager(  481): Process com.disney.cruise.sept_goo (pid 3912) has died.
W/NetworkManagementSocketTagger(  481): setKernelCountSet(10078, 1) failed with errno -13
I/dalvikvm( 3927): ignoring registerObject request in thread=1
I/dalvikvm( 3927): ignoring registerObject request in thread=1
I/ActivityManager(  481): Start proc com.disney.cruise.sept_goo for activity com.disney.cruise.sept_goo/com.disney.wdpro.mdx.dcl.activities.InitializationActivity: pid=3927 uid=10078 gids={50078, 3003, 1028, 1015, 1023}
E/dalvikvm( 3927): Bogus static initialization: value type 23 in field type Ljava/lang/Object; for Lcom/google/inject/internal/util/$SourceProvider; at index 1
E/dalvikvm( 3927): VM aborting
F/libc    ( 3927): Fatal signal 6 (SIGABRT) at 0x00000f57 (code=-6), thread 3927 (cruise.sept_goo)
I/DEBUG   (  164): *** *** *** *** *** *** *** *** *** *** *** *** *** *** *** ***
I/DEBUG   (  164): Build fingerprint: 'samsung/SM-G955N/dream2lteks:4.4.2/NRD90M/381180401:user/release-keys'
I/DEBUG   (  164): Revision: '0'
I/DEBUG   (  164): pid: 3927, tid: 3927, name: cruise.sept_goo  >>> com.disney.cruise.sept_goo <<<
I/DEBUG   (  164): signal 6 (SIGABRT), code -6 (SI_TKILL), fault addr --------
I/DEBUG   (  164):     eax 00000000  ebx 00000f57  ecx 00000f57  edx 00000006
I/DEBUG   (  164):     esi 00000f57  edi 00000002
I/DEBUG   (  164):     xcs 00000073  xds 0000007b  xes 0000007b  xfs 00000000  xss 0000007b
I/DEBUG   (  164):     eip b77000d6  ebp b7769ce0  esp bf8fe4f0  flags 00200207
I/DEBUG   (  164): 
I/DEBUG   (  164): backtrace:
I/DEBUG   (  164):     #00  pc 0003c0d6  /system/lib/libc.so (tgkill+22)
I/DEBUG   (  164):     #01  pc 00000005  <unknown>
I/DEBUG   (  164): 
I/DEBUG   (  164): stack:
I/DEBUG   (  164):          bf8fe4b0  00000000  
I/DEBUG   (  164):          bf8fe4b4  b7765268  /system/lib/libc.so
I/DEBUG   (  164):          bf8fe4b8  00000000  
I/DEBUG   (  164):          bf8fe4bc  b76d1f39  /system/lib/libc.so (pthread_mutex_unlock+25)
I/DEBUG   (  164):          bf8fe4c0  b776518c  /system/lib/libc.so
I/DEBUG   (  164):          bf8fe4c4  b8cd60a0  [heap]
I/DEBUG   (  164):          bf8fe4c8  00000015  
I/DEBUG   (  164):          bf8fe4cc  b4eddc40  /system/lib/libdvm.so
I/DEBUG   (  164):          bf8fe4d0  00000000  
I/DEBUG   (  164):          bf8fe4d4  b771e926  /system/lib/libc.so (funlockfile+6)
I/DEBUG   (  164):          bf8fe4d8  b7764fcc  /system/lib/libc.so
I/DEBUG   (  164):          bf8fe4dc  b770a006  /system/lib/libc.so (__sflush_locked+150)
I/DEBUG   (  164):          bf8fe4e0  00000000  
I/DEBUG   (  164):          bf8fe4e4  00000000  
I/DEBUG   (  164):          bf8fe4e8  b76d1d69  /system/lib/libc.so (pthread_mutex_lock+9)
I/DEBUG   (  164):          bf8fe4ec  b7764fcc  /system/lib/libc.so
I/DEBUG   (  164):     #00  bf8fe4f0  00000006  
I/DEBUG   (  164):          bf8fe4f4  00000f57  
I/DEBUG   (  164):          bf8fe4f8  b7764fcc  /system/lib/libc.so
I/DEBUG   (  164):          bf8fe4fc  b76dc4a6  /system/lib/libc.so (pthread_kill+102)
I/DEBUG   (  164):          bf8fe500  00000f57  
I/DEBUG   (  164):          bf8fe504  00000f57  
I/DEBUG   (  164):          bf8fe508  00000006  
I/DEBUG   (  164):          bf8fe50c  00000000  
I/DEBUG   (  164):          bf8fe510  b7765268  /system/lib/libc.so
I/DEBUG   (  164):          bf8fe514  00001000  
I/DEBUG   (  164):          bf8fe518  b76dc449  /system/lib/libc.so (pthread_kill+9)
I/DEBUG   (  164):          bf8fe51c  b7764fcc  /system/lib/libc.so
I/DEBUG   (  164):          bf8fe520  bf8fe56c  [stack]
I/DEBUG   (  164):          bf8fe524  bf8fe7a0  [stack]
I/DEBUG   (  164):          bf8fe528  00000001  
I/DEBUG   (  164):          bf8fe52c  b76dc82c  /system/lib/libc.so (raise+44)
I/InputDispatcher(  481): Dropping event because there is no focused window or focused application.
W/NetworkManagementSocketTagger(  481): setKernelCountSet(10078, 0) failed with errno -13
W/NetworkManagementSocketTagger(  481): setKernelCountSet(10012, 1) failed with errno -13
I/BootReceiver(  481): Copying /data/tombstones/tombstone_00 to DropBox (SYSTEM_TOMBSTONE)
I/ActivityManager(  481): Process com.disney.cruise.sept_goo (pid 3927) has died.
W/ActivityManager(  481): Force removing ActivityRecord{4af2c7c8 u0 com.disney.cruise.sept_goo/com.disney.wdpro.mdx.dcl.activities.InitializationActivity t16}: app died, no saved state
W/InputManager(  481): Input event injection from pid 3706 failed.
W/InputManager(  481): Input event injection from pid 3706 failed.
W/InputManager(  481): Input event injection from pid 3706 failed.
W/InputManager(  481): Input event injection from pid 3706 failed.
W/InputManager(  481): Input event injection from pid 3706 failed.
I/InputDispatcher(  481): Dropping event because there is no focused window or focused application.
W/InputManager(  481): Input event injection from pid 3706 failed.
W/InputManager(  481): Input event injection from pid 3706 failed.
W/InputManager(  481): Input event injection from pid 3706 failed.
W/ActivityManager(  481): Force-killing crashed app com.disney.cruise.sept_goo at watcher's request
W/ContextImpl(  481): Calling a method in the system process without a qualified user: android.app.ContextImpl.sendBroadcast:1123 com.android.server.am.ActivityManagerService.handleApplicationCrashInner:9670 com.android.server.am.NativeCrashListener$NativeCrashReporter.run:86 <bottom of call stack> <bottom of call stack> 
W/InputManager(  481): Input event injection from pid 3706 failed.
W/InputManager(  481): Input event injection from pid 3706 failed.
W/InputManager(  481): Input event injection from pid 3706 failed.
W/InputManager(  481): Input event injection from pid 3706 failed.
W/InputManager(  481): Input event injection from pid 3706 failed.
W/InputManager(  481): Input event injection from pid 3706 failed.
W/InputManager(  481): Input event injection from pid 3706 failed.
W/InputManager(  481): Input event injection from pid 3706 failed.
W/InputManager(  481): Input event injection from pid 3706 failed.
W/InputManager(  481): Input event injection from pid 3706 failed.
I/InputDispatcher(  481): Dropping event because there is no focused window or focused application.
I/InputDispatcher(  481): Dropping event because there is no focused window or focused application.
I/InputDispatcher(  481): Dropping event because there is no focused window or focused application.
I/InputDispatcher(  481): Dropping event because there is no focused window or focused application.
I/InputDispatcher(  481): Dropping event because there is no focused window or focused application.
W/InputManager(  481): Input event injection from pid 3706 failed.
W/InputManager(  481): Input event injection from pid 3706 failed.
W/InputManager(  481): Input event injection from pid 3706 failed.
W/InputManager(  481): Input event injection from pid 3706 failed.
W/InputManager(  481): Input event injection from pid 3706 failed.
D/Zygote  (  168): Process 3927 terminated by signal (6)
W/EGL_emulation( 2892): eglSurfaceAttrib not implemented 3093 12436
W/ViewRootImpl( 2892): Dropping event due to no window focus: KeyEvent { action=ACTION_DOWN, keyCode=KEYCODE_SEARCH, scanCode=0, metaState=0, flags=0x8, repeatCount=0, eventTime=188527, downTime=188527, deviceId=-1, source=0x101 }
W/InputMethodManagerService(  481): Window already focused, ignoring focus gain of: com.android.internal.view.IInputMethodClient$Stub$Proxy@4aa64f4c attribute=null, token = android.os.BinderProxy@4aa037b8
W/EGL_emulation( 1034): eglSurfaceAttrib not implemented 3093 12436
D/emuglGLESv2_enc( 1034): #00  pc 0000f45a  /system/lib/egl/libGLESv2_adreno.so (glStartTilingQCOM+90)
D/emuglGLESv2_enc( 1034): #01  pc 000199c7  /system/lib/libhwui.so (android::uirenderer::Caches::startTiling(unsigned int, unsigned int, unsigned int, unsigned int, bool)+87)
D/emuglGLESv2_enc( 1034): #02  pc 00037572  /system/lib/libhwui.so
D/emuglGLESv2_enc( 1034): #03  pc 00038d8f  /system/lib/libhwui.so
D/emuglGLESv2_enc( 1034): #04  pc 000c14a3  /system/lib/libandroid_runtime.so
D/emuglGLESv2_enc( 1034): #05  pc 00034b9b  /system/lib/libdvm.so (dvmPlatformInvoke+79)
E/emuglGLESv2_enc( 1034): Function is unsupported
D/emuglGLESv2_enc( 1034): #00  pc 0000f3e0  /system/lib/egl/libGLESv2_adreno.so (glEndTilingQCOM+64)
D/emuglGLESv2_enc( 1034): #01  pc 00019a01  /system/lib/libhwui.so (android::uirenderer::Caches::endTiling()+49)
D/emuglGLESv2_enc( 1034): #02  pc 000389a9  /system/lib/libhwui.so
D/emuglGLESv2_enc( 1034): #03  pc 000be13f  /system/lib/libandroid_runtime.so
D/emuglGLESv2_enc( 1034): #04  pc 00034b9b  /system/lib/libdvm.so (dvmPlatformInvoke+79)
E/emuglGLESv2_enc( 1034): Function is unsupported
W/ViewRootImpl( 2892): Dropping event due to no window focus: KeyEvent { action=ACTION_DOWN, keyCode=KEYCODE_DPAD_RIGHT, scanCode=0, metaState=0, flags=0x8, repeatCount=0, eventTime=188549, downTime=188549, deviceId=-1, source=0x101 }
W/Herrevad(  740): [226] sjl.a: On wifi, but couldn't get security type
W/EGL_emulation( 2892): eglSurfaceAttrib not implemented 3093 12436
W/DebugConnManager(  740): getNetworkInfo() on networkType 0
V/FlingTracker(  534): computeCurrentVelocity warning: totalweight=0
V/FlingTracker(  534): java.lang.Throwable
V/FlingTracker(  534): 	at com.android.systemui.statusbar.phone.PanelView$FlingTracker.computeCurrentVelocity(PanelView.java:162)
V/FlingTracker(  534): 	at com.android.systemui.statusbar.phone.PanelView$3.onTouch(PanelView.java:462)
V/FlingTracker(  534): 	at android.view.View.dispatchTouchEvent(View.java:7701)
V/FlingTracker(  534): 	at com.android.systemui.statusbar.phone.NotificationPanelView.onTouchEvent(NotificationPanelView.java:138)
V/FlingTracker(  534): 	at com.android.systemui.statusbar.phone.PanelBar.onTouchEvent(PanelBar.java:130)
V/FlingTracker(  534): 	at com.android.systemui.statusbar.phone.PhoneStatusBarView.onTouchEvent(PhoneStatusBarView.java:201)
V/FlingTracker(  534): 	at android.view.View.dispatchTouchEvent(View.java:7706)
V/FlingTracker(  534): 	at android.view.ViewGroup.dispatchTransformedTouchEvent(ViewGroup.java:2210)
V/FlingTracker(  534): 	at android.view.ViewGroup.dispatchTouchEvent(ViewGroup.java:1945)
V/FlingTracker(  534): 	at android.view.ViewGroup.dispatchTransformedTouchEvent(ViewGroup.java:2216)
V/FlingTracker(  534): 	at android.view.ViewGroup.dispatchTouchEvent(ViewGroup.java:1959)
V/FlingTracker(  534): 	at android.view.View.dispatchPointerEvent(View.java:7886)
V/FlingTracker(  534): 	at android.view.ViewRootImpl$ViewPostImeInputStage.processPointerEvent(ViewRootImpl.java:3978)
V/FlingTracker(  534): 	at android.view.ViewRootImpl$ViewPostImeInputStage.onProcess(ViewRootImpl.java:3857)
V/FlingTracker(  534): 	at android.view.ViewRootImpl$InputStage.deliver(ViewRootImpl.java:3423)
V/FlingTracker(  534): 	at android.view.ViewRootImpl$InputStage.onDeliverToNext(ViewRootImpl.java:3473)
V/FlingTracker(  534): 	at android.view.ViewRootImpl$InputStage.forward(ViewRootImpl.java:3442)
V/FlingTracker(  534): 	at android.view.ViewRootImpl$AsyncInputStage.forward(ViewRootImpl.java:3549)
V/FlingTracker(  534): 	at android.view.ViewRootImpl$InputStage.apply(ViewRootImpl.java:3450)
V/FlingTracker(  534): 	at android.view.ViewRootImpl$AsyncInputStage.apply(ViewRootImpl.java:3606)
V/FlingTracker(  534): 	at android.view.ViewRootImpl$InputStage.deliver(ViewRootImpl.java:3423)
V/FlingTracker(  534): 	at android.view.ViewRootImpl$InputStage.onDeliverToNext(ViewRootImpl.java:3473)
V/FlingTracker(  534): 	at android.view.ViewRootImpl$InputStage.forward(ViewRootImpl.java:3442)
V/FlingTracker(  534): 	at android.view.ViewRootImpl$InputStage.apply(ViewRootImpl.java:3450)
V/FlingTracker(  534): 	at android.view.ViewRootImpl$InputStage.deliver(ViewRootImpl.java:3423)
V/FlingTracker(  534): 	at android.view.ViewRootImpl.deliverInputEvent(ViewRootImpl.java:5626)
V/FlingTracker(  534): 	at android.view.ViewRootImpl.doProcessInputEvents(ViewRootImpl.java:5606)
V/FlingTracker(  534): 	at android.view.ViewRootImpl.enqueueInputEvent(ViewRootImpl.java:5577)
V/FlingTracker(  534): 	at android.view.ViewRootImpl$WindowInputEventReceiver.onInputEvent(ViewRootImpl.java:5706)
V/FlingTracker(  534): 	at android.view.InputEventReceiver.dispatchInputEvent(InputEventReceiver.java:185)
V/FlingTracker(  534): 	at android.os.MessageQueue.nativePollOnce(Native Method)
V/FlingTracker(  534): 	at android.os.MessageQueue.next(MessageQueue.java:138)
V/FlingTracker(  534): 	at android.os.Looper.loop(Looper.java:123)
V/FlingTracker(  534): 	at android.app.ActivityThread.main(ActivityThread.java:5019)
V/FlingTracker(  534): 	at java.lang.reflect.Method.invokeNative(Native Method)
V/FlingTracker(  534): 	at java.lang.reflect.Method.invoke(Method.java:515)
V/FlingTracker(  534): 	at com.android.internal.os.ZygoteInit$MethodAndArgsCaller.run(ZygoteInit.java:779)
V/FlingTracker(  534): 	at com.android.internal.os.ZygoteInit.main(ZygoteInit.java:595)
V/FlingTracker(  534): 	at dalvik.system.NativeStart.main(Native Method)
V/PanelView(  534): animationTick called with dtms=0; nothing to do (h=0.0 v=0.0)
W/InputMethodManagerService(  481): Window already focused, ignoring focus gain of: com.android.internal.view.IInputMethodClient$Stub$Proxy@4a98a41c attribute=null, token = android.os.BinderProxy@4aa037b8
W/ViewRootImpl( 2892): Dropping event due to no window focus: KeyEvent { action=ACTION_DOWN, keyCode=KEYCODE_DPAD_CENTER, scanCode=0, metaState=0, flags=0x8, repeatCount=0, eventTime=188591, downTime=188591, deviceId=-1, source=0x101 }
W/ViewRootImpl( 2892): Dropping event due to no window focus: KeyEvent { action=ACTION_DOWN, keyCode=KEYCODE_MENU, scanCode=0, metaState=0, flags=0x8, repeatCount=0, eventTime=188594, downTime=188594, deviceId=-1, source=0x101 }
W/ViewRootImpl( 2892): Dropping event due to no window focus: KeyEvent { action=ACTION_DOWN, keyCode=KEYCODE_DPAD_RIGHT, scanCode=0, metaState=0, flags=0x8, repeatCount=0, eventTime=188598, downTime=188598, deviceId=-1, source=0x101 }
W/EGL_emulation( 2892): eglSurfaceAttrib not implemented 3093 12436
W/ViewRootImpl( 2892): Dropping event due to no window focus: KeyEvent { action=ACTION_DOWN, keyCode=KEYCODE_DPAD_CENTER, scanCode=0, metaState=0, flags=0x8, repeatCount=0, eventTime=188602, downTime=188602, deviceId=-1, source=0x101 }
W/InputEventReceiver( 2892): Attempted to finish an input event but the input event receiver has already been disposed.
W/InputEventReceiver( 2892): Attempted to finish an input event but the input event receiver has already been disposed.
W/InputEventReceiver( 2892): Attempted to finish an input event but the input event receiver has already been disposed.
W/InputEventReceiver( 2892): Attempted to finish an input event but the input event receiver has already been disposed.
W/ViewRootImpl( 2892): Dropping event due to root view being removed: MotionEvent { action=ACTION_DOWN, id[0]=0, x[0]=-31.0, y[0]=-934.0, toolType[0]=TOOL_TYPE_UNKNOWN, buttonState=0, metaState=0, flags=0x0, edgeFlags=0x0, pointerCount=1, historySize=0, eventTime=188628, downTime=188628, deviceId=0, source=0x1002 }
W/ViewRootImpl( 2892): Dropping event due to root view being removed: MotionEvent { action=ACTION_MOVE, id[0]=0, x[0]=-35.54129, y[0]=-934.2096, toolType[0]=TOOL_TYPE_UNKNOWN, buttonState=0, metaState=0, flags=0x0, edgeFlags=0x0, pointerCount=1, historySize=0, eventTime=188629, downTime=188628, deviceId=0, source=0x1002 }
W/ViewRootImpl( 2892): Dropping event due to root view being removed: MotionEvent { action=ACTION_UP, id[0]=0, x[0]=-37.244446, y[0]=-950.00464, toolType[0]=TOOL_TYPE_UNKNOWN, buttonState=0, metaState=0, flags=0x0, edgeFlags=0x0, pointerCount=1, historySize=0, eventTime=188629, downTime=188628, deviceId=0, source=0x1002 }
W/ViewRootImpl( 2892): Dropping event due to no window focus: MotionEvent { action=ACTION_MOVE, id[0]=0, x[0]=-4.0, y[0]=2.0, toolType[0]=TOOL_TYPE_UNKNOWN, buttonState=0, metaState=0, flags=0x0, edgeFlags=0x0, pointerCount=1, historySize=9, eventTime=188634, downTime=-1, deviceId=0, source=0x10004 }
W/ViewRootImpl( 2892): Dropping event due to no window focus: MotionEvent { action=ACTION_DOWN, id[0]=0, x[0]=0.0, y[0]=0.0, toolType[0]=TOOL_TYPE_UNKNOWN, buttonState=0, metaState=0, flags=0x0, edgeFlags=0x0, pointerCount=1, historySize=0, eventTime=188634, downTime=188631, deviceId=0, source=0x10004 }
W/ViewRootImpl( 2892): Dropping event due to no window focus: KeyEvent { action=ACTION_DOWN, keyCode=KEYCODE_F6, scanCode=0, metaState=0, flags=0x8, repeatCount=0, eventTime=188635, downTime=188635, deviceId=-1, source=0x101 }
W/InputMethodManagerService(  481): Window already focused, ignoring focus gain of: com.android.internal.view.IInputMethodClient$Stub$Proxy@4a9522b4 attribute=null, token = android.os.BinderProxy@4aa037b8
W/EGL_emulation( 2892): eglSurfaceAttrib not implemented 3093 12436
W/ViewRootImpl( 2892): Dropping event due to no window focus: KeyEvent { action=ACTION_DOWN, keyCode=KEYCODE_DPAD_RIGHT, scanCode=0, metaState=0, flags=0x8, repeatCount=0, eventTime=188636, downTime=188636, deviceId=-1, source=0x101 }
W/InputMethodManagerService(  481): Window already focused, ignoring focus gain of: com.android.internal.view.IInputMethodClient$Stub$Proxy@4aa54664 attribute=null, token = android.os.BinderProxy@4aa037b8
W/ViewRootImpl( 2892): Dropping event due to no window focus: KeyEvent { action=ACTION_DOWN, keyCode=KEYCODE_DEL, scanCode=0, metaState=0, flags=0x8, repeatCount=0, eventTime=188659, downTime=188659, deviceId=-1, source=0x101 }
W/ViewRootImpl( 2892): Dropping event due to no window focus: MotionEvent { action=ACTION_MOVE, id[0]=0, x[0]=1.0, y[0]=-3.0, toolType[0]=TOOL_TYPE_UNKNOWN, buttonState=0, metaState=0, flags=0x0, edgeFlags=0x0, pointerCount=1, historySize=3, eventTime=188661, downTime=-1, deviceId=0, source=0x10004 }
W/EGL_emulation( 2892): eglSurfaceAttrib not implemented 3093 12436
I/ActivityManager(  481): START u0 {act=android.intent.action.MAIN cat=[android.intent.category.LAUNCHER] flg=0x10200000 cmp=com.disney.cruise.sept_goo/com.disney.wdpro.mdx.dcl.activities.InitializationActivity} from pid 3706
I/ActivityManager(  481): Start proc com.disney.cruise.sept_goo for activity com.disney.cruise.sept_goo/com.disney.wdpro.mdx.dcl.activities.InitializationActivity: pid=3948 uid=10078 gids={50078, 3003, 1028, 1015, 1023}
W/InputManager(  481): Input event injection from pid 3706 failed.
W/InputManager(  481): Input event injection from pid 3706 failed.
W/InputManager(  481): Input event injection from pid 3706 failed.
W/InputManager(  481): Input event injection from pid 3706 failed.
W/NetworkManagementSocketTagger(  481): setKernelCountSet(10078, 1) failed with errno -13
W/NetworkManagementSocketTagger(  481): setKernelCountSet(10012, 0) failed with errno -13
I/dalvikvm( 3948): ignoring registerObject request in thread=1
I/dalvikvm( 3948): ignoring registerObject request in thread=1
I/Finsky  ( 1034): [1] com.google.android.finsky.ch.a.onTrimMemory(5): Memory trim requested to level 20
I/Finsky  ( 1034): [1] com.google.android.finsky.ch.a.onTrimMemory(11): Flushing in-memory image cache
W/InputManager(  481): Input event injection from pid 3706 failed.
E/dalvikvm( 3948): Bogus static initialization: value type 23 in field type Ljava/lang/Object; for Lcom/google/inject/internal/util/$SourceProvider; at index 1
E/dalvikvm( 3948): VM aborting
F/libc    ( 3948): Fatal signal 6 (SIGABRT) at 0x00000f6c (code=-6), thread 3948 (cruise.sept_goo)
I/DEBUG   (  164): *** *** *** *** *** *** *** *** *** *** *** *** *** *** *** ***
I/DEBUG   (  164): Build fingerprint: 'samsung/SM-G955N/dream2lteks:4.4.2/NRD90M/381180401:user/release-keys'
I/DEBUG   (  164): Revision: '0'
I/DEBUG   (  164): pid: 3948, tid: 3948, name: cruise.sept_goo  >>> com.disney.cruise.sept_goo <<<
I/DEBUG   (  164): signal 6 (SIGABRT), code -6 (SI_TKILL), fault addr --------
I/DEBUG   (  164):     eax 00000000  ebx 00000f6c  ecx 00000f6c  edx 00000006
I/DEBUG   (  164):     esi 00000f6c  edi 00000002
I/DEBUG   (  164):     xcs 00000073  xds 0000007b  xes 0000007b  xfs 00000000  xss 0000007b
I/DEBUG   (  164):     eip b77000d6  ebp b7769ce0  esp bf8fe4f0  flags 00200203
I/DEBUG   (  164): 
I/DEBUG   (  164): backtrace:
I/DEBUG   (  164):     #00  pc 0003c0d6  /system/lib/libc.so (tgkill+22)
I/DEBUG   (  164):     #01  pc 00000005  <unknown>
I/DEBUG   (  164): 
I/DEBUG   (  164): stack:
I/DEBUG   (  164):          bf8fe4b0  00000000  
I/DEBUG   (  164):          bf8fe4b4  b7765268  /system/lib/libc.so
I/DEBUG   (  164):          bf8fe4b8  00000000  
I/DEBUG   (  164):          bf8fe4bc  b76d1f39  /system/lib/libc.so (pthread_mutex_unlock+25)
I/DEBUG   (  164):          bf8fe4c0  b776518c  /system/lib/libc.so
I/DEBUG   (  164):          bf8fe4c4  b8cd60a0  [heap]
I/DEBUG   (  164):          bf8fe4c8  00000015  
I/DEBUG   (  164):          bf8fe4cc  b4eddc40  /system/lib/libdvm.so
I/DEBUG   (  164):          bf8fe4d0  00000000  
I/DEBUG   (  164):          bf8fe4d4  b771e926  /system/lib/libc.so (funlockfile+6)
I/DEBUG   (  164):          bf8fe4d8  b7764fcc  /system/lib/libc.so
I/DEBUG   (  164):          bf8fe4dc  b770a006  /system/lib/libc.so (__sflush_locked+150)
I/DEBUG   (  164):          bf8fe4e0  00000000  
I/DEBUG   (  164):          bf8fe4e4  00000000  
I/DEBUG   (  164):          bf8fe4e8  b76d1d69  /system/lib/libc.so (pthread_mutex_lock+9)
I/DEBUG   (  164):          bf8fe4ec  b7764fcc  /system/lib/libc.so
I/DEBUG   (  164):     #00  bf8fe4f0  00000006  
I/DEBUG   (  164):          bf8fe4f4  00000f6c  
I/DEBUG   (  164):          bf8fe4f8  b7764fcc  /system/lib/libc.so
I/DEBUG   (  164):          bf8fe4fc  b76dc4a6  /system/lib/libc.so (pthread_kill+102)
I/DEBUG   (  164):          bf8fe500  00000f6c  
I/DEBUG   (  164):          bf8fe504  00000f6c  
I/DEBUG   (  164):          bf8fe508  00000006  
I/DEBUG   (  164):          bf8fe50c  00000000  
I/DEBUG   (  164):          bf8fe510  b7765268  /system/lib/libc.so
I/DEBUG   (  164):          bf8fe514  94f9e688  /dev/ashmem/dalvik-heap (deleted)
I/DEBUG   (  164):          bf8fe518  b76dc449  /system/lib/libc.so (pthread_kill+9)
I/DEBUG   (  164):          bf8fe51c  b7764fcc  /system/lib/libc.so
I/DEBUG   (  164):          bf8fe520  bf8fe56c  [stack]
I/DEBUG   (  164):          bf8fe524  bf8fe7a0  [stack]
I/DEBUG   (  164):          bf8fe528  00000001  
I/DEBUG   (  164):          bf8fe52c  b76dc82c  /system/lib/libc.so (raise+44)
I/BootReceiver(  481): Copying /data/tombstones/tombstone_01 to DropBox (SYSTEM_TOMBSTONE)
I/Process (  481): Sending signal. PID: 3948 SIG: 9
W/NetworkManagementSocketTagger(  481): setKernelCountSet(10078, 0) failed with errno -13
W/ActivityManager(  481): Force-killing crashed app com.disney.cruise.sept_goo at watcher's request
I/ActivityManager(  481): Process com.disney.cruise.sept_goo (pid 3948) has died.
W/ContextImpl(  481): Calling a method in the system process without a qualified user: android.app.ContextImpl.sendBroadcast:1123 com.android.server.am.ActivityManagerService.handleApplicationCrashInner:9670 com.android.server.am.NativeCrashListener$NativeCrashReporter.run:86 <bottom of call stack> <bottom of call stack> 
D/Zygote  (  168): Process 3948 terminated by signal (6)
I/ActivityManager(  481): Start proc com.disney.cruise.sept_goo for activity com.disney.cruise.sept_goo/com.disney.wdpro.mdx.dcl.activities.InitializationActivity: pid=3961 uid=10078 gids={50078, 3003, 1028, 1015, 1023}
W/NetworkManagementSocketTagger(  481): setKernelCountSet(10078, 1) failed with errno -13
I/dalvikvm( 3961): ignoring registerObject request in thread=1
I/dalvikvm( 3961): ignoring registerObject request in thread=1
E/dalvikvm( 3961): Bogus static initialization: value type 23 in field type Ljava/lang/Object; for Lcom/google/inject/internal/util/$SourceProvider; at index 1
E/dalvikvm( 3961): VM aborting
F/libc    ( 3961): Fatal signal 6 (SIGABRT) at 0x00000f79 (code=-6), thread 3961 (cruise.sept_goo)
D/dalvikvm(  740): GC_EXPLICIT freed 950K, 36% free 9420K/14684K, paused 1ms+2ms, total 17ms
I/DEBUG   (  164): *** *** *** *** *** *** *** *** *** *** *** *** *** *** *** ***
I/DEBUG   (  164): Build fingerprint: 'samsung/SM-G955N/dream2lteks:4.4.2/NRD90M/381180401:user/release-keys'
I/DEBUG   (  164): Revision: '0'
I/DEBUG   (  164): pid: 3961, tid: 3961, name: cruise.sept_goo  >>> com.disney.cruise.sept_goo <<<
I/DEBUG   (  164): signal 6 (SIGABRT), code -6 (SI_TKILL), fault addr --------
I/DEBUG   (  164):     eax 00000000  ebx 00000f79  ecx 00000f79  edx 00000006
I/DEBUG   (  164):     esi 00000f79  edi 00000002
I/DEBUG   (  164):     xcs 00000073  xds 0000007b  xes 0000007b  xfs 00000000  xss 0000007b
I/DEBUG   (  164):     eip b77000d6  ebp b7769ce0  esp bf8fe4f0  flags 00200207
I/DEBUG   (  164): 
I/DEBUG   (  164): backtrace:
I/DEBUG   (  164):     #00  pc 0003c0d6  /system/lib/libc.so (tgkill+22)
I/DEBUG   (  164):     #01  pc 00000005  <unknown>
I/DEBUG   (  164): 
I/DEBUG   (  164): stack:
I/DEBUG   (  164):          bf8fe4b0  00000000  
