--------- beginning of /dev/log/main
I/Icing   (  740): Indexing F4FAA6262FE39DDD50BAE6B7AF5CDB8D73BA0DB0 from com.google.android.gms
I/Icing   (  740): Indexing done F4FAA6262FE39DDD50BAE6B7AF5CDB8D73BA0DB0
D/AndroidRuntime( 9381): 
D/AndroidRuntime( 9381): >>>>>> AndroidRuntime START com.android.internal.os.RuntimeInit <<<<<<
D/AndroidRuntime( 9381): CheckJNI is OFF
D/dalvikvm( 9381): Using executionMode 2
D/dalvikvm( 9381): Trying to load lib libjavacore.so 0x0
D/dalvikvm( 9381): Added shared lib libjavacore.so 0x0
D/dalvikvm( 9381): Trying to load lib libnativehelper.so 0x0
D/dalvikvm( 9381): Added shared lib libnativehelper.so 0x0
D/dalvikvm( 9381): No JNI_OnLoad found in libnativehelper.so 0x0, skipping init
D/dalvikvm( 9381): Note: class Landroid/app/ActivityManagerNative; has 179 unimplemented (abstract) methods
E/memtrack( 9381): Couldn't load memtrack module (No such file or directory)
E/android.os.Debug( 9381): failed to load memtrack module: -2
D/AndroidRuntime( 9381): Calling main entry com.android.commands.monkey.Monkey
--------- beginning of /dev/log/system
W/BroadcastQueue(  481): Skipping deliver [background] BroadcastRecord{4accb6d8 u-1 android.net.conn.CONNECTIVITY_CHANGE} to ReceiverList{4ae7b370 9381 (unknown name)/0/u-1 remote:4acbafbc}: process crashing
I/ActivityManager(  481): START u0 {act=android.intent.action.MAIN cat=[android.intent.category.LAUNCHER] flg=0x10200000 cmp=com.trafficspotter.android/.MainActivity} from pid 9381
I/ActivityManager(  481): Start proc com.trafficspotter.android for activity com.trafficspotter.android/.MainActivity: pid=9391 uid=10093 gids={50093, 3003, 1028, 1015, 1023}
I/ActivityManager(  481): START u0 {act=android.intent.action.MAIN cat=[android.intent.category.LAUNCHER] flg=0x10200000 cmp=com.trafficspotter.android/.MainActivity} from pid 9381
W/NetworkManagementSocketTagger(  481): setKernelCountSet(10093, 1) failed with errno -13
I/dalvikvm( 9391): ignoring registerObject request in thread=1
I/dalvikvm( 9391): ignoring registerObject request in thread=1
I/Finsky  ( 1034): [1] com.google.android.finsky.ch.a.onTrimMemory(5): Memory trim requested to level 20
I/Finsky  ( 1034): [1] com.google.android.finsky.ch.a.onTrimMemory(11): Flushing in-memory image cache
W/InputManager(  481): Input event injection from pid 9381 failed.
W/InputManager(  481): Input event injection from pid 9381 failed.
I/dalvikvm( 9391): Could not find method android.app.Notification$Builder.setLocalOnly, referenced from method com.google.android.gms.common.GooglePlayServicesUtil.zza
W/dalvikvm( 9391): VFY: unable to resolve virtual method 241: Landroid/app/Notification$Builder;.setLocalOnly (Z)Landroid/app/Notification$Builder;
D/dalvikvm( 9391): VFY: replacing opcode 0x6e at 0x00fb
I/dalvikvm( 9391): Could not find method android.content.pm.PackageManager.getPackageInstaller, referenced from method com.google.android.gms.common.zze.zzl
W/dalvikvm( 9391): VFY: unable to resolve virtual method 485: Landroid/content/pm/PackageManager;.getPackageInstaller ()Landroid/content/pm/PackageInstaller;
D/dalvikvm( 9391): VFY: replacing opcode 0x6e at 0x001a
I/zzai    ( 9391): Making Creator dynamically
I/dalvikvm( 9391): Could not find method android.content.ContextWrapper.createCredentialProtectedStorageContext, referenced from method iwr.createCredentialProtectedStorageContext
W/dalvikvm( 9391): VFY: unable to resolve virtual method 2411: Landroid/content/ContextWrapper;.createCredentialProtectedStorageContext ()Landroid/content/Context;
D/dalvikvm( 9391): VFY: replacing opcode 0x6f at 0x0002
I/dalvikvm( 9391): Could not find method android.content.ContextWrapper.createDeviceProtectedStorageContext, referenced from method iwr.createDeviceProtectedStorageContext
W/dalvikvm( 9391): VFY: unable to resolve virtual method 2412: Landroid/content/ContextWrapper;.createDeviceProtectedStorageContext ()Landroid/content/Context;
D/dalvikvm( 9391): VFY: replacing opcode 0x6f at 0x0002
I/dalvikvm( 9391): Could not find method android.content.ContextWrapper.createCredentialProtectedStorageContext, referenced from method com.google.android.chimera.ModuleContext.createCredentialProtectedStorageContext
W/dalvikvm( 9391): VFY: unable to resolve virtual method 2411: Landroid/content/ContextWrapper;.createCredentialProtectedStorageContext ()Landroid/content/Context;
D/dalvikvm( 9391): VFY: replacing opcode 0x6f at 0x0002
I/dalvikvm( 9391): Could not find method android.content.ContextWrapper.createDeviceProtectedStorageContext, referenced from method com.google.android.chimera.ModuleContext.createDeviceProtectedStorageContext
W/dalvikvm( 9391): VFY: unable to resolve virtual method 2412: Landroid/content/ContextWrapper;.createDeviceProtectedStorageContext ()Landroid/content/Context;
D/dalvikvm( 9391): VFY: replacing opcode 0x6f at 0x0002
I/dalvikvm( 9391): Could not find method android.content.Context.isCredentialProtectedStorage, referenced from method cub.a
W/dalvikvm( 9391): VFY: unable to resolve virtual method 2391: Landroid/content/Context;.isCredentialProtectedStorage ()Z
D/dalvikvm( 9391): VFY: replacing opcode 0x6e at 0x0000
I/dalvikvm( 9391): Could not find method android.os.UserManager.isUserUnlocked, referenced from method cub.a
W/dalvikvm( 9391): VFY: unable to resolve virtual method 3028: Landroid/os/UserManager;.isUserUnlocked ()Z
D/dalvikvm( 9391): VFY: replacing opcode 0x6e at 0x001a
I/dalvikvm( 9391): Could not find method android.content.Context.isDeviceProtectedStorage, referenced from method cub.b
W/dalvikvm( 9391): VFY: unable to resolve virtual method 2392: Landroid/content/Context;.isDeviceProtectedStorage ()Z
D/dalvikvm( 9391): VFY: replacing opcode 0x6e at 0x0000
I/dalvikvm( 9391): Could not find method android.content.Context.isDeviceProtectedStorage, referenced from method cub.c
W/dalvikvm( 9391): VFY: unable to resolve virtual method 2392: Landroid/content/Context;.isDeviceProtectedStorage ()Z
D/dalvikvm( 9391): VFY: replacing opcode 0x6e at 0x0000
I/dalvikvm( 9391): Could not find method android.system.Os.readlink, referenced from method cuq.a
W/dalvikvm( 9391): VFY: unable to resolve static method 3047: Landroid/system/Os;.readlink (Ljava/lang/String;)Ljava/lang/String;
D/dalvikvm( 9391): VFY: replacing opcode 0x71 at 0x0000
I/dalvikvm( 9391): Could not find method android.system.Os.stat, referenced from method cuq.a
W/dalvikvm( 9391): VFY: unable to resolve static method 3048: Landroid/system/Os;.stat (Ljava/lang/String;)Landroid/system/StructStat;
D/dalvikvm( 9391): VFY: replacing opcode 0x71 at 0x0042
I/dalvikvm( 9391): Could not find method android.system.Os.symlink, referenced from method cuq.a
W/NetworkManagementSocketTagger(  481): setKernelCountSet(10012, 0) failed with errno -13
W/dalvikvm( 9391): VFY: unable to resolve static method 3049: Landroid/system/Os;.symlink (Ljava/lang/String;Ljava/lang/String;)V
D/dalvikvm( 9391): VFY: replacing opcode 0x71 at 0x013b
I/dalvikvm( 9391): DexOpt: unable to optimize instance field ref 0x04a1 at 0x46 in Lcuq;.a
I/dalvikvm( 9391): DexOpt: unable to optimize static field ref 0x049c at 0x48 in Lcuq;.a
I/dalvikvm( 9391): DexOpt: unable to optimize static field ref 0x049a at 0x4a in Lcuq;.a
I/dalvikvm( 9391): DexOpt: unable to optimize static field ref 0x049b at 0x4d in Lcuq;.a
I/dalvikvm( 9391): DexOpt: unable to optimize static field ref 0x049d at 0x57 in Lcuq;.a
I/dalvikvm( 9391): DexOpt: unable to optimize static field ref 0x04a0 at 0x5f in Lcuq;.a
I/dalvikvm( 9391): DexOpt: unable to optimize static field ref 0x049e at 0x61 in Lcuq;.a
I/dalvikvm( 9391): DexOpt: unable to optimize static field ref 0x049f at 0x64 in Lcuq;.a
I/dalvikvm( 9391): DexOpt: unable to optimize static field ref 0x049c at 0x7f in Lcuq;.a
I/dalvikvm( 9391): DexOpt: unable to optimize static field ref 0x04a0 at 0x90 in Lcuq;.a
I/dalvikvm( 9391): Could not find method android.content.Context.createDeviceProtectedStorageContext, referenced from method jvu.a
W/dalvikvm( 9391): VFY: unable to resolve virtual method 2362: Landroid/content/Context;.createDeviceProtectedStorageContext ()Landroid/content/Context;
D/dalvikvm( 9391): VFY: replacing opcode 0x6e at 0x0029
I/dalvikvm( 9391): Could not find method android.content.Context.getSystemService, referenced from method jvu.b
W/dalvikvm( 9391): VFY: unable to resolve virtual method 2387: Landroid/content/Context;.getSystemService (Ljava/lang/Class;)Ljava/lang/Object;
D/dalvikvm( 9391): VFY: replacing opcode 0x6e at 0x000b
D/dalvikvm( 9391): DexOpt: couldn't find static field Landroid/os/Build;.SUPPORTED_64_BIT_ABIS
W/dalvikvm( 9391): VFY: unable to resolve static field 1157 (SUPPORTED_64_BIT_ABIS) in Landroid/os/Build;
D/dalvikvm( 9391): VFY: replacing opcode 0x62 at 0x0012
D/dalvikvm( 9391): DexOpt: couldn't find static field Landroid/os/Build;.SUPPORTED_32_BIT_ABIS
W/dalvikvm( 9391): VFY: unable to resolve static field 1156 (SUPPORTED_32_BIT_ABIS) in Landroid/os/Build;
D/dalvikvm( 9391): VFY: replacing opcode 0x62 at 0x0021
D/dalvikvm( 9391): DexOpt: couldn't find static field Landroid/os/Build;.SUPPORTED_ABIS
W/dalvikvm( 9391): VFY: unable to resolve static field 1158 (SUPPORTED_ABIS) in Landroid/os/Build;
D/dalvikvm( 9391): VFY: replacing opcode 0x62 at 0x0008
D/dalvikvm( 9391): DexOpt: couldn't find static field Landroid/os/Build;.SUPPORTED_64_BIT_ABIS
W/dalvikvm( 9391): VFY: unable to resolve static field 1157 (SUPPORTED_64_BIT_ABIS) in Landroid/os/Build;
D/dalvikvm( 9391): VFY: replacing opcode 0x62 at 0x0008
D/dalvikvm( 9391): DexOpt: couldn't find static field Landroid/os/Build;.SUPPORTED_64_BIT_ABIS
I/dalvikvm( 9391): DexOpt: unable to optimize static field ref 0x0485 at 0x17 in Lcwd;.a
D/dalvikvm( 9391): DexOpt: couldn't find static field Landroid/os/Build;.SUPPORTED_32_BIT_ABIS
I/dalvikvm( 9391): DexOpt: unable to optimize static field ref 0x0484 at 0x26 in Lcwd;.a
D/dalvikvm( 9391): DexOpt: couldn't find static field Landroid/os/Build;.SUPPORTED_64_BIT_ABIS
I/dalvikvm( 9391): DexOpt: unable to optimize static field ref 0x0485 at 0x0d in Lcwd;.b
D/dalvikvm( 9391): JIT code cache reset in 0 ms (0 bytes 1/0)
D/dalvikvm( 9391): GC_CONCURRENT freed 287K, 12% free 2886K/3252K, paused 2ms+0ms, total 4ms
I/Google Maps Android API( 9391): Google Play services client version: 9452000
I/Google Maps Android API( 9391): Google Play services package version: 12221070
I/dalvikvm( 9391): Could not find method android.content.pm.PackageManager.isInstantApp, referenced from method com.google.maps.api.android.lib6.drd.an.a
W/dalvikvm( 9391): VFY: unable to resolve virtual method 741: Landroid/content/pm/PackageManager;.isInstantApp (Ljava/lang/String;)Z
D/dalvikvm( 9391): VFY: replacing opcode 0x6e at 0x0056
I/dalvikvm( 9391): Could not find method android.content.pm.PackageManager.getPackageInstaller, referenced from method ht.a
W/dalvikvm( 9391): VFY: unable to resolve virtual method 734: Landroid/content/pm/PackageManager;.getPackageInstaller ()Landroid/content/pm/PackageInstaller;
D/dalvikvm( 9391): VFY: replacing opcode 0x6e at 0x0017
I/dalvikvm( 9391): Could not find method android.content.pm.PackageManager.isInstantApp, referenced from method ow.a
W/dalvikvm( 9391): VFY: unable to resolve virtual method 740: Landroid/content/pm/PackageManager;.isInstantApp ()Z
D/dalvikvm( 9391): VFY: replacing opcode 0x6e at 0x0028
D/dalvikvm( 9391): GC_CONCURRENT freed 304K, 12% free 2978K/3360K, paused 2ms+2ms, total 5ms
I/dalvikvm( 9391): Could not find method android.app.NotificationManager.getNotificationChannel, referenced from method he.a
W/dalvikvm( 9391): VFY: unable to resolve virtual method 651: Landroid/app/NotificationManager;.getNotificationChannel (Ljava/lang/String;)Landroid/app/NotificationChannel;
D/dalvikvm( 9391): VFY: replacing opcode 0x6e at 0x000c
I/dalvikvm( 9391): Could not find method android.app.Notification$Builder.setChannelId, referenced from method he.a
W/dalvikvm( 9391): VFY: unable to resolve virtual method 607: Landroid/app/Notification$Builder;.setChannelId (Ljava/lang/String;)Landroid/app/Notification$Builder;
D/dalvikvm( 9391): VFY: replacing opcode 0x6e at 0x0086
D/dalvikvm( 9391): DexOpt: unable to opt direct call 0x0286 at 0x19 in Lhe;.a
I/dalvikvm( 9391): Could not find method android.content.Context.isDeviceProtectedStorage, referenced from method rw.a
W/dalvikvm( 9391): VFY: unable to resolve virtual method 683: Landroid/content/Context;.isDeviceProtectedStorage ()Z
D/dalvikvm( 9391): VFY: replacing opcode 0x6e at 0x0017
I/dalvikvm( 9391): Could not find method android.app.AppOpsManager.permissionToOp, referenced from method rw.c
W/dalvikvm( 9391): VFY: unable to resolve static method 563: Landroid/app/AppOpsManager;.permissionToOp (Ljava/lang/String;)Ljava/lang/String;
D/dalvikvm( 9391): VFY: replacing opcode 0x71 at 0x0045
I/dalvikvm( 9391): Could not find method android.content.Context.getSystemService, referenced from method rw.c
W/dalvikvm( 9391): VFY: unable to resolve virtual method 680: Landroid/content/Context;.getSystemService (Ljava/lang/Class;)Ljava/lang/Object;
D/dalvikvm( 9391): VFY: replacing opcode 0x6e at 0x0068
I/dalvikvm( 9391): Could not find method android.content.Context.isDeviceProtectedStorage, referenced from method rw.a
W/dalvikvm( 9391): VFY: unable to resolve virtual method 683: Landroid/content/Context;.isDeviceProtectedStorage ()Z
D/dalvikvm( 9391): VFY: replacing opcode 0x6e at 0x005d
I/dalvikvm( 9391): Could not find method android.content.Context.isDeviceProtectedStorage, referenced from method tm.a
W/dalvikvm( 9391): VFY: unable to resolve virtual method 683: Landroid/content/Context;.isDeviceProtectedStorage ()Z
D/dalvikvm( 9391): VFY: replacing opcode 0x6e at 0x0009
D/dalvikvm( 9391): GC_CONCURRENT freed 262K, 10% free 3103K/3444K, paused 2ms+0ms, total 3ms
D/dalvikvm( 9391): GC_FOR_ALLOC freed 8K, 10% free 3157K/3500K, paused 2ms, total 3ms
I/dalvikvm-heap( 9391): Grow heap (frag case) to 3.761MB for 635808-byte allocation
D/dalvikvm( 9391): GC_FOR_ALLOC freed <1K, 9% free 3778K/4124K, paused 2ms, total 2ms
D/dalvikvm( 9391): GC_CONCURRENT freed <1K, 9% free 3778K/4124K, paused 1ms+0ms, total 3ms
D/dalvikvm( 9391): GC_CONCURRENT freed 185K, 8% free 4042K/4356K, paused 0ms+1ms, total 4ms
D/dalvikvm( 9391): GC_CONCURRENT freed 329K, 9% free 4204K/4616K, paused 2ms+1ms, total 5ms
D/dalvikvm( 9391): GC_FOR_ALLOC freed 117K, 9% free 4233K/4616K, paused 3ms, total 3ms
I/dalvikvm-heap( 9391): Grow heap (frag case) to 4.628MB for 443568-byte allocation
D/dalvikvm( 9391): GC_FOR_ALLOC freed <1K, 8% free 4665K/5052K, paused 4ms, total 4ms
D/dalvikvm( 9391): GC_CONCURRENT freed 37K, 8% free 4666K/5052K, paused 2ms+3ms, total 6ms
D/dalvikvm( 9391): GC_FOR_ALLOC freed 51K, 8% free 4685K/5052K, paused 4ms, total 4ms
I/dalvikvm-heap( 9391): Grow heap (frag case) to 5.070MB for 443568-byte allocation
D/dalvikvm( 9391): GC_FOR_ALLOC freed 16K, 8% free 5101K/5488K, paused 6ms, total 6ms
D/dalvikvm( 9391): GC_FOR_ALLOC freed 2K, 7% free 5543K/5924K, paused 2ms, total 2ms
D/dalvikvm( 9391): GC_FOR_ALLOC freed 1K, 6% free 5981K/6360K, paused 3ms, total 3ms
D/dalvikvm( 9391): GC_FOR_ALLOC freed 1K, 6% free 6422K/6796K, paused 3ms, total 3ms
D/dalvikvm( 9391): GC_FOR_ALLOC freed 1K, 5% free 7296K/7668K, paused 3ms, total 3ms
I/dalvikvm-heap( 9391): Grow heap (frag case) to 8.818MB for 1699212-byte allocation
D/dalvikvm( 9391): GC_FOR_ALLOC freed <1K, 4% free 8956K/9328K, paused 5ms, total 5ms
D/dalvikvm( 9391): GC_CONCURRENT freed 0K, 4% free 8956K/9328K, paused 2ms+1ms, total 5ms
D/dalvikvm( 9391): GC_FOR_ALLOC freed 6K, 3% free 10779K/11072K, paused 3ms, total 3ms
W/dalvikvm( 9391): VFY: unable to find class referenced in signature (Lokhttp3/Request;)
W/dalvikvm( 9391): VFY: unable to find class referenced in signature (Lokhttp3/Response;)
I/dalvikvm( 9391): Could not find method okhttp3.Response.headers, referenced from method empirical.HelperClass.printOkHttpInfo
W/dalvikvm( 9391): VFY: unable to resolve virtual method 29697: Lokhttp3/Response;.headers ()Lokhttp3/Headers;
D/dalvikvm( 9391): VFY: replacing opcode 0x6e at 0x0006
W/dalvikvm( 9391): VFY: unable to find class referenced in signature (Lokhttp3/Call;)
W/dalvikvm( 9391): VFY: unable to find class referenced in signature (Lokhttp3/Response;)
I/dalvikvm( 9391): Could not find method okhttp3.Call.request, referenced from method empirical.HelperClass.printOkHttpInfoFromCall
W/dalvikvm( 9391): VFY: unable to resolve interface method 29691: Lokhttp3/Call;.request ()Lokhttp3/Request;
D/dalvikvm( 9391): VFY: replacing opcode 0x72 at 0x0006
I/System.out( 9391): body:<com.trafficspotter.android.NetUtils: java.lang.String getMACAddress(java.lang.String)>	sig:$r2 = staticinvoke <java.net.NetworkInterface: java.util.Enumeration getNetworkInterfaces()>()	timediff:2
I/System.out( 9391): body:<com.trafficspotter.android.NetUtils: java.lang.String getMACAddress(java.lang.String)>	sig:$r7 = virtualinvoke $r6.<java.net.NetworkInterface: java.lang.String getName()>()	timediff:0
I/System.out( 9391): body:<com.trafficspotter.android.NetUtils: java.lang.String getMACAddress(java.lang.String)>	sig:$r7 = virtualinvoke $r6.<java.net.NetworkInterface: java.lang.String getName()>()	timediff:0
I/System.out( 9391): body:<com.trafficspotter.android.NetUtils: java.lang.String getMACAddress(java.lang.String)>	sig:$r7 = virtualinvoke $r6.<java.net.NetworkInterface: java.lang.String getName()>()	timediff:0
I/System.out( 9391): body:<com.trafficspotter.android.NetUtils: java.lang.String getMACAddress(java.lang.String)>	sig:$r7 = virtualinvoke $r6.<java.net.NetworkInterface: java.lang.String getName()>()	timediff:0
I/System.out( 9391): body:<com.trafficspotter.android.NetUtils: java.lang.String getMACAddress(java.lang.String)>	sig:$r7 = virtualinvoke $r6.<java.net.NetworkInterface: java.lang.String getName()>()	timediff:0
I/System.out( 9391): body:<com.trafficspotter.android.NetUtils: java.lang.String getMACAddress(java.lang.String)>	sig:$r8 = virtualinvoke $r6.<java.net.NetworkInterface: byte[] getHardwareAddress()>()	timediff:0
I/System.out( 9391): body:<com.trafficspotter.android.NetUtils: java.lang.String getMACAddress(java.lang.String)>	sig:$r2 = staticinvoke <java.net.NetworkInterface: java.util.Enumeration getNetworkInterfaces()>()	timediff:2
I/System.out( 9391): body:<com.trafficspotter.android.NetUtils: java.lang.String getMACAddress(java.lang.String)>	sig:$r7 = virtualinvoke $r6.<java.net.NetworkInterface: java.lang.String getName()>()	timediff:0
I/System.out( 9391): body:<com.trafficspotter.android.NetUtils: java.lang.String getMACAddress(java.lang.String)>	sig:$r7 = virtualinvoke $r6.<java.net.NetworkInterface: java.lang.String getName()>()	timediff:0
I/System.out( 9391): body:<com.trafficspotter.android.NetUtils: java.lang.String getMACAddress(java.lang.String)>	sig:$r7 = virtualinvoke $r6.<java.net.NetworkInterface: java.lang.String getName()>()	timediff:0
I/System.out( 9391): body:<com.trafficspotter.android.NetUtils: java.lang.String getMACAddress(java.lang.String)>	sig:$r7 = virtualinvoke $r6.<java.net.NetworkInterface: java.lang.String getName()>()	timediff:0
I/System.out( 9391): body:<com.trafficspotter.android.NetUtils: java.lang.String getMACAddress(java.lang.String)>	sig:$r7 = virtualinvoke $r6.<java.net.NetworkInterface: java.lang.String getName()>()	timediff:0
I/System.out( 9391): body:<com.trafficspotter.android.NetUtils: java.lang.String getMACAddress(java.lang.String)>	sig:$r7 = virtualinvoke $r6.<java.net.NetworkInterface: java.lang.String getName()>()	timediff:0
I/System.out( 9391): body:<com.trafficspotter.android.NetUtils: java.lang.String getIPAddress(boolean)>	sig:$r0 = staticinvoke <java.net.NetworkInterface: java.util.Enumeration getNetworkInterfaces()>()	timediff:1
I/System.out( 9391): body:<com.trafficspotter.android.NetUtils: java.lang.String getIPAddress(boolean)>	sig:$r0 = virtualinvoke $r4.<java.net.NetworkInterface: java.util.Enumeration getInetAddresses()>()	timediff:0
I/System.out( 9391): body:<com.trafficspotter.android.NetUtils: java.lang.String getIPAddress(boolean)>	sig:$r0 = virtualinvoke $r4.<java.net.NetworkInterface: java.util.Enumeration getInetAddresses()>()	timediff:0
I/System.out( 9391): body:<com.trafficspotter.android.NetUtils: java.lang.String getIPAddress(boolean)>	sig:$z1 = virtualinvoke $r6.<java.net.InetAddress: boolean isLoopbackAddress()>()	timediff:0
I/System.out( 9391): body:<com.trafficspotter.android.NetUtils: java.lang.String getIPAddress(boolean)>	sig:$z1 = virtualinvoke $r6.<java.net.InetAddress: boolean isLoopbackAddress()>()	timediff:0
I/System.out( 9391): body:<com.trafficspotter.android.NetUtils: java.lang.String getIPAddress(boolean)>	sig:$r0 = virtualinvoke $r4.<java.net.NetworkInterface: java.util.Enumeration getInetAddresses()>()	timediff:0
I/System.out( 9391): body:<com.trafficspotter.android.NetUtils: java.lang.String getIPAddress(boolean)>	sig:$z1 = virtualinvoke $r6.<java.net.InetAddress: boolean isLoopbackAddress()>()	timediff:0
I/System.out( 9391): body:<com.trafficspotter.android.NetUtils: java.lang.String getIPAddress(boolean)>	sig:$r7 = virtualinvoke $r6.<java.net.InetAddress: java.lang.String getHostAddress()>()	timediff:0
I/System.out( 9391): body:<com.trafficspotter.android.NetUtils: java.lang.String getIPAddress(boolean)>	sig:$z1 = virtualinvoke $r6.<java.net.InetAddress: boolean isLoopbackAddress()>()	timediff:0
I/System.out( 9391): body:<com.trafficspotter.android.NetUtils: java.lang.String getIPAddress(boolean)>	sig:$r7 = virtualinvoke $r6.<java.net.InetAddress: java.lang.String getHostAddress()>()	timediff:0
I/System.out( 9391): body:<com.trafficspotter.android.NetUtils: java.lang.String getIPAddress(boolean)>	sig:$r0 = staticinvoke <java.net.NetworkInterface: java.util.Enumeration getNetworkInterfaces()>()	timediff:0
I/System.out( 9391): body:<com.trafficspotter.android.NetUtils: java.lang.String getIPAddress(boolean)>	sig:$r0 = virtualinvoke $r4.<java.net.NetworkInterface: java.util.Enumeration getInetAddresses()>()	timediff:0
I/System.out( 9391): body:<com.trafficspotter.android.NetUtils: java.lang.String getIPAddress(boolean)>	sig:$r0 = virtualinvoke $r4.<java.net.NetworkInterface: java.util.Enumeration getInetAddresses()>()	timediff:0
I/System.out( 9391): body:<com.trafficspotter.android.NetUtils: java.lang.String getIPAddress(boolean)>	sig:$z1 = virtualinvoke $r6.<java.net.InetAddress: boolean isLoopbackAddress()>()	timediff:0
I/System.out( 9391): body:<com.trafficspotter.android.NetUtils: java.lang.String getIPAddress(boolean)>	sig:$z1 = virtualinvoke $r6.<java.net.InetAddress: boolean isLoopbackAddress()>()	timediff:0
I/System.out( 9391): body:<com.trafficspotter.android.NetUtils: java.lang.String getIPAddress(boolean)>	sig:$r0 = virtualinvoke $r4.<java.net.NetworkInterface: java.util.Enumeration getInetAddresses()>()	timediff:0
I/System.out( 9391): body:<com.trafficspotter.android.NetUtils: java.lang.String getIPAddress(boolean)>	sig:$z1 = virtualinvoke $r6.<java.net.InetAddress: boolean isLoopbackAddress()>()	timediff:0
I/System.out( 9391): body:<com.trafficspotter.android.NetUtils: java.lang.String getIPAddress(boolean)>	sig:$r7 = virtualinvoke $r6.<java.net.InetAddress: java.lang.String getHostAddress()>()	timediff:0
I/GAv4    ( 9391): Google Analytics 9.4.52 is starting up. To enable debug logging on a device run:
I/GAv4    ( 9391):   adb shell setprop log.tag.GAv4 DEBUG
I/GAv4    ( 9391):   adb logcat -s GAv4
W/GAv4    ( 9391): string configuration name not recognized: ga_appName
W/GAv4    ( 9391): AnalyticsReceiver is not registered or is disabled. Register the receiver for reliable dispatching on non-Google Play devices. See http://goo.gl/8Rd3yj for instructions.
W/GAv4    ( 9391): CampaignTrackingReceiver is not registered, not exported or is disabled. Installation campaign tracking is not possible. See http://goo.gl/8Rd3yj for instructions.
W/GAv4    ( 9391): AnalyticsService not registered in the app manifest. Hits might not be delivered reliably. See http://goo.gl/8Rd3yj for instructions.
I/WearableService(  654): Wearable Services stopping
I/System.out( 9391): body:<com.trafficspotter.android.HttpGetRequest: byte[] doInBackground(java.lang.String[])>	sig:specialinvoke $r3.<java.net.URL: void <init>(java.lang.String)>($r6)	timediff:3
I/System.out( 9391): <com.trafficspotter.android.HttpGetRequest: byte[] doInBackground(java.lang.String[])>###specialinvoke $r3.<java.net.URL: void <init>(java.lang.String)>($r6)###https://s3.amazonaws.com/httpsonly/traffic_spotter_android_app/config.txt
W/ActivityThread( 9391): ClassLoader.loadClass: The class loader returned by Thread.getContextClassLoader() may fail for processes that host multiple applications. You should explicitly specify a context class loader. For example: Thread.setContextClassLoader(getClass().getClassLoader());
I/qtaguid (  740): Tagging socket 137 with tag 3000110100000000(805310721) for uid -1 failed errno=-13
I/NetworkManagementSocketTagger(  740): tagSocketFd(137, 805310721, -1) failed with errno-13
D/dalvikvm( 9391): GC_CONCURRENT freed 704K, 6% free 12643K/13424K, paused 2ms+1ms, total 8ms
I/System.out( 9391): body:<com.trafficspotter.android.HttpGetRequest: byte[] doInBackground(java.lang.String[])>	sig:$r5 = virtualinvoke $r3.<java.net.URL: java.net.URLConnection openConnection()>()	timediff:62
I/System.out( 9391): body:<com.trafficspotter.android.HttpGetRequest: byte[] doInBackground(java.lang.String[])>	sig:virtualinvoke $r7.<java.net.HttpURLConnection: void setConnectTimeout(int)>($i0)	timediff:0
I/System.out( 9391): body:<com.trafficspotter.android.HttpGetRequest: byte[] doInBackground(java.lang.String[])>	sig:virtualinvoke $r7.<java.net.HttpURLConnection: void setReadTimeout(int)>($i0)	timediff:0
I/System.out( 9391): body:<com.trafficspotter.android.HttpGetRequest: byte[] doInBackground(java.lang.String[])>	sig:virtualinvoke $r7.<java.net.HttpURLConnection: void setRequestProperty(java.lang.String,java.lang.String)>($r6, $r12)	timediff:0
I/System.out( 9391): body:<com.trafficspotter.android.HttpGetRequest: byte[] doInBackground(java.lang.String[])>	sig:virtualinvoke $r7.<java.net.HttpURLConnection: void setRequestProperty(java.lang.String,java.lang.String)>($r6, $r12)	timediff:0
I/qtaguid (  740): Untagging socket 137 failed errno=-13
W/NetworkManagementSocketTagger(  740): untagSocket(137) failed with errno -13
E/Google Maps Android API( 9391): Authorization failure.  Please see https://developers.google.com/maps/documentation/android-api/start for how to correctly set up the map.
E/Google Maps Android API( 9391): In the Google Developer Console (https://console.developers.google.com)
E/Google Maps Android API( 9391): Ensure that the "Google Maps Android API v2" is enabled.
E/Google Maps Android API( 9391): Ensure that the following Android Key exists:
E/Google Maps Android API( 9391): 	API Key: AIzaSyB4tmCC59rLqDPGLm4SBrcwxl_PLhdgoRs
E/Google Maps Android API( 9391): 	Android Application (<cert_fingerprint>;<package_name>): 09:AD:96:09:E4:DC:4F:BF:D2:9A:ED:05:94:1F:71:91:82:2B:42:AE;com.trafficspotter.android
D/libEGL  ( 9391): loaded /system/lib/egl/libEGL_adreno.so
D/        ( 9391): HostConnection::get() New Host Connection established 0xb8e7c850, tid 9391
D/libEGL  ( 9391): loaded /system/lib/egl/libGLESv1_CM_adreno.so
D/libEGL  ( 9391): loaded /system/lib/egl/libGLESv2_adreno.so
W/EGL_emulation( 9391): eglSurfaceAttrib not implemented 3093 12436
D/OpenGLRenderer( 9391): Enabling debug mode 0
D/        ( 9391): HostConnection::get() New Host Connection established 0xb8e85e50, tid 9429
W/ViewRootImpl( 9391): Dropping event due to no window focus: KeyEvent { action=ACTION_DOWN, keyCode=KEYCODE_DPAD_RIGHT, scanCode=0, metaState=0, flags=0x8, repeatCount=0, eventTime=465370, downTime=465370, deviceId=-1, source=0x101 }
V/RenderScript( 9391): 0xb8eefdb0 Launching thread(s), CPUs 2
I/System.out( 9391): body:<com.trafficspotter.android.HttpGetRequest: byte[] doInBackground(java.lang.String[])>	sig:$r14 = virtualinvoke $r7.<java.net.HttpURLConnection: java.io.InputStream getInputStream()>()	timediff:334
I/System.out( 9391): body:<empirical.HelperClass: void printURLInfo(java.lang.String,java.lang.String,java.net.URLConnection)>	sig:$r0 = virtualinvoke urlConnection.<java.net.URLConnection: java.net.URL getURL()>()	timediff:0
I/System.out( 9391): body:<empirical.HelperClass: void printURLInfo(java.lang.String,java.lang.String,java.net.URLConnection)>	sig:urlString = virtualinvoke $r0.<java.net.URL: java.lang.String toString()>()	timediff:0
I/System.out( 9391): body:<empirical.HelperClass: void printURLInfo(java.lang.String,java.lang.String,java.net.URLConnection)>	sig:isDoOutput = virtualinvoke urlConnection.<java.net.URLConnection: boolean getDoOutput()>()	timediff:0
I/System.out( 9391): body:<empirical.HelperClass: java.lang.String getHeaderField(java.net.URLConnection,java.lang.String)>	sig:data = virtualinvoke conn.<java.net.URLConnection: java.lang.String getHeaderField(java.lang.String)>(field)	timediff:0
I/System.out( 9391): body:<empirical.HelperClass: java.lang.String getHeaderField(java.net.URLConnection,java.lang.String)>	sig:data = virtualinvoke conn.<java.net.URLConnection: java.lang.String getHeaderField(java.lang.String)>(field)	timediff:0
I/System.out( 9391): body:<empirical.HelperClass: java.lang.String getHeaderField(java.net.URLConnection,java.lang.String)>	sig:data = virtualinvoke conn.<java.net.URLConnection: java.lang.String getHeaderField(java.lang.String)>(field)	timediff:0
I/System.out( 9391): body:<empirical.HelperClass: java.lang.String getHeaderField(java.net.URLConnection,java.lang.String)>	sig:data = virtualinvoke conn.<java.net.URLConnection: java.lang.String getHeaderField(java.lang.String)>(field)	timediff:0
I/System.out( 9391): body:<empirical.HelperClass: java.lang.String getHeaderField(java.net.URLConnection,java.lang.String)>	sig:data = virtualinvoke conn.<java.net.URLConnection: java.lang.String getHeaderField(java.lang.String)>(field)	timediff:0
I/System.out( 9391): URLConn;%;0;%;<com.trafficspotter.android.HttpGetRequest: byte[] doInBackground(java.lang.String[])>;%;$r14 = virtualinvoke $r7.<java.net.HttpURLConnection: java.io.InputStream getInputStream()>();%;https://s3.amazonaws.com/httpsonly/traffic_spotter_android_app/config.txt;%;false;%;462;%;Not found;%;Not found;%;Not found;%;Not found
I/System.out( 9391): body:<com.trafficspotter.android.HttpGetRequest: byte[] doInBackground(java.lang.String[])>	sig:virtualinvoke $r7.<java.net.HttpURLConnection: void disconnect()>()	timediff:0
W/ViewRootImpl( 9391): Dropping event due to no window focus: KeyEvent { action=ACTION_DOWN, keyCode=KEYCODE_W, scanCode=0, metaState=0, flags=0x8, repeatCount=0, eventTime=466213, downTime=466213, deviceId=-1, source=0x101 }
I/ActivityManager(  481): Displayed com.trafficspotter.android/.MainActivity: +987ms
W/ViewRootImpl( 9391): Dropping event due to no window focus: KeyEvent { action=ACTION_DOWN, keyCode=KEYCODE_DPAD_DOWN, scanCode=0, metaState=0, flags=0x8, repeatCount=0, eventTime=466332, downTime=466332, deviceId=-1, source=0x101 }
W/ContextImpl(  481): Calling a method in the system process without a qualified user: android.app.ContextImpl.sendBroadcast:1123 com.android.server.InputMethodManagerService.hideCurrentInputLocked:1880 com.android.server.InputMethodManagerService.windowGainedFocus:1968 com.android.internal.view.IInputMethodManager$Stub.onTransact:221 com.android.server.InputMethodManagerService.onTransact:818 
I/dalvikvm( 9391): Could not find method android.content.pm.PackageManager.getPackageInstaller, referenced from method jjw.a
W/dalvikvm( 9391): VFY: unable to resolve virtual method 2504: Landroid/content/pm/PackageManager;.getPackageInstaller ()Landroid/content/pm/PackageInstaller;
D/dalvikvm( 9391): VFY: replacing opcode 0x6e at 0x001c
D/DynamitePackage( 9391): Instantiated singleton DynamitePackage.
D/DynamitePackage( 9391): Instantiating com.google.android.gms.ads.ChimeraAdManagerCreatorImpl
I/dalvikvm( 9391): Could not find method android.content.pm.PackageManager.getPackageInstaller, referenced from method jn.a
W/dalvikvm( 9391): VFY: unable to resolve virtual method 2060: Landroid/content/pm/PackageManager;.getPackageInstaller ()Landroid/content/pm/PackageInstaller;
D/dalvikvm( 9391): VFY: replacing opcode 0x6e at 0x0017
I/dalvikvm( 9391): Could not find method android.security.NetworkSecurityPolicy.getInstance, referenced from method com.google.android.gms.ads.internal.util.h.b_
W/dalvikvm( 9391): VFY: unable to resolve static method 2591: Landroid/security/NetworkSecurityPolicy;.getInstance ()Landroid/security/NetworkSecurityPolicy;
D/dalvikvm( 9391): VFY: replacing opcode 0x71 at 0x0022
D/dalvikvm( 9391): DexOpt: --- BEGIN '1510898742191.jar' (bootstrap=0) ---
I/dalvikvm( 9391): Could not find method android.content.pm.PackageManager.isInstantApp, referenced from method qp.a
W/dalvikvm( 9391): VFY: unable to resolve virtual method 2065: Landroid/content/pm/PackageManager;.isInstantApp (Ljava/lang/String;)Z
D/dalvikvm( 9391): VFY: replacing opcode 0x6e at 0x002d
I/dalvikvm( 9391): Could not find method android.content.pm.PackageManager.isInstantApp, referenced from method qo.a
W/dalvikvm( 9391): VFY: unable to resolve virtual method 2064: Landroid/content/pm/PackageManager;.isInstantApp ()Z
D/dalvikvm( 9391): VFY: replacing opcode 0x6e at 0x0028
I/Ads     ( 9391): Starting ad request.
I/Ads     ( 9391): Use AdRequest.Builder.addTestDevice("DADDEACD506FD4BD02989AD39CCF21B7") to get test ads on this device.
D/dalvikvm( 9391): GC_CONCURRENT freed 2818K, 19% free 13027K/15924K, paused 3ms+3ms, total 13ms
I/dalvikvm( 9391): Could not find method android.webkit.WebSettings.setMixedContentMode, referenced from method com.google.android.gms.ads.internal.webview.m.<init>
W/dalvikvm( 9391): VFY: unable to resolve virtual method 2893: Landroid/webkit/WebSettings;.setMixedContentMode (I)V
D/dalvikvm( 9391): VFY: replacing opcode 0x6e at 0x0069
V/WebViewChromium( 9391): Binding Chromium to the background looper Looper (main, tid 1) {4a7ce308}
I/chromium( 9391): [INFO:library_loader_hooks.cc(112)] Chromium logging enabled: level = 0, default verbosity = 0
I/BrowserProcessMain( 9391): Initializing chromium process, renderers=0
W/chromium( 9391): [WARNING:proxy_service.cc(888)] PAC support disabled because there is no system implementation
W/Ads     ( 9391): Invoke Firebase method getInstance error.
W/Ads     ( 9391): The Google Mobile Ads SDK will not integrate with Firebase. Admob/Firebase integration requires the latest Firebase SDK jar, but Firebase SDK is either missing or out of date
D/dalvikvm( 9458): DexOpt: load 1ms, verify+opt 5ms, 287892 bytes
D/dalvikvm( 9391): DexOpt: --- END '1510898742191.jar' (success) ---
D/dalvikvm( 9391): DEX prep '/data/data/com.trafficspotter.android/cache/1510898742191.jar': unzip in 0ms, rewrite 175ms
I/System.out( 9391): body:<com.trafficspotter.android.HttpGetRequest: byte[] doInBackground(java.lang.String[])>	sig:specialinvoke $r3.<java.net.URL: void <init>(java.lang.String)>($r6)	timediff:1
I/System.out( 9391): <com.trafficspotter.android.HttpGetRequest: byte[] doInBackground(java.lang.String[])>###specialinvoke $r3.<java.net.URL: void <init>(java.lang.String)>($r6)###http://tiles.tehuano.com/api/layers/wxradar
I/System.out( 9391): body:<com.trafficspotter.android.HttpGetRequest: byte[] doInBackground(java.lang.String[])>	sig:$r5 = virtualinvoke $r3.<java.net.URL: java.net.URLConnection openConnection()>()	timediff:0
I/System.out( 9391): body:<com.trafficspotter.android.HttpGetRequest: byte[] doInBackground(java.lang.String[])>	sig:virtualinvoke $r7.<java.net.HttpURLConnection: void setConnectTimeout(int)>($i0)	timediff:0
I/System.out( 9391): body:<com.trafficspotter.android.HttpGetRequest: byte[] doInBackground(java.lang.String[])>	sig:virtualinvoke $r7.<java.net.HttpURLConnection: void setReadTimeout(int)>($i0)	timediff:0
I/System.out( 9391): body:<com.trafficspotter.android.HttpGetRequest: byte[] doInBackground(java.lang.String[])>	sig:virtualinvoke $r7.<java.net.HttpURLConnection: void setRequestProperty(java.lang.String,java.lang.String)>($r6, $r12)	timediff:0
I/System.out( 9391): body:<com.trafficspotter.android.HttpGetRequest: byte[] doInBackground(java.lang.String[])>	sig:virtualinvoke $r7.<java.net.HttpURLConnection: void setRequestProperty(java.lang.String,java.lang.String)>($r6, $r12)	timediff:0
I/chromium( 9391): [INFO:simple_index_file.cc(397)] Simple Cache Index is being restored from disk.
W/Herrevad(  740): [611] sjl.a: On wifi, but couldn't get security type
W/DebugConnManager(  740): getNetworkInfo() on networkType 0
I/qtaguid (  740): Tagging socket 138 with tag 3000010500000000(805306629) for uid -1 failed errno=-13
I/NetworkManagementSocketTagger(  740): tagSocketFd(138, 805306629, -1) failed with errno-13
I/qtaguid (  740): Tagging socket 245 with tag 3000010500000000(805306629) for uid -1 failed errno=-13
I/NetworkManagementSocketTagger(  740): tagSocketFd(245, 805306629, -1) failed with errno-13
I/qtaguid (  740): Untagging socket 245 failed errno=-13
W/NetworkManagementSocketTagger(  740): untagSocket(245) failed with errno -13
I/qtaguid (  740): Tagging socket 245 with tag 3000010500000000(805306629) for uid -1 failed errno=-13
I/NetworkManagementSocketTagger(  740): tagSocketFd(245, 805306629, -1) failed with errno-13
I/qtaguid (  740): Untagging socket 245 failed errno=-13
W/NetworkManagementSocketTagger(  740): untagSocket(245) failed with errno -13
I/qtaguid (  740): Tagging socket 245 with tag 3000010500000000(805306629) for uid -1 failed errno=-13
I/NetworkManagementSocketTagger(  740): tagSocketFd(245, 805306629, -1) failed with errno-13
I/qtaguid (  740): Untagging socket 245 failed errno=-13
W/NetworkManagementSocketTagger(  740): untagSocket(245) failed with errno -13
I/qtaguid (  740): Tagging socket 245 with tag 3000010500000000(805306629) for uid -1 failed errno=-13
I/NetworkManagementSocketTagger(  740): tagSocketFd(245, 805306629, -1) failed with errno-13
I/qtaguid (  740): Untagging socket 245 failed errno=-13
W/NetworkManagementSocketTagger(  740): untagSocket(245) failed with errno -13
I/qtaguid (  740): Tagging socket 245 with tag 3000010500000000(805306629) for uid -1 failed errno=-13
I/NetworkManagementSocketTagger(  740): tagSocketFd(245, 805306629, -1) failed with errno-13
I/qtaguid (  740): Untagging socket 245 failed errno=-13
W/NetworkManagementSocketTagger(  740): untagSocket(245) failed with errno -13
I/qtaguid (  740): Tagging socket 245 with tag 3000010500000000(805306629) for uid -1 failed errno=-13
I/NetworkManagementSocketTagger(  740): tagSocketFd(245, 805306629, -1) failed with errno-13
I/qtaguid (  740): Untagging socket 245 failed errno=-13
W/NetworkManagementSocketTagger(  740): untagSocket(245) failed with errno -13
V/PanelView(  534): animationTick called with dtms=0; nothing to do (h=0.0 v=0.0)
I/iu.UploadsManager(  740): End new media; added: 0, uploading: 0, time: 18 ms
I/System.out( 9391): body:<com.trafficspotter.android.HttpGetRequest: byte[] doInBackground(java.lang.String[])>	sig:$r14 = virtualinvoke $r7.<java.net.HttpURLConnection: java.io.InputStream getInputStream()>()	timediff:168
I/System.out( 9391): body:<empirical.HelperClass: void printURLInfo(java.lang.String,java.lang.String,java.net.URLConnection)>	sig:$r0 = virtualinvoke urlConnection.<java.net.URLConnection: java.net.URL getURL()>()	timediff:0
I/System.out( 9391): body:<empirical.HelperClass: void printURLInfo(java.lang.String,java.lang.String,java.net.URLConnection)>	sig:urlString = virtualinvoke $r0.<java.net.URL: java.lang.String toString()>()	timediff:0
I/System.out( 9391): body:<empirical.HelperClass: void printURLInfo(java.lang.String,java.lang.String,java.net.URLConnection)>	sig:isDoOutput = virtualinvoke urlConnection.<java.net.URLConnection: boolean getDoOutput()>()	timediff:0
I/System.out( 9391): body:<empirical.HelperClass: java.lang.String getHeaderField(java.net.URLConnection,java.lang.String)>	sig:data = virtualinvoke conn.<java.net.URLConnection: java.lang.String getHeaderField(java.lang.String)>(field)	timediff:0
I/System.out( 9391): body:<empirical.HelperClass: java.lang.String getHeaderField(java.net.URLConnection,java.lang.String)>	sig:data = virtualinvoke conn.<java.net.URLConnection: java.lang.String getHeaderField(java.lang.String)>(field)	timediff:0
I/System.out( 9391): body:<empirical.HelperClass: java.lang.String getHeaderField(java.net.URLConnection,java.lang.String)>	sig:data = virtualinvoke conn.<java.net.URLConnection: java.lang.String getHeaderField(java.lang.String)>(field)	timediff:0
I/System.out( 9391): body:<empirical.HelperClass: java.lang.String getHeaderField(java.net.URLConnection,java.lang.String)>	sig:data = virtualinvoke conn.<java.net.URLConnection: java.lang.String getHeaderField(java.lang.String)>(field)	timediff:0
I/System.out( 9391): body:<empirical.HelperClass: java.lang.String getHeaderField(java.net.URLConnection,java.lang.String)>	sig:data = virtualinvoke conn.<java.net.URLConnection: java.lang.String getHeaderField(java.lang.String)>(field)	timediff:0
I/System.out( 9391): URLConn;%;1;%;<com.trafficspotter.android.HttpGetRequest: byte[] doInBackground(java.lang.String[])>;%;$r14 = virtualinvoke $r7.<java.net.HttpURLConnection: java.io.InputStream getInputStream()>();%;http://tiles.tehuano.com/api/layers/wxradar;%;false;%;Not found;%;no-store, must-revalidate, no-cache;%;Not found;%;Not found;%;__cfduid=d119069002e9ca6e71870867f919c6bba1524085718; expires=Thu, 18-Apr-19 21:08:38 GMT; path=/; domain=.tehuano.com; HttpOnly
I/System.out( 9391): body:<com.trafficspotter.android.HttpGetRequest: byte[] doInBackground(java.lang.String[])>	sig:virtualinvoke $r7.<java.net.HttpURLConnection: void disconnect()>()	timediff:0
I/chromium( 9391): [INFO:CONSOLE(0)] "Creating Application Cache with manifest https://googleads.g.doubleclick.net/mads/static/mad/sdk/native/sdk-core-v40-loader.appcache", source: https://googleads.g.doubleclick.net/mads/static/mad/sdk/native/sdk-core-v40-loader.html (0)
I/chromium( 9391): [INFO:CONSOLE(0)] "Application Cache Checking event", source: https://googleads.g.doubleclick.net/mads/static/mad/sdk/native/sdk-core-v40-loader.html (0)
I/chromium( 9391): [INFO:CONSOLE(0)] "Application Cache Downloading event", source: https://googleads.g.doubleclick.net/mads/static/mad/sdk/native/sdk-core-v40-loader.html (0)
I/chromium( 9391): [INFO:CONSOLE(0)] "Application Cache Progress event (0 of 1) https://googleads.g.doubleclick.net/mads/static/mad/sdk/native/production/sdk-core-v40-impl.js", source: https://googleads.g.doubleclick.net/mads/static/mad/sdk/native/sdk-core-v40-loader.html (0)
V/FlingTracker(  534): computeCurrentVelocity warning: totalweight=0
V/FlingTracker(  534): java.lang.Throwable
V/FlingTracker(  534): 	at com.android.systemui.statusbar.phone.PanelView$FlingTracker.computeCurrentVelocity(PanelView.java:162)
V/FlingTracker(  534): 	at com.android.systemui.statusbar.phone.PanelView$3.onTouch(PanelView.java:462)
V/FlingTracker(  534): 	at android.view.View.dispatchTouchEvent(View.java:7701)
V/FlingTracker(  534): 	at com.android.systemui.statusbar.phone.NotificationPanelView.onTouchEvent(NotificationPanelView.java:138)
V/FlingTracker(  534): 	at com.android.systemui.statusbar.phone.PanelBar.onTouchEvent(PanelBar.java:130)
V/FlingTracker(  534): 	at com.android.systemui.statusbar.phone.PhoneStatusBarView.onTouchEvent(PhoneStatusBarView.java:201)
V/FlingTracker(  534): 	at android.view.View.dispatchTouchEvent(View.java:7706)
V/FlingTracker(  534): 	at android.view.ViewGroup.dispatchTransformedTouchEvent(ViewGroup.java:2210)
V/FlingTracker(  534): 	at android.view.ViewGroup.dispatchTouchEvent(ViewGroup.java:1945)
V/FlingTracker(  534): 	at android.view.ViewGroup.dispatchTransformedTouchEvent(ViewGroup.java:2216)
V/FlingTracker(  534): 	at android.view.ViewGroup.dispatchTouchEvent(ViewGroup.java:1959)
V/FlingTracker(  534): 	at android.view.View.dispatchPointerEvent(View.java:7886)
V/FlingTracker(  534): 	at android.view.ViewRootImpl$ViewPostImeInputStage.processPointerEvent(ViewRootImpl.java:3978)
V/FlingTracker(  534): 	at android.view.ViewRootImpl$ViewPostImeInputStage.onProcess(ViewRootImpl.java:3857)
V/FlingTracker(  534): 	at android.view.ViewRootImpl$InputStage.deliver(ViewRootImpl.java:3423)
V/FlingTracker(  534): 	at android.view.ViewRootImpl$InputStage.onDeliverToNext(ViewRootImpl.java:3473)
V/FlingTracker(  534): 	at android.view.ViewRootImpl$InputStage.forward(ViewRootImpl.java:3442)
V/FlingTracker(  534): 	at android.view.ViewRootImpl$AsyncInputStage.forward(ViewRootImpl.java:3549)
V/FlingTracker(  534): 	at android.view.ViewRootImpl$InputStage.apply(ViewRootImpl.java:3450)
V/FlingTracker(  534): 	at android.view.ViewRootImpl$AsyncInputStage.apply(ViewRootImpl.java:3606)
V/FlingTracker(  534): 	at android.view.ViewRootImpl$InputStage.deliver(ViewRootImpl.java:3423)
V/FlingTracker(  534): 	at android.view.ViewRootImpl$InputStage.onDeliverToNext(ViewRootImpl.java:3473)
V/FlingTracker(  534): 	at android.view.ViewRootImpl$InputStage.forward(ViewRootImpl.java:3442)
V/FlingTracker(  534): 	at android.view.ViewRootImpl$InputStage.apply(ViewRootImpl.java:3450)
V/FlingTracker(  534): 	at android.view.ViewRootImpl$InputStage.deliver(ViewRootImpl.java:3423)
V/FlingTracker(  534): 	at android.view.ViewRootImpl.deliverInputEvent(ViewRootImpl.java:5626)
V/FlingTracker(  534): 	at android.view.ViewRootImpl.doProcessInputEvents(ViewRootImpl.java:5606)
V/FlingTracker(  534): 	at android.view.ViewRootImpl.enqueueInputEvent(ViewRootImpl.java:5577)
V/FlingTracker(  534): 	at android.view.ViewRootImpl$WindowInputEventReceiver.onInputEvent(ViewRootImpl.java:5706)
V/FlingTracker(  534): 	at android.view.InputEventReceiver.dispatchInputEvent(InputEventReceiver.java:185)
V/FlingTracker(  534): 	at android.os.MessageQueue.nativePollOnce(Native Method)
V/FlingTracker(  534): 	at android.os.MessageQueue.next(MessageQueue.java:138)
V/FlingTracker(  534): 	at android.os.Looper.loop(Looper.java:123)
V/FlingTracker(  534): 	at android.app.ActivityThread.main(ActivityThread.java:5019)
V/FlingTracker(  534): 	at java.lang.reflect.Method.invokeNative(Native Method)
V/FlingTracker(  534): 	at java.lang.reflect.Method.invoke(Method.java:515)
V/FlingTracker(  534): 	at com.android.internal.os.ZygoteInit$MethodAndArgsCaller.run(ZygoteInit.java:779)
V/FlingTracker(  534): 	at com.android.internal.os.ZygoteInit.main(ZygoteInit.java:595)
V/FlingTracker(  534): 	at dalvik.system.NativeStart.main(Native Method)
V/PanelView(  534): animationTick called with dtms=0; nothing to do (h=0.0 v=0.0)
W/ViewRootImpl( 9391): Dropping event due to no window focus: KeyEvent { action=ACTION_DOWN, keyCode=KEYCODE_HEADSETHOOK, scanCode=0, metaState=0, flags=0x8, repeatCount=0, eventTime=466811, downTime=466811, deviceId=-1, source=0x101 }
W/EGL_emulation( 9391): eglSurfaceAttrib not implemented 3093 12436
I/chromium( 9391): [INFO:CONSOLE(0)] "Application Cache Progress event (1 of 1) ", source: https://googleads.g.doubleclick.net/mads/static/mad/sdk/native/sdk-core-v40-loader.html (0)
W/ViewRootImpl( 9391): Dropping event due to no window focus: KeyEvent { action=ACTION_DOWN, keyCode=KEYCODE_DPAD_UP, scanCode=0, metaState=0, flags=0x8, repeatCount=0, eventTime=466824, downTime=466824, deviceId=-1, source=0x101 }
I/chromium( 9391): [INFO:CONSOLE(0)] "Application Cache Cached event", source: https://googleads.g.doubleclick.net/mads/static/mad/sdk/native/sdk-core-v40-loader.html (0)
W/ViewRootImpl( 9391): Dropping event due to no window focus: KeyEvent { action=ACTION_DOWN, keyCode=KEYCODE_CALL, scanCode=0, metaState=0, flags=0x8, repeatCount=0, eventTime=466915, downTime=466915, deviceId=-1, source=0x101 }
W/InputMethodManagerService(  481): Window already focused, ignoring focus gain of: com.android.internal.view.IInputMethodClient$Stub$Proxy@4a9b1944 attribute=null, token = android.os.BinderProxy@4a9c3fcc
I/ActivityManager(  481): START u0 {act=android.intent.action.CALL_BUTTON flg=0x10000000} from pid 9391
W/PhoneFallbackEventHandler( 9391): No activity found for android.intent.action.CALL_BUTTON.
I/ActivityManager(  481): START u0 {act=android.intent.action.VIEW dat=http://www.trafficspotter.com/appprivacy cmp=com.android.browser/.BrowserActivity (has extras)} from pid 9391
W/ViewRootImpl( 9391): Dropping event due to no window focus: KeyEvent { action=ACTION_DOWN, keyCode=KEYCODE_FOCUS, scanCode=0, metaState=0, flags=0x8, repeatCount=0, eventTime=466976, downTime=466976, deviceId=-1, source=0x101 }
W/ViewRootImpl( 9391): Dropping event due to no window focus: KeyEvent { action=ACTION_DOWN, keyCode=KEYCODE_CALL, scanCode=0, metaState=0, flags=0x8, repeatCount=0, eventTime=466977, downTime=466977, deviceId=-1, source=0x101 }
W/ViewRootImpl( 9391): Dropping event due to no window focus: KeyEvent { action=ACTION_DOWN, keyCode=KEYCODE_BUTTON_11, scanCode=0, metaState=0, flags=0x8, repeatCount=0, eventTime=466979, downTime=466979, deviceId=-1, source=0x101 }
W/ViewRootImpl( 9391): Dropping event due to no window focus: KeyEvent { action=ACTION_DOWN, keyCode=KEYCODE_DPAD_CENTER, scanCode=0, metaState=0, flags=0x8, repeatCount=0, eventTime=466979, downTime=466979, deviceId=-1, source=0x101 }
W/ViewRootImpl( 9391): Dropping event due to no window focus: KeyEvent { action=ACTION_DOWN, keyCode=KEYCODE_DPAD_LEFT, scanCode=0, metaState=0, flags=0x8, repeatCount=0, eventTime=466981, downTime=466981, deviceId=-1, source=0x101 }
