W/InputEventReceiver(  534): Attempted to finish an input event but the input event receiver has already been disposed.
W/InputEventReceiver(  534): Attempted to finish an input event but the input event receiver has already been disposed.
W/ViewRootImpl(  534): Dropping event due to root view being removed: MotionEvent { action=ACTION_MOVE, id[0]=0, x[0]=491.16144, y[0]=146.30368, toolType[0]=TOOL_TYPE_UNKNOWN, id[1]=1, x[1]=520.4117, y[1]=259.55243, toolType[1]=TOOL_TYPE_UNKNOWN, buttonState=0, metaState=0, flags=0x0, edgeFlags=0x0, pointerCount=2, historySize=5, eventTime=257582, downTime=257580, deviceId=0, source=0x1002 }
W/ViewRootImpl(  534): Dropping event due to root view being removed: MotionEvent { action=ACTION_POINTER_UP(1), id[0]=0, x[0]=477.3105, y[0]=134.23364, toolType[0]=TOOL_TYPE_UNKNOWN, id[1]=1, x[1]=518.867, y[1]=261.2118, toolType[1]=TOOL_TYPE_UNKNOWN, buttonState=0, metaState=0, flags=0x0, edgeFlags=0x0, pointerCount=2, historySize=0, eventTime=257583, downTime=257580, deviceId=0, source=0x1002 }
W/ViewRootImpl( 5665): Dropping event due to no window focus: KeyEvent { action=ACTION_DOWN, keyCode=KEYCODE_MEDIA_PLAY, scanCode=0, metaState=0, flags=0x8, repeatCount=0, eventTime=257602, downTime=257602, deviceId=-1, source=0x101 }
W/ViewRootImpl(  534): Dropping event due to root view being removed: MotionEvent { action=ACTION_UP, id[0]=0, x[0]=475.8902, y[0]=128.35919, toolType[0]=TOOL_TYPE_UNKNOWN, buttonState=0, metaState=0, flags=0x0, edgeFlags=0x0, pointerCount=1, historySize=0, eventTime=257583, downTime=257580, deviceId=0, source=0x1002 }
W/ViewRootImpl( 5665): Dropping event due to no window focus: MotionEvent { action=ACTION_MOVE, id[0]=0, x[0]=-1.0, y[0]=0.0, toolType[0]=TOOL_TYPE_UNKNOWN, buttonState=0, metaState=0, flags=0x0, edgeFlags=0x0, pointerCount=1, historySize=9, eventTime=257609, downTime=-1, deviceId=0, source=0x10004 }
W/ViewRootImpl( 5665): Dropping event due to no window focus: KeyEvent { action=ACTION_DOWN, keyCode=KEYCODE_DPAD_UP, scanCode=0, metaState=0, flags=0x8, repeatCount=0, eventTime=257610, downTime=257610, deviceId=-1, source=0x101 }
W/EGL_emulation( 5665): eglSurfaceAttrib not implemented 3093 12436
W/ViewRootImpl( 5665): Dropping event due to no window focus: KeyEvent { action=ACTION_DOWN, keyCode=KEYCODE_DPAD_LEFT, scanCode=0, metaState=0, flags=0x8, repeatCount=0, eventTime=257618, downTime=257618, deviceId=-1, source=0x101 }
I/ActivityManager(  481): START u0 {act=android.intent.action.MAIN cat=[android.intent.category.LAUNCHER] flg=0x10200000 cmp=com.ha.hawaiianairlines/.MainActivity} from pid 5655
W/InputMethodManagerService(  481): Window already focused, ignoring focus gain of: com.android.internal.view.IInputMethodClient$Stub$Proxy@4abf7834 attribute=null, token = android.os.BinderProxy@4a9da9a0
W/UnimplementedWebViewApi( 5665): Unimplemented WebView method onKeyMultiple called from: android.webkit.WebView.onKeyMultiple(WebView.java:2179)
W/UnimplementedWebViewApi( 5665): Unimplemented WebView method onKeyDown called from: android.webkit.WebView.onKeyDown(WebView.java:2169)
I/SnapScrollController( 5665): setSnapScrollingMode case-default no-op
I/SnapScrollController( 5665): setSnapScrollingMode case-default no-op
W/UnimplementedWebViewApi( 5665): Unimplemented WebView method onKeyDown called from: android.webkit.WebView.onKeyDown(WebView.java:2169)
I/ActivityManager(  481): START u0 {act=android.intent.action.CALL_BUTTON flg=0x10000000} from pid 5665
W/PhoneFallbackEventHandler( 5665): No activity found for android.intent.action.CALL_BUTTON.
W/UnimplementedWebViewApi( 5665): Unimplemented WebView method onKeyMultiple called from: android.webkit.WebView.onKeyMultiple(WebView.java:2179)
W/UnimplementedWebViewApi( 5665): Unimplemented WebView method onKeyDown called from: android.webkit.WebView.onKeyDown(WebView.java:2169)
W/UnimplementedWebViewApi( 5665): Unimplemented WebView method onKeyDown called from: android.webkit.WebView.onKeyDown(WebView.java:2169)
I/ActivityManager(  481): START u0 {act=android.intent.action.MAIN cat=[android.intent.category.HOME] flg=0x10200000 cmp=com.vphone.launcher/.Launcher} from pid 481
W/ViewRootImpl( 5665): Dropping event due to no window focus: MotionEvent { action=ACTION_MOVE, id[0]=0, x[0]=0.0, y[0]=1.0, toolType[0]=TOOL_TYPE_UNKNOWN, buttonState=0, metaState=0, flags=0x0, edgeFlags=0x0, pointerCount=1, historySize=25, eventTime=257761, downTime=-1, deviceId=0, source=0x10004 }
D/dalvikvm(  481): GC_CONCURRENT freed 2131K, 39% free 11067K/18080K, paused 2ms+2ms, total 18ms
W/EGL_emulation( 5665): eglSurfaceAttrib not implemented 3093 12436
D/dalvikvm(  534): GC_CONCURRENT freed 1050K, 57% free 6438K/14896K, paused 1ms+0ms, total 3ms
W/InputMethodManagerService(  481): Window already focused, ignoring focus gain of: com.android.internal.view.IInputMethodClient$Stub$Proxy@4abc98a0 attribute=null, token = android.os.BinderProxy@4a9da9a0
W/UnimplementedWebViewApi( 5665): Unimplemented WebView method onKeyMultiple called from: android.webkit.WebView.onKeyMultiple(WebView.java:2179)
W/UnimplementedWebViewApi( 5665): Unimplemented WebView method onKeyDown called from: android.webkit.WebView.onKeyDown(WebView.java:2169)
W/UnimplementedWebViewApi( 5665): Unimplemented WebView method onKeyMultiple called from: android.webkit.WebView.onKeyMultiple(WebView.java:2179)
W/UnimplementedWebViewApi( 5665): Unimplemented WebView method onKeyDown called from: android.webkit.WebView.onKeyDown(WebView.java:2169)
D/dalvikvm( 5665): GC_CONCURRENT freed 378K, 11% free 4061K/4532K, paused 0ms+0ms, total 5ms
W/UnimplementedWebViewApi( 5665): Unimplemented WebView method onKeyMultiple called from: android.webkit.WebView.onKeyMultiple(WebView.java:2179)
W/UnimplementedWebViewApi( 5665): Unimplemented WebView method onKeyDown called from: android.webkit.WebView.onKeyDown(WebView.java:2169)
I/ActivityManager(  481): START u0 {act=android.intent.action.MAIN cat=[android.intent.category.LAUNCHER] flg=0x10200000 cmp=com.ha.hawaiianairlines/.MainActivity} from pid 5655
W/UnimplementedWebViewApi( 5665): Unimplemented WebView method onKeyMultiple called from: android.webkit.WebView.onKeyMultiple(WebView.java:2179)
W/UnimplementedWebViewApi( 5665): Unimplemented WebView method onKeyDown called from: android.webkit.WebView.onKeyDown(WebView.java:2169)
W/UnimplementedWebViewApi( 5665): Unimplemented WebView method onKeyMultiple called from: android.webkit.WebView.onKeyMultiple(WebView.java:2179)
W/UnimplementedWebViewApi( 5665): Unimplemented WebView method onKeyDown called from: android.webkit.WebView.onKeyDown(WebView.java:2169)
W/UnimplementedWebViewApi( 5665): Unimplemented WebView method onKeyDown called from: android.webkit.WebView.onKeyDown(WebView.java:2169)
W/ViewRootImpl( 5665): Dropping event due to no window focus: KeyEvent { action=ACTION_DOWN, keyCode=KEYCODE_DPAD_DOWN, scanCode=0, metaState=0, flags=0x8, repeatCount=0, eventTime=257973, downTime=257973, deviceId=-1, source=0x101 }
W/ViewRootImpl( 5665): Dropping event due to no window focus: KeyEvent { action=ACTION_DOWN, keyCode=KEYCODE_DPAD_DOWN, scanCode=0, metaState=0, flags=0x8, repeatCount=0, eventTime=257976, downTime=257976, deviceId=-1, source=0x101 }
W/ViewRootImpl( 5665): Dropping event due to no window focus: MotionEvent { action=ACTION_MOVE, id[0]=0, x[0]=-4.0, y[0]=-4.0, toolType[0]=TOOL_TYPE_UNKNOWN, buttonState=0, metaState=0, flags=0x0, edgeFlags=0x0, pointerCount=1, historySize=9, eventTime=257979, downTime=-1, deviceId=0, source=0x10004 }
W/ViewRootImpl( 5665): Dropping event due to no window focus: MotionEvent { action=ACTION_DOWN, id[0]=0, x[0]=0.0, y[0]=0.0, toolType[0]=TOOL_TYPE_UNKNOWN, buttonState=0, metaState=0, flags=0x0, edgeFlags=0x0, pointerCount=1, historySize=0, eventTime=257979, downTime=257977, deviceId=0, source=0x10004 }
I/SnapScrollController( 5665): setSnapScrollingMode case-default no-op
I/SnapScrollController( 5665): setSnapScrollingMode case-default no-op
W/ViewRootImpl( 5665): Dropping event due to no window focus: KeyEvent { action=ACTION_DOWN, keyCode=KEYCODE_DPAD_UP, scanCode=0, metaState=0, flags=0x8, repeatCount=0, eventTime=257982, downTime=257982, deviceId=-1, source=0x101 }
W/EGL_emulation( 5665): eglSurfaceAttrib not implemented 3093 12436
W/ViewRootImpl( 5665): Dropping event due to no window focus: KeyEvent { action=ACTION_DOWN, keyCode=KEYCODE_DPAD_UP, scanCode=0, metaState=0, flags=0x8, repeatCount=0, eventTime=257985, downTime=257985, deviceId=-1, source=0x101 }
W/InputMethodManagerService(  481): Window already focused, ignoring focus gain of: com.android.internal.view.IInputMethodClient$Stub$Proxy@4aa780e0 attribute=null, token = android.os.BinderProxy@4a9da9a0
I/ActivityManager(  481): START u0 {act=android.intent.action.MAIN cat=[android.intent.category.LAUNCHER] flg=0x10200000 cmp=com.ha.hawaiianairlines/.MainActivity} from pid 5655
W/UnimplementedWebViewApi( 5665): Unimplemented WebView method onKeyMultiple called from: android.webkit.WebView.onKeyMultiple(WebView.java:2179)
W/UnimplementedWebViewApi( 5665): Unimplemented WebView method onKeyDown called from: android.webkit.WebView.onKeyDown(WebView.java:2169)
W/UnimplementedWebViewApi( 5665): Unimplemented WebView method onKeyDown called from: android.webkit.WebView.onKeyDown(WebView.java:2169)
W/ViewRootImpl( 5665): Dropping event due to no window focus: KeyEvent { action=ACTION_DOWN, keyCode=KEYCODE_MENU, scanCode=0, metaState=0, flags=0x8, repeatCount=0, eventTime=258058, downTime=258058, deviceId=-1, source=0x101 }
V/PanelView(  534): animationTick called with dtms=0; nothing to do (h=0.0 v=-0.0)
I/ActivityManager(  481): START u0 {act=android.intent.action.MAIN cat=[android.intent.category.LAUNCHER] flg=0x10200000 cmp=com.ha.hawaiianairlines/.MainActivity} from pid 5655
W/ViewRootImpl( 5665): Dropping event due to no window focus: KeyEvent { action=ACTION_DOWN, keyCode=KEYCODE_DPAD_DOWN, scanCode=0, metaState=0, flags=0x8, repeatCount=0, eventTime=258066, downTime=258066, deviceId=-1, source=0x101 }
W/EGL_emulation( 5665): eglSurfaceAttrib not implemented 3093 12436
W/InputEventReceiver( 5665): Attempted to finish an input event but the input event receiver has already been disposed.
W/ViewRootImpl( 5665): Dropping event due to no window focus: KeyEvent { action=ACTION_DOWN, keyCode=KEYCODE_DPAD_RIGHT, scanCode=0, metaState=0, flags=0x8, repeatCount=0, eventTime=258102, downTime=258102, deviceId=-1, source=0x101 }
I/Finsky  ( 1034): [80] com.google.android.finsky.da.a.a.a.b(28): Triggered update for experiment package com.google.android.finsky.stable.
I/Finsky  ( 1034): [79] com.google.android.finsky.da.a.a.a.b(28): Triggered update for experiment package com.google.android.finsky.regular.
W/EGL_emulation( 5665): eglSurfaceAttrib not implemented 3093 12436
W/ViewRootImpl( 5665): Dropping event due to no window focus: KeyEvent { action=ACTION_DOWN, keyCode=KEYCODE_MENU, scanCode=0, metaState=0, flags=0x8, repeatCount=0, eventTime=258104, downTime=258104, deviceId=-1, source=0x101 }
W/InputMethodManagerService(  481): Window already focused, ignoring focus gain of: com.android.internal.view.IInputMethodClient$Stub$Proxy@4aa4e604 attribute=null, token = android.os.BinderProxy@4a9da9a0
W/UnimplementedWebViewApi( 5665): Unimplemented WebView method onKeyDown called from: android.webkit.WebView.onKeyDown(WebView.java:2169)
W/ProxyAndroidLoggerBackend( 1034): Too many Flogger logs received before configuration. Dropping old logs.
W/ProxyAndroidLoggerBackend( 1034): Too many Flogger logs received before configuration. Dropping old logs.
W/ProxyAndroidLoggerBackend( 1034): Too many Flogger logs received before configuration. Dropping old logs.
I/Finsky  ( 1034): [79] com.google.android.finsky.da.a.a.a.b(73): Already at the latest configurations for experiment package com.google.android.finsky.regular.
W/InputMethodManagerService(  481): Window already focused, ignoring focus gain of: com.android.internal.view.IInputMethodClient$Stub$Proxy@4aa538d4 attribute=null, token = android.os.BinderProxy@4a9da9a0
W/ProxyAndroidLoggerBackend( 1034): Too many Flogger logs received before configuration. Dropping old logs.
W/ProxyAndroidLoggerBackend( 1034): Too many Flogger logs received before configuration. Dropping old logs.
W/ProxyAndroidLoggerBackend( 1034): Too many Flogger logs received before configuration. Dropping old logs.
W/ProxyAndroidLoggerBackend( 1034): Too many Flogger logs received before configuration. Dropping old logs.
I/Finsky  ( 1034): [80] com.google.android.finsky.da.a.l.a(77): Started writing experiment flags into file [44O8VQCEUzya29uefFMIdRuUEpA].
I/Finsky  ( 1034): [80] com.google.android.finsky.da.a.l.a(129): Finished writing experiment flags into file [44O8VQCEUzya29uefFMIdRuUEpA].
I/Finsky  ( 1034): [80] com.google.android.finsky.da.a.a.a.b(116): Successfully applied new configurations for package com.google.android.finsky.stable.
W/ViewRootImpl( 5665): Dropping event due to no window focus: MotionEvent { action=ACTION_MOVE, id[0]=0, x[0]=4.0, y[0]=-4.0, toolType[0]=TOOL_TYPE_UNKNOWN, buttonState=0, metaState=0, flags=0x0, edgeFlags=0x0, pointerCount=1, historySize=4, eventTime=258144, downTime=-1, deviceId=0, source=0x10004 }
W/EGL_emulation( 5665): eglSurfaceAttrib not implemented 3093 12436
W/UnimplementedWebViewApi( 5665): Unimplemented WebView method onKeyMultiple called from: android.webkit.WebView.onKeyMultiple(WebView.java:2179)
W/UnimplementedWebViewApi( 5665): Unimplemented WebView method onKeyDown called from: android.webkit.WebView.onKeyDown(WebView.java:2169)
V/PanelView(  534): animationTick called with dtms=0; nothing to do (h=0.0 v=-0.0)
W/InputManager(  481): Input event injection from pid 5655 failed.
W/InputMethodManagerService(  481): Window already focused, ignoring focus gain of: com.android.internal.view.IInputMethodClient$Stub$Proxy@4a9ee090 attribute=null, token = android.os.BinderProxy@4a9da9a0
W/UnimplementedWebViewApi( 5665): Unimplemented WebView method onKeyDown called from: android.webkit.WebView.onKeyDown(WebView.java:2169)
W/EGL_emulation( 5665): eglSurfaceAttrib not implemented 3093 12436
I/InputDispatcher(  481): Dropped event because of pending overdue app switch.
W/InputManager(  481): Input event injection from pid 5655 failed.
W/InputMethodManagerService(  481): Window already focused, ignoring focus gain of: com.android.internal.view.IInputMethodClient$Stub$Proxy@4a9dff3c attribute=null, token = android.os.BinderProxy@4a9da9a0
W/UnimplementedWebViewApi( 5665): Unimplemented WebView method onKeyMultiple called from: android.webkit.WebView.onKeyMultiple(WebView.java:2179)
W/UnimplementedWebViewApi( 5665): Unimplemented WebView method onKeyDown called from: android.webkit.WebView.onKeyDown(WebView.java:2169)
D/dalvikvm( 5665): GC_CONCURRENT freed 389K, 11% free 4082K/4548K, paused 1ms+0ms, total 7ms
W/UnimplementedWebViewApi( 5665): Unimplemented WebView method onKeyDown called from: android.webkit.WebView.onKeyDown(WebView.java:2169)
I/ActivityManager(  481): START u0 {act=android.intent.action.MAIN cat=[android.intent.category.LAUNCHER] flg=0x10200000 cmp=com.ha.hawaiianairlines/.MainActivity} from pid 5655
W/UnimplementedWebViewApi( 5665): Unimplemented WebView method onKeyDown called from: android.webkit.WebView.onKeyDown(WebView.java:2169)
W/ViewRootImpl( 5665): Dropping event due to no window focus: KeyEvent { action=ACTION_DOWN, keyCode=KEYCODE_DPAD_RIGHT, scanCode=0, metaState=0, flags=0x8, repeatCount=0, eventTime=258304, downTime=258304, deviceId=-1, source=0x101 }
W/ViewRootImpl( 5665): Dropping event due to no window focus: KeyEvent { action=ACTION_DOWN, keyCode=KEYCODE_DPAD_CENTER, scanCode=0, metaState=0, flags=0x8, repeatCount=0, eventTime=258307, downTime=258307, deviceId=-1, source=0x101 }
W/ViewRootImpl( 5665): Dropping event due to no window focus: KeyEvent { action=ACTION_DOWN, keyCode=KEYCODE_DPAD_DOWN, scanCode=0, metaState=0, flags=0x8, repeatCount=0, eventTime=258308, downTime=258308, deviceId=-1, source=0x101 }
W/ViewRootImpl( 5665): Dropping event due to no window focus: KeyEvent { action=ACTION_DOWN, keyCode=KEYCODE_DPAD_UP, scanCode=0, metaState=0, flags=0x8, repeatCount=0, eventTime=258309, downTime=258309, deviceId=-1, source=0x101 }
W/ViewRootImpl( 5665): Dropping event due to no window focus: KeyEvent { action=ACTION_DOWN, keyCode=KEYCODE_DPAD_CENTER, scanCode=0, metaState=0, flags=0x8, repeatCount=0, eventTime=258310, downTime=258310, deviceId=-1, source=0x101 }
W/ViewRootImpl( 5665): Dropping event due to no window focus: MotionEvent { action=ACTION_MOVE, id[0]=0, x[0]=1.0, y[0]=-4.0, toolType[0]=TOOL_TYPE_UNKNOWN, buttonState=0, metaState=0, flags=0x0, edgeFlags=0x0, pointerCount=1, historySize=3, eventTime=258311, downTime=-1, deviceId=0, source=0x10004 }
W/EGL_emulation( 5665): eglSurfaceAttrib not implemented 3093 12436
I/ActivityManager(  481): START u0 {act=android.intent.action.CALL_BUTTON flg=0x10000000} from pid 5665
W/PhoneFallbackEventHandler( 5665): No activity found for android.intent.action.CALL_BUTTON.
W/InputMethodManagerService(  481): Window already focused, ignoring focus gain of: com.android.internal.view.IInputMethodClient$Stub$Proxy@4aa4ba2c attribute=null, token = android.os.BinderProxy@4a9da9a0
I/SnapScrollController( 5665): setSnapScrollingMode case-default no-op
I/SnapScrollController( 5665): setSnapScrollingMode case-default no-op
W/UnimplementedWebViewApi( 5665): Unimplemented WebView method onKeyDown called from: android.webkit.WebView.onKeyDown(WebView.java:2169)
I/ActivityManager(  481): START u0 {act=android.intent.action.MAIN cat=[android.intent.category.HOME] flg=0x10200000 cmp=com.vphone.launcher/.Launcher} from pid 481
W/UnimplementedWebViewApi( 5665): Unimplemented WebView method onKeyMultiple called from: android.webkit.WebView.onKeyMultiple(WebView.java:2179)
W/UnimplementedWebViewApi( 5665): Unimplemented WebView method onKeyDown called from: android.webkit.WebView.onKeyDown(WebView.java:2169)
W/UnimplementedWebViewApi( 5665): Unimplemented WebView method onKeyMultiple called from: android.webkit.WebView.onKeyMultiple(WebView.java:2179)
W/UnimplementedWebViewApi( 5665): Unimplemented WebView method onKeyDown called from: android.webkit.WebView.onKeyDown(WebView.java:2169)
I/SnapScrollController( 5665): setSnapScrollingMode case-default no-op
I/SnapScrollController( 5665): setSnapScrollingMode case-default no-op
V/FlingTracker(  534): computeCurrentVelocity warning: totalweight=0
V/FlingTracker(  534): java.lang.Throwable
V/FlingTracker(  534): 	at com.android.systemui.statusbar.phone.PanelView$FlingTracker.computeCurrentVelocity(PanelView.java:162)
V/FlingTracker(  534): 	at com.android.systemui.statusbar.phone.PanelView$3.onTouch(PanelView.java:462)
V/FlingTracker(  534): 	at android.view.View.dispatchTouchEvent(View.java:7701)
V/FlingTracker(  534): 	at com.android.systemui.statusbar.phone.NotificationPanelView.onTouchEvent(NotificationPanelView.java:138)
V/FlingTracker(  534): 	at com.android.systemui.statusbar.phone.PanelBar.onTouchEvent(PanelBar.java:130)
V/FlingTracker(  534): 	at com.android.systemui.statusbar.phone.PhoneStatusBarView.onTouchEvent(PhoneStatusBarView.java:201)
V/FlingTracker(  534): 	at android.view.View.dispatchTouchEvent(View.java:7706)
V/FlingTracker(  534): 	at android.view.ViewGroup.dispatchTransformedTouchEvent(ViewGroup.java:2210)
V/FlingTracker(  534): 	at android.view.ViewGroup.dispatchTouchEvent(ViewGroup.java:1945)
V/FlingTracker(  534): 	at android.view.ViewGroup.dispatchTransformedTouchEvent(ViewGroup.java:2216)
V/FlingTracker(  534): 	at android.view.ViewGroup.dispatchTouchEvent(ViewGroup.java:1959)
V/FlingTracker(  534): 	at android.view.View.dispatchPointerEvent(View.java:7886)
V/FlingTracker(  534): 	at android.view.ViewRootImpl$ViewPostImeInputStage.processPointerEvent(ViewRootImpl.java:3978)
V/FlingTracker(  534): 	at android.view.ViewRootImpl$ViewPostImeInputStage.onProcess(ViewRootImpl.java:3857)
V/FlingTracker(  534): 	at android.view.ViewRootImpl$InputStage.deliver(ViewRootImpl.java:3423)
V/FlingTracker(  534): 	at android.view.ViewRootImpl$InputStage.onDeliverToNext(ViewRootImpl.java:3473)
V/FlingTracker(  534): 	at android.view.ViewRootImpl$InputStage.forward(ViewRootImpl.java:3442)
V/FlingTracker(  534): 	at android.view.ViewRootImpl$AsyncInputStage.forward(ViewRootImpl.java:3549)
V/FlingTracker(  534): 	at android.view.ViewRootImpl$InputStage.apply(ViewRootImpl.java:3450)
V/FlingTracker(  534): 	at android.view.ViewRootImpl$AsyncInputStage.apply(ViewRootImpl.java:3606)
V/FlingTracker(  534): 	at android.view.ViewRootImpl$InputStage.deliver(ViewRootImpl.java:3423)
V/FlingTracker(  534): 	at android.view.ViewRootImpl$InputStage.onDeliverToNext(ViewRootImpl.java:3473)
V/FlingTracker(  534): 	at android.view.ViewRootImpl$InputStage.forward(ViewRootImpl.java:3442)
V/FlingTracker(  534): 	at android.view.ViewRootImpl$InputStage.apply(ViewRootImpl.java:3450)
V/FlingTracker(  534): 	at android.view.ViewRootImpl$InputStage.deliver(ViewRootImpl.java:3423)
V/FlingTracker(  534): 	at android.view.ViewRootImpl.deliverInputEvent(ViewRootImpl.java:5626)
V/FlingTracker(  534): 	at android.view.ViewRootImpl.doProcessInputEvents(ViewRootImpl.java:5606)
V/FlingTracker(  534): 	at android.view.ViewRootImpl.enqueueInputEvent(ViewRootImpl.java:5577)
V/FlingTracker(  534): 	at android.view.ViewRootImpl$WindowInputEventReceiver.onInputEvent(ViewRootImpl.java:5706)
V/FlingTracker(  534): 	at android.view.InputEventReceiver.dispatchInputEvent(InputEventReceiver.java:185)
V/FlingTracker(  534): 	at android.os.MessageQueue.nativePollOnce(Native Method)
V/FlingTracker(  534): 	at android.os.MessageQueue.next(MessageQueue.java:138)
V/FlingTracker(  534): 	at android.os.Looper.loop(Looper.java:123)
V/FlingTracker(  534): 	at android.app.ActivityThread.main(ActivityThread.java:5019)
V/FlingTracker(  534): 	at java.lang.reflect.Method.invokeNative(Native Method)
V/FlingTracker(  534): 	at java.lang.reflect.Method.invoke(Method.java:515)
V/FlingTracker(  534): 	at com.android.internal.os.ZygoteInit$MethodAndArgsCaller.run(ZygoteInit.java:779)
V/FlingTracker(  534): 	at com.android.internal.os.ZygoteInit.main(ZygoteInit.java:595)
V/FlingTracker(  534): 	at dalvik.system.NativeStart.main(Native Method)
V/PanelView(  534): animationTick called with dtms=0; nothing to do (h=0.0 v=0.0)
I/SnapScrollController( 5665): setSnapScrollingMode case-default no-op
I/SnapScrollController( 5665): setSnapScrollingMode case-default no-op
W/UnimplementedWebViewApi( 5665): Unimplemented WebView method onKeyDown called from: android.webkit.WebView.onKeyDown(WebView.java:2169)
I/SnapScrollController( 5665): setSnapScrollingMode case-default no-op
I/SnapScrollController( 5665): setSnapScrollingMode case-default no-op
W/ViewRootImpl( 5665): Dropping event due to no window focus: KeyEvent { action=ACTION_DOWN, keyCode=KEYCODE_RO, scanCode=0, metaState=0, flags=0x8, repeatCount=0, eventTime=258438, downTime=258438, deviceId=-1, source=0x101 }
W/ViewRootImpl( 5665): Dropping event due to no window focus: KeyEvent { action=ACTION_DOWN, keyCode=KEYCODE_DPAD_CENTER, scanCode=0, metaState=0, flags=0x8, repeatCount=0, eventTime=258440, downTime=258440, deviceId=-1, source=0x101 }
W/ViewRootImpl( 5665): Dropping event due to no window focus: KeyEvent { action=ACTION_DOWN, keyCode=KEYCODE_MENU, scanCode=0, metaState=0, flags=0x8, repeatCount=0, eventTime=258441, downTime=258441, deviceId=-1, source=0x101 }
W/ViewRootImpl( 5665): Dropping event due to no window focus: KeyEvent { action=ACTION_DOWN, keyCode=KEYCODE_DPAD_UP, scanCode=0, metaState=0, flags=0x8, repeatCount=0, eventTime=258445, downTime=258445, deviceId=-1, source=0x101 }
W/ViewRootImpl( 5665): Dropping event due to no window focus: KeyEvent { action=ACTION_DOWN, keyCode=KEYCODE_DPAD_DOWN, scanCode=0, metaState=0, flags=0x8, repeatCount=0, eventTime=258445, downTime=258445, deviceId=-1, source=0x101 }
W/ViewRootImpl( 5665): Dropping event due to no window focus: KeyEvent { action=ACTION_DOWN, keyCode=KEYCODE_MENU, scanCode=0, metaState=0, flags=0x8, repeatCount=0, eventTime=258446, downTime=258446, deviceId=-1, source=0x101 }
W/ViewRootImpl( 5665): Dropping event due to no window focus: KeyEvent { action=ACTION_DOWN, keyCode=KEYCODE_DPAD_RIGHT, scanCode=0, metaState=0, flags=0x8, repeatCount=0, eventTime=258448, downTime=258448, deviceId=-1, source=0x101 }
W/EGL_emulation( 5665): eglSurfaceAttrib not implemented 3093 12436
W/UnimplementedWebViewApi( 5665): Unimplemented WebView method onKeyDown called from: android.webkit.WebView.onKeyDown(WebView.java:2169)
W/InputMethodManagerService(  481): Window already focused, ignoring focus gain of: com.android.internal.view.IInputMethodClient$Stub$Proxy@4a942c3c attribute=null, token = android.os.BinderProxy@4a9da9a0
W/EGL_emulation( 5665): eglSurfaceAttrib not implemented 3093 12436
V/PanelView(  534): animationTick called with dtms=0; nothing to do (h=0.0 v=4500.0)
W/ViewRootImpl( 5665): Dropping event due to no window focus: KeyEvent { action=ACTION_DOWN, keyCode=KEYCODE_DPAD_DOWN, scanCode=0, metaState=0, flags=0x8, repeatCount=0, eventTime=258503, downTime=258503, deviceId=-1, source=0x101 }
W/UnimplementedWebViewApi( 5665): Unimplemented WebView method onKeyDown called from: android.webkit.WebView.onKeyDown(WebView.java:2169)
W/WindowManager(  481): updateFocusedWindowLocked, focusedAppToken is null.
W/InputMethodManagerService(  481): Window already focused, ignoring focus gain of: com.android.internal.view.IInputMethodClient$Stub$Proxy@4aa574b8 attribute=null, token = android.os.BinderProxy@4a9da9a0
W/EGL_emulation(  534): eglSurfaceAttrib not implemented 3093 12436
W/ViewRootImpl(  534): Dropping event due to no window focus: KeyEvent { action=ACTION_DOWN, keyCode=KEYCODE_DPAD_CENTER, scanCode=0, metaState=0, flags=0x8, repeatCount=0, eventTime=258537, downTime=258537, deviceId=-1, source=0x101 }
W/EGL_emulation( 5665): eglSurfaceAttrib not implemented 3093 12436
V/FlingTracker(  534): computeCurrentVelocity warning: totalweight=0
V/FlingTracker(  534): java.lang.Throwable
V/FlingTracker(  534): 	at com.android.systemui.statusbar.phone.PanelView$FlingTracker.computeCurrentVelocity(PanelView.java:162)
V/FlingTracker(  534): 	at com.android.systemui.statusbar.phone.PanelView$3.onTouch(PanelView.java:462)
V/FlingTracker(  534): 	at android.view.View.dispatchTouchEvent(View.java:7701)
V/FlingTracker(  534): 	at com.android.systemui.statusbar.phone.NotificationPanelView.onTouchEvent(NotificationPanelView.java:138)
V/FlingTracker(  534): 	at android.view.View.dispatchTouchEvent(View.java:7706)
V/FlingTracker(  534): 	at android.view.ViewGroup.dispatchTransformedTouchEvent(ViewGroup.java:2210)
V/FlingTracker(  534): 	at android.view.ViewGroup.dispatchTouchEvent(ViewGroup.java:1945)
V/FlingTracker(  534): 	at android.view.ViewGroup.dispatchTransformedTouchEvent(ViewGroup.java:2216)
V/FlingTracker(  534): 	at android.view.ViewGroup.dispatchTouchEvent(ViewGroup.java:1959)
V/FlingTracker(  534): 	at android.view.ViewGroup.dispatchTransformedTouchEvent(ViewGroup.java:2216)
V/FlingTracker(  534): 	at android.view.ViewGroup.dispatchTouchEvent(ViewGroup.java:1959)
V/FlingTracker(  534): 	at android.view.View.dispatchPointerEvent(View.java:7886)
V/FlingTracker(  534): 	at android.view.ViewRootImpl$ViewPostImeInputStage.processPointerEvent(ViewRootImpl.java:3978)
V/FlingTracker(  534): 	at android.view.ViewRootImpl$ViewPostImeInputStage.onProcess(ViewRootImpl.java:3857)
V/FlingTracker(  534): 	at android.view.ViewRootImpl$InputStage.deliver(ViewRootImpl.java:3423)
V/FlingTracker(  534): 	at android.view.ViewRootImpl$InputStage.onDeliverToNext(ViewRootImpl.java:3473)
V/FlingTracker(  534): 	at android.view.ViewRootImpl$InputStage.forward(ViewRootImpl.java:3442)
V/FlingTracker(  534): 	at android.view.ViewRootImpl$AsyncInputStage.forward(ViewRootImpl.java:3549)
V/FlingTracker(  534): 	at android.view.ViewRootImpl$InputStage.apply(ViewRootImpl.java:3450)
V/FlingTracker(  534): 	at android.view.ViewRootImpl$AsyncInputStage.apply(ViewRootImpl.java:3606)
V/FlingTracker(  534): 	at android.view.ViewRootImpl$InputStage.deliver(ViewRootImpl.java:3423)
V/FlingTracker(  534): 	at android.view.ViewRootImpl$InputStage.onDeliverToNext(ViewRootImpl.java:3473)
V/FlingTracker(  534): 	at android.view.ViewRootImpl$InputStage.forward(ViewRootImpl.java:3442)
V/FlingTracker(  534): 	at android.view.ViewRootImpl$InputStage.apply(ViewRootImpl.java:3450)
V/FlingTracker(  534): 	at android.view.ViewRootImpl$InputStage.deliver(ViewRootImpl.java:3423)
V/FlingTracker(  534): 	at android.view.ViewRootImpl.deliverInputEvent(ViewRootImpl.java:5626)
V/FlingTracker(  534): 	at android.view.ViewRootImpl.doProcessInputEvents(ViewRootImpl.java:5606)
V/FlingTracker(  534): 	at android.view.ViewRootImpl.enqueueInputEvent(ViewRootImpl.java:5577)
V/FlingTracker(  534): 	at android.view.ViewRootImpl$WindowInputEventReceiver.onInputEvent(ViewRootImpl.java:5706)
V/FlingTracker(  534): 	at android.view.InputEventReceiver.dispatchInputEvent(InputEventReceiver.java:185)
V/FlingTracker(  534): 	at android.view.InputEventReceiver.nativeConsumeBatchedInputEvents(Native Method)
V/FlingTracker(  534): 	at android.view.InputEventReceiver.consumeBatchedInputEvents(InputEventReceiver.java:176)
V/FlingTracker(  534): 	at android.view.ViewRootImpl.doConsumeBatchedInput(ViewRootImpl.java:5679)
V/FlingTracker(  534): 	at android.view.ViewRootImpl$ConsumeBatchedInputRunnable.run(ViewRootImpl.java:5725)
V/FlingTracker(  534): 	at android.view.Choreographer$CallbackRecord.run(Choreographer.java:761)
V/FlingTracker(  534): 	at android.view.Choreographer.doCallbacks(Choreographer.java:574)
V/FlingTracker(  534): 	at android.view.Choreographer.doFrame(Choreographer.java:542)
V/FlingTracker(  534): 	at android.view.Choreographer$FrameDisplayEventReceiver.run(Choreographer.java:747)
V/FlingTracker(  534): 	at android.os.Handler.handleCallback(Handler.java:733)
V/FlingTracker(  534): 	at android.os.Handler.dispatchMessage(Handler.java:95)
V/FlingTracker(  534): 	at android.os.Looper.loop(Looper.java:136)
V/FlingTracker(  534): 	at android.app.ActivityThread.main(ActivityThread.java:5019)
V/FlingTracker(  534): 	at java.lang.reflect.Method.invokeNative(Native Method)
V/FlingTracker(  534): 	at java.lang.reflect.Method.invoke(Method.java:515)
V/FlingTracker(  534): 	at com.android.internal.os.ZygoteInit$MethodAndArgsCaller.run(ZygoteInit.java:779)
V/FlingTracker(  534): 	at com.android.internal.os.ZygoteInit.main(ZygoteInit.java:595)
V/FlingTracker(  534): 	at dalvik.system.NativeStart.main(Native Method)
V/PanelView(  534): animationTick called with dtms=0; nothing to do (h=468.0 v=0.0)
V/PanelView(  534): animationTick called with dtms=-10; nothing to do (h=468.0 v=0.0)
V/PanelView(  534): animationTick called with dtms=0; nothing to do (h=402.948 v=-3000.0)
V/PanelView(  534): animationTick called with dtms=0; nothing to do (h=402.948 v=-3000.0)
V/PanelView(  534): animationTick called with dtms=-5; nothing to do (h=402.948 v=-3000.0)
W/ViewRootImpl( 5665): Dropping event due to no window focus: KeyEvent { action=ACTION_DOWN, keyCode=KEYCODE_MINUS, scanCode=0, metaState=0, flags=0x8, repeatCount=0, eventTime=258840, downTime=258840, deviceId=-1, source=0x101 }
I/ActivityManager(  481): START u0 {act=android.intent.action.MAIN cat=[android.intent.category.LAUNCHER] flg=0x10200000 cmp=com.ha.hawaiianairlines/.MainActivity} from pid 5655
V/FlingTracker(  534): computeCurrentVelocity warning: totalweight=0
V/FlingTracker(  534): java.lang.Throwable
V/FlingTracker(  534): 	at com.android.systemui.statusbar.phone.PanelView$FlingTracker.computeCurrentVelocity(PanelView.java:162)
V/FlingTracker(  534): 	at com.android.systemui.statusbar.phone.PanelView$3.onTouch(PanelView.java:462)
V/FlingTracker(  534): 	at android.view.View.dispatchTouchEvent(View.java:7701)
V/FlingTracker(  534): 	at com.android.systemui.statusbar.phone.NotificationPanelView.onTouchEvent(NotificationPanelView.java:138)
V/FlingTracker(  534): 	at android.view.View.dispatchTouchEvent(View.java:7706)
V/FlingTracker(  534): 	at android.view.ViewGroup.dispatchTransformedTouchEvent(ViewGroup.java:2210)
V/FlingTracker(  534): 	at android.view.ViewGroup.dispatchTouchEvent(ViewGroup.java:1945)
V/FlingTracker(  534): 	at android.view.ViewGroup.dispatchTransformedTouchEvent(ViewGroup.java:2216)
V/FlingTracker(  534): 	at android.view.ViewGroup.dispatchTouchEvent(ViewGroup.java:1959)
V/FlingTracker(  534): 	at android.view.ViewGroup.dispatchTransformedTouchEvent(ViewGroup.java:2216)
V/FlingTracker(  534): 	at android.view.ViewGroup.dispatchTouchEvent(ViewGroup.java:1959)
V/FlingTracker(  534): 	at android.view.View.dispatchPointerEvent(View.java:7886)
V/FlingTracker(  534): 	at android.view.ViewRootImpl$ViewPostImeInputStage.processPointerEvent(ViewRootImpl.java:3978)
V/FlingTracker(  534): 	at android.view.ViewRootImpl$ViewPostImeInputStage.onProcess(ViewRootImpl.java:3857)
V/FlingTracker(  534): 	at android.view.ViewRootImpl$InputStage.deliver(ViewRootImpl.java:3423)
V/FlingTracker(  534): 	at android.view.ViewRootImpl$InputStage.onDeliverToNext(ViewRootImpl.java:3473)
V/FlingTracker(  534): 	at android.view.ViewRootImpl$InputStage.forward(ViewRootImpl.java:3442)
V/FlingTracker(  534): 	at android.view.ViewRootImpl$AsyncInputStage.forward(ViewRootImpl.java:3549)
V/FlingTracker(  534): 	at android.view.ViewRootImpl$InputStage.apply(ViewRootImpl.java:3450)
V/FlingTracker(  534): 	at android.view.ViewRootImpl$AsyncInputStage.apply(ViewRootImpl.java:3606)
V/FlingTracker(  534): 	at android.view.ViewRootImpl$InputStage.deliver(ViewRootImpl.java:3423)
V/FlingTracker(  534): 	at android.view.ViewRootImpl$InputStage.onDeliverToNext(ViewRootImpl.java:3473)
V/FlingTracker(  534): 	at android.view.ViewRootImpl$InputStage.forward(ViewRootImpl.java:3442)
V/FlingTracker(  534): 	at android.view.ViewRootImpl$InputStage.apply(ViewRootImpl.java:3450)
V/FlingTracker(  534): 	at android.view.ViewRootImpl$InputStage.deliver(ViewRootImpl.java:3423)
V/FlingTracker(  534): 	at android.view.ViewRootImpl.deliverInputEvent(ViewRootImpl.java:5626)
V/FlingTracker(  534): 	at android.view.ViewRootImpl.doProcessInputEvents(ViewRootImpl.java:5606)
V/FlingTracker(  534): 	at android.view.ViewRootImpl.enqueueInputEvent(ViewRootImpl.java:5577)
V/FlingTracker(  534): 	at android.view.ViewRootImpl$WindowInputEventReceiver.onInputEvent(ViewRootImpl.java:5706)
V/FlingTracker(  534): 	at android.view.InputEventReceiver.dispatchInputEvent(InputEventReceiver.java:185)
V/FlingTracker(  534): 	at android.os.MessageQueue.nativePollOnce(Native Method)
V/FlingTracker(  534): 	at android.os.MessageQueue.next(MessageQueue.java:138)
V/FlingTracker(  534): 	at android.os.Looper.loop(Looper.java:123)
V/FlingTracker(  534): 	at android.app.ActivityThread.main(ActivityThread.java:5019)
V/FlingTracker(  534): 	at java.lang.reflect.Method.invokeNative(Native Method)
V/FlingTracker(  534): 	at java.lang.reflect.Method.invoke(Method.java:515)
V/FlingTracker(  534): 	at com.android.internal.os.ZygoteInit$MethodAndArgsCaller.run(ZygoteInit.java:779)
V/FlingTracker(  534): 	at com.android.internal.os.ZygoteInit.main(ZygoteInit.java:595)
V/FlingTracker(  534): 	at dalvik.system.NativeStart.main(Native Method)
V/PanelView(  534): animationTick called with dtms=0; nothing to do (h=402.948 v=0.0)
V/PanelView(  534): animationTick called with dtms=0; nothing to do (h=402.948 v=-3000.0)
V/PanelView(  534): animationTick called with dtms=0; nothing to do (h=402.948 v=-3000.0)
V/PanelView(  534): animationTick called with dtms=0; nothing to do (h=402.948 v=-3000.0)
V/PanelView(  534): animationTick called with dtms=0; nothing to do (h=402.948 v=-3000.0)
V/PanelView(  534): animationTick called with dtms=-14; nothing to do (h=402.948 v=-3000.0)
W/InputMethodManagerService(  481): Window already focused, ignoring focus gain of: com.android.internal.view.IInputMethodClient$Stub$Proxy@4a969fac attribute=null, token = android.os.BinderProxy@4a9da9a0
V/PanelView(  534): animationTick called with dtms=0; nothing to do (h=379.1288 v=-4500.0)
W/UnimplementedWebViewApi( 5665): Unimplemented WebView method onKeyDown called from: android.webkit.WebView.onKeyDown(WebView.java:2169)
V/PanelView(  534): animationTick called with dtms=0; nothing to do (h=413.78006 v=4500.0)
V/PanelView(  534): animationTick called with dtms=-11; nothing to do (h=413.78006 v=4500.0)
I/InputDispatcher(  481): Dropped event because of pending overdue app switch.
W/InputManager(  481): Input event injection from pid 5655 failed.
D/dalvikvm( 5665): GC_CONCURRENT freed 428K, 12% free 4089K/4596K, paused 2ms+0ms, total 7ms
W/UnimplementedWebViewApi( 5665): Unimplemented WebView method onKeyMultiple called from: android.webkit.WebView.onKeyMultiple(WebView.java:2179)
W/UnimplementedWebViewApi( 5665): Unimplemented WebView method onKeyDown called from: android.webkit.WebView.onKeyDown(WebView.java:2169)
V/PanelView(  534): animationTick called with dtms=0; nothing to do (h=627.7598 v=4500.0)
V/PanelView(  534): animationTick called with dtms=0; nothing to do (h=605.12585 v=-4500.0)
V/PanelView(  534): animationTick called with dtms=-7; nothing to do (h=605.12585 v=-4500.0)
W/UnimplementedWebViewApi( 5665): Unimplemented WebView method onKeyMultiple called from: android.webkit.WebView.onKeyMultiple(WebView.java:2179)
W/UnimplementedWebViewApi( 5665): Unimplemented WebView method onKeyDown called from: android.webkit.WebView.onKeyDown(WebView.java:2169)
V/PanelView(  534): animationTick called with dtms=0; nothing to do (h=635.70874 v=4500.0)
W/UnimplementedWebViewApi( 5665): Unimplemented WebView method onKeyDown called from: android.webkit.WebView.onKeyDown(WebView.java:2169)
V/FlingTracker(  534): computeCurrentVelocity warning: totalweight=0
V/FlingTracker(  534): java.lang.Throwable
V/FlingTracker(  534): 	at com.android.systemui.statusbar.phone.PanelView$FlingTracker.computeCurrentVelocity(PanelView.java:162)
V/FlingTracker(  534): 	at com.android.systemui.statusbar.phone.PanelView$3.onTouch(PanelView.java:462)
V/FlingTracker(  534): 	at android.view.View.dispatchTouchEvent(View.java:7701)
V/FlingTracker(  534): 	at com.android.systemui.statusbar.phone.NotificationPanelView.onTouchEvent(NotificationPanelView.java:138)
V/FlingTracker(  534): 	at android.view.View.dispatchTouchEvent(View.java:7706)
V/FlingTracker(  534): 	at android.view.ViewGroup.dispatchTransformedTouchEvent(ViewGroup.java:2210)
V/FlingTracker(  534): 	at android.view.ViewGroup.dispatchTouchEvent(ViewGroup.java:1945)
V/FlingTracker(  534): 	at android.view.ViewGroup.dispatchTransformedTouchEvent(ViewGroup.java:2216)
V/FlingTracker(  534): 	at android.view.ViewGroup.dispatchTouchEvent(ViewGroup.java:1959)
V/FlingTracker(  534): 	at android.view.ViewGroup.dispatchTransformedTouchEvent(ViewGroup.java:2216)
V/FlingTracker(  534): 	at android.view.ViewGroup.dispatchTouchEvent(ViewGroup.java:1959)
V/FlingTracker(  534): 	at android.view.View.dispatchPointerEvent(View.java:7886)
V/FlingTracker(  534): 	at android.view.ViewRootImpl$ViewPostImeInputStage.processPointerEvent(ViewRootImpl.java:3978)
V/FlingTracker(  534): 	at android.view.ViewRootImpl$ViewPostImeInputStage.onProcess(ViewRootImpl.java:3857)
V/FlingTracker(  534): 	at android.view.ViewRootImpl$InputStage.deliver(ViewRootImpl.java:3423)
V/FlingTracker(  534): 	at android.view.ViewRootImpl$InputStage.onDeliverToNext(ViewRootImpl.java:3473)
V/FlingTracker(  534): 	at android.view.ViewRootImpl$InputStage.forward(ViewRootImpl.java:3442)
V/FlingTracker(  534): 	at android.view.ViewRootImpl$AsyncInputStage.forward(ViewRootImpl.java:3549)
V/FlingTracker(  534): 	at android.view.ViewRootImpl$InputStage.apply(ViewRootImpl.java:3450)
V/FlingTracker(  534): 	at android.view.ViewRootImpl$AsyncInputStage.apply(ViewRootImpl.java:3606)
V/FlingTracker(  534): 	at android.view.ViewRootImpl$InputStage.deliver(ViewRootImpl.java:3423)
V/FlingTracker(  534): 	at android.view.ViewRootImpl$InputStage.onDeliverToNext(ViewRootImpl.java:3473)
V/FlingTracker(  534): 	at android.view.ViewRootImpl$InputStage.forward(ViewRootImpl.java:3442)
V/FlingTracker(  534): 	at android.view.ViewRootImpl$InputStage.apply(ViewRootImpl.java:3450)
V/FlingTracker(  534): 	at android.view.ViewRootImpl$InputStage.deliver(ViewRootImpl.java:3423)
V/FlingTracker(  534): 	at android.view.ViewRootImpl.deliverInputEvent(ViewRootImpl.java:5626)
V/FlingTracker(  534): 	at android.view.ViewRootImpl.doProcessInputEvents(ViewRootImpl.java:5606)
V/FlingTracker(  534): 	at android.view.ViewRootImpl.enqueueInputEvent(ViewRootImpl.java:5577)
V/FlingTracker(  534): 	at android.view.ViewRootImpl$WindowInputEventReceiver.onInputEvent(ViewRootImpl.java:5706)
V/FlingTracker(  534): 	at android.view.InputEventReceiver.dispatchInputEvent(InputEventReceiver.java:185)
V/FlingTracker(  534): 	at android.os.MessageQueue.nativePollOnce(Native Method)
V/FlingTracker(  534): 	at android.os.MessageQueue.next(MessageQueue.java:138)
V/FlingTracker(  534): 	at android.os.Looper.loop(Looper.java:123)
V/FlingTracker(  534): 	at android.app.ActivityThread.main(ActivityThread.java:5019)
V/FlingTracker(  534): 	at java.lang.reflect.Method.invokeNative(Native Method)
V/FlingTracker(  534): 	at java.lang.reflect.Method.invoke(Method.java:515)
V/FlingTracker(  534): 	at com.android.internal.os.ZygoteInit$MethodAndArgsCaller.run(ZygoteInit.java:779)
V/FlingTracker(  534): 	at com.android.internal.os.ZygoteInit.main(ZygoteInit.java:595)
V/FlingTracker(  534): 	at dalvik.system.NativeStart.main(Native Method)
V/PanelView(  534): animationTick called with dtms=0; nothing to do (h=635.70874 v=0.0)
V/PanelView(  534): animationTick called with dtms=0; nothing to do (h=635.70874 v=-3000.0)
V/PanelView(  534): animationTick called with dtms=0; nothing to do (h=635.70874 v=-3000.0)
V/PanelView(  534): animationTick called with dtms=0; nothing to do (h=635.70874 v=-3000.0)
W/UnimplementedWebViewApi( 5665): Unimplemented WebView method onKeyDown called from: android.webkit.WebView.onKeyDown(WebView.java:2169)
W/ViewRootImpl( 5665): Dropping event due to no window focus: KeyEvent { action=ACTION_DOWN, keyCode=KEYCODE_DPAD_CENTER, scanCode=0, metaState=0, flags=0x8, repeatCount=0, eventTime=258972, downTime=258972, deviceId=-1, source=0x101 }
W/ViewRootImpl( 5665): Dropping event due to no window focus: MotionEvent { action=ACTION_MOVE, id[0]=0, x[0]=1.0, y[0]=4.0, toolType[0]=TOOL_TYPE_UNKNOWN, buttonState=0, metaState=0, flags=0x0, edgeFlags=0x0, pointerCount=1, historySize=9, eventTime=258976, downTime=-1, deviceId=0, source=0x10004 }
W/ViewRootImpl( 5665): Dropping event due to no window focus: MotionEvent { action=ACTION_DOWN, id[0]=0, x[0]=0.0, y[0]=0.0, toolType[0]=TOOL_TYPE_UNKNOWN, buttonState=0, metaState=0, flags=0x0, edgeFlags=0x0, pointerCount=1, historySize=0, eventTime=258977, downTime=258975, deviceId=0, source=0x10004 }
W/ViewRootImpl( 5665): Dropping event due to no window focus: MotionEvent { action=ACTION_MOVE, id[0]=0, x[0]=3.0, y[0]=2.0, toolType[0]=TOOL_TYPE_UNKNOWN, buttonState=0, metaState=0, flags=0x0, edgeFlags=0x0, pointerCount=1, historySize=8, eventTime=258978, downTime=-1, deviceId=0, source=0x10004 }
W/EGL_emulation( 5665): eglSurfaceAttrib not implemented 3093 12436
W/InputMethodManagerService(  481): Window already focused, ignoring focus gain of: com.android.internal.view.IInputMethodClient$Stub$Proxy@4aca5f30 attribute=null, token = android.os.BinderProxy@4a9da9a0
W/UnimplementedWebViewApi( 5665): Unimplemented WebView method onKeyDown called from: android.webkit.WebView.onKeyDown(WebView.java:2169)
D/dalvikvm( 5665): GC_CONCURRENT freed 436K, 12% free 4053K/4596K, paused 1ms+0ms, total 3ms
W/UnimplementedWebViewApi( 5665): Unimplemented WebView method onKeyDown called from: android.webkit.WebView.onKeyDown(WebView.java:2169)
W/EGL_emulation(  534): eglSurfaceAttrib not implemented 3093 12436
V/FlingTracker(  534): computeCurrentVelocity warning: totalweight=0
V/FlingTracker(  534): java.lang.Throwable
V/FlingTracker(  534): 	at com.android.systemui.statusbar.phone.PanelView$FlingTracker.computeCurrentVelocity(PanelView.java:162)
V/FlingTracker(  534): 	at com.android.systemui.statusbar.phone.PanelView$3.onTouch(PanelView.java:462)
V/FlingTracker(  534): 	at android.view.View.dispatchTouchEvent(View.java:7701)
V/FlingTracker(  534): 	at com.android.systemui.statusbar.phone.NotificationPanelView.onTouchEvent(NotificationPanelView.java:138)
V/FlingTracker(  534): 	at com.android.systemui.statusbar.phone.PanelBar.onTouchEvent(PanelBar.java:130)
V/FlingTracker(  534): 	at com.android.systemui.statusbar.phone.PhoneStatusBarView.onTouchEvent(PhoneStatusBarView.java:201)
V/FlingTracker(  534): 	at android.view.View.dispatchTouchEvent(View.java:7706)
V/FlingTracker(  534): 	at android.view.ViewGroup.dispatchTransformedTouchEvent(ViewGroup.java:2210)
V/FlingTracker(  534): 	at android.view.ViewGroup.dispatchTouchEvent(ViewGroup.java:1945)
V/FlingTracker(  534): 	at android.view.ViewGroup.dispatchTransformedTouchEvent(ViewGroup.java:2216)
V/FlingTracker(  534): 	at android.view.ViewGroup.dispatchTouchEvent(ViewGroup.java:1959)
V/FlingTracker(  534): 	at android.view.View.dispatchPointerEvent(View.java:7886)
V/FlingTracker(  534): 	at android.view.ViewRootImpl$ViewPostImeInputStage.processPointerEvent(ViewRootImpl.java:3978)
V/FlingTracker(  534): 	at android.view.ViewRootImpl$ViewPostImeInputStage.onProcess(ViewRootImpl.java:3857)
V/FlingTracker(  534): 	at android.view.ViewRootImpl$InputStage.deliver(ViewRootImpl.java:3423)
V/FlingTracker(  534): 	at android.view.ViewRootImpl$InputStage.onDeliverToNext(ViewRootImpl.java:3473)
V/FlingTracker(  534): 	at android.view.ViewRootImpl$InputStage.forward(ViewRootImpl.java:3442)
V/FlingTracker(  534): 	at android.view.ViewRootImpl$AsyncInputStage.forward(ViewRootImpl.java:3549)
V/FlingTracker(  534): 	at android.view.ViewRootImpl$InputStage.apply(ViewRootImpl.java:3450)
V/FlingTracker(  534): 	at android.view.ViewRootImpl$AsyncInputStage.apply(ViewRootImpl.java:3606)
V/FlingTracker(  534): 	at android.view.ViewRootImpl$InputStage.deliver(ViewRootImpl.java:3423)
V/FlingTracker(  534): 	at android.view.ViewRootImpl$InputStage.onDeliverToNext(ViewRootImpl.java:3473)
V/FlingTracker(  534): 	at android.view.ViewRootImpl$InputStage.forward(ViewRootImpl.java:3442)
V/FlingTracker(  534): 	at android.view.ViewRootImpl$InputStage.apply(ViewRootImpl.java:3450)
V/FlingTracker(  534): 	at android.view.ViewRootImpl$InputStage.deliver(ViewRootImpl.java:3423)
V/FlingTracker(  534): 	at android.view.ViewRootImpl.deliverInputEvent(ViewRootImpl.java:5626)
V/FlingTracker(  534): 	at android.view.ViewRootImpl.doProcessInputEvents(ViewRootImpl.java:5606)
V/FlingTracker(  534): 	at android.view.ViewRootImpl.enqueueInputEvent(ViewRootImpl.java:5577)
V/FlingTracker(  534): 	at android.view.ViewRootImpl$WindowInputEventReceiver.onInputEvent(ViewRootImpl.java:5706)
V/FlingTracker(  534): 	at android.view.InputEventReceiver.dispatchInputEvent(InputEventReceiver.java:185)
V/FlingTracker(  534): 	at android.os.MessageQueue.nativePollOnce(Native Method)
V/FlingTracker(  534): 	at android.os.MessageQueue.next(MessageQueue.java:138)
V/FlingTracker(  534): 	at android.os.Looper.loop(Looper.java:123)
V/FlingTracker(  534): 	at android.app.ActivityThread.main(ActivityThread.java:5019)
V/FlingTracker(  534): 	at java.lang.reflect.Method.invokeNative(Native Method)
V/FlingTracker(  534): 	at java.lang.reflect.Method.invoke(Method.java:515)
V/FlingTracker(  534): 	at com.android.internal.os.ZygoteInit$MethodAndArgsCaller.run(ZygoteInit.java:779)
V/FlingTracker(  534): 	at com.android.internal.os.ZygoteInit.main(ZygoteInit.java:595)
V/FlingTracker(  534): 	at dalvik.system.NativeStart.main(Native Method)
V/PanelView(  534): animationTick called with dtms=0; nothing to do (h=0.0 v=0.0)
V/PanelView(  534): animationTick called with dtms=-13; nothing to do (h=0.0 v=0.0)
V/PanelView(  534): animationTick called with dtms=0; nothing to do (h=0.0 v=-0.0)
V/PanelView(  534): animationTick called with dtms=-9; nothing to do (h=0.0 v=-0.0)
I/ActivityManager(  481): START u0 {act=android.intent.action.MAIN cat=[android.intent.category.LAUNCHER] flg=0x10200000 cmp=com.ha.hawaiianairlines/.MainActivity} from pid 5655
W/UnimplementedWebViewApi( 5665): Unimplemented WebView method onKeyMultiple called from: android.webkit.WebView.onKeyMultiple(WebView.java:2179)
W/UnimplementedWebViewApi( 5665): Unimplemented WebView method onKeyDown called from: android.webkit.WebView.onKeyDown(WebView.java:2169)
W/UnimplementedWebViewApi( 5665): Unimplemented WebView method onKeyDown called from: android.webkit.WebView.onKeyDown(WebView.java:2169)
W/UnimplementedWebViewApi( 5665): Unimplemented WebView method onKeyDown called from: android.webkit.WebView.onKeyDown(WebView.java:2169)
W/ViewRootImpl( 5665): Dropping event due to no window focus: KeyEvent { action=ACTION_DOWN, keyCode=KEYCODE_DPAD_LEFT, scanCode=0, metaState=0, flags=0x8, repeatCount=0, eventTime=259321, downTime=259321, deviceId=-1, source=0x101 }
W/ViewRootImpl( 5665): Dropping event due to no window focus: KeyEvent { action=ACTION_DOWN, keyCode=KEYCODE_N, scanCode=0, metaState=0, flags=0x8, repeatCount=0, eventTime=259324, downTime=259324, deviceId=-1, source=0x101 }
