V/InputMethodService(  631): onEvaluateInputViewShown: config.hardKeyboardHidden = 1
W/ContextImpl(  346): Calling a method in the system process without a qualified user: android.app.ContextImpl.sendBroadcast:1123 com.android.server.InputMethodManagerService.showCurrentInputLocked:1791 com.android.server.InputMethodManagerService.attachNewInputLocked:1095 com.android.server.InputMethodManagerService.startInputUncheckedLocked:1166 com.android.server.InputMethodManagerService.startInputLocked:1128 
W/EGL_emulation(18633): eglSurfaceAttrib not implemented 3093 12436
W/InputEventReceiver(18633): Attempted to finish an input event but the input event receiver has already been disposed.
W/InputEventReceiver(18633): Attempted to finish an input event but the input event receiver has already been disposed.
W/InputEventReceiver(18633): Attempted to finish an input event but the input event receiver has already been disposed.
W/ViewRootImpl(18633): Dropping event due to root view being removed: MotionEvent { action=ACTION_UP, id[0]=0, x[0]=613.4647, y[0]=-439.96927, toolType[0]=TOOL_TYPE_UNKNOWN, buttonState=0, metaState=0, flags=0x0, edgeFlags=0x0, pointerCount=1, historySize=0, eventTime=4737078, downTime=4737078, deviceId=0, source=0x1002 }
W/ViewRootImpl(18633): Dropping event due to root view being removed: MotionEvent { action=ACTION_MOVE, id[0]=0, x[0]=2.0, y[0]=-1.0, toolType[0]=TOOL_TYPE_UNKNOWN, buttonState=0, metaState=0, flags=0x0, edgeFlags=0x0, pointerCount=1, historySize=9, eventTime=4737078, downTime=-1, deviceId=0, source=0x10004 }
V/InputMethodService(  631): onEvaluateInputViewShown: config.hardKeyboardHidden = 1
W/ContextImpl(  346): Calling a method in the system process without a qualified user: android.app.ContextImpl.sendBroadcast:1123 com.android.server.InputMethodManagerService.showCurrentInputLocked:1791 com.android.server.InputMethodManagerService.showSoftInput:1753 com.android.internal.view.IInputMethodManager$Stub.onTransact:175 com.android.server.InputMethodManagerService.onTransact:818 
W/InputMethodManagerService(  346): Window already focused, ignoring focus gain of: com.android.internal.view.IInputMethodClient$Stub$Proxy@4a929d18 attribute=null, token = android.os.BinderProxy@4acfcc30
V/InputMethodService(  631): onEvaluateInputViewShown: config.hardKeyboardHidden = 1
W/ContextImpl(  346): Calling a method in the system process without a qualified user: android.app.ContextImpl.sendBroadcast:1123 com.android.server.InputMethodManagerService.showCurrentInputLocked:1791 com.android.server.InputMethodManagerService.attachNewInputLocked:1095 com.android.server.InputMethodManagerService.startInputUncheckedLocked:1166 com.android.server.InputMethodManagerService.startInputLocked:1128 
V/InputMethodService(  631): onEvaluateInputViewShown: config.hardKeyboardHidden = 1
W/ContextImpl(  346): Calling a method in the system process without a qualified user: android.app.ContextImpl.sendBroadcast:1123 com.android.server.InputMethodManagerService.showCurrentInputLocked:1791 com.android.server.InputMethodManagerService.attachNewInputLocked:1095 com.android.server.InputMethodManagerService.startInputUncheckedLocked:1166 com.android.server.InputMethodManagerService.startInputLocked:1128 
W/ContextImpl(  346): Calling a method in the system process without a qualified user: android.app.ContextImpl.sendBroadcast:1123 com.android.server.InputMethodManagerService.showCurrentInputLocked:1791 com.android.server.InputMethodManagerService.attachNewInputLocked:1095 com.android.server.InputMethodManagerService.startInputUncheckedLocked:1166 com.android.server.InputMethodManagerService.startInputLocked:1128 
V/InputMethodService(  631): onEvaluateInputViewShown: config.hardKeyboardHidden = 1
I/ActivityManager(  346): START u0 {act=android.intent.action.MAIN cat=[android.intent.category.LAUNCHER] flg=0x10200000 cmp=com.united.mobile.android/.SplashScreen} from pid 18430
D/dalvikvm(10770): GC_FOR_ALLOC freed 10K, 34% free 8484K/12740K, paused 2ms, total 2ms
I/dalvikvm-heap(10770): Grow heap (frag case) to 10.319MB for 2073612-byte allocation
D/dalvikvm(10770): GC_FOR_ALLOC freed <1K, 18% free 10508K/12740K, paused 4ms, total 4ms
D/dalvikvm(10770): GC_CONCURRENT freed 0K, 18% free 10509K/12740K, paused 2ms+0ms, total 4ms
D/dalvikvm(  346): GC_FOR_ALLOC freed 2090K, 45% free 13837K/24724K, paused 18ms, total 18ms
I/dalvikvm-heap(  346): Grow heap (frag case) to 15.553MB for 2073612-byte allocation
D/dalvikvm(  346): GC_FOR_ALLOC freed 52K, 41% free 15809K/26752K, paused 17ms, total 17ms
D/dalvikvm(  346): GC_FOR_ALLOC freed 1K, 41% free 15813K/26752K, paused 17ms, total 17ms
I/dalvikvm-heap(  346): Grow heap (frag case) to 17.482MB for 2073612-byte allocation
D/dalvikvm(  346): GC_FOR_ALLOC freed 12K, 39% free 17826K/28780K, paused 25ms, total 25ms
W/ContextImpl(  346): Calling a method in the system process without a qualified user: android.app.ContextImpl.sendBroadcast:1123 com.android.server.NotificationManagerService$6.run:1838 android.os.Handler.handleCallback:733 android.os.Handler.dispatchMessage:95 android.os.Looper.loop:136 
D/dalvikvm(  531): GC_FOR_ALLOC freed 8813K, 58% free 7105K/16564K, paused 3ms, total 7ms
I/dalvikvm-heap(  531): Grow heap (frag case) to 8.975MB for 2073612-byte allocation
D/dalvikvm(  531): GC_CONCURRENT freed 377K, 48% free 8752K/16564K, paused 3ms+1ms, total 7ms
D/dalvikvm(  346): GC_FOR_ALLOC freed 105K, 39% free 17734K/28780K, paused 20ms, total 20ms
I/dalvikvm-heap(  346): Grow heap (frag case) to 19.359MB for 2073612-byte allocation
D/dalvikvm(  346): GC_FOR_ALLOC freed 19K, 36% free 19740K/30808K, paused 16ms, total 16ms
D/dalvikvm(10824): GC_CONCURRENT freed 398K, 14% free 3058K/3536K, paused 0ms+0ms, total 2ms
I/iu.UploadsManager(  702): End new media; added: 1, uploading: 0, time: 31 ms
D/dalvikvm(  346): GC_FOR_ALLOC freed 2155K, 36% free 17740K/27716K, paused 18ms, total 18ms
I/dalvikvm-heap(  346): Grow heap (frag case) to 19.365MB for 2073612-byte allocation
D/dalvikvm(  346): GC_FOR_ALLOC freed 3K, 34% free 19762K/29744K, paused 18ms, total 18ms
D/dalvikvm(  346): GC_FOR_ALLOC freed 4K, 34% free 19766K/29744K, paused 22ms, total 22ms
I/dalvikvm-heap(  346): Grow heap (frag case) to 21.342MB for 2073612-byte allocation
D/dalvikvm(  346): GC_FOR_ALLOC freed 5K, 32% free 21785K/31772K, paused 21ms, total 21ms
D/dalvikvm(  531): GC_FOR_ALLOC freed 2063K, 54% free 7643K/16564K, paused 3ms, total 3ms
I/dalvikvm-heap(  531): Grow heap (frag case) to 9.501MB for 2073612-byte allocation
D/dalvikvm(  531): GC_CONCURRENT freed 11K, 42% free 9657K/16564K, paused 1ms+1ms, total 4ms
D/dalvikvm(  346): GC_FOR_ALLOC freed 4K, 32% free 21896K/31772K, paused 24ms, total 24ms
I/dalvikvm-heap(  346): Grow heap (frag case) to 23.422MB for 2073612-byte allocation
D/dalvikvm(  346): GC_FOR_ALLOC freed 1K, 30% free 23920K/33788K, paused 11ms, total 11ms
V/InputMethodService(  631): onEvaluateInputViewShown: config.hardKeyboardHidden = 1
W/ContextImpl(  346): Calling a method in the system process without a qualified user: android.app.ContextImpl.sendBroadcast:1123 com.android.server.InputMethodManagerService.showCurrentInputLocked:1791 com.android.server.InputMethodManagerService.attachNewInputLocked:1095 com.android.server.InputMethodManagerService.startInputUncheckedLocked:1166 com.android.server.InputMethodManagerService.startInputLocked:1128 
D/Main.onItemClick(18633): Is called
D/SEATMAP_FACTORY_FLAG(18633): SEATMAP_FACTORY_FLAG reset to false
W/ContextImpl(  346): Calling a method in the system process without a qualified user: android.app.ContextImpl.sendBroadcast:1123 com.android.server.InputMethodManagerService.hideCurrentInputLocked:1880 com.android.server.InputMethodManagerService.hideSoftInput:1843 com.android.internal.view.IInputMethodManager$Stub.onTransact:194 com.android.server.InputMethodManagerService.onTransact:818 
W/View    (18633): requestLayout() improperly called by android.widget.ImageView{4a7f6ea0 V.ED.... ......ID 183,448-720,598 #7f0b0bc6 app:id/main_menu_plane} during layout: running second layout pass
W/ContextImpl(  346): Calling a method in the system process without a qualified user: android.app.ContextImpl.sendBroadcast:1123 com.android.server.InputMethodManagerService.hideCurrentInputLocked:1880 com.android.server.InputMethodManagerService.hideSoftInput:1843 com.android.internal.view.IInputMethodManager$Stub.onTransact:194 com.android.server.InputMethodManagerService.onTransact:818 
W/ContextImpl(  346): Calling a method in the system process without a qualified user: android.app.ContextImpl.sendBroadcast:1123 com.android.server.InputMethodManagerService.hideCurrentInputLocked:1880 com.android.server.InputMethodManagerService.hideSoftInput:1843 com.android.internal.view.IInputMethodManager$Stub.onTransact:194 com.android.server.InputMethodManagerService.onTransact:818 
W/DebugConnManager(18633): getNetworkInfo() on networkType 0
W/DebugConnManager(18633): getNetworkInfo() on networkType 1
W/ContextImpl(  346): Calling a method in the system process without a qualified user: android.app.ContextImpl.sendBroadcast:1123 com.android.server.InputMethodManagerService.hideCurrentInputLocked:1880 com.android.server.InputMethodManagerService.hideSoftInput:1843 com.android.internal.view.IInputMethodManager$Stub.onTransact:194 com.android.server.InputMethodManagerService.onTransact:818 
D/dalvikvm(18633): GC_CONCURRENT freed 3268K, 31% free 7487K/10816K, paused 1ms+6ms, total 16ms
I/System.out(18633): body:<com.united.mobile.communications.android.AndroidWebserviceTask: java.net.URL buildURL(java.lang.String,java.util.Map,com.united.mobile.communications.HttpRequestGeneric)>	sig:specialinvoke $r4.<java.net.URL: void <init>(java.lang.String)>($r3)	timediff:0
I/System.out(18633): <com.united.mobile.communications.android.AndroidWebserviceTask: java.net.URL buildURL(java.lang.String,java.util.Map,com.united.mobile.communications.HttpRequestGeneric)>###specialinvoke $r4.<java.net.URL: void <init>(java.lang.String)>($r3)###https://smartphone.continental.com/UnitedMobileDataServices/api/CodeTable/GetPIAirports?applicationId=2&appversion=2.1.2&languagecode=en-US&transactionid=69d19eae-ae00-4d5f-a229-1078bd6b8f80%7C4e64d19e-d386-4039-9ca6-aeeafe8dd1cb&accesscode=ACCESSCODE&UID=2.1.2A&DID=b083feaa75293926
I/System.out(18633): body:<com.united.mobile.communications.android.AndroidWebserviceTask: void execute(com.united.mobile.communications.HttpRequestGeneric[])>	sig:$r12 = virtualinvoke $r7.<java.net.URL: java.lang.String toString()>()	timediff:0
D/Opening URL to(18633): https://smartphone.continental.com/UnitedMobileDataServices/api/CodeTable/GetPIAirports?applicationId=2&appversion=2.1.2&languagecode=en-US&transactionid=69d19eae-ae00-4d5f-a229-1078bd6b8f80%7C4e64d19e-d386-4039-9ca6-aeeafe8dd1cb&accesscode=ACCESSCODE&UID=2.1.2A&DID=b083feaa75293926
I/System.out(18633): body:<com.united.mobile.communications.android.AndroidWebserviceTask: void execute(com.united.mobile.communications.HttpRequestGeneric[])>	sig:$r12 = virtualinvoke $r7.<java.net.URL: java.lang.String toString()>()	timediff:0
W/EGL_emulation(18633): eglSurfaceAttrib not implemented 3093 12436
W/ViewRootImpl(18633): Dropping event due to no window focus: KeyEvent { action=ACTION_DOWN, keyCode=KEYCODE_DPAD_LEFT, scanCode=0, metaState=0, flags=0x8, repeatCount=0, eventTime=4738041, downTime=4738041, deviceId=-1, source=0x101 }
D/error   (18633): java.net.UnknownHostException: Unable to resolve host "smartphone.continental.com": No address associated with hostname
D/error stack trace(18633): [Ljava.lang.StackTraceElement;@4ab00fcc
W/DebugConnManager(18633): getNetworkInfo() on networkType 1
W/DebugConnManager(18633): getNetworkInfo() on networkType 0
W/DebugConnManager(18633): getNetworkInfo() on networkType 6
W/ViewRootImpl(18633): Dropping event due to no window focus: KeyEvent { action=ACTION_DOWN, keyCode=KEYCODE_DPAD_CENTER, scanCode=0, metaState=0, flags=0x8, repeatCount=0, eventTime=4738070, downTime=4738070, deviceId=-1, source=0x101 }
W/ViewRootImpl(18633): Dropping event due to no window focus: KeyEvent { action=ACTION_DOWN, keyCode=KEYCODE_MENU, scanCode=0, metaState=0, flags=0x8, repeatCount=0, eventTime=4738075, downTime=4738075, deviceId=-1, source=0x101 }
W/ContextImpl(  346): Calling a method in the system process without a qualified user: android.app.ContextImpl.sendBroadcast:1123 com.android.server.InputMethodManagerService.hideCurrentInputLocked:1880 com.android.server.InputMethodManagerService.windowGainedFocus:1968 com.android.internal.view.IInputMethodManager$Stub.onTransact:221 com.android.server.InputMethodManagerService.onTransact:818 
W/ViewRootImpl(18633): Dropping event due to no window focus: KeyEvent { action=ACTION_DOWN, keyCode=KEYCODE_DPAD_DOWN, scanCode=0, metaState=0, flags=0x8, repeatCount=0, eventTime=4738138, downTime=4738138, deviceId=-1, source=0x101 }
W/ContextImpl(  346): Calling a method in the system process without a qualified user: android.app.ContextImpl.sendBroadcast:1123 com.android.server.InputMethodManagerService.hideCurrentInputLocked:1880 com.android.server.InputMethodManagerService.windowGainedFocus:1968 com.android.internal.view.IInputMethodManager$Stub.onTransact:221 com.android.server.InputMethodManagerService.onTransact:818 
D/Main.onItemClick(18633): Is called
D/SEATMAP_FACTORY_FLAG(18633): SEATMAP_FACTORY_FLAG reset to false
W/ContextImpl(  346): Calling a method in the system process without a qualified user: android.app.ContextImpl.sendBroadcast:1123 com.android.server.InputMethodManagerService.hideCurrentInputLocked:1880 com.android.server.InputMethodManagerService.hideSoftInput:1843 com.android.internal.view.IInputMethodManager$Stub.onTransact:194 com.android.server.InputMethodManagerService.onTransact:818 
W/View    (18633): requestLayout() improperly called by android.widget.ImageView{4a7f6ea0 V.ED.... ......I. 183,448-720,598 #7f0b0bc6 app:id/main_menu_plane} during layout: running second layout pass
W/ContextImpl(  346): Calling a method in the system process without a qualified user: android.app.ContextImpl.sendBroadcast:1123 com.android.server.InputMethodManagerService.hideCurrentInputLocked:1880 com.android.server.InputMethodManagerService.hideSoftInput:1843 com.android.internal.view.IInputMethodManager$Stub.onTransact:194 com.android.server.InputMethodManagerService.onTransact:818 
W/ContextImpl(  346): Calling a method in the system process without a qualified user: android.app.ContextImpl.sendBroadcast:1123 com.android.server.InputMethodManagerService.hideCurrentInputLocked:1880 com.android.server.InputMethodManagerService.hideSoftInput:1843 com.android.internal.view.IInputMethodManager$Stub.onTransact:194 com.android.server.InputMethodManagerService.onTransact:818 
W/ContextImpl(  346): Calling a method in the system process without a qualified user: android.app.ContextImpl.sendBroadcast:1123 com.android.server.InputMethodManagerService.hideCurrentInputLocked:1880 com.android.server.InputMethodManagerService.hideSoftInput:1843 com.android.internal.view.IInputMethodManager$Stub.onTransact:194 com.android.server.InputMethodManagerService.onTransact:818 
W/DebugConnManager(18633): getNetworkInfo() on networkType 0
W/DebugConnManager(18633): getNetworkInfo() on networkType 1
D/dalvikvm(18633): GC_CONCURRENT freed 1417K, 30% free 7603K/10816K, paused 0ms+1ms, total 10ms
I/ActivityManager(  346): START u0 {act=android.intent.action.MAIN cat=[android.intent.category.LAUNCHER] flg=0x10200000 cmp=com.united.mobile.android/.SplashScreen} from pid 18430
I/ActivityManager(  346): START u0 {act=android.intent.action.MAIN cat=[android.intent.category.LAUNCHER] flg=0x10000000 sel={act=android.intent.action.MAIN cat=[android.intent.category.APP_CALCULATOR]}} from pid 346
V/InputMethodService(  631): onEvaluateInputViewShown: config.hardKeyboardHidden = 1
W/ContextImpl(  346): Calling a method in the system process without a qualified user: android.app.ContextImpl.sendBroadcast:1123 com.android.server.InputMethodManagerService.showCurrentInputLocked:1791 com.android.server.InputMethodManagerService.showSoftInput:1753 com.android.internal.view.IInputMethodManager$Stub.onTransact:175 com.android.server.InputMethodManagerService.onTransact:818 
V/InputMethodService(  631): onEvaluateInputViewShown: config.hardKeyboardHidden = 1
W/ContextImpl(  346): Calling a method in the system process without a qualified user: android.app.ContextImpl.sendBroadcast:1123 com.android.server.InputMethodManagerService.showCurrentInputLocked:1791 com.android.server.InputMethodManagerService.attachNewInputLocked:1095 com.android.server.InputMethodManagerService.startInputUncheckedLocked:1166 com.android.server.InputMethodManagerService.startInputLocked:1128 
W/EGL_emulation(18633): eglSurfaceAttrib not implemented 3093 12436
W/ViewRootImpl(18633): Dropping event due to no window focus: KeyEvent { action=ACTION_DOWN, keyCode=KEYCODE_DPAD_RIGHT, scanCode=0, metaState=0, flags=0x8, repeatCount=0, eventTime=4738667, downTime=4738667, deviceId=-1, source=0x101 }
W/InputManager(  346): Input event injection from pid 18430 failed.
W/InputEventReceiver(18633): Attempted to finish an input event but the input event receiver has already been disposed.
W/InputManager(  346): Input event injection from pid 18430 failed.
W/InputManager(  346): Input event injection from pid 18430 failed.
W/InputManager(  346): Input event injection from pid 18430 failed.
W/InputManager(  346): Input event injection from pid 18430 failed.
V/InputMethodService(  631): onEvaluateInputViewShown: config.hardKeyboardHidden = 1
W/InputMethodManagerService(  346): Window already focused, ignoring focus gain of: com.android.internal.view.IInputMethodClient$Stub$Proxy@4acbe784 attribute=android.view.inputmethod.EditorInfo@4ac73c20, token = android.os.BinderProxy@4acfcc30
W/ContextImpl(  346): Calling a method in the system process without a qualified user: android.app.ContextImpl.sendBroadcast:1123 com.android.server.InputMethodManagerService.showCurrentInputLocked:1791 com.android.server.InputMethodManagerService.attachNewInputLocked:1095 com.android.server.InputMethodManagerService.startInputUncheckedLocked:1166 com.android.server.InputMethodManagerService.windowGainedFocus:1932 
W/EGL_emulation(18633): eglSurfaceAttrib not implemented 3093 12436
V/InputMethodService(  631): onEvaluateInputViewShown: config.hardKeyboardHidden = 1
W/ContextImpl(  346): Calling a method in the system process without a qualified user: android.app.ContextImpl.sendBroadcast:1123 com.android.server.InputMethodManagerService.showCurrentInputLocked:1791 com.android.server.InputMethodManagerService.attachNewInputLocked:1095 com.android.server.InputMethodManagerService.startInputUncheckedLocked:1166 com.android.server.InputMethodManagerService.startInputLocked:1128 
V/PanelView(  531): animationTick called with dtms=0; nothing to do (h=0.0 v=0.0)
W/InputEventReceiver(18633): Attempted to finish an input event but the input event receiver has already been disposed.
W/InputMethodManagerService(  346): Window already focused, ignoring focus gain of: com.android.internal.view.IInputMethodClient$Stub$Proxy@4aa7d938 attribute=android.view.inputmethod.EditorInfo@4b1bc4c4, token = android.os.BinderProxy@4acfcc30
V/InputMethodService(  631): onEvaluateInputViewShown: config.hardKeyboardHidden = 1
W/ContextImpl(  346): Calling a method in the system process without a qualified user: android.app.ContextImpl.sendBroadcast:1123 com.android.server.InputMethodManagerService.showCurrentInputLocked:1791 com.android.server.InputMethodManagerService.attachNewInputLocked:1095 com.android.server.InputMethodManagerService.startInputUncheckedLocked:1166 com.android.server.InputMethodManagerService.windowGainedFocus:1932 
V/InputMethodService(  631): onEvaluateInputViewShown: config.hardKeyboardHidden = 1
V/InputMethodService(  631): onEvaluateInputViewShown: config.hardKeyboardHidden = 1
W/ContextImpl(  346): Calling a method in the system process without a qualified user: android.app.ContextImpl.sendBroadcast:1123 com.android.server.InputMethodManagerService.showCurrentInputLocked:1791 com.android.server.InputMethodManagerService.attachNewInputLocked:1095 com.android.server.InputMethodManagerService.startInputUncheckedLocked:1166 com.android.server.InputMethodManagerService.startInputLocked:1128 
W/ContextImpl(  346): Calling a method in the system process without a qualified user: android.app.ContextImpl.sendBroadcast:1123 com.android.server.InputMethodManagerService.showCurrentInputLocked:1791 com.android.server.InputMethodManagerService.showSoftInput:1753 com.android.internal.view.IInputMethodManager$Stub.onTransact:175 com.android.server.InputMethodManagerService.onTransact:818 
V/InputMethodService(  631): onEvaluateInputViewShown: config.hardKeyboardHidden = 1
W/ContextImpl(  346): Calling a method in the system process without a qualified user: android.app.ContextImpl.sendBroadcast:1123 com.android.server.InputMethodManagerService.showCurrentInputLocked:1791 com.android.server.InputMethodManagerService.attachNewInputLocked:1095 com.android.server.InputMethodManagerService.startInputUncheckedLocked:1166 com.android.server.InputMethodManagerService.startInputLocked:1128 
V/InputMethodService(  631): onEvaluateInputViewShown: config.hardKeyboardHidden = 1
W/ContextImpl(  346): Calling a method in the system process without a qualified user: android.app.ContextImpl.sendBroadcast:1123 com.android.server.InputMethodManagerService.showCurrentInputLocked:1791 com.android.server.InputMethodManagerService.attachNewInputLocked:1095 com.android.server.InputMethodManagerService.startInputUncheckedLocked:1166 com.android.server.InputMethodManagerService.startInputLocked:1128 
E/SurfaceFlinger(  172): glCheckFramebufferStatusOES error 36054
E/SurfaceFlinger(  172): got GL_FRAMEBUFFER_COMPLETE_OES error while taking screenshot
D/SurfaceFlinger(  172): setOrientation, mFbdev=0xb7d21d80, mFbDev->setOrientation=0xb69f9ce0, orientation=0
I/gralloc_nox(  172): setOrientation: orientation=0
I/InputReader(  346): Reconfiguring input devices.  changes=0x00000004
I/InputReader(  346): Device reconfigured: id=1, name='seamless mouse', size 1280x720, orientation 0, mode 1, display id 0
I/InputReader(  346): Device reconfigured: id=3, name='Android Input', size 1280x720, orientation 0, mode 1, display id 0
I/InputReader(  346): Device reconfigured: id=8, name='VirtualBox USB Tablet', size 1280x720, orientation 0, mode 1, display id 0
D/Tinker.DefaultAppLike(  670): onConfigurationChanged:{1.0 310mcc16mnc en_US ldltr sw480dp w853dp h454dp 240dpi lrg long land finger qwerty/v/v dpad/v s.76}
I/ActivityManager(  346): Config changes=480 {1.0 310mcc16mnc en_US ldltr sw480dp w853dp h454dp 240dpi lrg long land finger qwerty/v/v dpad/v s.76}
D/Sensors (  346): Client connection accepted (81)
D/PhoneStatusBar(  531): mSettingsPanelGravity = 55
V/InputMethodService(  631): onEvaluateInputViewShown: config.hardKeyboardHidden = 1
I/AndroidRuntime(18430): VM exiting with result code 0.
D/Main.onConfigurationChanged(18633): method called
W/ContextImpl(  346): Calling a method in the system process without a qualified user: android.app.ContextImpl.sendBroadcast:1123 com.android.server.InputMethodManagerService.showCurrentInputLocked:1791 com.android.server.InputMethodManagerService.attachNewInputLocked:1095 com.android.server.InputMethodManagerService.startInputUncheckedLocked:1166 com.android.server.InputMethodManagerService.startInputLocked:1128 
W/EGL_emulation(18633): eglSurfaceAttrib not implemented 3093 12436
W/EGL_emulation(  531): eglSurfaceAttrib not implemented 3093 12436
