I/System.out(11102): body:<com.a.a.b.g: boolean a(java.lang.String,java.util.Hashtable)>	sig:virtualinvoke $r2.<java.net.HttpURLConnection: int getResponseCode()>()	timediff:33
I/System.out(11102): body:<com.a.a.b.g: boolean a(java.lang.String,java.util.Hashtable)>	sig:$r12 = virtualinvoke $r2.<java.net.HttpURLConnection: java.io.InputStream getInputStream()>()	timediff:0
I/System.out(11102): body:<empirical.HelperClass: void printURLInfo(java.lang.String,java.lang.String,java.net.URLConnection)>	sig:$r0 = virtualinvoke urlConnection.<java.net.URLConnection: java.net.URL getURL()>()	timediff:0
I/System.out(11102): body:<empirical.HelperClass: void printURLInfo(java.lang.String,java.lang.String,java.net.URLConnection)>	sig:urlString = virtualinvoke $r0.<java.net.URL: java.lang.String toString()>()	timediff:0
I/System.out(11102): body:<empirical.HelperClass: void printURLInfo(java.lang.String,java.lang.String,java.net.URLConnection)>	sig:isDoOutput = virtualinvoke urlConnection.<java.net.URLConnection: boolean getDoOutput()>()	timediff:0
I/System.out(11102): body:<empirical.HelperClass: java.lang.String getHeaderField(java.net.URLConnection,java.lang.String)>	sig:data = virtualinvoke conn.<java.net.URLConnection: java.lang.String getHeaderField(java.lang.String)>(field)	timediff:0
I/System.out(11102): body:<empirical.HelperClass: java.lang.String getHeaderField(java.net.URLConnection,java.lang.String)>	sig:data = virtualinvoke conn.<java.net.URLConnection: java.lang.String getHeaderField(java.lang.String)>(field)	timediff:0
I/System.out(11102): body:<empirical.HelperClass: java.lang.String getHeaderField(java.net.URLConnection,java.lang.String)>	sig:data = virtualinvoke conn.<java.net.URLConnection: java.lang.String getHeaderField(java.lang.String)>(field)	timediff:0
I/System.out(11102): body:<empirical.HelperClass: java.lang.String getHeaderField(java.net.URLConnection,java.lang.String)>	sig:data = virtualinvoke conn.<java.net.URLConnection: java.lang.String getHeaderField(java.lang.String)>(field)	timediff:0
I/System.out(11102): body:<empirical.HelperClass: java.lang.String getHeaderField(java.net.URLConnection,java.lang.String)>	sig:data = virtualinvoke conn.<java.net.URLConnection: java.lang.String getHeaderField(java.lang.String)>(field)	timediff:0
I/System.out(11102): URLConn;%;19;%;<com.a.a.b.g: boolean a(java.lang.String,java.util.Hashtable)>;%;$r12 = virtualinvoke $r2.<java.net.HttpURLConnection: java.io.InputStream getInputStream()>();%;http://om.hotwire.com/b/ss/hotwireandroidprod/0/JAVA-3.2.2-AN/s38645212?AQB=1&ndh=1&ce=UTF-8&vid=541f8b9a1ba94834bdacad209835d367&v39=USD&t=13%2F3%2F2018%2017%3A35%3A22%205%20420&c.&a.&CarrierName=T-Mobile&DeviceName=SM-G955N&OSVersion=Android%204.4.2&Resolution=720x1280&.a&.c&cc=USD&v12=home%3Atopnav%3Anavigation-drawer&v16=9330496467153408%7Ctrack%7Chome%7C1523666122672%7Chome%3Atop-dest%3Alas-vegas%7C1523666122353%7Chome%3Atopnav%3Anavigation-drawer%7C1523666122672&c10=Logged-Out&pageName=home&v10=0&v22=9330496467153408&AQE=1;%;false;%;1;%;no-cache, no-store, max-age=0, no-transform, private;%;Fri, 13 Apr 2018 00:35:22 GMT;%;Not found;%;Not found
I/System.out(11102): body:<com.a.a.b.g: boolean a(java.lang.String,java.util.Hashtable)>	sig:virtualinvoke $r2.<java.net.HttpURLConnection: void disconnect()>()	timediff:0
I/ActivityManager(  314): START u0 {act=android.intent.action.MAIN cat=[android.intent.category.HOME] flg=0x10200000 cmp=com.vphone.launcher/.Launcher} from pid 314
D/dalvikvm(11102): GC_EXPLICIT freed 2139K, 11% free 24196K/27000K, paused 1ms+1ms, total 11ms
D/dalvikvm(  532): GC_FOR_ALLOC freed 1168K, 74% free 4331K/16400K, paused 4ms, total 4ms
D/dalvikvm(  314): GC_CONCURRENT freed 2151K, 59% free 12412K/30028K, paused 1ms+2ms, total 28ms
I/System.out(11102): body:<org.springframework.web.util.UriComponents: java.net.URI toUri()>	sig:specialinvoke $r2.<java.net.URI: void <init>(java.lang.String)>($r1)	timediff:0
I/System.out(11102): body:<org.springframework.http.client.SimpleClientHttpRequestFactory: org.springframework.http.client.ClientHttpRequest createRequest(java.net.URI,org.springframework.http.HttpMethod)>	sig:$r4 = virtualinvoke $r1.<java.net.URI: java.net.URL toURL()>()	timediff:0
I/System.out(11102): body:<org.springframework.http.client.SimpleClientHttpRequestFactory: java.net.HttpURLConnection openConnection(java.net.URL,java.net.Proxy)>	sig:$r3 = virtualinvoke $r1.<java.net.URL: java.net.URLConnection openConnection()>()	timediff:0
I/System.out(11102): body:<org.springframework.http.client.SimpleClientHttpRequestFactory: void prepareConnection(java.net.HttpURLConnection,java.lang.String)>	sig:virtualinvoke $r1.<java.net.HttpURLConnection: void setConnectTimeout(int)>($i0)	timediff:0
I/System.out(11102): body:<org.springframework.http.client.SimpleClientHttpRequestFactory: void prepareConnection(java.net.HttpURLConnection,java.lang.String)>	sig:virtualinvoke $r1.<java.net.HttpURLConnection: void setReadTimeout(int)>($i0)	timediff:0
I/System.out(11102): body:<org.springframework.http.client.SimpleClientHttpRequestFactory: void prepareConnection(java.net.HttpURLConnection,java.lang.String)>	sig:virtualinvoke $r1.<java.net.HttpURLConnection: void setDoInput(boolean)>(1)	timediff:0
I/System.out(11102): body:<org.springframework.http.client.SimpleClientHttpRequestFactory: void prepareConnection(java.net.HttpURLConnection,java.lang.String)>	sig:virtualinvoke $r1.<java.net.HttpURLConnection: void setInstanceFollowRedirects(boolean)>(0)	timediff:0
I/System.out(11102): body:<org.springframework.http.client.SimpleClientHttpRequestFactory: void prepareConnection(java.net.HttpURLConnection,java.lang.String)>	sig:virtualinvoke $r1.<java.net.HttpURLConnection: void setDoOutput(boolean)>(1)	timediff:0
I/System.out(11102): body:<org.springframework.http.client.SimpleClientHttpRequestFactory: void prepareConnection(java.net.HttpURLConnection,java.lang.String)>	sig:virtualinvoke $r1.<java.net.HttpURLConnection: void setRequestMethod(java.lang.String)>($r2)	timediff:0
I/dalvikvm(11102): Could not find method javax.xml.stream.XMLInputFactory.newInstance, referenced from method org.simpleframework.xml.c.aq.<init>
W/dalvikvm(11102): VFY: unable to resolve static method 57761: Ljavax/xml/stream/XMLInputFactory;.newInstance ()Ljavax/xml/stream/XMLInputFactory;
D/dalvikvm(11102): VFY: replacing opcode 0x71 at 0x0003
W/dalvikvm(11102): VFY: unable to find class referenced in signature (Ljavax/xml/stream/XMLEventReader;)
W/dalvikvm(11102): VFY: unable to find class referenced in signature (Ljavax/xml/stream/XMLEventReader;)
I/dalvikvm(11102): Could not find method javax.xml.stream.XMLInputFactory.createXMLEventReader, referenced from method org.simpleframework.xml.c.aq.a
W/dalvikvm(11102): VFY: unable to resolve virtual method 57760: Ljavax/xml/stream/XMLInputFactory;.createXMLEventReader (Ljava/io/Reader;)Ljavax/xml/stream/XMLEventReader;
D/dalvikvm(11102): VFY: replacing opcode 0x6e at 0x0002
D/dalvikvm(11102): processAnnotationValue failed on default for 'd'
I/ActivityManager(  314): START u0 {cmp=com.hotwire.hotels/.resultsmvp.activity.HotelResultsActivityMVP (has extras)} from pid 11102
W/ContextImpl(  314): Calling a method in the system process without a qualified user: android.app.ContextImpl.sendBroadcast:1123 com.android.server.InputMethodManagerService.hideCurrentInputLocked:1880 com.android.server.InputMethodManagerService.hideSoftInput:1843 com.android.internal.view.IInputMethodManager$Stub.onTransact:194 com.android.server.InputMethodManagerService.onTransact:818 
W/ViewRootImpl(11102): Dropping event due to no window focus: KeyEvent { action=ACTION_DOWN, keyCode=KEYCODE_DPAD_LEFT, scanCode=0, metaState=0, flags=0x400, repeatCount=0, eventTime=501378, downTime=501378, deviceId=-1, source=0x101 }
W/ViewRootImpl(11102): Dropping event due to no window focus: KeyEvent { action=ACTION_DOWN, keyCode=KEYCODE_DPAD_LEFT, scanCode=0, metaState=0, flags=0x400, repeatCount=0, eventTime=501378, downTime=501378, deviceId=-1, source=0x101 }
I/InputDispatcher(  314): Dropped event because of pending overdue app switch.
W/ViewRootImpl(11102): Dropping event due to no window focus: KeyEvent { action=ACTION_DOWN, keyCode=KEYCODE_DPAD_LEFT, scanCode=0, metaState=0, flags=0x400, repeatCount=0, eventTime=501378, downTime=501378, deviceId=-1, source=0x101 }
W/InputManager(  314): Input event injection from pid 11092 failed.
I/System.out(11102): body:<org.springframework.web.util.UriComponents: java.net.URI toUri()>	sig:specialinvoke $r2.<java.net.URI: void <init>(java.lang.String)>($r1)	timediff:0
I/System.out(11102): body:<org.springframework.http.client.SimpleClientHttpRequestFactory: org.springframework.http.client.ClientHttpRequest createRequest(java.net.URI,org.springframework.http.HttpMethod)>	sig:$r4 = virtualinvoke $r1.<java.net.URI: java.net.URL toURL()>()	timediff:0
I/System.out(11102): body:<org.springframework.http.client.SimpleClientHttpRequestFactory: java.net.HttpURLConnection openConnection(java.net.URL,java.net.Proxy)>	sig:$r3 = virtualinvoke $r1.<java.net.URL: java.net.URLConnection openConnection()>()	timediff:0
I/System.out(11102): body:<org.springframework.http.client.SimpleClientHttpRequestFactory: void prepareConnection(java.net.HttpURLConnection,java.lang.String)>	sig:virtualinvoke $r1.<java.net.HttpURLConnection: void setConnectTimeout(int)>($i0)	timediff:0
I/System.out(11102): body:<org.springframework.http.client.SimpleClientHttpRequestFactory: void prepareConnection(java.net.HttpURLConnection,java.lang.String)>	sig:virtualinvoke $r1.<java.net.HttpURLConnection: void setReadTimeout(int)>($i0)	timediff:0
I/System.out(11102): body:<org.springframework.http.client.SimpleClientHttpRequestFactory: void prepareConnection(java.net.HttpURLConnection,java.lang.String)>	sig:virtualinvoke $r1.<java.net.HttpURLConnection: void setDoInput(boolean)>(1)	timediff:0
I/System.out(11102): body:<org.springframework.http.client.SimpleClientHttpRequestFactory: void prepareConnection(java.net.HttpURLConnection,java.lang.String)>	sig:virtualinvoke $r1.<java.net.HttpURLConnection: void setInstanceFollowRedirects(boolean)>(0)	timediff:0
I/System.out(11102): body:<org.springframework.http.client.SimpleClientHttpRequestFactory: void prepareConnection(java.net.HttpURLConnection,java.lang.String)>	sig:virtualinvoke $r1.<java.net.HttpURLConnection: void setDoOutput(boolean)>(1)	timediff:0
I/System.out(11102): body:<org.springframework.http.client.SimpleClientHttpRequestFactory: void prepareConnection(java.net.HttpURLConnection,java.lang.String)>	sig:virtualinvoke $r1.<java.net.HttpURLConnection: void setRequestMethod(java.lang.String)>($r2)	timediff:0
W/EGL_emulation(11102): eglSurfaceAttrib not implemented 3093 12436
W/EGL_emulation(11102): eglSurfaceAttrib not implemented 3093 12436
W/ViewRootImpl(11102): Dropping event due to no window focus: KeyEvent { action=ACTION_DOWN, keyCode=KEYCODE_DPAD_RIGHT, scanCode=0, metaState=0, flags=0x8, repeatCount=0, eventTime=501395, downTime=501395, deviceId=-1, source=0x101 }
W/ViewRootImpl(11102): Dropping event due to no window focus: KeyEvent { action=ACTION_DOWN, keyCode=KEYCODE_DPAD_DOWN, scanCode=0, metaState=0, flags=0x8, repeatCount=0, eventTime=501440, downTime=501440, deviceId=-1, source=0x101 }
I/System.out(11102): body:<com.a.a.b.g: java.net.HttpURLConnection a(java.lang.String)>	sig:specialinvoke $r1.<java.net.URL: void <init>(java.lang.String)>($r0)	timediff:0
I/System.out(11102): <com.a.a.b.g: java.net.HttpURLConnection a(java.lang.String)>###specialinvoke $r1.<java.net.URL: void <init>(java.lang.String)>($r0)###http://om.hotwire.com/b/ss/hotwireandroidprod/0/JAVA-3.2.2-AN/s95419789?AQB=1&ndh=1&ce=UTF-8&vid=541f8b9a1ba94834bdacad209835d367&v4=10001&events=event5&cc=USD&v18=10001-Something%27s%20up%20with%20our%20app.%20Try%20again%20or%20come%20back%20later.&v10=0&v22=9330496467153408&pev2=home%3Atop-dest%3Aseattle&t=13%2F3%2F2018%2017%3A35%3A23%205%20420&c.&a.&CarrierName=T-Mobile&DeviceName=SM-G955N&OSVersion=Android%204.4.2&Resolution=720x1280&.a&.c&pe=lnk_o&v12=home%3Atop-dest%3Aseattle&v16=9330496467153408%7Clink%7Cnull%7Chome%7C1523666123334%7Chome%3Atop-dest%3Aseattle%7C1523666123252&c10=Logged-Out&pageName=home&v7=EXCEPTION&AQE=1
I/System.out(11102): body:<com.a.a.b.g: java.net.HttpURLConnection a(java.lang.String)>	sig:$r3 = virtualinvoke $r1.<java.net.URL: java.net.URLConnection openConnection()>()	timediff:0
I/System.out(11102): body:<com.a.a.b.g: boolean a(java.lang.String,java.util.Hashtable)>	sig:virtualinvoke $r2.<java.net.HttpURLConnection: void setConnectTimeout(int)>(5000)	timediff:0
I/System.out(11102): body:<com.a.a.b.g: boolean a(java.lang.String,java.util.Hashtable)>	sig:virtualinvoke $r2.<java.net.HttpURLConnection: void setReadTimeout(int)>(5000)	timediff:0
I/System.out(11102): body:<com.a.a.b.g: boolean a(java.lang.String,java.util.Hashtable)>	sig:virtualinvoke $r2.<java.net.HttpURLConnection: void setRequestProperty(java.lang.String,java.lang.String)>($r8, $r7)	timediff:0
I/System.out(11102): body:<com.a.a.b.g: boolean a(java.lang.String,java.util.Hashtable)>	sig:virtualinvoke $r2.<java.net.HttpURLConnection: void setRequestProperty(java.lang.String,java.lang.String)>($r8, $r7)	timediff:0
W/ViewRootImpl(11102): Dropping event due to no window focus: KeyEvent { action=ACTION_DOWN, keyCode=KEYCODE_DPAD_UP, scanCode=0, metaState=0, flags=0x8, repeatCount=0, eventTime=501445, downTime=501445, deviceId=-1, source=0x101 }
W/ContextImpl(  314): Calling a method in the system process without a qualified user: android.app.ContextImpl.sendBroadcast:1123 com.android.server.InputMethodManagerService.hideCurrentInputLocked:1880 com.android.server.InputMethodManagerService.windowGainedFocus:1968 com.android.internal.view.IInputMethodManager$Stub.onTransact:221 com.android.server.InputMethodManagerService.onTransact:818 
W/ViewRootImpl(11102): Dropping event due to no window focus: KeyEvent { action=ACTION_DOWN, keyCode=KEYCODE_DPAD_CENTER, scanCode=0, metaState=0, flags=0x8, repeatCount=0, eventTime=501472, downTime=501472, deviceId=-1, source=0x101 }
I/System.out(11102): body:<com.a.a.b.g: boolean a(java.lang.String,java.util.Hashtable)>	sig:virtualinvoke $r2.<java.net.HttpURLConnection: int getResponseCode()>()	timediff:33
I/System.out(11102): body:<com.a.a.b.g: boolean a(java.lang.String,java.util.Hashtable)>	sig:$r12 = virtualinvoke $r2.<java.net.HttpURLConnection: java.io.InputStream getInputStream()>()	timediff:0
I/System.out(11102): body:<empirical.HelperClass: void printURLInfo(java.lang.String,java.lang.String,java.net.URLConnection)>	sig:$r0 = virtualinvoke urlConnection.<java.net.URLConnection: java.net.URL getURL()>()	timediff:0
I/System.out(11102): body:<empirical.HelperClass: void printURLInfo(java.lang.String,java.lang.String,java.net.URLConnection)>	sig:urlString = virtualinvoke $r0.<java.net.URL: java.lang.String toString()>()	timediff:0
I/System.out(11102): body:<empirical.HelperClass: void printURLInfo(java.lang.String,java.lang.String,java.net.URLConnection)>	sig:isDoOutput = virtualinvoke urlConnection.<java.net.URLConnection: boolean getDoOutput()>()	timediff:0
I/System.out(11102): body:<empirical.HelperClass: java.lang.String getHeaderField(java.net.URLConnection,java.lang.String)>	sig:data = virtualinvoke conn.<java.net.URLConnection: java.lang.String getHeaderField(java.lang.String)>(field)	timediff:0
I/System.out(11102): body:<empirical.HelperClass: java.lang.String getHeaderField(java.net.URLConnection,java.lang.String)>	sig:data = virtualinvoke conn.<java.net.URLConnection: java.lang.String getHeaderField(java.lang.String)>(field)	timediff:0
I/System.out(11102): body:<empirical.HelperClass: java.lang.String getHeaderField(java.net.URLConnection,java.lang.String)>	sig:data = virtualinvoke conn.<java.net.URLConnection: java.lang.String getHeaderField(java.lang.String)>(field)	timediff:0
I/System.out(11102): body:<empirical.HelperClass: java.lang.String getHeaderField(java.net.URLConnection,java.lang.String)>	sig:data = virtualinvoke conn.<java.net.URLConnection: java.lang.String getHeaderField(java.lang.String)>(field)	timediff:0
I/System.out(11102): body:<empirical.HelperClass: java.lang.String getHeaderField(java.net.URLConnection,java.lang.String)>	sig:data = virtualinvoke conn.<java.net.URLConnection: java.lang.String getHeaderField(java.lang.String)>(field)	timediff:0
I/System.out(11102): URLConn;%;20;%;<com.a.a.b.g: boolean a(java.lang.String,java.util.Hashtable)>;%;$r12 = virtualinvoke $r2.<java.net.HttpURLConnection: java.io.InputStream getInputStream()>();%;http://om.hotwire.com/b/ss/hotwireandroidprod/0/JAVA-3.2.2-AN/s95419789?AQB=1&ndh=1&ce=UTF-8&vid=541f8b9a1ba94834bdacad209835d367&v4=10001&events=event5&cc=USD&v18=10001-Something%27s%20up%20with%20our%20app.%20Try%20again%20or%20come%20back%20later.&v10=0&v22=9330496467153408&pev2=home%3Atop-dest%3Aseattle&t=13%2F3%2F2018%2017%3A35%3A23%205%20420&c.&a.&CarrierName=T-Mobile&DeviceName=SM-G955N&OSVersion=Android%204.4.2&Resolution=720x1280&.a&.c&pe=lnk_o&v12=home%3Atop-dest%3Aseattle&v16=9330496467153408%7Clink%7Cnull%7Chome%7C1523666123334%7Chome%3Atop-dest%3Aseattle%7C1523666123252&c10=Logged-Out&pageName=home&v7=EXCEPTION&AQE=1;%;false;%;1;%;no-cache, no-store, max-age=0, no-transform, private;%;Fri, 13 Apr 2018 00:35:23 GMT;%;Not found;%;Not found
I/System.out(11102): body:<com.a.a.b.g: boolean a(java.lang.String,java.util.Hashtable)>	sig:virtualinvoke $r2.<java.net.HttpURLConnection: void disconnect()>()	timediff:0
W/EGL_emulation(11102): eglSurfaceAttrib not implemented 3093 12436
W/ViewRootImpl(11102): Dropping event due to no window focus: KeyEvent { action=ACTION_DOWN, keyCode=KEYCODE_DPAD_RIGHT, scanCode=0, metaState=0, flags=0x8, repeatCount=0, eventTime=501476, downTime=501476, deviceId=-1, source=0x101 }
W/InputEventReceiver(11102): Attempted to finish an input event but the input event receiver has already been disposed.
W/InputEventReceiver(11102): Attempted to finish an input event but the input event receiver has already been disposed.
W/ViewRootImpl(11102): Dropping event due to root view being removed: MotionEvent { action=ACTION_UP, id[0]=0, x[0]=514.8058, y[0]=377.46808, toolType[0]=TOOL_TYPE_UNKNOWN, buttonState=0, metaState=0, flags=0x0, edgeFlags=0x0, pointerCount=1, historySize=0, eventTime=501509, downTime=501509, deviceId=0, source=0x1002 }
W/InputMethodManagerService(  314): Window already focused, ignoring focus gain of: com.android.internal.view.IInputMethodClient$Stub$Proxy@4a83c634 attribute=android.view.inputmethod.EditorInfo@4aaf63b8, token = android.os.BinderProxy@4aa60368
I/ActivityManager(  314): START u0 {act=android.intent.action.MAIN cat=[android.intent.category.LAUNCHER] flg=0x10200000 cmp=com.hotwire.hotels/.home.view.HomePageActivity} from pid 11092
W/ContextImpl(  314): Calling a method in the system process without a qualified user: android.app.ContextImpl.sendBroadcast:1123 com.android.server.InputMethodManagerService.hideCurrentInputLocked:1880 com.android.server.InputMethodManagerService.hideSoftInput:1843 com.android.internal.view.IInputMethodManager$Stub.onTransact:194 com.android.server.InputMethodManagerService.onTransact:818 
W/EGL_emulation(11102): eglSurfaceAttrib not implemented 3093 12436
I/System.out(11102): body:<com.mobileapptracker.d: void a(java.lang.StringBuilder,java.lang.String,java.lang.String)>	sig:$r4 = staticinvoke <java.net.URLEncoder: java.lang.String encode(java.lang.String,java.lang.String)>($r2, "UTF-8")	timediff:0
I/System.out(11102): body:<com.mobileapptracker.d: void a(java.lang.StringBuilder,java.lang.String,java.lang.String)>	sig:$r4 = staticinvoke <java.net.URLEncoder: java.lang.String encode(java.lang.String,java.lang.String)>($r2, "UTF-8")	timediff:0
I/System.out(11102): body:<com.mobileapptracker.d: void a(java.lang.StringBuilder,java.lang.String,java.lang.String)>	sig:$r4 = staticinvoke <java.net.URLEncoder: java.lang.String encode(java.lang.String,java.lang.String)>($r2, "UTF-8")	timediff:0
I/System.out(11102): body:<com.mobileapptracker.d: void a(java.lang.StringBuilder,java.lang.String,java.lang.String)>	sig:$r4 = staticinvoke <java.net.URLEncoder: java.lang.String encode(java.lang.String,java.lang.String)>($r2, "UTF-8")	timediff:0
I/System.out(11102): body:<com.mobileapptracker.d: void a(java.lang.StringBuilder,java.lang.String,java.lang.String)>	sig:$r4 = staticinvoke <java.net.URLEncoder: java.lang.String encode(java.lang.String,java.lang.String)>($r2, "UTF-8")	timediff:0
I/System.out(11102): body:<com.mobileapptracker.d: void a(java.lang.StringBuilder,java.lang.String,java.lang.String)>	sig:$r4 = staticinvoke <java.net.URLEncoder: java.lang.String encode(java.lang.String,java.lang.String)>($r2, "UTF-8")	timediff:0
I/System.out(11102): body:<com.mobileapptracker.d: void a(java.lang.StringBuilder,java.lang.String,java.lang.String)>	sig:$r4 = staticinvoke <java.net.URLEncoder: java.lang.String encode(java.lang.String,java.lang.String)>($r2, "UTF-8")	timediff:0
I/System.out(11102): body:<com.mobileapptracker.d: void a(java.lang.StringBuilder,java.lang.String,java.lang.String)>	sig:$r4 = staticinvoke <java.net.URLEncoder: java.lang.String encode(java.lang.String,java.lang.String)>($r2, "UTF-8")	timediff:0
I/System.out(11102): body:<com.mobileapptracker.d: void a(java.lang.StringBuilder,java.lang.String,java.lang.String)>	sig:$r4 = staticinvoke <java.net.URLEncoder: java.lang.String encode(java.lang.String,java.lang.String)>($r2, "UTF-8")	timediff:0
I/System.out(11102): body:<com.mobileapptracker.d: void a(java.lang.StringBuilder,java.lang.String,java.lang.String)>	sig:$r4 = staticinvoke <java.net.URLEncoder: java.lang.String encode(java.lang.String,java.lang.String)>($r2, "UTF-8")	timediff:0
I/System.out(11102): body:<com.mobileapptracker.d: void a(java.lang.StringBuilder,java.lang.String,java.lang.String)>	sig:$r4 = staticinvoke <java.net.URLEncoder: java.lang.String encode(java.lang.String,java.lang.String)>($r2, "UTF-8")	timediff:0
I/System.out(11102): body:<com.mobileapptracker.d: void a(java.lang.StringBuilder,java.lang.String,java.lang.String)>	sig:$r4 = staticinvoke <java.net.URLEncoder: java.lang.String encode(java.lang.String,java.lang.String)>($r2, "UTF-8")	timediff:0
I/System.out(11102): body:<com.mobileapptracker.d: void a(java.lang.StringBuilder,java.lang.String,java.lang.String)>	sig:$r4 = staticinvoke <java.net.URLEncoder: java.lang.String encode(java.lang.String,java.lang.String)>($r2, "UTF-8")	timediff:0
I/System.out(11102): body:<com.mobileapptracker.d: void a(java.lang.StringBuilder,java.lang.String,java.lang.String)>	sig:$r4 = staticinvoke <java.net.URLEncoder: java.lang.String encode(java.lang.String,java.lang.String)>($r2, "UTF-8")	timediff:0
I/System.out(11102): body:<com.mobileapptracker.d: void a(java.lang.StringBuilder,java.lang.String,java.lang.String)>	sig:$r4 = staticinvoke <java.net.URLEncoder: java.lang.String encode(java.lang.String,java.lang.String)>($r2, "UTF-8")	timediff:0
I/System.out(11102): body:<com.mobileapptracker.d: void a(java.lang.StringBuilder,java.lang.String,java.lang.String)>	sig:$r4 = staticinvoke <java.net.URLEncoder: java.lang.String encode(java.lang.String,java.lang.String)>($r2, "UTF-8")	timediff:1
I/System.out(11102): body:<com.mobileapptracker.d: void a(java.lang.StringBuilder,java.lang.String,java.lang.String)>	sig:$r4 = staticinvoke <java.net.URLEncoder: java.lang.String encode(java.lang.String,java.lang.String)>($r2, "UTF-8")	timediff:0
I/System.out(11102): body:<com.mobileapptracker.d: void a(java.lang.StringBuilder,java.lang.String,java.lang.String)>	sig:$r4 = staticinvoke <java.net.URLEncoder: java.lang.String encode(java.lang.String,java.lang.String)>($r2, "UTF-8")	timediff:0
I/System.out(11102): body:<com.mobileapptracker.d: void a(java.lang.StringBuilder,java.lang.String,java.lang.String)>	sig:$r4 = staticinvoke <java.net.URLEncoder: java.lang.String encode(java.lang.String,java.lang.String)>($r2, "UTF-8")	timediff:0
I/System.out(11102): body:<com.mobileapptracker.d: void a(java.lang.StringBuilder,java.lang.String,java.lang.String)>	sig:$r4 = staticinvoke <java.net.URLEncoder: java.lang.String encode(java.lang.String,java.lang.String)>($r2, "UTF-8")	timediff:0
I/System.out(11102): body:<com.mobileapptracker.d: void a(java.lang.StringBuilder,java.lang.String,java.lang.String)>	sig:$r4 = staticinvoke <java.net.URLEncoder: java.lang.String encode(java.lang.String,java.lang.String)>($r2, "UTF-8")	timediff:0
I/System.out(11102): body:<com.mobileapptracker.d: void a(java.lang.StringBuilder,java.lang.String,java.lang.String)>	sig:$r4 = staticinvoke <java.net.URLEncoder: java.lang.String encode(java.lang.String,java.lang.String)>($r2, "UTF-8")	timediff:0
I/System.out(11102): body:<com.mobileapptracker.d: void a(java.lang.StringBuilder,java.lang.String,java.lang.String)>	sig:$r4 = staticinvoke <java.net.URLEncoder: java.lang.String encode(java.lang.String,java.lang.String)>($r2, "UTF-8")	timediff:0
I/System.out(11102): body:<com.mobileapptracker.d: void a(java.lang.StringBuilder,java.lang.String,java.lang.String)>	sig:$r4 = staticinvoke <java.net.URLEncoder: java.lang.String encode(java.lang.String,java.lang.String)>($r2, "UTF-8")	timediff:0
I/System.out(11102): body:<com.mobileapptracker.d: void a(java.lang.StringBuilder,java.lang.String,java.lang.String)>	sig:$r4 = staticinvoke <java.net.URLEncoder: java.lang.String encode(java.lang.String,java.lang.String)>($r2, "UTF-8")	timediff:0
I/System.out(11102): body:<com.mobileapptracker.d: void a(java.lang.StringBuilder,java.lang.String,java.lang.String)>	sig:$r4 = staticinvoke <java.net.URLEncoder: java.lang.String encode(java.lang.String,java.lang.String)>($r2, "UTF-8")	timediff:0
I/System.out(11102): body:<com.mobileapptracker.d: void a(java.lang.StringBuilder,java.lang.String,java.lang.String)>	sig:$r4 = staticinvoke <java.net.URLEncoder: java.lang.String encode(java.lang.String,java.lang.String)>($r2, "UTF-8")	timediff:0
I/System.out(11102): body:<com.mobileapptracker.d: void a(java.lang.StringBuilder,java.lang.String,java.lang.String)>	sig:$r4 = staticinvoke <java.net.URLEncoder: java.lang.String encode(java.lang.String,java.lang.String)>($r2, "UTF-8")	timediff:0
I/System.out(11102): body:<com.mobileapptracker.d: void a(java.lang.StringBuilder,java.lang.String,java.lang.String)>	sig:$r4 = staticinvoke <java.net.URLEncoder: java.lang.String encode(java.lang.String,java.lang.String)>($r2, "UTF-8")	timediff:0
I/System.out(11102): body:<com.mobileapptracker.d: void a(java.lang.StringBuilder,java.lang.String,java.lang.String)>	sig:$r4 = staticinvoke <java.net.URLEncoder: java.lang.String encode(java.lang.String,java.lang.String)>($r2, "UTF-8")	timediff:0
I/System.out(11102): body:<com.mobileapptracker.d: void a(java.lang.StringBuilder,java.lang.String,java.lang.String)>	sig:$r4 = staticinvoke <java.net.URLEncoder: java.lang.String encode(java.lang.String,java.lang.String)>($r2, "UTF-8")	timediff:0
I/System.out(11102): body:<com.mobileapptracker.d: void a(java.lang.StringBuilder,java.lang.String,java.lang.String)>	sig:$r4 = staticinvoke <java.net.URLEncoder: java.lang.String encode(java.lang.String,java.lang.String)>($r2, "UTF-8")	timediff:0
I/System.out(11102): body:<com.mobileapptracker.d: void a(java.lang.StringBuilder,java.lang.String,java.lang.String)>	sig:$r4 = staticinvoke <java.net.URLEncoder: java.lang.String encode(java.lang.String,java.lang.String)>($r2, "UTF-8")	timediff:0
I/System.out(11102): body:<com.mobileapptracker.d: void a(java.lang.StringBuilder,java.lang.String,java.lang.String)>	sig:$r4 = staticinvoke <java.net.URLEncoder: java.lang.String encode(java.lang.String,java.lang.String)>($r2, "UTF-8")	timediff:0
I/System.out(11102): body:<com.mobileapptracker.d: void a(java.lang.StringBuilder,java.lang.String,java.lang.String)>	sig:$r4 = staticinvoke <java.net.URLEncoder: java.lang.String encode(java.lang.String,java.lang.String)>($r2, "UTF-8")	timediff:0
I/System.out(11102): body:<com.mobileapptracker.d: void a(java.lang.StringBuilder,java.lang.String,java.lang.String)>	sig:$r4 = staticinvoke <java.net.URLEncoder: java.lang.String encode(java.lang.String,java.lang.String)>($r2, "UTF-8")	timediff:0
I/System.out(11102): body:<com.mobileapptracker.d: void a(java.lang.StringBuilder,java.lang.String,java.lang.String)>	sig:$r4 = staticinvoke <java.net.URLEncoder: java.lang.String encode(java.lang.String,java.lang.String)>($r2, "UTF-8")	timediff:0
I/System.out(11102): body:<com.mobileapptracker.d: void a(java.lang.StringBuilder,java.lang.String,java.lang.String)>	sig:$r4 = staticinvoke <java.net.URLEncoder: java.lang.String encode(java.lang.String,java.lang.String)>($r2, "UTF-8")	timediff:0
I/System.out(11102): body:<com.mobileapptracker.d: void a(java.lang.StringBuilder,java.lang.String,java.lang.String)>	sig:$r4 = staticinvoke <java.net.URLEncoder: java.lang.String encode(java.lang.String,java.lang.String)>($r2, "UTF-8")	timediff:0
I/System.out(11102): body:<com.mobileapptracker.d: void a(java.lang.StringBuilder,java.lang.String,java.lang.String)>	sig:$r4 = staticinvoke <java.net.URLEncoder: java.lang.String encode(java.lang.String,java.lang.String)>($r2, "UTF-8")	timediff:0
I/System.out(11102): body:<com.mobileapptracker.d: void a(java.lang.StringBuilder,java.lang.String,java.lang.String)>	sig:$r4 = staticinvoke <java.net.URLEncoder: java.lang.String encode(java.lang.String,java.lang.String)>($r2, "UTF-8")	timediff:0
I/System.out(11102): body:<com.mobileapptracker.d: void a(java.lang.StringBuilder,java.lang.String,java.lang.String)>	sig:$r4 = staticinvoke <java.net.URLEncoder: java.lang.String encode(java.lang.String,java.lang.String)>($r2, "UTF-8")	timediff:0
I/System.out(11102): body:<com.mobileapptracker.d: void a(java.lang.StringBuilder,java.lang.String,java.lang.String)>	sig:$r4 = staticinvoke <java.net.URLEncoder: java.lang.String encode(java.lang.String,java.lang.String)>($r2, "UTF-8")	timediff:0
I/System.out(11102): body:<com.mobileapptracker.d: void a(java.lang.StringBuilder,java.lang.String,java.lang.String)>	sig:$r4 = staticinvoke <java.net.URLEncoder: java.lang.String encode(java.lang.String,java.lang.String)>($r2, "UTF-8")	timediff:0
I/System.out(11102): body:<com.mobileapptracker.d: void a(java.lang.StringBuilder,java.lang.String,java.lang.String)>	sig:$r4 = staticinvoke <java.net.URLEncoder: java.lang.String encode(java.lang.String,java.lang.String)>($r2, "UTF-8")	timediff:0
I/System.out(11102): body:<com.mobileapptracker.d: void a(java.lang.StringBuilder,java.lang.String,java.lang.String)>	sig:$r4 = staticinvoke <java.net.URLEncoder: java.lang.String encode(java.lang.String,java.lang.String)>($r2, "UTF-8")	timediff:0
I/System.out(11102): body:<com.mobileapptracker.d: void a(java.lang.StringBuilder,java.lang.String,java.lang.String)>	sig:$r4 = staticinvoke <java.net.URLEncoder: java.lang.String encode(java.lang.String,java.lang.String)>($r2, "UTF-8")	timediff:0
I/System.out(11102): body:<com.mobileapptracker.d: void a(java.lang.StringBuilder,java.lang.String,java.lang.String)>	sig:$r4 = staticinvoke <java.net.URLEncoder: java.lang.String encode(java.lang.String,java.lang.String)>($r2, "UTF-8")	timediff:0
I/System.out(11102): body:<com.mobileapptracker.d: void a(java.lang.StringBuilder,java.lang.String,java.lang.String)>	sig:$r4 = staticinvoke <java.net.URLEncoder: java.lang.String encode(java.lang.String,java.lang.String)>($r2, "UTF-8")	timediff:0
I/System.out(11102): body:<com.mobileapptracker.d: void a(java.lang.StringBuilder,java.lang.String,java.lang.String)>	sig:$r4 = staticinvoke <java.net.URLEncoder: java.lang.String encode(java.lang.String,java.lang.String)>($r2, "UTF-8")	timediff:0
I/System.out(11102): body:<com.mobileapptracker.d: void a(java.lang.StringBuilder,java.lang.String,java.lang.String)>	sig:$r4 = staticinvoke <java.net.URLEncoder: java.lang.String encode(java.lang.String,java.lang.String)>($r2, "UTF-8")	timediff:0
I/System.out(11102): body:<com.mobileapptracker.d: void a(java.lang.StringBuilder,java.lang.String,java.lang.String)>	sig:$r4 = staticinvoke <java.net.URLEncoder: java.lang.String encode(java.lang.String,java.lang.String)>($r2, "UTF-8")	timediff:0
I/System.out(11102): body:<com.mobileapptracker.d: void a(java.lang.StringBuilder,java.lang.String,java.lang.String)>	sig:$r4 = staticinvoke <java.net.URLEncoder: java.lang.String encode(java.lang.String,java.lang.String)>($r2, "UTF-8")	timediff:0
I/System.out(11102): body:<com.mobileapptracker.d: void a(java.lang.StringBuilder,java.lang.String,java.lang.String)>	sig:$r4 = staticinvoke <java.net.URLEncoder: java.lang.String encode(java.lang.String,java.lang.String)>($r2, "UTF-8")	timediff:0
I/System.out(11102): body:<com.mobileapptracker.d: void a(java.lang.StringBuilder,java.lang.String,java.lang.String)>	sig:$r4 = staticinvoke <java.net.URLEncoder: java.lang.String encode(java.lang.String,java.lang.String)>($r2, "UTF-8")	timediff:0
I/System.out(11102): body:<com.mobileapptracker.d: void a(java.lang.StringBuilder,java.lang.String,java.lang.String)>	sig:$r4 = staticinvoke <java.net.URLEncoder: java.lang.String encode(java.lang.String,java.lang.String)>($r2, "UTF-8")	timediff:0
I/System.out(11102): body:<com.mobileapptracker.d: void a(java.lang.StringBuilder,java.lang.String,java.lang.String)>	sig:$r4 = staticinvoke <java.net.URLEncoder: java.lang.String encode(java.lang.String,java.lang.String)>($r2, "UTF-8")	timediff:0
I/System.out(11102): body:<com.mobileapptracker.d: void a(java.lang.StringBuilder,java.lang.String,java.lang.String)>	sig:$r4 = staticinvoke <java.net.URLEncoder: java.lang.String encode(java.lang.String,java.lang.String)>($r2, "UTF-8")	timediff:0
I/System.out(11102): body:<com.mobileapptracker.d: void a(java.lang.StringBuilder,java.lang.String,java.lang.String)>	sig:$r4 = staticinvoke <java.net.URLEncoder: java.lang.String encode(java.lang.String,java.lang.String)>($r2, "UTF-8")	timediff:0
W/EGL_emulation(11102): eglSurfaceAttrib not implemented 3093 12436
W/EGL_emulation(11102): eglSurfaceAttrib not implemented 3093 12436
W/ViewRootImpl(11102): Dropping event due to no window focus: KeyEvent { action=ACTION_DOWN, keyCode=KEYCODE_MENU, scanCode=0, metaState=0, flags=0x8, repeatCount=0, eventTime=501601, downTime=501601, deviceId=-1, source=0x101 }
V/PanelView(  532): animationTick called with dtms=0; nothing to do (h=0.0 v=-0.0)
I/System.out(11102): body:<com.a.a.b.g: java.net.HttpURLConnection a(java.lang.String)>	sig:specialinvoke $r1.<java.net.URL: void <init>(java.lang.String)>($r0)	timediff:0
I/System.out(11102): <com.a.a.b.g: java.net.HttpURLConnection a(java.lang.String)>###specialinvoke $r1.<java.net.URL: void <init>(java.lang.String)>($r0)###http://om.hotwire.com/b/ss/hotwireandroidprod/0/JAVA-3.2.2-AN/s16399713?AQB=1&ndh=1&ce=UTF-8&vid=541f8b9a1ba94834bdacad209835d367&v39=USD&t=13%2F3%2F2018%2017%3A35%3A23%205%20420&c.&a.&CarrierName=T-Mobile&DeviceName=SM-G955N&OSVersion=Android%204.4.2&Resolution=720x1280&.a&.c&cc=USD&v12=home%3Ascroll%3Adown&v16=9330496467153408%7Ctrack%7Chome%7C1523666123596%7Chome%3Ascroll%3Adown%7C1523666123596&c10=Logged-Out&pageName=home&v10=0&v22=9330496467153408&AQE=1
I/System.out(11102): body:<com.a.a.b.g: java.net.HttpURLConnection a(java.lang.String)>	sig:$r3 = virtualinvoke $r1.<java.net.URL: java.net.URLConnection openConnection()>()	timediff:0
I/System.out(11102): body:<com.a.a.b.g: boolean a(java.lang.String,java.util.Hashtable)>	sig:virtualinvoke $r2.<java.net.HttpURLConnection: void setConnectTimeout(int)>(5000)	timediff:0
I/System.out(11102): body:<com.a.a.b.g: boolean a(java.lang.String,java.util.Hashtable)>	sig:virtualinvoke $r2.<java.net.HttpURLConnection: void setReadTimeout(int)>(5000)	timediff:0
I/System.out(11102): body:<com.a.a.b.g: boolean a(java.lang.String,java.util.Hashtable)>	sig:virtualinvoke $r2.<java.net.HttpURLConnection: void setRequestProperty(java.lang.String,java.lang.String)>($r8, $r7)	timediff:0
I/System.out(11102): body:<com.a.a.b.g: boolean a(java.lang.String,java.util.Hashtable)>	sig:virtualinvoke $r2.<java.net.HttpURLConnection: void setRequestProperty(java.lang.String,java.lang.String)>($r8, $r7)	timediff:0
I/System.out(11102): body:<com.a.a.b.g: boolean a(java.lang.String,java.util.Hashtable)>	sig:virtualinvoke $r2.<java.net.HttpURLConnection: int getResponseCode()>()	timediff:32
I/System.out(11102): body:<com.a.a.b.g: boolean a(java.lang.String,java.util.Hashtable)>	sig:$r12 = virtualinvoke $r2.<java.net.HttpURLConnection: java.io.InputStream getInputStream()>()	timediff:0
I/System.out(11102): body:<empirical.HelperClass: void printURLInfo(java.lang.String,java.lang.String,java.net.URLConnection)>	sig:$r0 = virtualinvoke urlConnection.<java.net.URLConnection: java.net.URL getURL()>()	timediff:0
I/System.out(11102): body:<empirical.HelperClass: void printURLInfo(java.lang.String,java.lang.String,java.net.URLConnection)>	sig:urlString = virtualinvoke $r0.<java.net.URL: java.lang.String toString()>()	timediff:0
I/System.out(11102): body:<empirical.HelperClass: void printURLInfo(java.lang.String,java.lang.String,java.net.URLConnection)>	sig:isDoOutput = virtualinvoke urlConnection.<java.net.URLConnection: boolean getDoOutput()>()	timediff:0
I/System.out(11102): body:<empirical.HelperClass: java.lang.String getHeaderField(java.net.URLConnection,java.lang.String)>	sig:data = virtualinvoke conn.<java.net.URLConnection: java.lang.String getHeaderField(java.lang.String)>(field)	timediff:0
I/System.out(11102): body:<empirical.HelperClass: java.lang.String getHeaderField(java.net.URLConnection,java.lang.String)>	sig:data = virtualinvoke conn.<java.net.URLConnection: java.lang.String getHeaderField(java.lang.String)>(field)	timediff:0
I/System.out(11102): body:<empirical.HelperClass: java.lang.String getHeaderField(java.net.URLConnection,java.lang.String)>	sig:data = virtualinvoke conn.<java.net.URLConnection: java.lang.String getHeaderField(java.lang.String)>(field)	timediff:0
I/System.out(11102): body:<empirical.HelperClass: java.lang.String getHeaderField(java.net.URLConnection,java.lang.String)>	sig:data = virtualinvoke conn.<java.net.URLConnection: java.lang.String getHeaderField(java.lang.String)>(field)	timediff:0
I/System.out(11102): body:<empirical.HelperClass: java.lang.String getHeaderField(java.net.URLConnection,java.lang.String)>	sig:data = virtualinvoke conn.<java.net.URLConnection: java.lang.String getHeaderField(java.lang.String)>(field)	timediff:0
I/System.out(11102): URLConn;%;21;%;<com.a.a.b.g: boolean a(java.lang.String,java.util.Hashtable)>;%;$r12 = virtualinvoke $r2.<java.net.HttpURLConnection: java.io.InputStream getInputStream()>();%;http://om.hotwire.com/b/ss/hotwireandroidprod/0/JAVA-3.2.2-AN/s16399713?AQB=1&ndh=1&ce=UTF-8&vid=541f8b9a1ba94834bdacad209835d367&v39=USD&t=13%2F3%2F2018%2017%3A35%3A23%205%20420&c.&a.&CarrierName=T-Mobile&DeviceName=SM-G955N&OSVersion=Android%204.4.2&Resolution=720x1280&.a&.c&cc=USD&v12=home%3Ascroll%3Adown&v16=9330496467153408%7Ctrack%7Chome%7C1523666123596%7Chome%3Ascroll%3Adown%7C1523666123596&c10=Logged-Out&pageName=home&v10=0&v22=9330496467153408&AQE=1;%;false;%;1;%;no-cache, no-store, max-age=0, no-transform, private;%;Fri, 13 Apr 2018 00:35:23 GMT;%;Not found;%;Not found
I/System.out(11102): body:<com.a.a.b.g: boolean a(java.lang.String,java.util.Hashtable)>	sig:virtualinvoke $r2.<java.net.HttpURLConnection: void disconnect()>()	timediff:0
W/ContextImpl(  314): Calling a method in the system process without a qualified user: android.app.ContextImpl.sendBroadcast:1123 com.android.server.InputMethodManagerService.hideCurrentInputLocked:1880 com.android.server.InputMethodManagerService.windowGainedFocus:1968 com.android.internal.view.IInputMethodManager$Stub.onTransact:221 com.android.server.InputMethodManagerService.onTransact:818 
I/ActivityManager(  314): START u0 {flg=0x24000000 cmp=com.hotwire.hotels/com.hotwire.user.view.CreateAccountActivity} from pid 11102
W/ContextImpl(  314): Calling a method in the system process without a qualified user: android.app.ContextImpl.sendBroadcast:1123 com.android.server.InputMethodManagerService.hideCurrentInputLocked:1880 com.android.server.InputMethodManagerService.hideSoftInput:1843 com.android.internal.view.IInputMethodManager$Stub.onTransact:194 com.android.server.InputMethodManagerService.onTransact:818 
I/System.out(11102): body:<com.a.a.b.g: java.net.HttpURLConnection a(java.lang.String)>	sig:specialinvoke $r1.<java.net.URL: void <init>(java.lang.String)>($r0)	timediff:0
I/System.out(11102): <com.a.a.b.g: java.net.HttpURLConnection a(java.lang.String)>###specialinvoke $r1.<java.net.URL: void <init>(java.lang.String)>($r0)###http://om.hotwire.com/b/ss/hotwireandroidprod/0/JAVA-3.2.2-AN/s73943818?AQB=1&ndh=1&ce=UTF-8&vid=541f8b9a1ba94834bdacad209835d367&v39=USD&t=13%2F3%2F2018%2017%3A35%3A23%205%20420&c.&a.&CarrierName=T-Mobile&DeviceName=SM-G955N&OSVersion=Android%204.4.2&Resolution=720x1280&.a&.c&cc=USD&v12=home%3Aaccount%3Acreate&v16=9330496467153408%7Ctrack%7Ccreate-account%7C1523666123808%7Chome%3Aaccount%3Acreate%7C1523666123761&c10=Logged-Out&pageName=create-account&v10=0&v22=9330496467153408&AQE=1
I/System.out(11102): body:<com.a.a.b.g: java.net.HttpURLConnection a(java.lang.String)>	sig:$r3 = virtualinvoke $r1.<java.net.URL: java.net.URLConnection openConnection()>()	timediff:0
I/System.out(11102): body:<com.a.a.b.g: boolean a(java.lang.String,java.util.Hashtable)>	sig:virtualinvoke $r2.<java.net.HttpURLConnection: void setConnectTimeout(int)>(5000)	timediff:0
I/System.out(11102): body:<com.a.a.b.g: boolean a(java.lang.String,java.util.Hashtable)>	sig:virtualinvoke $r2.<java.net.HttpURLConnection: void setReadTimeout(int)>(5000)	timediff:0
I/System.out(11102): body:<com.a.a.b.g: boolean a(java.lang.String,java.util.Hashtable)>	sig:virtualinvoke $r2.<java.net.HttpURLConnection: void setRequestProperty(java.lang.String,java.lang.String)>($r8, $r7)	timediff:0
I/System.out(11102): body:<com.a.a.b.g: boolean a(java.lang.String,java.util.Hashtable)>	sig:virtualinvoke $r2.<java.net.HttpURLConnection: void setRequestProperty(java.lang.String,java.lang.String)>($r8, $r7)	timediff:0
D/dalvikvm(11102): GC_EXPLICIT freed 5029K, 18% free 24844K/30004K, paused 0ms+1ms, total 13ms
E/WindowManager(11102): 
E/WindowManager(11102): android.view.WindowLeaked: Activity com.hotwire.hotels.resultsmvp.activity.HotelResultsActivityMVP has leaked window com.android.internal.policy.impl.PhoneWindow$DecorView{4b4a9814 V.E..... ......ID 0,0-444,230} that was originally added here
E/WindowManager(11102): 	at android.view.ViewRootImpl.<init>(ViewRootImpl.java:348)
E/WindowManager(11102): 	at android.view.WindowManagerGlobal.addView(WindowManagerGlobal.java:248)
E/WindowManager(11102): 	at android.view.WindowManagerImpl.addView(WindowManagerImpl.java:69)
E/WindowManager(11102): 	at com.android.internal.policy.impl.PhoneWindow.openPanel(PhoneWindow.java:672)
E/WindowManager(11102): 	at com.android.internal.policy.impl.PhoneWindow.onKeyUpPanel(PhoneWindow.java:879)
E/WindowManager(11102): 	at com.android.internal.policy.impl.PhoneWindow.onKeyUp(PhoneWindow.java:1630)
E/WindowManager(11102): 	at com.android.internal.policy.impl.PhoneWindow$DecorView.dispatchKeyEvent(PhoneWindow.java:1969)
E/WindowManager(11102): 	at android.view.ViewRootImpl$ViewPostImeInputStage.processKeyEvent(ViewRootImpl.java:3876)
E/WindowManager(11102): 	at android.view.ViewRootImpl$ViewPostImeInputStage.onProcess(ViewRootImpl.java:3850)
E/WindowManager(11102): 	at android.view.ViewRootImpl$InputStage.deliver(ViewRootImpl.java:3423)
E/WindowManager(11102): 	at android.view.ViewRootImpl$InputStage.onDeliverToNext(ViewRootImpl.java:3473)
E/WindowManager(11102): 	at android.view.ViewRootImpl$InputStage.forward(ViewRootImpl.java:3442)
E/WindowManager(11102): 	at android.view.ViewRootImpl$AsyncInputStage.forward(ViewRootImpl.java:3549)
E/WindowManager(11102): 	at android.view.ViewRootImpl$InputStage.apply(ViewRootImpl.java:3450)
E/WindowManager(11102): 	at android.view.ViewRootImpl$AsyncInputStage.apply(ViewRootImpl.java:3606)
E/WindowManager(11102): 	at android.view.ViewRootImpl$InputStage.deliver(ViewRootImpl.java:3423)
E/WindowManager(11102): 	at android.view.ViewRootImpl$InputStage.onDeliverToNext(ViewRootImpl.java:3473)
E/WindowManager(11102): 	at android.view.ViewRootImpl$InputStage.forward(ViewRootImpl.java:3442)
E/WindowManager(11102): 	at android.view.ViewRootImpl$InputStage.apply(ViewRootImpl.java:3450)
E/WindowManager(11102): 	at android.view.ViewRootImpl$InputStage.deliver(ViewRootImpl.java:3423)
E/WindowManager(11102): 	at android.view.ViewRootImpl$InputStage.onDeliverToNext(ViewRootImpl.java:3473)
E/WindowManager(11102): 	at android.view.ViewRootImpl$InputStage.forward(ViewRootImpl.java:3442)
E/WindowManager(11102): 	at android.view.ViewRootImpl$AsyncInputStage.forward(ViewRootImpl.java:3582)
E/WindowManager(11102): 	at android.view.ViewRootImpl$ImeInputStage.onFinishedInputEvent(ViewRootImpl.java:3742)
E/WindowManager(11102): 	at android.view.inputmethod.InputMethodManager$PendingEvent.run(InputMethodManager.java:2010)
E/WindowManager(11102): 	at android.view.inputmethod.InputMethodManager.invokeFinishedInputEventCallback(InputMethodManager.java:1704)
E/WindowManager(11102): 	at android.view.inputmethod.InputMethodManager.finishedInputEvent(InputMethodManager.java:1695)
E/WindowManager(11102): 	at android.view.inputmethod.InputMethodManager$ImeInputEventSender.onInputEventFinished(InputMethodManager.java:1987)
E/WindowManager(11102): 	at android.view.InputEventSender.dispatchInputEventFinished(InputEventSender.java:141)
E/WindowManager(11102): 	at android.os.MessageQueue.nativePollOnce(Native Method)
E/WindowManager(11102): 	at android.os.MessageQueue.next(MessageQueue.java:138)
E/WindowManager(11102): 	at android.os.Looper.loop(Looper.java:123)
E/WindowManager(11102): 	at android.app.ActivityThread.main(ActivityThread.java:5019)
E/WindowManager(11102): 	at java.lang.reflect.Method.invokeNative(Native Method)
E/WindowManager(11102): 	at java.lang.reflect.Method.invoke(Method.java:515)
E/WindowManager(11102): 	at com.android.internal.os.ZygoteInit$MethodAndArgsCaller.run(ZygoteInit.java:779)
E/WindowManager(11102): 	at com.android.internal.os.ZygoteInit.main(ZygoteInit.java:595)
E/WindowManager(11102): 	at dalvik.system.NativeStart.main(Native Method)
I/System.out(11102): body:<com.a.a.b.g: boolean a(java.lang.String,java.util.Hashtable)>	sig:virtualinvoke $r2.<java.net.HttpURLConnection: int getResponseCode()>()	timediff:34
I/System.out(11102): body:<com.a.a.b.g: boolean a(java.lang.String,java.util.Hashtable)>	sig:$r12 = virtualinvoke $r2.<java.net.HttpURLConnection: java.io.InputStream getInputStream()>()	timediff:0
I/System.out(11102): body:<empirical.HelperClass: void printURLInfo(java.lang.String,java.lang.String,java.net.URLConnection)>	sig:$r0 = virtualinvoke urlConnection.<java.net.URLConnection: java.net.URL getURL()>()	timediff:0
I/System.out(11102): body:<empirical.HelperClass: void printURLInfo(java.lang.String,java.lang.String,java.net.URLConnection)>	sig:urlString = virtualinvoke $r0.<java.net.URL: java.lang.String toString()>()	timediff:0
I/System.out(11102): body:<empirical.HelperClass: void printURLInfo(java.lang.String,java.lang.String,java.net.URLConnection)>	sig:isDoOutput = virtualinvoke urlConnection.<java.net.URLConnection: boolean getDoOutput()>()	timediff:0
I/System.out(11102): body:<empirical.HelperClass: java.lang.String getHeaderField(java.net.URLConnection,java.lang.String)>	sig:data = virtualinvoke conn.<java.net.URLConnection: java.lang.String getHeaderField(java.lang.String)>(field)	timediff:0
I/System.out(11102): body:<empirical.HelperClass: java.lang.String getHeaderField(java.net.URLConnection,java.lang.String)>	sig:data = virtualinvoke conn.<java.net.URLConnection: java.lang.String getHeaderField(java.lang.String)>(field)	timediff:0
I/System.out(11102): body:<empirical.HelperClass: java.lang.String getHeaderField(java.net.URLConnection,java.lang.String)>	sig:data = virtualinvoke conn.<java.net.URLConnection: java.lang.String getHeaderField(java.lang.String)>(field)	timediff:0
I/System.out(11102): body:<empirical.HelperClass: java.lang.String getHeaderField(java.net.URLConnection,java.lang.String)>	sig:data = virtualinvoke conn.<java.net.URLConnection: java.lang.String getHeaderField(java.lang.String)>(field)	timediff:0
I/System.out(11102): body:<empirical.HelperClass: java.lang.String getHeaderField(java.net.URLConnection,java.lang.String)>	sig:data = virtualinvoke conn.<java.net.URLConnection: java.lang.String getHeaderField(java.lang.String)>(field)	timediff:0
I/System.out(11102): URLConn;%;22;%;<com.a.a.b.g: boolean a(java.lang.String,java.util.Hashtable)>;%;$r12 = virtualinvoke $r2.<java.net.HttpURLConnection: java.io.InputStream getInputStream()>();%;http://om.hotwire.com/b/ss/hotwireandroidprod/0/JAVA-3.2.2-AN/s73943818?AQB=1&ndh=1&ce=UTF-8&vid=541f8b9a1ba94834bdacad209835d367&v39=USD&t=13%2F3%2F2018%2017%3A35%3A23%205%20420&c.&a.&CarrierName=T-Mobile&DeviceName=SM-G955N&OSVersion=Android%204.4.2&Resolution=720x1280&.a&.c&cc=USD&v12=home%3Aaccount%3Acreate&v16=9330496467153408%7Ctrack%7Ccreate-account%7C1523666123808%7Chome%3Aaccount%3Acreate%7C1523666123761&c10=Logged-Out&pageName=create-account&v10=0&v22=9330496467153408&AQE=1;%;false;%;1;%;no-cache, no-store, max-age=0, no-transform, private;%;Fri, 13 Apr 2018 00:35:23 GMT;%;Not found;%;Not found
I/System.out(11102): body:<com.a.a.b.g: boolean a(java.lang.String,java.util.Hashtable)>	sig:virtualinvoke $r2.<java.net.HttpURLConnection: void disconnect()>()	timediff:0
W/EGL_emulation(11102): eglSurfaceAttrib not implemented 3093 12436
