--------- beginning of /dev/log/main
I/Icing   (  740): Indexing F4FAA6262FE39DDD50BAE6B7AF5CDB8D73BA0DB0 from com.google.android.gms
I/Icing   (  740): Indexing done F4FAA6262FE39DDD50BAE6B7AF5CDB8D73BA0DB0
D/AndroidRuntime( 6146): 
D/AndroidRuntime( 6146): >>>>>> AndroidRuntime START com.android.internal.os.RuntimeInit <<<<<<
D/AndroidRuntime( 6146): CheckJNI is OFF
D/dalvikvm( 6146): Using executionMode 2
D/dalvikvm( 6146): Trying to load lib libjavacore.so 0x0
D/dalvikvm( 6146): Added shared lib libjavacore.so 0x0
D/dalvikvm( 6146): Trying to load lib libnativehelper.so 0x0
D/dalvikvm( 6146): Added shared lib libnativehelper.so 0x0
D/dalvikvm( 6146): No JNI_OnLoad found in libnativehelper.so 0x0, skipping init
D/dalvikvm( 6146): Note: class Landroid/app/ActivityManagerNative; has 179 unimplemented (abstract) methods
E/memtrack( 6146): Couldn't load memtrack module (No such file or directory)
E/android.os.Debug( 6146): failed to load memtrack module: -2
D/AndroidRuntime( 6146): Calling main entry com.android.commands.monkey.Monkey
--------- beginning of /dev/log/system
W/BroadcastQueue(  481): Skipping deliver [background] BroadcastRecord{4acdb0fc u-1 android.net.conn.CONNECTIVITY_CHANGE} to ReceiverList{4aa45ac8 6146 (unknown name)/0/u-1 remote:4aa40c24}: process crashing
I/ActivityManager(  481): START u0 {act=android.intent.action.MAIN cat=[android.intent.category.LAUNCHER] flg=0x10200000 cmp=com.hostelworld.app/.controller.ExploreActivity} from pid 6146
I/ActivityManager(  481): Start proc com.hostelworld.app for activity com.hostelworld.app/.controller.ExploreActivity: pid=6156 uid=10083 gids={50083, 3003, 1028, 1015, 1023}
W/NetworkManagementSocketTagger(  481): setKernelCountSet(10083, 1) failed with errno -13
I/dalvikvm( 6156): ignoring registerObject request in thread=1
I/dalvikvm( 6156): ignoring registerObject request in thread=1
I/Finsky  ( 1034): [1] com.google.android.finsky.ch.a.onTrimMemory(5): Memory trim requested to level 20
I/Finsky  ( 1034): [1] com.google.android.finsky.ch.a.onTrimMemory(11): Flushing in-memory image cache
I/dalvikvm( 6156): Could not find method android.widget.ImageView.<init>, referenced from method com.facebook.drawee.view.DraweeView.<init>
W/dalvikvm( 6156): VFY: unable to resolve direct method 13971: Landroid/widget/ImageView;.<init> (Landroid/content/Context;Landroid/util/AttributeSet;II)V
D/dalvikvm( 6156): VFY: replacing opcode 0x70 at 0x0000
W/NetworkManagementSocketTagger(  481): setKernelCountSet(10012, 0) failed with errno -13
D/dalvikvm( 6156): JIT code cache reset in 0 ms (0 bytes 1/0)
D/dalvikvm( 6156): GC_CONCURRENT freed 213K, 9% free 2960K/3252K, paused 1ms+0ms, total 3ms
D/dalvikvm( 6156): GC_CONCURRENT freed 162K, 7% free 3226K/3468K, paused 2ms+0ms, total 5ms
I/CrashlyticsCore( 6156): Initializing Crashlytics 2.3.8.97
D/dalvikvm( 6156): GC_CONCURRENT freed 135K, 6% free 3606K/3816K, paused 1ms+3ms, total 9ms
D/dalvikvm( 6156): WAIT_FOR_CONCURRENT_GC blocked 1ms
I/dalvikvm( 6156): Could not find method android.os.PowerManager.isInteractive, referenced from method com.ad4screen.sdk.common.i.a
W/dalvikvm( 6156): VFY: unable to resolve virtual method 1417: Landroid/os/PowerManager;.isInteractive ()Z
D/dalvikvm( 6156): VFY: replacing opcode 0x6e at 0x0041
I/dalvikvm( 6156): Could not find method android.app.Notification$Builder.setLocalOnly, referenced from method com.google.android.gms.common.GooglePlayServicesUtil.zza
W/dalvikvm( 6156): VFY: unable to resolve virtual method 338: Landroid/app/Notification$Builder;.setLocalOnly (Z)Landroid/app/Notification$Builder;
D/dalvikvm( 6156): VFY: replacing opcode 0x6e at 0x0100
D/dalvikvm( 6156): GC_CONCURRENT freed 409K, 13% free 3584K/4076K, paused 2ms+0ms, total 5ms
I/dalvikvm( 6156): Could not find method android.content.pm.PackageManager.getPackageInstaller, referenced from method com.google.android.gms.common.k.zzi
W/dalvikvm( 6156): VFY: unable to resolve virtual method 605: Landroid/content/pm/PackageManager;.getPackageInstaller ()Landroid/content/pm/PackageInstaller;
D/dalvikvm( 6156): VFY: replacing opcode 0x6e at 0x000a
I/ActivityManager(  481): Start proc com.hostelworld.app:A4SService for service com.hostelworld.app/com.ad4screen.sdk.A4SService: pid=6178 uid=10083 gids={50083, 3003, 1028, 1015, 1023}
W/dalvikvm( 6156): VFY: unable to find class referenced in signature (Landroid/view/SearchEvent;)
I/dalvikvm( 6156): Could not find method android.view.Window$Callback.onSearchRequested, referenced from method android.support.v7.view.i.onSearchRequested
W/dalvikvm( 6156): VFY: unable to resolve interface method 13401: Landroid/view/Window$Callback;.onSearchRequested (Landroid/view/SearchEvent;)Z
D/dalvikvm( 6156): VFY: replacing opcode 0x72 at 0x0002
I/dalvikvm( 6156): Could not find method android.view.Window$Callback.onWindowStartingActionMode, referenced from method android.support.v7.view.i.onWindowStartingActionMode
W/dalvikvm( 6156): VFY: unable to resolve interface method 13405: Landroid/view/Window$Callback;.onWindowStartingActionMode (Landroid/view/ActionMode$Callback;I)Landroid/view/ActionMode;
D/dalvikvm( 6156): VFY: replacing opcode 0x72 at 0x0002
I/dalvikvm( 6178): ignoring registerObject request in thread=1
I/dalvikvm( 6178): ignoring registerObject request in thread=1
E/SurfaceFlinger(  167): glCheckFramebufferStatusOES error 36054
E/SurfaceFlinger(  167): got GL_FRAMEBUFFER_COMPLETE_OES error while taking screenshot
D/SurfaceFlinger(  167): setOrientation, mFbdev=0xb9358050, mFbDev->setOrientation=0xb6967ce0, orientation=3
I/gralloc_nox(  167): setOrientation: orientation=3
I/ActivityManager(  481): Config changes=480 {1.0 310mcc16mnc en_US ldltr sw480dp w480dp h828dp 240dpi lrg long port finger qwerty/v/v dpad/v s.17}
D/Tinker.DefaultAppLike(  679): onConfigurationChanged:{1.0 310mcc16mnc en_US ldltr sw480dp w480dp h828dp 240dpi lrg long port finger qwerty/v/v dpad/v s.17}
I/InputReader(  481): Reconfiguring input devices.  changes=0x00000004
I/InputReader(  481): Device reconfigured: id=1, name='seamless mouse', size 1280x720, orientation 3, mode 1, display id 0
I/InputReader(  481): Device reconfigured: id=3, name='Android Input', size 1280x720, orientation 3, mode 1, display id 0
I/InputReader(  481): Device reconfigured: id=8, name='VirtualBox USB Tablet', size 1280x720, orientation 3, mode 1, display id 0
D/PhoneStatusBar(  534): mSettingsPanelGravity = 55
D/Sensors (  481): Client connection accepted (197)
I/dalvikvm( 6178): Could not find method android.os.PowerManager.isInteractive, referenced from method com.ad4screen.sdk.common.i.a
W/dalvikvm( 6178): VFY: unable to resolve virtual method 1417: Landroid/os/PowerManager;.isInteractive ()Z
D/dalvikvm( 6178): VFY: replacing opcode 0x6e at 0x0041
D/dalvikvm( 6156): GC_CONCURRENT freed 699K, 21% free 3301K/4128K, paused 2ms+0ms, total 4ms
D/dalvikvm( 6156): GC_FOR_ALLOC freed 2K, 20% free 3323K/4128K, paused 12ms, total 12ms
I/dalvikvm-heap( 6156): Grow heap (frag case) to 3.337MB for 20748-byte allocation
D/dalvikvm( 6156): GC_FOR_ALLOC freed <1K, 20% free 3343K/4152K, paused 7ms, total 7ms
D/dalvikvm( 6178): JIT code cache reset in 0 ms (0 bytes 1/0)
D/dalvikvm( 6178): GC_CONCURRENT freed 319K, 13% free 2879K/3276K, paused 1ms+0ms, total 5ms
D/dalvikvm( 6156): GC_FOR_ALLOC freed 17K, 19% free 3371K/4152K, paused 3ms, total 3ms
I/dalvikvm-heap( 6156): Grow heap (frag case) to 3.397MB for 34188-byte allocation
D/dalvikvm( 6156): GC_FOR_ALLOC freed <1K, 19% free 3404K/4188K, paused 6ms, total 6ms
I/dalvikvm( 6156): Could not find method android.content.res.TypedArray.getChangingConfigurations, referenced from method android.support.v7.widget.TintTypedArray.getChangingConfigurations
W/dalvikvm( 6156): VFY: unable to resolve virtual method 688: Landroid/content/res/TypedArray;.getChangingConfigurations ()I
D/dalvikvm( 6156): VFY: replacing opcode 0x6e at 0x0002
I/dalvikvm( 6156): Could not find method android.content.res.TypedArray.getType, referenced from method android.support.v7.widget.TintTypedArray.getType
W/dalvikvm( 6156): VFY: unable to resolve virtual method 710: Landroid/content/res/TypedArray;.getType (I)I
D/dalvikvm( 6156): VFY: replacing opcode 0x6e at 0x0002
W/EGL_emulation(  534): eglSurfaceAttrib not implemented 3093 12436
D/dalvikvm( 6156): GC_FOR_ALLOC freed 41K, 18% free 3461K/4188K, paused 4ms, total 4ms
I/dalvikvm-heap( 6156): Grow heap (frag case) to 3.506MB for 56388-byte allocation
D/dalvikvm( 6156): GC_FOR_ALLOC freed 2K, 18% free 3514K/4244K, paused 3ms, total 3ms
D/dalvikvm( 6156): GC_FOR_ALLOC freed 3K, 18% free 3511K/4244K, paused 3ms, total 3ms
I/dalvikvm-heap( 6156): Grow heap (frag case) to 4.107MB for 635808-byte allocation
D/dalvikvm( 6156): GC_CONCURRENT freed <1K, 16% free 4132K/4868K, paused 2ms+0ms, total 3ms
D/dalvikvm( 6156): GC_FOR_ALLOC freed 6K, 15% free 4143K/4868K, paused 2ms, total 2ms
I/dalvikvm-heap( 6156): Grow heap (frag case) to 4.711MB for 622092-byte allocation
D/dalvikvm( 6156): GC_CONCURRENT freed <1K, 14% free 4751K/5476K, paused 2ms+1ms, total 5ms
D/dalvikvm( 6156): GC_FOR_ALLOC freed 14K, 14% free 4763K/5476K, paused 4ms, total 4ms
I/dalvikvm-heap( 6156): Grow heap (frag case) to 4.750MB for 27568-byte allocation
D/dalvikvm( 6156): GC_FOR_ALLOC freed <1K, 13% free 4790K/5504K, paused 3ms, total 3ms
W/DebugConnManager( 6156): getNetworkInfo() on networkType 1
I/System.out( 6156): body:<com.mobileapptracker.e: void a(com.mobileapptracker.b)>	sig:specialinvoke $r7.<java.net.URL: void <init>(java.lang.String)>($r6)	timediff:1
W/com.facebook.internal.ac( 6156): FacebookActivity is not declared in the AndroidManifest.xml, please add com.facebook.FacebookActivity to your AndroidManifest.xml file. See https://developers.facebook.com/docs/android/getting-started for more info.
I/System.out( 6156): <com.mobileapptracker.e: void a(com.mobileapptracker.b)>###specialinvoke $r7.<java.net.URL: void <init>(java.lang.String)>($r6)###https://8816.deeplink.mobileapptracking.com/v1/link.txt?platform=android&advertiser_id=8816&ver=3.11.4&package_name=com.hostelworld.app&ad_id=b083feaa75293926&user_agent=Dalvik%2F1.6.0%20(Linux%3B%20U%3B%20Android%204.4.2%3B%20SM-G955N%20Build%2FNRD90M)
I/WindowManager(  481): Screen frozen for +149ms due to Window{4a9d0794 u0 StatusBar}
D/dalvikvm( 6156): GC_FOR_ALLOC freed 240K, 11% free 4921K/5524K, paused 2ms, total 2ms
I/System.out( 6156): body:<com.facebook.GraphRequest: java.net.HttpURLConnection a(com.facebook.m)>	sig:specialinvoke $r2.<java.net.URL: void <init>(java.lang.String)>($r3)	timediff:0
I/System.out( 6156): <com.facebook.GraphRequest: java.net.HttpURLConnection a(com.facebook.m)>###specialinvoke $r2.<java.net.URL: void <init>(java.lang.String)>($r3)###https://graph.facebook.com/v2.5/910072465692622?fields=supports_implicit_sdk_logging%2Cgdpv4_nux_content%2Cgdpv4_nux_enabled%2Candroid_dialog_configs%2Candroid_sdk_error_categories&format=json&sdk=android
I/System.out( 6156): body:<com.facebook.GraphRequest: java.net.HttpURLConnection a(java.net.URL)>	sig:$r1 = virtualinvoke $r0.<java.net.URL: java.net.URLConnection openConnection()>()	timediff:9
I/System.out( 6156): body:<com.facebook.GraphRequest: java.net.HttpURLConnection a(java.net.URL)>	sig:virtualinvoke $r2.<java.net.HttpURLConnection: void setRequestProperty(java.lang.String,java.lang.String)>("User-Agent", $r3)	timediff:0
I/System.out( 6156): body:<com.facebook.GraphRequest: java.net.HttpURLConnection a(java.net.URL)>	sig:virtualinvoke $r2.<java.net.HttpURLConnection: void setRequestProperty(java.lang.String,java.lang.String)>("Accept-Language", $r3)	timediff:0
I/System.out( 6156): body:<com.facebook.GraphRequest: java.net.HttpURLConnection a(java.net.URL)>	sig:virtualinvoke $r2.<java.net.HttpURLConnection: void setChunkedStreamingMode(int)>(0)	timediff:0
I/System.out( 6156): body:<com.facebook.GraphRequest: void a(com.facebook.m,java.net.HttpURLConnection)>	sig:virtualinvoke $r1.<java.net.HttpURLConnection: void setRequestMethod(java.lang.String)>($r6)	timediff:0
I/System.out( 6156): body:<com.facebook.GraphRequest: void a(java.net.HttpURLConnection,boolean)>	sig:virtualinvoke $r0.<java.net.HttpURLConnection: void setRequestProperty(java.lang.String,java.lang.String)>("Content-Type", "application/x-www-form-urlencoded")	timediff:0
I/System.out( 6156): body:<com.facebook.GraphRequest: void a(java.net.HttpURLConnection,boolean)>	sig:virtualinvoke $r0.<java.net.HttpURLConnection: void setRequestProperty(java.lang.String,java.lang.String)>("Content-Encoding", "gzip")	timediff:0
I/System.out( 6156): body:<com.facebook.GraphRequest: void a(com.facebook.m,java.net.HttpURLConnection)>	sig:$r7 = virtualinvoke $r1.<java.net.HttpURLConnection: java.net.URL getURL()>()	timediff:0
I/System.out( 6156): body:<com.facebook.GraphRequest: void a(com.facebook.m,java.net.HttpURLConnection)>	sig:$r6 = virtualinvoke $r1.<java.net.HttpURLConnection: java.lang.String getRequestMethod()>()	timediff:0
I/System.out( 6156): body:<com.facebook.GraphRequest: void a(com.facebook.m,java.net.HttpURLConnection)>	sig:$r6 = virtualinvoke $r1.<java.net.HttpURLConnection: java.lang.String getRequestProperty(java.lang.String)>("User-Agent")	timediff:0
I/System.out( 6156): body:<com.facebook.GraphRequest: void a(com.facebook.m,java.net.HttpURLConnection)>	sig:$r6 = virtualinvoke $r1.<java.net.HttpURLConnection: java.lang.String getRequestProperty(java.lang.String)>("Content-Type")	timediff:0
I/System.out( 6156): body:<com.facebook.GraphRequest: void a(com.facebook.m,java.net.HttpURLConnection)>	sig:virtualinvoke $r1.<java.net.HttpURLConnection: void setConnectTimeout(int)>($i2)	timediff:0
I/System.out( 6156): body:<com.facebook.GraphRequest: void a(com.facebook.m,java.net.HttpURLConnection)>	sig:virtualinvoke $r1.<java.net.HttpURLConnection: void setReadTimeout(int)>($i2)	timediff:0
I/System.out( 6156): body:<com.mobileapptracker.e: void a(com.mobileapptracker.b)>	sig:$r9 = virtualinvoke $r7.<java.net.URL: java.net.URLConnection openConnection()>()	timediff:20
I/System.out( 6156): body:<com.mobileapptracker.e: void a(com.mobileapptracker.b)>	sig:virtualinvoke $r10.<java.net.HttpURLConnection: void setRequestProperty(java.lang.String,java.lang.String)>("X-MAT-Key", $r6)	timediff:0
I/System.out( 6156): body:<com.mobileapptracker.e: void a(com.mobileapptracker.b)>	sig:virtualinvoke $r10.<java.net.HttpURLConnection: void setRequestMethod(java.lang.String)>("GET")	timediff:0
I/System.out( 6156): body:<com.mobileapptracker.e: void a(com.mobileapptracker.b)>	sig:virtualinvoke $r10.<java.net.HttpURLConnection: void setDoInput(boolean)>(1)	timediff:0
I/System.out( 6156): body:<com.mobileapptracker.e: void a(com.mobileapptracker.b)>	sig:specialinvoke $r7.<java.net.URL: void <init>(java.lang.String)>($r6)	timediff:0
I/System.out( 6156): <com.mobileapptracker.e: void a(com.mobileapptracker.b)>###specialinvoke $r7.<java.net.URL: void <init>(java.lang.String)>($r6)###https://8816.deeplink.mobileapptracking.com/v1/link.txt?platform=android&advertiser_id=8816&ver=3.11.4&package_name=com.hostelworld.app&ad_id=b083feaa75293926&user_agent=Dalvik%2F1.6.0%20(Linux%3B%20U%3B%20Android%204.4.2%3B%20SM-G955N%20Build%2FNRD90M)
I/System.out( 6156): body:<com.mobileapptracker.e: void a(com.mobileapptracker.b)>	sig:$r9 = virtualinvoke $r7.<java.net.URL: java.net.URLConnection openConnection()>()	timediff:0
I/System.out( 6156): body:<com.mobileapptracker.e: void a(com.mobileapptracker.b)>	sig:virtualinvoke $r10.<java.net.HttpURLConnection: void setRequestProperty(java.lang.String,java.lang.String)>("X-MAT-Key", $r6)	timediff:0
I/System.out( 6156): body:<com.mobileapptracker.e: void a(com.mobileapptracker.b)>	sig:virtualinvoke $r10.<java.net.HttpURLConnection: void setRequestMethod(java.lang.String)>("GET")	timediff:0
I/System.out( 6156): body:<com.mobileapptracker.e: void a(com.mobileapptracker.b)>	sig:virtualinvoke $r10.<java.net.HttpURLConnection: void setDoInput(boolean)>(1)	timediff:0
D/dalvikvm( 6156): GC_FOR_ALLOC freed 249K, 8% free 5239K/5644K, paused 5ms, total 5ms
I/System.out( 6156): body:<okhttp3.MediaType: okhttp3.MediaType parse(java.lang.String)>	sig:specialinvoke $r11.<okhttp3.MediaType: void <init>(java.lang.String,java.lang.String,java.lang.String,java.lang.String)>($r0, $r4, $r5, $r7)	timediff:0
I/System.out( 6156): body:<com.hostelworld.app.service.APIService: void <clinit>()>	sig:$r0 = staticinvoke <okhttp3.MediaType: okhttp3.MediaType parse(java.lang.String)>("application/json; charset=utf-8")	timediff:0
D/dalvikvm( 6156): GC_CONCURRENT freed 248K, 6% free 5738K/6052K, paused 0ms+2ms, total 4ms
I/System.out( 6156): body:<com.adobe.mobile.ao: byte[] a(java.lang.String,int,java.lang.String,java.util.concurrent.Callable,com.adobe.mobile.ao$a)>	sig:specialinvoke $r12.<java.net.URL: void <init>(java.lang.String)>($r6)	timediff:0
I/System.out( 6156): <com.adobe.mobile.ao: byte[] a(java.lang.String,int,java.lang.String,java.util.concurrent.Callable,com.adobe.mobile.ao$a)>###specialinvoke $r12.<java.net.URL: void <init>(java.lang.String)>($r6)###https://webresint.sc.omtrdc.net/id
I/System.out( 6156): body:<com.adobe.mobile.ao: byte[] a(java.lang.String,int,java.lang.String,java.util.concurrent.Callable,com.adobe.mobile.ao$a)>	sig:$r13 = virtualinvoke $r12.<java.net.URL: java.net.URLConnection openConnection()>()	timediff:0
I/System.out( 6156): body:<com.adobe.mobile.ao: byte[] a(java.lang.String,int,java.lang.String,java.util.concurrent.Callable,com.adobe.mobile.ao$a)>	sig:virtualinvoke $r14.<java.net.HttpURLConnection: void setConnectTimeout(int)>(2000)	timediff:0
I/System.out( 6156): body:<com.adobe.mobile.ao: byte[] a(java.lang.String,int,java.lang.String,java.util.concurrent.Callable,com.adobe.mobile.ao$a)>	sig:virtualinvoke $r14.<java.net.HttpURLConnection: void setReadTimeout(int)>($i0)	timediff:0
I/System.out( 6156): body:<com.adobe.mobile.ao: byte[] a(java.lang.String,int,java.lang.String,java.util.concurrent.Callable,com.adobe.mobile.ao$a)>	sig:virtualinvoke $r14.<java.net.HttpURLConnection: void setInstanceFollowRedirects(boolean)>(0)	timediff:0
I/System.out( 6156): body:<com.adobe.mobile.ao: byte[] a(java.lang.String,int,java.lang.String,java.util.concurrent.Callable,com.adobe.mobile.ao$a)>	sig:virtualinvoke $r14.<java.net.HttpURLConnection: void setRequestProperty(java.lang.String,java.lang.String)>("Accept-Language", $r15)	timediff:0
I/System.out( 6156): body:<com.adobe.mobile.ao: byte[] a(java.lang.String,int,java.lang.String,java.util.concurrent.Callable,com.adobe.mobile.ao$a)>	sig:virtualinvoke $r14.<java.net.HttpURLConnection: void setRequestProperty(java.lang.String,java.lang.String)>("User-Agent", $r15)	timediff:0
I/System.out( 6156): body:<com.mobileapptracker.d: void a(java.lang.StringBuilder,java.lang.String,java.lang.String)>	sig:$r4 = staticinvoke <java.net.URLEncoder: java.lang.String encode(java.lang.String,java.lang.String)>($r2, "UTF-8")	timediff:3
I/System.out( 6156): body:<com.mobileapptracker.d: void a(java.lang.StringBuilder,java.lang.String,java.lang.String)>	sig:$r4 = staticinvoke <java.net.URLEncoder: java.lang.String encode(java.lang.String,java.lang.String)>($r2, "UTF-8")	timediff:0
I/System.out( 6156): body:<com.mobileapptracker.d: void a(java.lang.StringBuilder,java.lang.String,java.lang.String)>	sig:$r4 = staticinvoke <java.net.URLEncoder: java.lang.String encode(java.lang.String,java.lang.String)>($r2, "UTF-8")	timediff:0
I/System.out( 6156): body:<com.mobileapptracker.d: void a(java.lang.StringBuilder,java.lang.String,java.lang.String)>	sig:$r4 = staticinvoke <java.net.URLEncoder: java.lang.String encode(java.lang.String,java.lang.String)>($r2, "UTF-8")	timediff:0
I/System.out( 6156): body:<com.mobileapptracker.d: void a(java.lang.StringBuilder,java.lang.String,java.lang.String)>	sig:$r4 = staticinvoke <java.net.URLEncoder: java.lang.String encode(java.lang.String,java.lang.String)>($r2, "UTF-8")	timediff:0
I/System.out( 6156): body:<com.mobileapptracker.d: void a(java.lang.StringBuilder,java.lang.String,java.lang.String)>	sig:$r4 = staticinvoke <java.net.URLEncoder: java.lang.String encode(java.lang.String,java.lang.String)>($r2, "UTF-8")	timediff:0
I/System.out( 6156): body:<com.mobileapptracker.d: void a(java.lang.StringBuilder,java.lang.String,java.lang.String)>	sig:$r4 = staticinvoke <java.net.URLEncoder: java.lang.String encode(java.lang.String,java.lang.String)>($r2, "UTF-8")	timediff:0
I/System.out( 6156): body:<com.mobileapptracker.d: void a(java.lang.StringBuilder,java.lang.String,java.lang.String)>	sig:$r4 = staticinvoke <java.net.URLEncoder: java.lang.String encode(java.lang.String,java.lang.String)>($r2, "UTF-8")	timediff:0
I/System.out( 6156): body:<com.mobileapptracker.d: void a(java.lang.StringBuilder,java.lang.String,java.lang.String)>	sig:$r4 = staticinvoke <java.net.URLEncoder: java.lang.String encode(java.lang.String,java.lang.String)>($r2, "UTF-8")	timediff:0
I/System.out( 6156): body:<com.mobileapptracker.d: void a(java.lang.StringBuilder,java.lang.String,java.lang.String)>	sig:$r4 = staticinvoke <java.net.URLEncoder: java.lang.String encode(java.lang.String,java.lang.String)>($r2, "UTF-8")	timediff:0
I/System.out( 6156): body:<com.mobileapptracker.d: void a(java.lang.StringBuilder,java.lang.String,java.lang.String)>	sig:$r4 = staticinvoke <java.net.URLEncoder: java.lang.String encode(java.lang.String,java.lang.String)>($r2, "UTF-8")	timediff:0
I/System.out( 6156): body:<com.mobileapptracker.d: void a(java.lang.StringBuilder,java.lang.String,java.lang.String)>	sig:$r4 = staticinvoke <java.net.URLEncoder: java.lang.String encode(java.lang.String,java.lang.String)>($r2, "UTF-8")	timediff:0
I/System.out( 6156): body:<com.mobileapptracker.d: void a(java.lang.StringBuilder,java.lang.String,java.lang.String)>	sig:$r4 = staticinvoke <java.net.URLEncoder: java.lang.String encode(java.lang.String,java.lang.String)>($r2, "UTF-8")	timediff:0
I/System.out( 6156): body:<com.mobileapptracker.d: void a(java.lang.StringBuilder,java.lang.String,java.lang.String)>	sig:$r4 = staticinvoke <java.net.URLEncoder: java.lang.String encode(java.lang.String,java.lang.String)>($r2, "UTF-8")	timediff:0
I/System.out( 6156): body:<com.mobileapptracker.d: void a(java.lang.StringBuilder,java.lang.String,java.lang.String)>	sig:$r4 = staticinvoke <java.net.URLEncoder: java.lang.String encode(java.lang.String,java.lang.String)>($r2, "UTF-8")	timediff:0
I/System.out( 6156): body:<com.mobileapptracker.d: void a(java.lang.StringBuilder,java.lang.String,java.lang.String)>	sig:$r4 = staticinvoke <java.net.URLEncoder: java.lang.String encode(java.lang.String,java.lang.String)>($r2, "UTF-8")	timediff:0
I/System.out( 6156): body:<com.mobileapptracker.d: void a(java.lang.StringBuilder,java.lang.String,java.lang.String)>	sig:$r4 = staticinvoke <java.net.URLEncoder: java.lang.String encode(java.lang.String,java.lang.String)>($r2, "UTF-8")	timediff:0
I/System.out( 6156): body:<com.mobileapptracker.d: void a(java.lang.StringBuilder,java.lang.String,java.lang.String)>	sig:$r4 = staticinvoke <java.net.URLEncoder: java.lang.String encode(java.lang.String,java.lang.String)>($r2, "UTF-8")	timediff:0
I/System.out( 6156): body:<com.mobileapptracker.d: void a(java.lang.StringBuilder,java.lang.String,java.lang.String)>	sig:$r4 = staticinvoke <java.net.URLEncoder: java.lang.String encode(java.lang.String,java.lang.String)>($r2, "UTF-8")	timediff:0
I/System.out( 6156): body:<com.mobileapptracker.d: void a(java.lang.StringBuilder,java.lang.String,java.lang.String)>	sig:$r4 = staticinvoke <java.net.URLEncoder: java.lang.String encode(java.lang.String,java.lang.String)>($r2, "UTF-8")	timediff:0
I/System.out( 6156): body:<com.mobileapptracker.d: void a(java.lang.StringBuilder,java.lang.String,java.lang.String)>	sig:$r4 = staticinvoke <java.net.URLEncoder: java.lang.String encode(java.lang.String,java.lang.String)>($r2, "UTF-8")	timediff:0
I/System.out( 6156): body:<com.mobileapptracker.d: void a(java.lang.StringBuilder,java.lang.String,java.lang.String)>	sig:$r4 = staticinvoke <java.net.URLEncoder: java.lang.String encode(java.lang.String,java.lang.String)>($r2, "UTF-8")	timediff:0
I/System.out( 6156): body:<com.mobileapptracker.d: void a(java.lang.StringBuilder,java.lang.String,java.lang.String)>	sig:$r4 = staticinvoke <java.net.URLEncoder: java.lang.String encode(java.lang.String,java.lang.String)>($r2, "UTF-8")	timediff:0
I/System.out( 6156): body:<com.mobileapptracker.d: void a(java.lang.StringBuilder,java.lang.String,java.lang.String)>	sig:$r4 = staticinvoke <java.net.URLEncoder: java.lang.String encode(java.lang.String,java.lang.String)>($r2, "UTF-8")	timediff:0
I/System.out( 6156): body:<com.mobileapptracker.d: void a(java.lang.StringBuilder,java.lang.String,java.lang.String)>	sig:$r4 = staticinvoke <java.net.URLEncoder: java.lang.String encode(java.lang.String,java.lang.String)>($r2, "UTF-8")	timediff:0
D/dalvikvm( 6156): GC_FOR_ALLOC freed 642K, 11% free 5896K/6616K, paused 3ms, total 3ms
I/dalvikvm-heap( 6156): Grow heap (frag case) to 6.423MB for 622092-byte allocation
D/dalvikvm( 6156): GC_FOR_ALLOC freed <1K, 10% free 6504K/7224K, paused 3ms, total 3ms
I/System.out( 6156): body:<com.mobileapptracker.e: void a(com.mobileapptracker.b)>	sig:specialinvoke $r7.<java.net.URL: void <init>(java.lang.String)>($r6)	timediff:0
I/System.out( 6156): <com.mobileapptracker.e: void a(com.mobileapptracker.b)>###specialinvoke $r7.<java.net.URL: void <init>(java.lang.String)>($r6)###https://8816.deeplink.mobileapptracking.com/v1/link.txt?platform=android&advertiser_id=8816&ver=3.11.4&package_name=com.hostelworld.app&ad_id=b083feaa75293926&user_agent=Dalvik%2F1.6.0%20(Linux%3B%20U%3B%20Android%204.4.2%3B%20SM-G955N%20Build%2FNRD90M)
I/System.out( 6156): body:<com.mobileapptracker.e: void a(com.mobileapptracker.b)>	sig:$r9 = virtualinvoke $r7.<java.net.URL: java.net.URLConnection openConnection()>()	timediff:1
I/System.out( 6156): body:<com.mobileapptracker.e: void a(com.mobileapptracker.b)>	sig:virtualinvoke $r10.<java.net.HttpURLConnection: void setRequestProperty(java.lang.String,java.lang.String)>("X-MAT-Key", $r6)	timediff:0
I/System.out( 6156): body:<com.mobileapptracker.e: void a(com.mobileapptracker.b)>	sig:virtualinvoke $r10.<java.net.HttpURLConnection: void setRequestMethod(java.lang.String)>("GET")	timediff:0
I/System.out( 6156): body:<com.mobileapptracker.e: void a(com.mobileapptracker.b)>	sig:virtualinvoke $r10.<java.net.HttpURLConnection: void setDoInput(boolean)>(1)	timediff:0
I/System.out( 6156): body:<com.mobileapptracker.d: void a(java.lang.StringBuilder,java.lang.String,java.lang.String)>	sig:$r4 = staticinvoke <java.net.URLEncoder: java.lang.String encode(java.lang.String,java.lang.String)>($r2, "UTF-8")	timediff:0
I/System.out( 6156): body:<com.mobileapptracker.d: void a(java.lang.StringBuilder,java.lang.String,java.lang.String)>	sig:$r4 = staticinvoke <java.net.URLEncoder: java.lang.String encode(java.lang.String,java.lang.String)>($r2, "UTF-8")	timediff:0
I/System.out( 6156): body:<com.mobileapptracker.d: void a(java.lang.StringBuilder,java.lang.String,java.lang.String)>	sig:$r4 = staticinvoke <java.net.URLEncoder: java.lang.String encode(java.lang.String,java.lang.String)>($r2, "UTF-8")	timediff:0
I/System.out( 6156): body:<com.mobileapptracker.d: void a(java.lang.StringBuilder,java.lang.String,java.lang.String)>	sig:$r4 = staticinvoke <java.net.URLEncoder: java.lang.String encode(java.lang.String,java.lang.String)>($r2, "UTF-8")	timediff:0
I/System.out( 6156): body:<com.mobileapptracker.d: void a(java.lang.StringBuilder,java.lang.String,java.lang.String)>	sig:$r4 = staticinvoke <java.net.URLEncoder: java.lang.String encode(java.lang.String,java.lang.String)>($r2, "UTF-8")	timediff:0
I/System.out( 6156): body:<com.mobileapptracker.d: void a(java.lang.StringBuilder,java.lang.String,java.lang.String)>	sig:$r4 = staticinvoke <java.net.URLEncoder: java.lang.String encode(java.lang.String,java.lang.String)>($r2, "UTF-8")	timediff:0
I/System.out( 6156): body:<com.mobileapptracker.d: void a(java.lang.StringBuilder,java.lang.String,java.lang.String)>	sig:$r4 = staticinvoke <java.net.URLEncoder: java.lang.String encode(java.lang.String,java.lang.String)>($r2, "UTF-8")	timediff:0
I/System.out( 6156): body:<com.mobileapptracker.d: void a(java.lang.StringBuilder,java.lang.String,java.lang.String)>	sig:$r4 = staticinvoke <java.net.URLEncoder: java.lang.String encode(java.lang.String,java.lang.String)>($r2, "UTF-8")	timediff:0
I/System.out( 6156): body:<com.mobileapptracker.d: void a(java.lang.StringBuilder,java.lang.String,java.lang.String)>	sig:$r4 = staticinvoke <java.net.URLEncoder: java.lang.String encode(java.lang.String,java.lang.String)>($r2, "UTF-8")	timediff:0
I/System.out( 6156): body:<com.mobileapptracker.d: void a(java.lang.StringBuilder,java.lang.String,java.lang.String)>	sig:$r4 = staticinvoke <java.net.URLEncoder: java.lang.String encode(java.lang.String,java.lang.String)>($r2, "UTF-8")	timediff:0
I/System.out( 6156): body:<com.mobileapptracker.d: void a(java.lang.StringBuilder,java.lang.String,java.lang.String)>	sig:$r4 = staticinvoke <java.net.URLEncoder: java.lang.String encode(java.lang.String,java.lang.String)>($r2, "UTF-8")	timediff:0
I/System.out( 6156): body:<com.mobileapptracker.d: void a(java.lang.StringBuilder,java.lang.String,java.lang.String)>	sig:$r4 = staticinvoke <java.net.URLEncoder: java.lang.String encode(java.lang.String,java.lang.String)>($r2, "UTF-8")	timediff:0
I/System.out( 6156): body:<com.mobileapptracker.d: void a(java.lang.StringBuilder,java.lang.String,java.lang.String)>	sig:$r4 = staticinvoke <java.net.URLEncoder: java.lang.String encode(java.lang.String,java.lang.String)>($r2, "UTF-8")	timediff:0
I/System.out( 6156): body:<com.mobileapptracker.d: void a(java.lang.StringBuilder,java.lang.String,java.lang.String)>	sig:$r4 = staticinvoke <java.net.URLEncoder: java.lang.String encode(java.lang.String,java.lang.String)>($r2, "UTF-8")	timediff:0
I/System.out( 6156): body:<com.mobileapptracker.d: void a(java.lang.StringBuilder,java.lang.String,java.lang.String)>	sig:$r4 = staticinvoke <java.net.URLEncoder: java.lang.String encode(java.lang.String,java.lang.String)>($r2, "UTF-8")	timediff:0
I/System.out( 6156): body:<com.mobileapptracker.d: void a(java.lang.StringBuilder,java.lang.String,java.lang.String)>	sig:$r4 = staticinvoke <java.net.URLEncoder: java.lang.String encode(java.lang.String,java.lang.String)>($r2, "UTF-8")	timediff:0
I/System.out( 6156): body:<com.mobileapptracker.d: void a(java.lang.StringBuilder,java.lang.String,java.lang.String)>	sig:$r4 = staticinvoke <java.net.URLEncoder: java.lang.String encode(java.lang.String,java.lang.String)>($r2, "UTF-8")	timediff:0
I/System.out( 6156): body:<com.mobileapptracker.d: void a(java.lang.StringBuilder,java.lang.String,java.lang.String)>	sig:$r4 = staticinvoke <java.net.URLEncoder: java.lang.String encode(java.lang.String,java.lang.String)>($r2, "UTF-8")	timediff:0
I/System.out( 6156): body:<com.mobileapptracker.d: void a(java.lang.StringBuilder,java.lang.String,java.lang.String)>	sig:$r4 = staticinvoke <java.net.URLEncoder: java.lang.String encode(java.lang.String,java.lang.String)>($r2, "UTF-8")	timediff:0
I/System.out( 6156): body:<com.mobileapptracker.d: void a(java.lang.StringBuilder,java.lang.String,java.lang.String)>	sig:$r4 = staticinvoke <java.net.URLEncoder: java.lang.String encode(java.lang.String,java.lang.String)>($r2, "UTF-8")	timediff:0
I/System.out( 6156): body:<com.mobileapptracker.d: void a(java.lang.StringBuilder,java.lang.String,java.lang.String)>	sig:$r4 = staticinvoke <java.net.URLEncoder: java.lang.String encode(java.lang.String,java.lang.String)>($r2, "UTF-8")	timediff:0
I/System.out( 6156): body:<com.mobileapptracker.d: void a(java.lang.StringBuilder,java.lang.String,java.lang.String)>	sig:$r4 = staticinvoke <java.net.URLEncoder: java.lang.String encode(java.lang.String,java.lang.String)>($r2, "UTF-8")	timediff:0
I/System.out( 6156): body:<com.mobileapptracker.d: void a(java.lang.StringBuilder,java.lang.String,java.lang.String)>	sig:$r4 = staticinvoke <java.net.URLEncoder: java.lang.String encode(java.lang.String,java.lang.String)>($r2, "UTF-8")	timediff:0
I/System.out( 6156): body:<com.mobileapptracker.d: void a(java.lang.StringBuilder,java.lang.String,java.lang.String)>	sig:$r4 = staticinvoke <java.net.URLEncoder: java.lang.String encode(java.lang.String,java.lang.String)>($r2, "UTF-8")	timediff:0
I/System.out( 6156): body:<com.mobileapptracker.d: void a(java.lang.StringBuilder,java.lang.String,java.lang.String)>	sig:$r4 = staticinvoke <java.net.URLEncoder: java.lang.String encode(java.lang.String,java.lang.String)>($r2, "UTF-8")	timediff:0
I/System.out( 6156): body:<com.facebook.n: java.util.List a(java.net.HttpURLConnection,com.facebook.m)>	sig:$i0 = virtualinvoke $r0.<java.net.HttpURLConnection: int getResponseCode()>()	timediff:112
I/System.out( 6156): body:<com.facebook.n: java.util.List a(java.net.HttpURLConnection,com.facebook.m)>	sig:$r3 = virtualinvoke $r0.<java.net.HttpURLConnection: java.io.InputStream getInputStream()>()	timediff:0
I/System.out( 6156): body:<empirical.HelperClass: void printURLInfo(java.lang.String,java.lang.String,java.net.URLConnection)>	sig:$r0 = virtualinvoke urlConnection.<java.net.URLConnection: java.net.URL getURL()>()	timediff:0
I/System.out( 6156): body:<empirical.HelperClass: void printURLInfo(java.lang.String,java.lang.String,java.net.URLConnection)>	sig:urlString = virtualinvoke $r0.<java.net.URL: java.lang.String toString()>()	timediff:0
I/System.out( 6156): body:<empirical.HelperClass: void printURLInfo(java.lang.String,java.lang.String,java.net.URLConnection)>	sig:isDoOutput = virtualinvoke urlConnection.<java.net.URLConnection: boolean getDoOutput()>()	timediff:0
I/System.out( 6156): body:<empirical.HelperClass: java.lang.String getHeaderField(java.net.URLConnection,java.lang.String)>	sig:data = virtualinvoke conn.<java.net.URLConnection: java.lang.String getHeaderField(java.lang.String)>(field)	timediff:0
I/System.out( 6156): body:<empirical.HelperClass: java.lang.String getHeaderField(java.net.URLConnection,java.lang.String)>	sig:data = virtualinvoke conn.<java.net.URLConnection: java.lang.String getHeaderField(java.lang.String)>(field)	timediff:0
I/System.out( 6156): body:<empirical.HelperClass: java.lang.String getHeaderField(java.net.URLConnection,java.lang.String)>	sig:data = virtualinvoke conn.<java.net.URLConnection: java.lang.String getHeaderField(java.lang.String)>(field)	timediff:0
I/System.out( 6156): body:<empirical.HelperClass: java.lang.String getHeaderField(java.net.URLConnection,java.lang.String)>	sig:data = virtualinvoke conn.<java.net.URLConnection: java.lang.String getHeaderField(java.lang.String)>(field)	timediff:0
I/System.out( 6156): body:<empirical.HelperClass: java.lang.String getHeaderField(java.net.URLConnection,java.lang.String)>	sig:data = virtualinvoke conn.<java.net.URLConnection: java.lang.String getHeaderField(java.lang.String)>(field)	timediff:0
I/System.out( 6156): URLConn;%;0;%;<com.facebook.n: java.util.List a(java.net.HttpURLConnection,com.facebook.m)>;%;$r3 = virtualinvoke $r0.<java.net.HttpURLConnection: java.io.InputStream getInputStream()>();%;https://graph.facebook.com/v2.5/910072465692622?fields=supports_implicit_sdk_logging%2Cgdpv4_nux_content%2Cgdpv4_nux_enabled%2Candroid_dialog_configs%2Candroid_sdk_error_categories&format=json&sdk=android;%;false;%;Not found;%;private, no-cache, no-store, must-revalidate;%;Sat, 01 Jan 2000 00:00:00 GMT;%;Not found;%;Not found
I/System.out( 6156): body:<com.facebook.n: java.util.List a(java.net.HttpURLConnection,java.util.List,java.lang.Object)>	sig:$i2 = virtualinvoke $r0.<java.net.HttpURLConnection: int getResponseCode()>()	timediff:0
I/System.out( 6156): body:<com.facebook.internal.ab: void a(java.net.URLConnection)>	sig:virtualinvoke $r1.<java.net.HttpURLConnection: void disconnect()>()	timediff:0
I/System.out( 6156): body:<com.facebook.internal.ab: void a(java.net.URLConnection)>	sig:virtualinvoke $r1.<java.net.HttpURLConnection: void disconnect()>()	timediff:0
D/GraphRequest( 6156): Warning: Request without access token missing application ID or client token.
I/System.out( 6156): body:<com.facebook.GraphRequest: java.net.HttpURLConnection a(com.facebook.m)>	sig:specialinvoke $r2.<java.net.URL: void <init>(java.lang.String)>($r3)	timediff:0
I/System.out( 6156): <com.facebook.GraphRequest: java.net.HttpURLConnection a(com.facebook.m)>###specialinvoke $r2.<java.net.URL: void <init>(java.lang.String)>($r3)###https://graph.facebook.com/v2.5/910072465692622/activities?format=json&sdk=android
I/System.out( 6156): body:<com.facebook.GraphRequest: java.net.HttpURLConnection a(java.net.URL)>	sig:$r1 = virtualinvoke $r0.<java.net.URL: java.net.URLConnection openConnection()>()	timediff:0
I/System.out( 6156): body:<com.facebook.GraphRequest: java.net.HttpURLConnection a(java.net.URL)>	sig:virtualinvoke $r2.<java.net.HttpURLConnection: void setRequestProperty(java.lang.String,java.lang.String)>("User-Agent", $r3)	timediff:0
I/System.out( 6156): body:<com.facebook.GraphRequest: java.net.HttpURLConnection a(java.net.URL)>	sig:virtualinvoke $r2.<java.net.HttpURLConnection: void setRequestProperty(java.lang.String,java.lang.String)>("Accept-Language", $r3)	timediff:0
I/System.out( 6156): body:<com.facebook.GraphRequest: java.net.HttpURLConnection a(java.net.URL)>	sig:virtualinvoke $r2.<java.net.HttpURLConnection: void setChunkedStreamingMode(int)>(0)	timediff:0
I/System.out( 6156): body:<com.facebook.GraphRequest: void a(com.facebook.m,java.net.HttpURLConnection)>	sig:virtualinvoke $r1.<java.net.HttpURLConnection: void setRequestMethod(java.lang.String)>($r6)	timediff:0
I/System.out( 6156): body:<com.facebook.GraphRequest: void a(java.net.HttpURLConnection,boolean)>	sig:virtualinvoke $r0.<java.net.HttpURLConnection: void setRequestProperty(java.lang.String,java.lang.String)>("Content-Type", "application/x-www-form-urlencoded")	timediff:0
I/System.out( 6156): body:<com.facebook.GraphRequest: void a(java.net.HttpURLConnection,boolean)>	sig:virtualinvoke $r0.<java.net.HttpURLConnection: void setRequestProperty(java.lang.String,java.lang.String)>("Content-Encoding", "gzip")	timediff:0
I/System.out( 6156): body:<com.facebook.GraphRequest: void a(com.facebook.m,java.net.HttpURLConnection)>	sig:$r7 = virtualinvoke $r1.<java.net.HttpURLConnection: java.net.URL getURL()>()	timediff:0
I/System.out( 6156): body:<com.facebook.GraphRequest: void a(com.facebook.m,java.net.HttpURLConnection)>	sig:$r6 = virtualinvoke $r1.<java.net.HttpURLConnection: java.lang.String getRequestMethod()>()	timediff:0
I/System.out( 6156): body:<com.facebook.GraphRequest: void a(com.facebook.m,java.net.HttpURLConnection)>	sig:$r6 = virtualinvoke $r1.<java.net.HttpURLConnection: java.lang.String getRequestProperty(java.lang.String)>("User-Agent")	timediff:0
I/System.out( 6156): body:<com.facebook.GraphRequest: void a(com.facebook.m,java.net.HttpURLConnection)>	sig:$r6 = virtualinvoke $r1.<java.net.HttpURLConnection: java.lang.String getRequestProperty(java.lang.String)>("Content-Type")	timediff:0
I/System.out( 6156): body:<com.facebook.GraphRequest: void a(com.facebook.m,java.net.HttpURLConnection)>	sig:virtualinvoke $r1.<java.net.HttpURLConnection: void setConnectTimeout(int)>($i2)	timediff:0
I/System.out( 6156): body:<com.facebook.GraphRequest: void a(com.facebook.m,java.net.HttpURLConnection)>	sig:virtualinvoke $r1.<java.net.HttpURLConnection: void setReadTimeout(int)>($i2)	timediff:0
I/System.out( 6156): body:<com.facebook.GraphRequest: void a(com.facebook.m,java.net.HttpURLConnection)>	sig:virtualinvoke $r1.<java.net.HttpURLConnection: void setDoOutput(boolean)>(1)	timediff:0
I/System.out( 6156): body:<com.mobileapptracker.e: void a(com.mobileapptracker.b)>	sig:specialinvoke $r7.<java.net.URL: void <init>(java.lang.String)>($r6)	timediff:0
I/System.out( 6156): <com.mobileapptracker.e: void a(com.mobileapptracker.b)>###specialinvoke $r7.<java.net.URL: void <init>(java.lang.String)>($r6)###https://8816.deeplink.mobileapptracking.com/v1/link.txt?platform=android&advertiser_id=8816&ver=3.11.4&package_name=com.hostelworld.app&ad_id=3ae8f2f4-1b58-4ed6-816b-3ee6c7e3745e&user_agent=Dalvik%2F1.6.0%20(Linux%3B%20U%3B%20Android%204.4.2%3B%20SM-G955N%20Build%2FNRD90M)&google_ad_tracking_disabled=0
I/System.out( 6156): body:<com.mobileapptracker.e: void a(com.mobileapptracker.b)>	sig:$r9 = virtualinvoke $r7.<java.net.URL: java.net.URLConnection openConnection()>()	timediff:0
I/System.out( 6156): body:<com.mobileapptracker.e: void a(com.mobileapptracker.b)>	sig:virtualinvoke $r10.<java.net.HttpURLConnection: void setRequestProperty(java.lang.String,java.lang.String)>("X-MAT-Key", $r6)	timediff:0
I/System.out( 6156): body:<com.mobileapptracker.e: void a(com.mobileapptracker.b)>	sig:virtualinvoke $r10.<java.net.HttpURLConnection: void setRequestMethod(java.lang.String)>("GET")	timediff:0
I/System.out( 6156): body:<com.mobileapptracker.e: void a(com.mobileapptracker.b)>	sig:virtualinvoke $r10.<java.net.HttpURLConnection: void setDoInput(boolean)>(1)	timediff:0
D/GraphRequest( 6156): Warning: Request without access token missing application ID or client token.
I/System.out( 6156): body:<com.facebook.GraphRequest: java.net.HttpURLConnection a(com.facebook.m)>	sig:specialinvoke $r2.<java.net.URL: void <init>(java.lang.String)>($r3)	timediff:0
I/System.out( 6156): <com.facebook.GraphRequest: java.net.HttpURLConnection a(com.facebook.m)>###specialinvoke $r2.<java.net.URL: void <init>(java.lang.String)>($r3)###https://graph.facebook.com/v2.5/910072465692622/activities?format=json&sdk=android
I/System.out( 6156): body:<com.facebook.GraphRequest: java.net.HttpURLConnection a(java.net.URL)>	sig:$r1 = virtualinvoke $r0.<java.net.URL: java.net.URLConnection openConnection()>()	timediff:0
I/System.out( 6156): body:<com.facebook.GraphRequest: java.net.HttpURLConnection a(java.net.URL)>	sig:virtualinvoke $r2.<java.net.HttpURLConnection: void setRequestProperty(java.lang.String,java.lang.String)>("User-Agent", $r3)	timediff:0
I/System.out( 6156): body:<com.facebook.GraphRequest: java.net.HttpURLConnection a(java.net.URL)>	sig:virtualinvoke $r2.<java.net.HttpURLConnection: void setRequestProperty(java.lang.String,java.lang.String)>("Accept-Language", $r3)	timediff:0
I/System.out( 6156): body:<com.facebook.GraphRequest: java.net.HttpURLConnection a(java.net.URL)>	sig:virtualinvoke $r2.<java.net.HttpURLConnection: void setChunkedStreamingMode(int)>(0)	timediff:0
I/System.out( 6156): body:<com.facebook.GraphRequest: void a(com.facebook.m,java.net.HttpURLConnection)>	sig:virtualinvoke $r1.<java.net.HttpURLConnection: void setRequestMethod(java.lang.String)>($r6)	timediff:0
I/System.out( 6156): body:<com.facebook.GraphRequest: void a(java.net.HttpURLConnection,boolean)>	sig:virtualinvoke $r0.<java.net.HttpURLConnection: void setRequestProperty(java.lang.String,java.lang.String)>("Content-Type", "application/x-www-form-urlencoded")	timediff:0
I/System.out( 6156): body:<com.facebook.GraphRequest: void a(java.net.HttpURLConnection,boolean)>	sig:virtualinvoke $r0.<java.net.HttpURLConnection: void setRequestProperty(java.lang.String,java.lang.String)>("Content-Encoding", "gzip")	timediff:0
I/System.out( 6156): body:<com.facebook.GraphRequest: void a(com.facebook.m,java.net.HttpURLConnection)>	sig:$r7 = virtualinvoke $r1.<java.net.HttpURLConnection: java.net.URL getURL()>()	timediff:0
I/System.out( 6156): body:<com.facebook.GraphRequest: void a(com.facebook.m,java.net.HttpURLConnection)>	sig:$r6 = virtualinvoke $r1.<java.net.HttpURLConnection: java.lang.String getRequestMethod()>()	timediff:0
I/System.out( 6156): body:<com.facebook.GraphRequest: void a(com.facebook.m,java.net.HttpURLConnection)>	sig:$r6 = virtualinvoke $r1.<java.net.HttpURLConnection: java.lang.String getRequestProperty(java.lang.String)>("User-Agent")	timediff:0
I/System.out( 6156): body:<com.facebook.GraphRequest: void a(com.facebook.m,java.net.HttpURLConnection)>	sig:$r6 = virtualinvoke $r1.<java.net.HttpURLConnection: java.lang.String getRequestProperty(java.lang.String)>("Content-Type")	timediff:0
I/System.out( 6156): body:<com.facebook.GraphRequest: void a(com.facebook.m,java.net.HttpURLConnection)>	sig:virtualinvoke $r1.<java.net.HttpURLConnection: void setConnectTimeout(int)>($i2)	timediff:0
I/System.out( 6156): body:<com.facebook.GraphRequest: void a(com.facebook.m,java.net.HttpURLConnection)>	sig:virtualinvoke $r1.<java.net.HttpURLConnection: void setReadTimeout(int)>($i2)	timediff:0
I/System.out( 6156): body:<com.facebook.GraphRequest: void a(com.facebook.m,java.net.HttpURLConnection)>	sig:virtualinvoke $r1.<java.net.HttpURLConnection: void setDoOutput(boolean)>(1)	timediff:0
I/System.out( 6156): body:<com.facebook.GraphRequest: void a(com.facebook.m,java.net.HttpURLConnection)>	sig:$r10 = virtualinvoke $r1.<java.net.HttpURLConnection: java.io.OutputStream getOutputStream()>()	timediff:12
I/System.out( 6156): body:<com.facebook.GraphRequest$f: void a(java.lang.String,java.lang.Object[])>	sig:$r3 = staticinvoke <java.net.URLEncoder: java.lang.String encode(java.lang.String,java.lang.String)>($r3, "UTF-8")	timediff:0
I/System.out( 6156): body:<com.facebook.GraphRequest$f: void a(java.lang.String,java.lang.Object[])>	sig:$r3 = staticinvoke <java.net.URLEncoder: java.lang.String encode(java.lang.String,java.lang.String)>($r3, "UTF-8")	timediff:0
I/System.out( 6156): body:<com.facebook.GraphRequest: void a(com.facebook.m,com.facebook.internal.t,int,java.net.URL,java.io.OutputStream,boolean)>	sig:$r11 = virtualinvoke $r2.<java.net.URL: java.lang.String getPath()>()	timediff:0
I/System.out( 6156): body:<com.facebook.GraphRequest$f: void a(java.lang.String,java.lang.Object[])>	sig:$r3 = staticinvoke <java.net.URLEncoder: java.lang.String encode(java.lang.String,java.lang.String)>($r3, "UTF-8")	timediff:0
I/System.out( 6156): body:<com.facebook.GraphRequest$f: void a(java.lang.String,java.lang.Object[])>	sig:$r3 = staticinvoke <java.net.URLEncoder: java.lang.String encode(java.lang.String,java.lang.String)>($r3, "UTF-8")	timediff:0
I/System.out( 6156): body:<com.facebook.GraphRequest$f: void a(java.lang.String,java.lang.Object[])>	sig:$r3 = staticinvoke <java.net.URLEncoder: java.lang.String encode(java.lang.String,java.lang.String)>($r3, "UTF-8")	timediff:0
I/System.out( 6156): body:<com.facebook.GraphRequest$f: void a(java.lang.String,java.lang.Object[])>	sig:$r3 = staticinvoke <java.net.URLEncoder: java.lang.String encode(java.lang.String,java.lang.String)>($r3, "UTF-8")	timediff:0
I/System.out( 6156): body:<com.facebook.GraphRequest$f: void a(java.lang.String,java.lang.Object[])>	sig:$r3 = staticinvoke <java.net.URLEncoder: java.lang.String encode(java.lang.String,java.lang.String)>($r3, "UTF-8")	timediff:0
I/System.out( 6156): body:<com.facebook.GraphRequest$f: void a(java.lang.String,java.lang.Object[])>	sig:$r3 = staticinvoke <java.net.URLEncoder: java.lang.String encode(java.lang.String,java.lang.String)>($r3, "UTF-8")	timediff:0
I/System.out( 6156): body:<com.facebook.GraphRequest: void a(com.facebook.m,java.net.HttpURLConnection)>	sig:$r10 = virtualinvoke $r1.<java.net.HttpURLConnection: java.io.OutputStream getOutputStream()>()	timediff:20
I/System.out( 6156): body:<com.facebook.GraphRequest$f: void a(java.lang.String,java.lang.Object[])>	sig:$r3 = staticinvoke <java.net.URLEncoder: java.lang.String encode(java.lang.String,java.lang.String)>($r3, "UTF-8")	timediff:0
I/System.out( 6156): body:<com.facebook.GraphRequest$f: void a(java.lang.String,java.lang.Object[])>	sig:$r3 = staticinvoke <java.net.URLEncoder: java.lang.String encode(java.lang.String,java.lang.String)>($r3, "UTF-8")	timediff:0
I/System.out( 6156): body:<com.facebook.GraphRequest: void a(com.facebook.m,com.facebook.internal.t,int,java.net.URL,java.io.OutputStream,boolean)>	sig:$r11 = virtualinvoke $r2.<java.net.URL: java.lang.String getPath()>()	timediff:0
I/System.out( 6156): body:<com.facebook.GraphRequest$f: void a(java.lang.String,java.lang.Object[])>	sig:$r3 = staticinvoke <java.net.URLEncoder: java.lang.String encode(java.lang.String,java.lang.String)>($r3, "UTF-8")	timediff:0
I/System.out( 6156): body:<com.facebook.GraphRequest$f: void a(java.lang.String,java.lang.Object[])>	sig:$r3 = staticinvoke <java.net.URLEncoder: java.lang.String encode(java.lang.String,java.lang.String)>($r3, "UTF-8")	timediff:0
I/System.out( 6156): body:<com.facebook.GraphRequest$f: void a(java.lang.String,java.lang.Object[])>	sig:$r3 = staticinvoke <java.net.URLEncoder: java.lang.String encode(java.lang.String,java.lang.String)>($r3, "UTF-8")	timediff:0
D/dalvikvm( 6156): GC_CONCURRENT freed 568K, 9% free 7134K/7768K, paused 2ms+2ms, total 9ms
I/System.out( 6156): body:<com.facebook.GraphRequest$f: void a(java.lang.String,java.lang.Object[])>	sig:$r3 = staticinvoke <java.net.URLEncoder: java.lang.String encode(java.lang.String,java.lang.String)>($r3, "UTF-8")	timediff:0
I/System.out( 6156): body:<com.facebook.GraphRequest$f: void a(java.lang.String,java.lang.Object[])>	sig:$r3 = staticinvoke <java.net.URLEncoder: java.lang.String encode(java.lang.String,java.lang.String)>($r3, "UTF-8")	timediff:0
I/System.out( 6156): body:<com.facebook.GraphRequest$f: void a(java.lang.String,java.lang.Object[])>	sig:$r3 = staticinvoke <java.net.URLEncoder: java.lang.String encode(java.lang.String,java.lang.String)>($r3, "UTF-8")	timediff:0
I/System.out( 6156): body:<com.facebook.GraphRequest$f: void a(java.lang.String,java.lang.Object[])>	sig:$r3 = staticinvoke <java.net.URLEncoder: java.lang.String encode(java.lang.String,java.lang.String)>($r3, "UTF-8")	timediff:0
