--------- beginning of /dev/log/main
I/Icing   (  702): Indexing F4FAA6262FE39DDD50BAE6B7AF5CDB8D73BA0DB0 from com.google.android.gms
D/dalvikvm(  702): GC_CONCURRENT freed 2118K, 42% free 9555K/16344K, paused 3ms+3ms, total 29ms
D/dalvikvm(  702): WAIT_FOR_CONCURRENT_GC blocked 18ms
I/Icing   (  702): Indexing done F4FAA6262FE39DDD50BAE6B7AF5CDB8D73BA0DB0
D/AndroidRuntime(19169): 
D/AndroidRuntime(19169): >>>>>> AndroidRuntime START com.android.internal.os.RuntimeInit <<<<<<
D/AndroidRuntime(19169): CheckJNI is OFF
D/dalvikvm(19169): Using executionMode 2
D/dalvikvm(19169): Trying to load lib libjavacore.so 0x0
D/dalvikvm(19169): Added shared lib libjavacore.so 0x0
D/dalvikvm(19169): Trying to load lib libnativehelper.so 0x0
D/dalvikvm(19169): Added shared lib libnativehelper.so 0x0
D/dalvikvm(19169): No JNI_OnLoad found in libnativehelper.so 0x0, skipping init
D/dalvikvm(19169): Note: class Landroid/app/ActivityManagerNative; has 179 unimplemented (abstract) methods
E/memtrack(19169): Couldn't load memtrack module (No such file or directory)
E/android.os.Debug(19169): failed to load memtrack module: -2
D/AndroidRuntime(19169): Calling main entry com.android.commands.monkey.Monkey
--------- beginning of /dev/log/system
W/BroadcastQueue(  346): Skipping deliver [background] BroadcastRecord{4a939f6c u-1 android.net.conn.CONNECTIVITY_CHANGE} to ReceiverList{4ae27e60 19169 (unknown name)/0/u-1 remote:4abb8458}: process crashing
I/ActivityManager(  346): START u0 {act=android.intent.action.MAIN cat=[android.intent.category.LAUNCHER] flg=0x10200000 cmp=net.skyscanner.android.main/net.skyscanner.android.activity.SearchActivity} from pid 19169
D/yeshen  (  670): launcher onpause
I/ActivityManager(  346): Start proc net.skyscanner.android.main for activity net.skyscanner.android.main/net.skyscanner.android.activity.SearchActivity: pid=19179 uid=10065 gids={50065, 3003, 1028, 1015, 1023}
W/NetworkManagementSocketTagger(  346): setKernelCountSet(10065, 1) failed with errno -13
I/dalvikvm(19179): ignoring registerObject request in thread=1
I/dalvikvm(19179): ignoring registerObject request in thread=1
D/dalvikvm(19179): JIT code cache reset in 0 ms (0 bytes 1/0)
D/dalvikvm(19179): GC_CONCURRENT freed 178K, 8% free 3122K/3360K, paused 1ms+1ms, total 4ms
D/dalvikvm(19179): WAIT_FOR_CONCURRENT_GC blocked 1ms
D/dalvikvm(19179): GC_CONCURRENT freed 215K, 8% free 3421K/3696K, paused 1ms+0ms, total 8ms
D/dalvikvm(19179): WAIT_FOR_CONCURRENT_GC blocked 4ms
D/dalvikvm(19179): GC_CONCURRENT freed 475K, 14% free 3407K/3944K, paused 0ms+0ms, total 3ms
D/dalvikvm(19179): GC_CONCURRENT freed 13K, 2% free 3874K/3948K, paused 1ms+1ms, total 4ms
D/dalvikvm(19179): GC_CONCURRENT freed 283K, 8% free 4106K/4448K, paused 0ms+0ms, total 4ms
D/dalvikvm(19179): WAIT_FOR_CONCURRENT_GC blocked 1ms
D/dalvikvm(19179): GC_CONCURRENT freed 843K, 21% free 3727K/4680K, paused 0ms+0ms, total 4ms
D/dalvikvm(19179): WAIT_FOR_CONCURRENT_GC blocked 3ms
D/dalvikvm(19179): GC_FOR_ALLOC freed 2K, 21% free 3732K/4680K, paused 3ms, total 3ms
I/dalvikvm-heap(19179): Grow heap (frag case) to 3.717MB for 16396-byte allocation
D/dalvikvm(19179): GC_FOR_ALLOC freed 8K, 21% free 3740K/4700K, paused 4ms, total 4ms
D/dalvikvm(19179): GC_FOR_ALLOC freed 118K, 15% free 4004K/4700K, paused 4ms, total 4ms
I/dalvikvm-heap(19179): Grow heap (frag case) to 3.974MB for 8204-byte allocation
D/dalvikvm(19179): GC_FOR_ALLOC freed 4K, 15% free 4008K/4712K, paused 3ms, total 3ms
D/dalvikvm(19179): GC_FOR_ALLOC freed 76K, 11% free 4208K/4712K, paused 3ms, total 3ms
D/dalvikvm(19179): GC_FOR_ALLOC freed 219K, 11% free 4297K/4780K, paused 3ms, total 3ms
D/dalvikvm(19179): GC_FOR_ALLOC freed 30K, 11% free 4329K/4844K, paused 4ms, total 4ms
I/dalvikvm-heap(19179): Grow heap (frag case) to 4.408MB for 129036-byte allocation
D/dalvikvm(19179): GC_FOR_ALLOC freed 62K, 12% free 4393K/4972K, paused 4ms, total 4ms
I/dalvikvm-heap(19179): Grow heap (frag case) to 4.595MB for 260108-byte allocation
D/dalvikvm(19179): GC_FOR_ALLOC freed 126K, 14% free 4521K/5228K, paused 2ms, total 2ms
D/dalvikvm(19179): GC_FOR_ALLOC freed 281K, 15% free 4472K/5228K, paused 3ms, total 3ms
D/dalvikvm(19179): GC_FOR_ALLOC freed 92K, 13% free 4568K/5228K, paused 5ms, total 5ms
I/dalvikvm-heap(19179): Grow heap (frag case) to 4.766MB for 260108-byte allocation
D/dalvikvm(19179): GC_FOR_ALLOC freed <1K, 13% free 4822K/5484K, paused 4ms, total 4ms
D/dalvikvm(19179): GC_FOR_ALLOC freed 126K, 15% free 4696K/5484K, paused 3ms, total 3ms
D/dalvikvm(19179): GC_FOR_ALLOC freed 307K, 15% free 4678K/5484K, paused 3ms, total 3ms
D/dalvikvm(19179): GC_FOR_ALLOC freed 62K, 14% free 4742K/5484K, paused 4ms, total 4ms
D/dalvikvm(19179): GC_FOR_ALLOC freed 126K, 12% free 4870K/5484K, paused 5ms, total 5ms
I/dalvikvm-heap(19179): Grow heap (frag case) to 4.982MB for 177772-byte allocation
D/dalvikvm(19179): GC_FOR_ALLOC freed 255K, 16% free 4789K/5660K, paused 3ms, total 3ms
D/dalvikvm(19179): GC_CONCURRENT freed 192K, 7% free 5266K/5660K, paused 1ms+1ms, total 5ms
D/dalvikvm(19179): WAIT_FOR_CONCURRENT_GC blocked 2ms
D/dalvikvm(19179): GC_CONCURRENT freed 449K, 9% free 5647K/6156K, paused 0ms+1ms, total 4ms
D/dalvikvm(19179): WAIT_FOR_CONCURRENT_GC blocked 1ms
D/dalvikvm(19179): GC_CONCURRENT freed 454K, 8% free 6150K/6664K, paused 0ms+0ms, total 5ms
D/dalvikvm(19179): WAIT_FOR_CONCURRENT_GC blocked 2ms
I/com.kotikan.util.Log(19179): Setting up logging
D/dalvikvm(19179): GC_CONCURRENT freed 1018K, 15% free 6179K/7260K, paused 0ms+1ms, total 5ms
D/dalvikvm(19179): GC_CONCURRENT freed 576K, 9% free 6609K/7260K, paused 2ms+0ms, total 6ms
W/MixpanelAPI.RsrcReader(19179): Can't load names for Android view ids from 'net.skyscanner.android.main.R$id', ids by name will not be available in the events editor.
I/dalvikvm(19179): Could not find method com.google.android.gms.gcm.GoogleCloudMessaging.getInstance, referenced from method com.mixpanel.android.mpmetrics.AnalyticsMessages$Worker$AnalyticsMessageHandler.runGCMRegistration
W/dalvikvm(19179): VFY: unable to resolve static method 24397: Lcom/google/android/gms/gcm/GoogleCloudMessaging;.getInstance (Landroid/content/Context;)Lcom/google/android/gms/gcm/GoogleCloudMessaging;
D/dalvikvm(19179): VFY: replacing opcode 0x71 at 0x0017
I/dalvikvm(19179): Could not find method android.content.pm.PackageManager.getPackageInstaller, referenced from method com.google.android.gms.common.c.a
W/dalvikvm(19179): VFY: unable to resolve virtual method 3624: Landroid/content/pm/PackageManager;.getPackageInstaller ()Landroid/content/pm/PackageInstaller;
D/dalvikvm(19179): VFY: replacing opcode 0x6e at 0x000a
W/dalvikvm(19179): VFY: unable to find class referenced in signature (Lokhttp3/Request;)
W/dalvikvm(19179): VFY: unable to find class referenced in signature (Lokhttp3/Response;)
I/dalvikvm(19179): Could not find method okhttp3.Response.headers, referenced from method empirical.HelperClass.printOkHttpInfo
W/dalvikvm(19179): VFY: unable to resolve virtual method 47530: Lokhttp3/Response;.headers ()Lokhttp3/Headers;
D/dalvikvm(19179): VFY: replacing opcode 0x6e at 0x0006
W/dalvikvm(19179): VFY: unable to find class referenced in signature (Lokhttp3/Call;)
W/dalvikvm(19179): VFY: unable to find class referenced in signature (Lokhttp3/Response;)
I/dalvikvm(19179): Could not find method okhttp3.Call.request, referenced from method empirical.HelperClass.printOkHttpInfoFromCall
W/dalvikvm(19179): VFY: unable to resolve interface method 47524: Lokhttp3/Call;.request ()Lokhttp3/Request;
D/dalvikvm(19179): VFY: replacing opcode 0x72 at 0x0006
I/System.out(19179): body:<com.mixpanel.android.mpmetrics.DecideChecker: java.lang.String getDecideResponseFromServer(java.lang.String,java.lang.String,com.mixpanel.android.util.RemoteService)>	sig:$r1 = staticinvoke <java.net.URLEncoder: java.lang.String encode(java.lang.String,java.lang.String)>($r1, "utf-8")	timediff:0
I/System.out(19179): body:<com.mixpanel.android.mpmetrics.DecideChecker: java.lang.String getDecideResponseFromServer(java.lang.String,java.lang.String,com.mixpanel.android.util.RemoteService)>	sig:$r2 = staticinvoke <java.net.URLEncoder: java.lang.String encode(java.lang.String,java.lang.String)>($r2, "utf-8")	timediff:0
I/System.out(19179): body:<com.mixpanel.android.util.HttpService: byte[] performRequest(java.lang.String,java.util.List,javax.net.ssl.SSLSocketFactory)>	sig:specialinvoke $r11.<java.net.URL: void <init>(java.lang.String)>($r1)	timediff:0
I/System.out(19179): <com.mixpanel.android.util.HttpService: byte[] performRequest(java.lang.String,java.util.List,javax.net.ssl.SSLSocketFactory)>###specialinvoke $r11.<java.net.URL: void <init>(java.lang.String)>($r1)###https://decide.mixpanel.com/decide?version=1&lib=android&token=2434748954c30ccc5017faa456fa3d38&distinct_id=ebe8e640-2b14-46b0-a389-30f87aee7a25
I/System.out(19179): body:<com.mixpanel.android.util.HttpService: byte[] performRequest(java.lang.String,java.util.List,javax.net.ssl.SSLSocketFactory)>	sig:$r10 = virtualinvoke $r11.<java.net.URL: java.net.URLConnection openConnection()>()	timediff:3
I/System.out(19179): body:<com.mixpanel.android.util.HttpService: byte[] performRequest(java.lang.String,java.util.List,javax.net.ssl.SSLSocketFactory)>	sig:virtualinvoke $r12.<java.net.HttpURLConnection: void setConnectTimeout(int)>(2000)	timediff:0
I/System.out(19179): body:<com.mixpanel.android.util.HttpService: byte[] performRequest(java.lang.String,java.util.List,javax.net.ssl.SSLSocketFactory)>	sig:virtualinvoke $r12.<java.net.HttpURLConnection: void setReadTimeout(int)>(10000)	timediff:0
E/ActivityThread(19179): Failed to find provider info for com.facebook.katana.provider.AttributionIdProvider
I/System.out(19179): body:<com.facebook.Request: java.net.HttpURLConnection toHttpConnection(com.facebook.RequestBatch)>	sig:specialinvoke $r2.<java.net.URL: void <init>(java.lang.String)>($r3)	timediff:0
I/System.out(19179): <com.facebook.Request: java.net.HttpURLConnection toHttpConnection(com.facebook.RequestBatch)>###specialinvoke $r2.<java.net.URL: void <init>(java.lang.String)>($r3)###https://graph.facebook.com/v2.2/269769129817122?fields=supports_attribution%2Csupports_implicit_sdk_logging%2Cgdpv4_nux_content%2Cgdpv4_nux_enabled%2Candroid_dialog_configs&format=json&sdk=android
I/System.out(19179): body:<com.facebook.Request: java.net.HttpURLConnection createConnection(java.net.URL)>	sig:$r1 = virtualinvoke $r0.<java.net.URL: java.net.URLConnection openConnection()>()	timediff:0
I/System.out(19179): body:<com.facebook.Request: java.net.HttpURLConnection createConnection(java.net.URL)>	sig:virtualinvoke $r2.<java.net.HttpURLConnection: void setRequestProperty(java.lang.String,java.lang.String)>("User-Agent", $r3)	timediff:0
I/System.out(19179): body:<com.facebook.Request: java.net.HttpURLConnection createConnection(java.net.URL)>	sig:virtualinvoke $r2.<java.net.HttpURLConnection: void setRequestProperty(java.lang.String,java.lang.String)>("Content-Type", $r3)	timediff:0
I/System.out(19179): body:<com.facebook.Request: java.net.HttpURLConnection createConnection(java.net.URL)>	sig:virtualinvoke $r2.<java.net.HttpURLConnection: void setRequestProperty(java.lang.String,java.lang.String)>("Accept-Language", $r3)	timediff:0
I/System.out(19179): body:<com.facebook.Request: java.net.HttpURLConnection createConnection(java.net.URL)>	sig:virtualinvoke $r2.<java.net.HttpURLConnection: void setChunkedStreamingMode(int)>(0)	timediff:0
I/System.out(19179): body:<com.facebook.Request: void serializeToUrlConnection(com.facebook.RequestBatch,java.net.HttpURLConnection)>	sig:virtualinvoke $r1.<java.net.HttpURLConnection: void setRequestMethod(java.lang.String)>($r6)	timediff:0
I/System.out(19179): body:<com.facebook.Request: void serializeToUrlConnection(com.facebook.RequestBatch,java.net.HttpURLConnection)>	sig:$r7 = virtualinvoke $r1.<java.net.HttpURLConnection: java.net.URL getURL()>()	timediff:0
I/System.out(19179): body:<com.facebook.Request: void serializeToUrlConnection(com.facebook.RequestBatch,java.net.HttpURLConnection)>	sig:$r6 = virtualinvoke $r1.<java.net.HttpURLConnection: java.lang.String getRequestMethod()>()	timediff:0
I/System.out(19179): body:<com.facebook.Request: void serializeToUrlConnection(com.facebook.RequestBatch,java.net.HttpURLConnection)>	sig:$r6 = virtualinvoke $r1.<java.net.HttpURLConnection: java.lang.String getRequestProperty(java.lang.String)>("User-Agent")	timediff:0
I/System.out(19179): body:<com.facebook.Request: void serializeToUrlConnection(com.facebook.RequestBatch,java.net.HttpURLConnection)>	sig:$r6 = virtualinvoke $r1.<java.net.HttpURLConnection: java.lang.String getRequestProperty(java.lang.String)>("Content-Type")	timediff:0
I/System.out(19179): body:<com.facebook.Request: void serializeToUrlConnection(com.facebook.RequestBatch,java.net.HttpURLConnection)>	sig:virtualinvoke $r1.<java.net.HttpURLConnection: void setConnectTimeout(int)>($i1)	timediff:0
I/System.out(19179): body:<com.facebook.Request: void serializeToUrlConnection(com.facebook.RequestBatch,java.net.HttpURLConnection)>	sig:virtualinvoke $r1.<java.net.HttpURLConnection: void setReadTimeout(int)>($i1)	timediff:0
D/dalvikvm(19179): GC_CONCURRENT freed 1032K, 14% free 6856K/7948K, paused 1ms+2ms, total 9ms
D/dalvikvm(19179): WAIT_FOR_CONCURRENT_GC blocked 2ms
D/dalvikvm(19179): WAIT_FOR_CONCURRENT_GC blocked 1ms
D/dalvikvm(19179): WAIT_FOR_CONCURRENT_GC blocked 1ms
D/dalvikvm(19179): GC_CONCURRENT freed 1201K, 16% free 7001K/8268K, paused 0ms+0ms, total 6ms
D/dalvikvm(19179): WAIT_FOR_CONCURRENT_GC blocked 3ms
I/dalvikvm(19179): Could not find method android.view.ViewGroup.onNestedScrollAccepted, referenced from method android.support.v7.internal.widget.ActionBarOverlayLayout.onNestedScrollAccepted
W/dalvikvm(19179): VFY: unable to resolve virtual method 11002: Landroid/view/ViewGroup;.onNestedScrollAccepted (Landroid/view/View;Landroid/view/View;I)V
D/dalvikvm(19179): VFY: replacing opcode 0x6f at 0x0000
I/dalvikvm(19179): Could not find method android.view.ViewGroup.onStopNestedScroll, referenced from method android.support.v7.internal.widget.ActionBarOverlayLayout.onStopNestedScroll
W/dalvikvm(19179): VFY: unable to resolve virtual method 11007: Landroid/view/ViewGroup;.onStopNestedScroll (Landroid/view/View;)V
D/dalvikvm(19179): VFY: replacing opcode 0x6f at 0x0000
I/ActivityManager(  346): START u0 {flg=0x4000000 cmp=net.skyscanner.android.main/net.skyscanner.android.activity.RealSearchActivity (has extras)} from pid 19179
I/System.out(19179): body:<com.millennialmedia.android.MMSDK: java.lang.String m(android.content.Context)>	sig:$r2 = staticinvoke <java.net.NetworkInterface: java.util.Enumeration getNetworkInterfaces()>()	timediff:1
I/System.out(19179): body:<com.millennialmedia.android.MMSDK: java.lang.String m(android.content.Context)>	sig:$r5 = virtualinvoke $r4.<java.net.NetworkInterface: java.util.Enumeration getInetAddresses()>()	timediff:0
I/System.out(19179): body:<com.millennialmedia.android.MMSDK: java.lang.String m(android.content.Context)>	sig:$r5 = virtualinvoke $r4.<java.net.NetworkInterface: java.util.Enumeration getInetAddresses()>()	timediff:0
I/System.out(19179): body:<com.millennialmedia.android.MMSDK: java.lang.String m(android.content.Context)>	sig:$z0 = virtualinvoke $r6.<java.net.InetAddress: boolean isLoopbackAddress()>()	timediff:0
I/System.out(19179): body:<com.millennialmedia.android.MMSDK: java.lang.String m(android.content.Context)>	sig:$z0 = virtualinvoke $r6.<java.net.InetAddress: boolean isLoopbackAddress()>()	timediff:0
I/System.out(19179): body:<com.millennialmedia.android.MMSDK: java.lang.String m(android.content.Context)>	sig:$r5 = virtualinvoke $r4.<java.net.NetworkInterface: java.util.Enumeration getInetAddresses()>()	timediff:0
I/System.out(19179): body:<com.millennialmedia.android.MMSDK: java.lang.String m(android.content.Context)>	sig:$z0 = virtualinvoke $r6.<java.net.InetAddress: boolean isLoopbackAddress()>()	timediff:0
I/System.out(19179): body:<com.millennialmedia.android.MMSDK: java.lang.String m(android.content.Context)>	sig:$r7 = virtualinvoke $r6.<java.net.InetAddress: java.lang.String getHostAddress()>()	timediff:0
I/System.out(19179): body:<com.millennialmedia.android.MMSDK: java.lang.String m(android.content.Context)>	sig:$r2 = staticinvoke <java.net.NetworkInterface: java.util.Enumeration getNetworkInterfaces()>()	timediff:0
I/System.out(19179): body:<com.millennialmedia.android.MMSDK: java.lang.String m(android.content.Context)>	sig:$r5 = virtualinvoke $r4.<java.net.NetworkInterface: java.util.Enumeration getInetAddresses()>()	timediff:0
I/System.out(19179): body:<com.millennialmedia.android.MMSDK: java.lang.String m(android.content.Context)>	sig:$r5 = virtualinvoke $r4.<java.net.NetworkInterface: java.util.Enumeration getInetAddresses()>()	timediff:0
I/System.out(19179): body:<com.millennialmedia.android.MMSDK: java.lang.String m(android.content.Context)>	sig:$z0 = virtualinvoke $r6.<java.net.InetAddress: boolean isLoopbackAddress()>()	timediff:0
I/System.out(19179): body:<com.millennialmedia.android.MMSDK: java.lang.String m(android.content.Context)>	sig:$z0 = virtualinvoke $r6.<java.net.InetAddress: boolean isLoopbackAddress()>()	timediff:0
I/System.out(19179): body:<com.millennialmedia.android.MMSDK: java.lang.String m(android.content.Context)>	sig:$r5 = virtualinvoke $r4.<java.net.NetworkInterface: java.util.Enumeration getInetAddresses()>()	timediff:0
I/System.out(19179): body:<com.millennialmedia.android.MMSDK: java.lang.String m(android.content.Context)>	sig:$z0 = virtualinvoke $r6.<java.net.InetAddress: boolean isLoopbackAddress()>()	timediff:0
I/System.out(19179): body:<com.millennialmedia.android.MMSDK: java.lang.String m(android.content.Context)>	sig:$r7 = virtualinvoke $r6.<java.net.InetAddress: java.lang.String getHostAddress()>()	timediff:1
I/System.out(19179): body:<com.millennialmedia.android.MMSDK: java.lang.String m(android.content.Context)>	sig:$z0 = virtualinvoke $r6.<java.net.InetAddress: boolean isLoopbackAddress()>()	timediff:0
I/System.out(19179): body:<com.millennialmedia.android.MMSDK: java.lang.String m(android.content.Context)>	sig:$r7 = virtualinvoke $r6.<java.net.InetAddress: java.lang.String getHostAddress()>()	timediff:0
I/System.out(19179): body:<com.millennialmedia.android.MMSDK: java.lang.String m(android.content.Context)>	sig:$r5 = virtualinvoke $r4.<java.net.NetworkInterface: java.util.Enumeration getInetAddresses()>()	timediff:0
I/System.out(19179): body:<com.millennialmedia.android.MMSDK: java.lang.String m(android.content.Context)>	sig:$r5 = virtualinvoke $r4.<java.net.NetworkInterface: java.util.Enumeration getInetAddresses()>()	timediff:0
I/System.out(19179): body:<com.millennialmedia.android.MMSDK: java.lang.String m(android.content.Context)>	sig:$z0 = virtualinvoke $r6.<java.net.InetAddress: boolean isLoopbackAddress()>()	timediff:0
I/System.out(19179): body:<com.millennialmedia.android.MMSDK: java.lang.String m(android.content.Context)>	sig:$r7 = virtualinvoke $r6.<java.net.InetAddress: java.lang.String getHostAddress()>()	timediff:0
I/System.out(19179): body:<com.millennialmedia.android.MMSDK: java.lang.String m(android.content.Context)>	sig:$z0 = virtualinvoke $r6.<java.net.InetAddress: boolean isLoopbackAddress()>()	timediff:0
I/System.out(19179): body:<com.millennialmedia.android.MMSDK: java.lang.String m(android.content.Context)>	sig:$r7 = virtualinvoke $r6.<java.net.InetAddress: java.lang.String getHostAddress()>()	timediff:0
I/System.out(19179): body:<com.millennialmedia.android.MMSDK: java.lang.String m(android.content.Context)>	sig:$r5 = virtualinvoke $r4.<java.net.NetworkInterface: java.util.Enumeration getInetAddresses()>()	timediff:0
I/System.out(19179): body:<com.millennialmedia.android.MMSDK: void a(android.content.Context,java.util.Map)>	sig:$r21 = staticinvoke <java.net.URLEncoder: java.lang.String encode(java.lang.String,java.lang.String)>($r21, "UTF-8")	timediff:0
I/System.out(19179): body:<com.millennialmedia.android.HandShake$1: void run()>	sig:$r8 = staticinvoke <java.net.URLEncoder: java.lang.String encode(java.lang.String,java.lang.String)>($r8, "UTF-8")	timediff:0
I/System.out(19179): body:<com.millennialmedia.android.HandShake$1: void run()>	sig:$r8 = staticinvoke <java.net.URLEncoder: java.lang.String encode(java.lang.String,java.lang.String)>($r8, "UTF-8")	timediff:0
I/System.out(19179): body:<com.millennialmedia.android.HandShake$1: void run()>	sig:$r8 = staticinvoke <java.net.URLEncoder: java.lang.String encode(java.lang.String,java.lang.String)>($r8, "UTF-8")	timediff:0
I/System.out(19179): body:<com.millennialmedia.android.HandShake$1: void run()>	sig:$r8 = staticinvoke <java.net.URLEncoder: java.lang.String encode(java.lang.String,java.lang.String)>($r8, "UTF-8")	timediff:0
I/System.out(19179): body:<com.millennialmedia.android.HandShake$1: void run()>	sig:$r8 = staticinvoke <java.net.URLEncoder: java.lang.String encode(java.lang.String,java.lang.String)>($r8, "UTF-8")	timediff:0
I/System.out(19179): body:<com.millennialmedia.android.HandShake$1: void run()>	sig:$r8 = staticinvoke <java.net.URLEncoder: java.lang.String encode(java.lang.String,java.lang.String)>($r8, "UTF-8")	timediff:0
I/System.out(19179): body:<com.millennialmedia.android.HandShake$1: void run()>	sig:$r8 = staticinvoke <java.net.URLEncoder: java.lang.String encode(java.lang.String,java.lang.String)>($r8, "UTF-8")	timediff:0
I/System.out(19179): body:<com.millennialmedia.android.HandShake$1: void run()>	sig:$r8 = staticinvoke <java.net.URLEncoder: java.lang.String encode(java.lang.String,java.lang.String)>($r8, "UTF-8")	timediff:0
I/System.out(19179): body:<com.millennialmedia.android.HandShake$1: void run()>	sig:$r8 = staticinvoke <java.net.URLEncoder: java.lang.String encode(java.lang.String,java.lang.String)>($r8, "UTF-8")	timediff:0
I/System.out(19179): body:<com.millennialmedia.android.HandShake$1: void run()>	sig:$r8 = staticinvoke <java.net.URLEncoder: java.lang.String encode(java.lang.String,java.lang.String)>($r8, "UTF-8")	timediff:0
I/System.out(19179): body:<com.millennialmedia.android.HandShake$1: void run()>	sig:$r8 = staticinvoke <java.net.URLEncoder: java.lang.String encode(java.lang.String,java.lang.String)>($r8, "UTF-8")	timediff:0
I/System.out(19179): body:<com.millennialmedia.android.HandShake$1: void run()>	sig:$r8 = staticinvoke <java.net.URLEncoder: java.lang.String encode(java.lang.String,java.lang.String)>($r8, "UTF-8")	timediff:0
I/System.out(19179): body:<com.millennialmedia.android.HandShake$1: void run()>	sig:$r8 = staticinvoke <java.net.URLEncoder: java.lang.String encode(java.lang.String,java.lang.String)>($r8, "UTF-8")	timediff:0
I/System.out(19179): body:<com.millennialmedia.android.HandShake$1: void run()>	sig:$r8 = staticinvoke <java.net.URLEncoder: java.lang.String encode(java.lang.String,java.lang.String)>($r8, "UTF-8")	timediff:0
I/System.out(19179): body:<com.millennialmedia.android.HandShake$1: void run()>	sig:$r8 = staticinvoke <java.net.URLEncoder: java.lang.String encode(java.lang.String,java.lang.String)>($r8, "UTF-8")	timediff:0
I/System.out(19179): body:<com.millennialmedia.android.HandShake$1: void run()>	sig:$r8 = staticinvoke <java.net.URLEncoder: java.lang.String encode(java.lang.String,java.lang.String)>($r8, "UTF-8")	timediff:0
I/System.out(19179): body:<com.millennialmedia.android.HandShake$1: void run()>	sig:$r8 = staticinvoke <java.net.URLEncoder: java.lang.String encode(java.lang.String,java.lang.String)>($r8, "UTF-8")	timediff:0
I/System.out(19179): body:<com.millennialmedia.android.HandShake$1: void run()>	sig:$r8 = staticinvoke <java.net.URLEncoder: java.lang.String encode(java.lang.String,java.lang.String)>($r8, "UTF-8")	timediff:0
I/System.out(19179): body:<com.millennialmedia.android.HandShake$1: void run()>	sig:$r8 = staticinvoke <java.net.URLEncoder: java.lang.String encode(java.lang.String,java.lang.String)>($r8, "UTF-8")	timediff:0
I/System.out(19179): body:<com.millennialmedia.android.HandShake$1: void run()>	sig:$r8 = staticinvoke <java.net.URLEncoder: java.lang.String encode(java.lang.String,java.lang.String)>($r8, "UTF-8")	timediff:0
I/System.out(19179): body:<com.millennialmedia.android.HandShake$1: void run()>	sig:$r8 = staticinvoke <java.net.URLEncoder: java.lang.String encode(java.lang.String,java.lang.String)>($r8, "UTF-8")	timediff:0
I/System.out(19179): body:<com.millennialmedia.android.HandShake$1: void run()>	sig:$r8 = staticinvoke <java.net.URLEncoder: java.lang.String encode(java.lang.String,java.lang.String)>($r8, "UTF-8")	timediff:0
I/System.out(19179): body:<com.millennialmedia.android.HandShake$1: void run()>	sig:$r8 = staticinvoke <java.net.URLEncoder: java.lang.String encode(java.lang.String,java.lang.String)>($r8, "UTF-8")	timediff:0
I/System.out(19179): body:<com.millennialmedia.android.HandShake$1: void run()>	sig:$r8 = staticinvoke <java.net.URLEncoder: java.lang.String encode(java.lang.String,java.lang.String)>($r8, "UTF-8")	timediff:0
I/System.out(19179): body:<com.millennialmedia.android.HandShake$1: void run()>	sig:$r8 = staticinvoke <java.net.URLEncoder: java.lang.String encode(java.lang.String,java.lang.String)>($r8, "UTF-8")	timediff:0
I/System.out(19179): body:<com.millennialmedia.android.HandShake$1: void run()>	sig:$r8 = staticinvoke <java.net.URLEncoder: java.lang.String encode(java.lang.String,java.lang.String)>($r8, "UTF-8")	timediff:0
I/System.out(19179): body:<com.millennialmedia.android.HandShake$1: void run()>	sig:$r8 = staticinvoke <java.net.URLEncoder: java.lang.String encode(java.lang.String,java.lang.String)>($r8, "UTF-8")	timediff:0
I/System.out(19179): body:<com.millennialmedia.android.MMSDK: java.lang.String m(android.content.Context)>	sig:$z0 = virtualinvoke $r6.<java.net.InetAddress: boolean isLoopbackAddress()>()	timediff:0
I/System.out(19179): body:<com.millennialmedia.android.MMSDK: java.lang.String m(android.content.Context)>	sig:$r7 = virtualinvoke $r6.<java.net.InetAddress: java.lang.String getHostAddress()>()	timediff:0
I/System.out(19179): body:<com.millennialmedia.android.MMSDK: java.lang.String m(android.content.Context)>	sig:$r5 = virtualinvoke $r4.<java.net.NetworkInterface: java.util.Enumeration getInetAddresses()>()	timediff:0
I/System.out(19179): body:<com.millennialmedia.android.MMSDK: java.lang.String m(android.content.Context)>	sig:$r5 = virtualinvoke $r4.<java.net.NetworkInterface: java.util.Enumeration getInetAddresses()>()	timediff:0
I/System.out(19179): body:<com.millennialmedia.android.MMSDK: java.lang.String m(android.content.Context)>	sig:$z0 = virtualinvoke $r6.<java.net.InetAddress: boolean isLoopbackAddress()>()	timediff:0
I/System.out(19179): body:<com.millennialmedia.android.MMSDK: java.lang.String m(android.content.Context)>	sig:$r7 = virtualinvoke $r6.<java.net.InetAddress: java.lang.String getHostAddress()>()	timediff:0
I/System.out(19179): body:<com.millennialmedia.android.HttpGetRequest: org.apache.http.HttpResponse a(java.lang.String)>	sig:specialinvoke $r2.<java.net.URI: void <init>(java.lang.String)>($r1)	timediff:0
I/System.out(19179): body:<com.millennialmedia.android.MMSDK: java.lang.String m(android.content.Context)>	sig:$z0 = virtualinvoke $r6.<java.net.InetAddress: boolean isLoopbackAddress()>()	timediff:0
I/System.out(19179): body:<com.millennialmedia.android.MMSDK: java.lang.String m(android.content.Context)>	sig:$r7 = virtualinvoke $r6.<java.net.InetAddress: java.lang.String getHostAddress()>()	timediff:0
I/System.out(19179): body:<com.millennialmedia.android.MMSDK: java.lang.String m(android.content.Context)>	sig:$r5 = virtualinvoke $r4.<java.net.NetworkInterface: java.util.Enumeration getInetAddresses()>()	timediff:0
I/System.out(19179): body:<com.millennialmedia.android.MMSDK: void a(android.content.Context,java.util.Map)>	sig:$r21 = staticinvoke <java.net.URLEncoder: java.lang.String encode(java.lang.String,java.lang.String)>($r21, "UTF-8")	timediff:0
I/System.out(19179): body:<com.millennialmedia.android.HandShake$1: void run()>	sig:$r8 = staticinvoke <java.net.URLEncoder: java.lang.String encode(java.lang.String,java.lang.String)>($r8, "UTF-8")	timediff:0
I/System.out(19179): body:<com.millennialmedia.android.HandShake$1: void run()>	sig:$r8 = staticinvoke <java.net.URLEncoder: java.lang.String encode(java.lang.String,java.lang.String)>($r8, "UTF-8")	timediff:0
I/System.out(19179): body:<com.millennialmedia.android.HandShake$1: void run()>	sig:$r8 = staticinvoke <java.net.URLEncoder: java.lang.String encode(java.lang.String,java.lang.String)>($r8, "UTF-8")	timediff:0
I/System.out(19179): body:<com.millennialmedia.android.HandShake$1: void run()>	sig:$r8 = staticinvoke <java.net.URLEncoder: java.lang.String encode(java.lang.String,java.lang.String)>($r8, "UTF-8")	timediff:0
I/System.out(19179): body:<com.millennialmedia.android.HandShake$1: void run()>	sig:$r8 = staticinvoke <java.net.URLEncoder: java.lang.String encode(java.lang.String,java.lang.String)>($r8, "UTF-8")	timediff:0
I/System.out(19179): body:<com.millennialmedia.android.HandShake$1: void run()>	sig:$r8 = staticinvoke <java.net.URLEncoder: java.lang.String encode(java.lang.String,java.lang.String)>($r8, "UTF-8")	timediff:0
I/System.out(19179): body:<com.millennialmedia.android.HandShake$1: void run()>	sig:$r8 = staticinvoke <java.net.URLEncoder: java.lang.String encode(java.lang.String,java.lang.String)>($r8, "UTF-8")	timediff:0
I/System.out(19179): body:<com.millennialmedia.android.HandShake$1: void run()>	sig:$r8 = staticinvoke <java.net.URLEncoder: java.lang.String encode(java.lang.String,java.lang.String)>($r8, "UTF-8")	timediff:0
I/System.out(19179): body:<com.millennialmedia.android.HandShake$1: void run()>	sig:$r8 = staticinvoke <java.net.URLEncoder: java.lang.String encode(java.lang.String,java.lang.String)>($r8, "UTF-8")	timediff:0
I/System.out(19179): body:<com.millennialmedia.android.HandShake$1: void run()>	sig:$r8 = staticinvoke <java.net.URLEncoder: java.lang.String encode(java.lang.String,java.lang.String)>($r8, "UTF-8")	timediff:0
I/System.out(19179): body:<com.millennialmedia.android.HandShake$1: void run()>	sig:$r8 = staticinvoke <java.net.URLEncoder: java.lang.String encode(java.lang.String,java.lang.String)>($r8, "UTF-8")	timediff:0
I/System.out(19179): body:<com.millennialmedia.android.HandShake$1: void run()>	sig:$r8 = staticinvoke <java.net.URLEncoder: java.lang.String encode(java.lang.String,java.lang.String)>($r8, "UTF-8")	timediff:0
I/System.out(19179): body:<com.millennialmedia.android.HandShake$1: void run()>	sig:$r8 = staticinvoke <java.net.URLEncoder: java.lang.String encode(java.lang.String,java.lang.String)>($r8, "UTF-8")	timediff:0
I/System.out(19179): body:<com.millennialmedia.android.HandShake$1: void run()>	sig:$r8 = staticinvoke <java.net.URLEncoder: java.lang.String encode(java.lang.String,java.lang.String)>($r8, "UTF-8")	timediff:0
I/System.out(19179): body:<com.millennialmedia.android.HandShake$1: void run()>	sig:$r8 = staticinvoke <java.net.URLEncoder: java.lang.String encode(java.lang.String,java.lang.String)>($r8, "UTF-8")	timediff:0
I/System.out(19179): body:<com.millennialmedia.android.HandShake$1: void run()>	sig:$r8 = staticinvoke <java.net.URLEncoder: java.lang.String encode(java.lang.String,java.lang.String)>($r8, "UTF-8")	timediff:0
I/System.out(19179): body:<com.millennialmedia.android.HandShake$1: void run()>	sig:$r8 = staticinvoke <java.net.URLEncoder: java.lang.String encode(java.lang.String,java.lang.String)>($r8, "UTF-8")	timediff:0
I/System.out(19179): body:<com.millennialmedia.android.HandShake$1: void run()>	sig:$r8 = staticinvoke <java.net.URLEncoder: java.lang.String encode(java.lang.String,java.lang.String)>($r8, "UTF-8")	timediff:0
I/System.out(19179): body:<com.millennialmedia.android.HandShake$1: void run()>	sig:$r8 = staticinvoke <java.net.URLEncoder: java.lang.String encode(java.lang.String,java.lang.String)>($r8, "UTF-8")	timediff:0
I/System.out(19179): body:<com.millennialmedia.android.HandShake$1: void run()>	sig:$r8 = staticinvoke <java.net.URLEncoder: java.lang.String encode(java.lang.String,java.lang.String)>($r8, "UTF-8")	timediff:0
I/System.out(19179): body:<com.millennialmedia.android.HandShake$1: void run()>	sig:$r8 = staticinvoke <java.net.URLEncoder: java.lang.String encode(java.lang.String,java.lang.String)>($r8, "UTF-8")	timediff:0
I/System.out(19179): body:<com.millennialmedia.android.HandShake$1: void run()>	sig:$r8 = staticinvoke <java.net.URLEncoder: java.lang.String encode(java.lang.String,java.lang.String)>($r8, "UTF-8")	timediff:0
I/System.out(19179): body:<com.millennialmedia.android.HandShake$1: void run()>	sig:$r8 = staticinvoke <java.net.URLEncoder: java.lang.String encode(java.lang.String,java.lang.String)>($r8, "UTF-8")	timediff:0
I/System.out(19179): body:<com.millennialmedia.android.HandShake$1: void run()>	sig:$r8 = staticinvoke <java.net.URLEncoder: java.lang.String encode(java.lang.String,java.lang.String)>($r8, "UTF-8")	timediff:0
I/System.out(19179): body:<com.millennialmedia.android.HandShake$1: void run()>	sig:$r8 = staticinvoke <java.net.URLEncoder: java.lang.String encode(java.lang.String,java.lang.String)>($r8, "UTF-8")	timediff:0
I/System.out(19179): body:<com.millennialmedia.android.HandShake$1: void run()>	sig:$r8 = staticinvoke <java.net.URLEncoder: java.lang.String encode(java.lang.String,java.lang.String)>($r8, "UTF-8")	timediff:0
I/System.out(19179): body:<com.millennialmedia.android.HttpGetRequest: org.apache.http.HttpResponse a(java.lang.String)>	sig:specialinvoke $r2.<java.net.URI: void <init>(java.lang.String)>($r1)	timediff:0
I/System.out(19179): body:<com.facebook.Response: java.util.List fromHttpConnection(java.net.HttpURLConnection,com.facebook.RequestBatch)>	sig:$i0 = virtualinvoke $r0.<java.net.HttpURLConnection: int getResponseCode()>()	timediff:82
I/System.out(19179): body:<com.facebook.Response: java.util.List fromHttpConnection(java.net.HttpURLConnection,com.facebook.RequestBatch)>	sig:$r8 = virtualinvoke $r0.<java.net.HttpURLConnection: java.io.InputStream getInputStream()>()	timediff:0
I/System.out(19179): body:<empirical.HelperClass: void printURLInfo(java.lang.String,java.lang.String,java.net.URLConnection)>	sig:$r0 = virtualinvoke urlConnection.<java.net.URLConnection: java.net.URL getURL()>()	timediff:0
I/System.out(19179): body:<empirical.HelperClass: void printURLInfo(java.lang.String,java.lang.String,java.net.URLConnection)>	sig:urlString = virtualinvoke $r0.<java.net.URL: java.lang.String toString()>()	timediff:0
I/System.out(19179): body:<empirical.HelperClass: void printURLInfo(java.lang.String,java.lang.String,java.net.URLConnection)>	sig:isDoOutput = virtualinvoke urlConnection.<java.net.URLConnection: boolean getDoOutput()>()	timediff:0
I/System.out(19179): body:<empirical.HelperClass: java.lang.String getHeaderField(java.net.URLConnection,java.lang.String)>	sig:data = virtualinvoke conn.<java.net.URLConnection: java.lang.String getHeaderField(java.lang.String)>(field)	timediff:0
I/System.out(19179): body:<empirical.HelperClass: java.lang.String getHeaderField(java.net.URLConnection,java.lang.String)>	sig:data = virtualinvoke conn.<java.net.URLConnection: java.lang.String getHeaderField(java.lang.String)>(field)	timediff:0
I/System.out(19179): body:<empirical.HelperClass: java.lang.String getHeaderField(java.net.URLConnection,java.lang.String)>	sig:data = virtualinvoke conn.<java.net.URLConnection: java.lang.String getHeaderField(java.lang.String)>(field)	timediff:0
I/System.out(19179): body:<empirical.HelperClass: java.lang.String getHeaderField(java.net.URLConnection,java.lang.String)>	sig:data = virtualinvoke conn.<java.net.URLConnection: java.lang.String getHeaderField(java.lang.String)>(field)	timediff:0
I/System.out(19179): body:<empirical.HelperClass: java.lang.String getHeaderField(java.net.URLConnection,java.lang.String)>	sig:data = virtualinvoke conn.<java.net.URLConnection: java.lang.String getHeaderField(java.lang.String)>(field)	timediff:0
I/System.out(19179): URLConn;%;0;%;<com.facebook.Response: java.util.List fromHttpConnection(java.net.HttpURLConnection,com.facebook.RequestBatch)>;%;$r8 = virtualinvoke $r0.<java.net.HttpURLConnection: java.io.InputStream getInputStream()>();%;https://graph.facebook.com/v2.2/269769129817122?fields=supports_attribution%2Csupports_implicit_sdk_logging%2Cgdpv4_nux_content%2Cgdpv4_nux_enabled%2Candroid_dialog_configs&format=json&sdk=android;%;false;%;Not found;%;private, no-cache, no-store, must-revalidate;%;Sat, 01 Jan 2000 00:00:00 GMT;%;Not found;%;Not found
I/System.out(19179): body:<com.facebook.Response: java.util.List createResponsesFromObject(java.net.HttpURLConnection,java.util.List,java.lang.Object,boolean)>	sig:$i2 = virtualinvoke $r0.<java.net.HttpURLConnection: int getResponseCode()>()	timediff:0
I/System.out(19179): body:<com.facebook.internal.Utility: void disconnectQuietly(java.net.URLConnection)>	sig:virtualinvoke $r1.<java.net.HttpURLConnection: void disconnect()>()	timediff:0
E/ActivityThread(19179): Failed to find provider info for com.facebook.katana.provider.AttributionIdProvider
D/dalvikvm(19179): GC_FOR_ALLOC freed 1033K, 15% free 7120K/8324K, paused 5ms, total 5ms
I/dalvikvm-heap(19179): Grow heap (frag case) to 7.616MB for 635808-byte allocation
D/dalvikvm(19179): GC_FOR_ALLOC freed 2K, 14% free 7738K/8948K, paused 5ms, total 5ms
I/System.out(19179): body:<com.mixpanel.android.util.HttpService: byte[] performRequest(java.lang.String,java.util.List,javax.net.ssl.SSLSocketFactory)>	sig:$r16 = virtualinvoke $r12.<java.net.HttpURLConnection: java.io.InputStream getInputStream()>()	timediff:109
I/System.out(19179): body:<empirical.HelperClass: void printURLInfo(java.lang.String,java.lang.String,java.net.URLConnection)>	sig:$r0 = virtualinvoke urlConnection.<java.net.URLConnection: java.net.URL getURL()>()	timediff:0
I/System.out(19179): body:<empirical.HelperClass: void printURLInfo(java.lang.String,java.lang.String,java.net.URLConnection)>	sig:urlString = virtualinvoke $r0.<java.net.URL: java.lang.String toString()>()	timediff:0
I/System.out(19179): body:<empirical.HelperClass: void printURLInfo(java.lang.String,java.lang.String,java.net.URLConnection)>	sig:isDoOutput = virtualinvoke urlConnection.<java.net.URLConnection: boolean getDoOutput()>()	timediff:0
I/System.out(19179): body:<empirical.HelperClass: java.lang.String getHeaderField(java.net.URLConnection,java.lang.String)>	sig:data = virtualinvoke conn.<java.net.URLConnection: java.lang.String getHeaderField(java.lang.String)>(field)	timediff:0
I/System.out(19179): body:<empirical.HelperClass: java.lang.String getHeaderField(java.net.URLConnection,java.lang.String)>	sig:data = virtualinvoke conn.<java.net.URLConnection: java.lang.String getHeaderField(java.lang.String)>(field)	timediff:0
I/System.out(19179): body:<empirical.HelperClass: java.lang.String getHeaderField(java.net.URLConnection,java.lang.String)>	sig:data = virtualinvoke conn.<java.net.URLConnection: java.lang.String getHeaderField(java.lang.String)>(field)	timediff:0
I/System.out(19179): body:<empirical.HelperClass: java.lang.String getHeaderField(java.net.URLConnection,java.lang.String)>	sig:data = virtualinvoke conn.<java.net.URLConnection: java.lang.String getHeaderField(java.lang.String)>(field)	timediff:0
I/System.out(19179): body:<empirical.HelperClass: java.lang.String getHeaderField(java.net.URLConnection,java.lang.String)>	sig:data = virtualinvoke conn.<java.net.URLConnection: java.lang.String getHeaderField(java.lang.String)>(field)	timediff:0
I/System.out(19179): URLConn;%;1;%;<com.mixpanel.android.util.HttpService: byte[] performRequest(java.lang.String,java.util.List,javax.net.ssl.SSLSocketFactory)>;%;$r16 = virtualinvoke $r12.<java.net.HttpURLConnection: java.io.InputStream getInputStream()>();%;https://decide.mixpanel.com/decide?version=1&lib=android&token=2434748954c30ccc5017faa456fa3d38&distinct_id=ebe8e640-2b14-46b0-a389-30f87aee7a25;%;false;%;Not found;%;no-cache, no-store;%;Not found;%;Not found;%;Not found
I/System.out(19179): body:<com.mixpanel.android.util.HttpService: byte[] performRequest(java.lang.String,java.util.List,javax.net.ssl.SSLSocketFactory)>	sig:virtualinvoke $r12.<java.net.HttpURLConnection: void disconnect()>()	timediff:0
I/dalvikvm(19179): Could not find method android.widget.CompoundButton.drawableHotspotChanged, referenced from method android.support.v7.widget.SwitchCompat.drawableHotspotChanged
W/dalvikvm(19179): VFY: unable to resolve virtual method 11383: Landroid/widget/CompoundButton;.drawableHotspotChanged (FF)V
D/dalvikvm(19179): VFY: replacing opcode 0x6f at 0x0000
I/System.out(19179): body:<com.millennialmedia.android.HttpGetRequest: org.apache.http.HttpResponse a(java.lang.String)>	sig:specialinvoke $r2.<java.net.URI: void <init>(java.lang.String)>($r1)	timediff:1
I/System.out(19179): body:<com.millennialmedia.android.HttpGetRequest: org.apache.http.HttpResponse a(java.lang.String)>	sig:specialinvoke $r2.<java.net.URI: void <init>(java.lang.String)>($r1)	timediff:0
E/ActivityThread(19179): Failed to find provider info for com.facebook.katana.provider.AttributionIdProvider
I/System.out(19179): body:<er: es a(java.lang.String)>	sig:specialinvoke $r2.<java.net.URL: void <init>(java.lang.String)>($r1)	timediff:0
I/System.out(19179): <er: es a(java.lang.String)>###specialinvoke $r2.<java.net.URL: void <init>(java.lang.String)>($r1)###http://mobile.ds.skyscanner.net/dataservices/app/config/android/config.js
I/System.out(19179): body:<er: es a(java.lang.String)>	sig:$r4 = virtualinvoke $r2.<java.net.URL: java.net.URLConnection openConnection()>()	timediff:0
I/System.out(19179): body:<eq: void a(java.lang.String,java.lang.String)>	sig:virtualinvoke $r3.<java.net.HttpURLConnection: void setRequestProperty(java.lang.String,java.lang.String)>($r1, $r2)	timediff:0
E/ActivityThread(19179): Failed to find provider info for com.facebook.katana.provider.AttributionIdProvider
D/dalvikvm(19179): GC_CONCURRENT freed 1141K, 13% free 8251K/9452K, paused 2ms+1ms, total 9ms
D/dalvikvm(19179): WAIT_FOR_CONCURRENT_GC blocked 2ms
D/dalvikvm(19179): WAIT_FOR_CONCURRENT_GC blocked 3ms
I/ActivityManager(  346): START u0 {act=android.intent.action.MAIN cat=[android.intent.category.LAUNCHER] flg=0x10200000 cmp=net.skyscanner.android.main/net.skyscanner.android.activity.SearchActivity} from pid 19169
D/libEGL  (19179): loaded /system/lib/egl/libEGL_adreno.so
D/        (19179): HostConnection::get() New Host Connection established 0xb7bee5b0, tid 19179
D/libEGL  (19179): loaded /system/lib/egl/libGLESv1_CM_adreno.so
D/libEGL  (19179): loaded /system/lib/egl/libGLESv2_adreno.so
I/System.out(19179): body:<eq: int a()>	sig:$i0 = virtualinvoke $r1.<java.net.HttpURLConnection: int getResponseCode()>()	timediff:101
I/System.out(19179): body:<eq: java.io.InputStream b()>	sig:$r2 = virtualinvoke $r1.<java.net.HttpURLConnection: java.io.InputStream getInputStream()>()	timediff:0
I/System.out(19179): body:<empirical.HelperClass: void printURLInfo(java.lang.String,java.lang.String,java.net.URLConnection)>	sig:$r0 = virtualinvoke urlConnection.<java.net.URLConnection: java.net.URL getURL()>()	timediff:0
I/System.out(19179): body:<empirical.HelperClass: void printURLInfo(java.lang.String,java.lang.String,java.net.URLConnection)>	sig:urlString = virtualinvoke $r0.<java.net.URL: java.lang.String toString()>()	timediff:0
I/System.out(19179): body:<empirical.HelperClass: void printURLInfo(java.lang.String,java.lang.String,java.net.URLConnection)>	sig:isDoOutput = virtualinvoke urlConnection.<java.net.URLConnection: boolean getDoOutput()>()	timediff:0
I/System.out(19179): body:<empirical.HelperClass: java.lang.String getHeaderField(java.net.URLConnection,java.lang.String)>	sig:data = virtualinvoke conn.<java.net.URLConnection: java.lang.String getHeaderField(java.lang.String)>(field)	timediff:0
I/System.out(19179): body:<empirical.HelperClass: java.lang.String getHeaderField(java.net.URLConnection,java.lang.String)>	sig:data = virtualinvoke conn.<java.net.URLConnection: java.lang.String getHeaderField(java.lang.String)>(field)	timediff:0
I/System.out(19179): body:<empirical.HelperClass: java.lang.String getHeaderField(java.net.URLConnection,java.lang.String)>	sig:data = virtualinvoke conn.<java.net.URLConnection: java.lang.String getHeaderField(java.lang.String)>(field)	timediff:0
I/System.out(19179): body:<empirical.HelperClass: java.lang.String getHeaderField(java.net.URLConnection,java.lang.String)>	sig:data = virtualinvoke conn.<java.net.URLConnection: java.lang.String getHeaderField(java.lang.String)>(field)	timediff:0
I/System.out(19179): body:<empirical.HelperClass: java.lang.String getHeaderField(java.net.URLConnection,java.lang.String)>	sig:data = virtualinvoke conn.<java.net.URLConnection: java.lang.String getHeaderField(java.lang.String)>(field)	timediff:0
I/System.out(19179): URLConn;%;2;%;<eq: java.io.InputStream b()>;%;$r2 = virtualinvoke $r1.<java.net.HttpURLConnection: java.io.InputStream getInputStream()>();%;http://mobile.ds.skyscanner.net/dataservices/app/config/android/config.js;%;false;%;Not found;%;Not found;%;Not found;%;Not found;%;Not found
W/EGL_emulation(19179): eglSurfaceAttrib not implemented 3093 12436
D/OpenGLRenderer(19179): Enabling debug mode 0
W/ViewRootImpl(19179): Dropping event due to no window focus: MotionEvent { action=ACTION_MOVE, id[0]=0, x[0]=1.0, y[0]=0.0, toolType[0]=TOOL_TYPE_UNKNOWN, buttonState=0, metaState=0, flags=0x0, edgeFlags=0x0, pointerCount=1, historySize=9, eventTime=4778202, downTime=-1, deviceId=0, source=0x10004 }
W/ViewRootImpl(19179): Dropping event due to no window focus: KeyEvent { action=ACTION_DOWN, keyCode=KEYCODE_DPAD_DOWN, scanCode=0, metaState=0, flags=0x8, repeatCount=0, eventTime=4778206, downTime=4778206, deviceId=-1, source=0x101 }
W/ViewRootImpl(19179): Dropping event due to no window focus: KeyEvent { action=ACTION_DOWN, keyCode=KEYCODE_DPAD_UP, scanCode=0, metaState=0, flags=0x8, repeatCount=0, eventTime=4778292, downTime=4778292, deviceId=-1, source=0x101 }
W/ContextImpl(  346): Calling a method in the system process without a qualified user: android.app.ContextImpl.sendBroadcast:1123 com.android.server.InputMethodManagerService.hideCurrentInputLocked:1880 com.android.server.InputMethodManagerService.windowGainedFocus:1968 com.android.internal.view.IInputMethodManager$Stub.onTransact:221 com.android.server.InputMethodManagerService.onTransact:818 
I/ActivityManager(  346): START u0 {cmp=net.skyscanner.android.main/net.skyscanner.android.activity.calendar.CalendarDatePickerActivity (has extras)} from pid 19179
D/yeshen  (  670): launcher onstop
W/DebugConnManager(  670): getNetworkInfo() on networkType 1
D/FirebaseApp(  670): Notifying background state change listeners.
D/Tinker.DefaultAppLike(  670): onTrimMemory level:20
E/ActivityThread(19179): Failed to find provider info for com.facebook.katana.provider.AttributionIdProvider
E/ActivityThread(19179): Failed to find provider info for com.facebook.katana.provider.AttributionIdProvider
D/dalvikvm(19179): GC_CONCURRENT freed 1566K, 17% free 8487K/10112K, paused 1ms+4ms, total 19ms
W/EGL_emulation(19179): eglSurfaceAttrib not implemented 3093 12436
W/ViewRootImpl(19179): Dropping event due to no window focus: KeyEvent { action=ACTION_DOWN, keyCode=KEYCODE_DPAD_RIGHT, scanCode=0, metaState=0, flags=0x8, repeatCount=0, eventTime=4778358, downTime=4778358, deviceId=-1, source=0x101 }
W/ViewRootImpl(19179): Dropping event due to no window focus: KeyEvent { action=ACTION_DOWN, keyCode=KEYCODE_DPAD_UP, scanCode=0, metaState=0, flags=0x8, repeatCount=0, eventTime=4778508, downTime=4778508, deviceId=-1, source=0x101 }
I/ActivityManager(  346): Displayed net.skyscanner.android.main/net.skyscanner.android.activity.calendar.CalendarDatePickerActivity: +168ms (total +1s141ms)
W/ContextImpl(  346): Calling a method in the system process without a qualified user: android.app.ContextImpl.sendBroadcast:1123 com.android.server.InputMethodManagerService.hideCurrentInputLocked:1880 com.android.server.InputMethodManagerService.windowGainedFocus:1968 com.android.internal.view.IInputMethodManager$Stub.onTransact:221 com.android.server.InputMethodManagerService.onTransact:818 
I/ActivityManager(  346): START u0 {act=android.intent.action.MAIN cat=[android.intent.category.LAUNCHER] flg=0x10200000 cmp=net.skyscanner.android.main/net.skyscanner.android.activity.SearchActivity} from pid 19169
D/dalvikvm(19179): GC_CONCURRENT freed 1163K, 12% free 9229K/10452K, paused 0ms+1ms, total 9ms
D/dalvikvm(19179): WAIT_FOR_CONCURRENT_GC blocked 6ms
V/PanelView(  531): animationTick called with dtms=0; nothing to do (h=0.0 v=-0.0)
W/MixpanelAPI.ConfigurationChecker(19179): com.mixpanel.android.surveys.SurveyActivity is not registered as an activity in your application, so surveys can't be shown.
V/PanelView(  531): animationTick called with dtms=0; nothing to do (h=0.0 v=4500.0)
E/ActivityThread(19179): Failed to find provider info for com.facebook.katana.provider.AttributionIdProvider
E/ActivityThread(19179): Failed to find provider info for com.facebook.katana.provider.AttributionIdProvider
W/WindowManager(  346): updateFocusedWindowLocked, focusedAppToken is null.
W/EGL_emulation(  531): eglSurfaceAttrib not implemented 3093 12436
W/ResourceType(  346): Skipping entry 0x7f04000f in package table 0 because it is not complex!
W/ResourceType(  346): Skipping entry 0x7f040010 in package table 0 because it is not complex!
W/EGL_emulation(19179): eglSurfaceAttrib not implemented 3093 12436
